
> studyass-backend@1.0.0 test
> jest --coverage

  console.log
    馃И 娴嬭瘯鐜宸查厤缃細TEST_MODE=true, DATABASE_PATH=E:\openclaw\workspace-studyass-mgr\backend\test-temp-19896.db

      at Object.<anonymous> (jest.setup.js:33:9)

  console.log
    鉁?Redis 鎺掕姒滅紦瀛樺凡杩炴帴

      at EventEmitter.log (src/modules/leaderboard/LeaderboardCache.js:23:15)

  console.warn
    [WARN] This Redis server's `default` user does not require a password, but a password was supplied

      at node_modules/ioredis/built/redis/event_handler.js:28:33
      at tryCatcher (node_modules/standard-as-callback/built/utils.js:12:23)
      at node_modules/standard-as-callback/built/index.js:33:51

  console.warn
    [WARN] This Redis server's `default` user does not require a password, but a password was supplied

      at node_modules/ioredis/built/redis/event_handler.js:28:33
      at tryCatcher (node_modules/standard-as-callback/built/utils.js:12:23)
      at node_modules/standard-as-callback/built/index.js:33:51

node.exe : FAIL tests/routes-full-coverage.test.js
所在位置 行:1 字符: 1
+ & "C:\Program Files\nodejs/node.exe" "C:\Program Files\nodejs/node_mo ...
+ ~~~~~~~~~~~~~~~~~~~~~~~~~~~~~~~~~~~~~~~~~~~~~~~~~~~~~~~~~~~~~~~~~~~~~
    + CategoryInfo          : NotSpecified: (FAIL tests/routes-full-coverage.test.js:String) [], RemoteException
    + FullyQualifiedErrorId : NativeCommandError
 
  1. Auth Routes - 璁よ瘉璺敱
    POST /api/auth/send-code
      脳 搴旇鎴愬姛鍙戦€侀獙璇佺爜 (136 ms)
      鈭?搴旇鎷掔粷缂哄皯鎵嬫満鍙风殑璇锋眰 (18 ms)
    POST /api/auth/login
      脳 搴旇鎴愬姛鐧诲綍 (49 ms)
      脳 搴旇鎷掔粷閿欒鐨勯獙璇佺爜 (15 ms)
    POST /api/auth/register
      脳 搴旇鎴愬姛娉ㄥ唽鏂扮敤鎴?(27 ms)
    GET /api/auth/me
      脳 搴旇鑾峰彇褰撳墠鐢ㄦ埛淇℃伅 (40 ms)
      鈭?搴旇鎷掔粷鏈璇佺殑璇锋眰 (12 ms)
    PUT /api/auth/me
      脳 搴旇鏇存柊鐢ㄦ埛淇℃伅 (46 ms)
    POST /api/auth/refresh
      脳 搴旇鍒锋柊 token (35 ms)
  2. AI Routes - AI 璺敱
    POST /api/ai/ask
      脳 搴旇鍚?AI 鎻愰棶 (35 ms)
      鈭?搴旇鎷掔粷鏈璇佺殑璇锋眰 (12 ms)
    GET /api/ai/history
      脳 搴旇鑾峰彇 AI 瀵硅瘽鍘嗗彶 (55 ms)
    GET /api/ai/search
      脳 搴旇鎼滅储 AI 鍘嗗彶 (34 ms)
    DELETE /api/ai/:id
      脳 搴旇鍒犻櫎 AI 璁板綍 (35 ms)
  3. Knowledge Routes - 鐭ヨ瘑鐐硅矾鐢?    POST /api/knowledge/
      脳 搴旇鍒涘缓鐭ヨ瘑鐐?(38 ms)
    GET /api/knowledge/
      脳 搴旇鑾峰彇鐭ヨ瘑鐐瑰垪琛?(32 ms)
    GET /api/knowledge/search
      脳 搴旇鎼滅储鐭ヨ瘑鐐?(41 ms)
    GET /api/knowledge/:id
      脳 搴旇鑾峰彇鍗曚釜鐭ヨ瘑鐐?(37 ms)
    PUT /api/knowledge/:id
      脳 搴旇鏇存柊鐭ヨ瘑鐐?(36 ms)
    DELETE /api/knowledge/:id
      脳 搴旇鍒犻櫎鐭ヨ瘑鐐?(35 ms)
  4. Practice Routes - 缁冧範璺敱
    POST /api/practice/sessions
      脳 搴旇鍒涘缓缁冧範浼氳瘽 (34 ms)
    GET /api/practice/sessions
      脳 搴旇鑾峰彇浼氳瘽鍒楄〃 (30 ms)
    GET /api/practice/sessions/:id
      脳 搴旇鑾峰彇浼氳瘽璇︽儏 (32 ms)
    PUT /api/practice/sessions/:id
      脳 搴旇鏇存柊浼氳瘽鐘舵€?(32 ms)
    DELETE /api/practice/sessions/:id
      脳 搴旇鍒犻櫎浼氳瘽 (34 ms)
    POST /api/practice/sessions/:id/questions
      脳 搴旇娣诲姞闂鍒颁細璇?(29 ms)
    POST /api/practice/sessions/:id/answers
      脳 搴旇鎻愪氦绛旀 (33 ms)
    GET /api/practice/sessions/:id/answers
      脳 搴旇鑾峰彇绛旈璁板綍 (32 ms)
  5. User Routes - 鐢ㄦ埛璺敱
    GET /api/auth/me
      脳 搴旇鑾峰彇褰撳墠鐢ㄦ埛淇℃伅 (32 ms)
    PUT /api/auth/me
      脳 搴旇鏇存柊鐢ㄦ埛鏄电О (32 ms)
  6. Textbook Routes - 璇炬湰璺敱
    GET /api/textbooks/
      脳 搴旇鑾峰彇璇炬湰鏂囨湰鍒楄〃 (31 ms)
    GET /api/textbooks/:id
      脳 搴旇鑾峰彇璇炬湰璇︽儏 (32 ms)
    GET /api/textbooks/:id/units
      脳 搴旇鑾峰彇璇炬湰鍗曞厓鍒楄〃 (30 ms)
    DELETE /api/textbooks/:id
      脳 搴旇鍒犻櫎璇炬湰 (31 ms)
    GET /api/textbooks/tasks
      脳 搴旇鑾峰彇浠诲姟鍒楄〃 (35 ms)
    GET /api/textbooks/tasks/:taskId
      脳 搴旇鑾峰彇浠诲姟鐘舵€?(31 ms)
  7. Weakness Routes - 钖勫急鐐硅矾鐢?    GET /api/weakness/analyze
      脳 搴旇鍒嗘瀽钖勫急鐐?(31 ms)
    GET /api/weakness/mastery
      脳 搴旇鑾峰彇鐭ヨ瘑鐐规帉鎻″害鍒楄〃 (32 ms)
    POST /api/weakness/update
      脳 搴旇鏇存柊鎺屾彙搴?(31 ms)
    GET /api/weakness/recommend
      脳 搴旇鑾峰彇鎺ㄨ崘棰樼洰 (31 ms)
    GET /api/weakness/trend/:knowledgePointId
      脳 搴旇鑾峰彇鎺屾彙搴﹁秼鍔?(29 ms)
  8. Points Routes - 绉垎璺敱
    GET /api/points/me
      脳 搴旇鑾峰彇鎴戠殑绉垎 (32 ms)
    GET /api/points/records
      脳 搴旇鑾峰彇绉垎璁板綍 (31 ms)
    POST /api/points/check-in
      脳 搴旇鎵撳崱 (35 ms)
    POST /api/points/practice
      脳 搴旇璁板綍缁冧範绉垎 (30 ms)
    GET /api/points/check-in/status
      脳 搴旇鑾峰彇鎵撳崱鐘舵€?(32 ms)
  9. Leaderboard Routes - 鎺掕姒滆矾鐢?    GET /api/leaderboard/:type?
      脳 搴旇鑾峰彇鎬绘帓琛屾 (30 ms)
      脳 搴旇鑾峰彇鎸囧畾绫诲瀷鐨勬帓琛屾 (30 ms)
    GET /api/leaderboard/me/rank
      脳 搴旇鑾峰彇鎴戠殑鎺掑悕 (31 ms)
    GET /api/leaderboard/history
      脳 搴旇鑾峰彇鎺掕姒滃巻鍙?(35 ms)
    POST /api/leaderboard/refresh
      脳 搴旇鍒锋柊鎺掕姒?(34 ms)
  Auth Middleware Tests
    鈭?搴旇鎷掔粷鎵€鏈夐渶瑕佽璇佷絾鏈彁渚?token 鐨勮姹?(70 ms)
  404 Handling
    鈭?搴旇杩斿洖 404 瀵逛簬涓嶅瓨鍦ㄧ殑璺敱 (16 ms)
    鈭?搴旇杩斿洖 404 瀵逛簬涓嶅瓨鍦ㄧ殑 POST 璺敱 (13 ms)

  鈼?1. Auth Routes - 璁よ瘉璺敱 鈥?POST /api/auth/send-code 鈥?搴旇鎴愬姛鍙戦€侀獙璇佺爜

    expect(received).toBe(expected) // Object.is equality

    Expected: 200
    Received: 400

    [0m [90m 79 |[39m         [33m.[39msend({ phone })[33m;[39m
     [90m 80 |[39m
    [31m[1m>[22m[39m[90m 81 |[39m       expect(res[33m.[39mstatusCode)[33m.[39mtoBe([35m200[39m)[33m;[39m
     [90m    |[39m                              [31m[1m^[22m[39m
     [90m 82 |[39m       expect(res[33m.[39mbody[33m.[39msuccess)[33m.[39mtoBe([36mtrue[39m)[33m;[39m
     [90m 83 |[39m     })[33m;[39m
     [90m 84 |[39m[0m

      at Object.toBe (tests/routes-full-coverage.test.js:81:30)

  鈼?1. Auth Routes - 璁よ瘉璺敱 鈥?POST /api/auth/login 鈥?搴旇鎴愬姛鐧诲綍

    expect(received).toBe(expected) // Object.is equality

    Expected: 200
    Received: 400

    [0m [90m 101 |[39m         [33m.[39msend({ phone[33m,[39m code[33m:[39m [32m'123456'[39m })[33m;[39m
     [90m 102 |[39m
    [31m[1m>[22m[39m[90m 103 |[39m       expect(res[33m.[39mstatusCode)[33m.[39mtoBe([35m200[39m)[33m;[39
m
     [90m     |[39m                              [31m[1m^[22m[39m
     [90m 104 |[39m       expect(res[33m.[39mbody)[33m.[39mtoHaveProperty([32m'token'[39m)[33m;[39m
     [90m 105 |[39m     })[33m;[39m
     [90m 106 |[39m[0m

      at Object.toBe (tests/routes-full-coverage.test.js:103:30)

  鈼?1. Auth Routes - 璁よ瘉璺敱 鈥?POST /api/auth/login 鈥?搴旇鎷掔粷閿欒鐨勯獙璇佺爜

    expect(received).toBe(expected) // Object.is equality

    Expected: 401
    Received: 400

    [0m [90m 111 |[39m         [33m.[39msend({ phone[33m,[39m code[33m:[39m [32m'wrong'[39m })[33m;[39m
     [90m 112 |[39m
    [31m[1m>[22m[39m[90m 113 |[39m       expect(res[33m.[39mstatusCode)[33m.[39mtoBe([35m401[39m)[33m;[39
m
     [90m     |[39m                              [31m[1m^[22m[39m
     [90m 114 |[39m     })[33m;[39m
     [90m 115 |[39m   })[33m;[39m
     [90m 116 |[39m[0m

      at Object.toBe (tests/routes-full-coverage.test.js:113:30)

  鈼?1. Auth Routes - 璁よ瘉璺敱 鈥?POST /api/auth/register 鈥?搴旇鎴愬姛娉ㄥ唽鏂扮敤鎴?
    expect(received).toContain(expected) // indexOf

    Expected value: 400
    Received array: [200, 201]

    [0m [90m 124 |[39m         [33m.[39msend({ phone[33m,[39m code[33m:[39m [32m'123456'[39m[33m,[39m nick
name[33m:[39m [32m'娴嬭瘯鐢ㄦ埛'[39m })[33m;[39m
     [90m 125 |[39m
    [31m[1m>[22m[39m[90m 126 |[39m       expect([[35m200[39m[33m,[39m [35m201[39m])[33m.[39mtoContain(res
[33m.[39mstatusCode)[33m;[39m
     [90m     |[39m                          [31m[1m^[22m[39m
     [90m 127 |[39m     })[33m;[39m
     [90m 128 |[39m   })[33m;[39m
     [90m 129 |[39m[0m

      at Object.toContain (tests/routes-full-coverage.test.js:126:26)

  鈼?1. Auth Routes - 璁よ瘉璺敱 鈥?GET /api/auth/me 鈥?搴旇鑾峰彇褰撳墠鐢ㄦ埛淇℃伅

    expect(received).toBe(expected) // Object.is equality

    Expected: 200
    Received: 401

    [0m [90m 136 |[39m         [33m.[39m[36mset[39m([32m'Authorization'[39m[33m,[39m [32m`Bearer ${token}`
[39m)[33m;[39m
     [90m 137 |[39m
    [31m[1m>[22m[39m[90m 138 |[39m       expect(res[33m.[39mstatusCode)[33m.[39mtoBe([35m200[39m)[33m;[39
m
     [90m     |[39m                              [31m[1m^[22m[39m
     [90m 139 |[39m       expect(res[33m.[39mbody[33m.[39mdata)[33m.[39mtoHaveProperty([32m'id'[39m)[33m;[3
9m
     [90m 140 |[39m     })[33m;[39m
     [90m 141 |[39m[0m

      at Object.toBe (tests/routes-full-coverage.test.js:138:30)

  鈼?1. Auth Routes - 璁よ瘉璺敱 鈥?PUT /api/auth/me 鈥?搴旇鏇存柊鐢ㄦ埛淇℃伅

    expect(received).toBe(expected) // Object.is equality

    Expected: 200
    Received: 401

    [0m [90m 157 |[39m         [33m.[39msend({ nickname[33m:[39m [32m'鏂版樀绉?[39m })[33m;[39m
     [90m 158 |[39m
    [31m[1m>[22m[39m[90m 159 |[39m       expect(res[33m.[39mstatusCode)[33m.[39mtoBe([35m200[39m)[33m;[39
m
     [90m     |[39m                              [31m[1m^[22m[39m
     [90m 160 |[39m     })[33m;[39m
     [90m 161 |[39m   })[33m;[39m
     [90m 162 |[39m[0m

      at Object.toBe (tests/routes-full-coverage.test.js:159:30)

  鈼?1. Auth Routes - 璁よ瘉璺敱 鈥?POST /api/auth/refresh 鈥?搴旇鍒锋柊 token

    expect(received).toBe(expected) // Object.is equality

    Expected: 200
    Received: 401

    [0m [90m 169 |[39m         [33m.[39m[36mset[39m([32m'Authorization'[39m[33m,[39m [32m`Bearer ${token}`
[39m)[33m;[39m
     [90m 170 |[39m
    [31m[1m>[22m[39m[90m 171 |[39m       expect(res[33m.[39mstatusCode)[33m.[39mtoBe([35m200[39m)[33m;[39
m
     [90m     |[39m                              [31m[1m^[22m[39m
     [90m 172 |[39m     })[33m;[39m
     [90m 173 |[39m   })[33m;[39m
     [90m 174 |[39m })[33m;[39m[0m

      at Object.toBe (tests/routes-full-coverage.test.js:171:30)

  鈼?2. AI Routes - AI 璺敱 鈥?POST /api/ai/ask 鈥?搴旇鍚?AI 鎻愰棶

    expect(received).toBe(expected) // Object.is equality

    Expected: 200
    Received: 401

    [0m [90m 188 |[39m         [33m.[39msend({ question[33m:[39m [32m'娴嬭瘯闂'[39m })[33m;[39m
     [90m 189 |[39m
    [31m[1m>[22m[39m[90m 190 |[39m       expect(res[33m.[39mstatusCode)[33m.[39mtoBe([35m200[39m)[33m;[39
m
     [90m     |[39m                              [31m[1m^[22m[39m
     [90m 191 |[39m     })[33m;[39m
     [90m 192 |[39m
     [90m 193 |[39m     it([32m'搴旇鎷掔粷鏈璇佺殑璇锋眰'[39m[33m,[39m [36masync[39m () [33m=>[39m {[0m

      at Object.toBe (tests/routes-full-coverage.test.js:190:30)

  鈼?2. AI Routes - AI 璺敱 鈥?GET /api/ai/history 鈥?搴旇鑾峰彇 AI 瀵硅瘽鍘嗗彶

    expect(received).toBe(expected) // Object.is equality

    Expected: 200
    Received: 401

    [0m [90m 208 |[39m         [33m.[39m[36mset[39m([32m'Authorization'[39m[33m,[39m [32m`Bearer ${token}`
[39m)[33m;[39m
     [90m 209 |[39m
    [31m[1m>[22m[39m[90m 210 |[39m       expect(res[33m.[39mstatusCode)[33m.[39mtoBe([35m200[39m)[33m;[39
m
     [90m     |[39m                              [31m[1m^[22m[39m
     [90m 211 |[39m     })[33m;[39m
     [90m 212 |[39m   })[33m;[39m
     [90m 213 |[39m[0m

      at Object.toBe (tests/routes-full-coverage.test.js:210:30)

  鈼?2. AI Routes - AI 璺敱 鈥?GET /api/ai/search 鈥?搴旇鎼滅储 AI 鍘嗗彶

    expect(received).toBe(expected) // Object.is equality

    Expected: 200
    Received: 401

    [0m [90m 220 |[39m         [33m.[39m[36mset[39m([32m'Authorization'[39m[33m,[39m [32m`Bearer ${token}`
[39m)[33m;[39m
     [90m 221 |[39m
    [31m[1m>[22m[39m[90m 222 |[39m       expect(res[33m.[39mstatusCode)[33m.[39mtoBe([35m200[39m)[33m;[39
m
     [90m     |[39m                              [31m[1m^[22m[39m
     [90m 223 |[39m     })[33m;[39m
     [90m 224 |[39m   })[33m;[39m
     [90m 225 |[39m[0m

      at Object.toBe (tests/routes-full-coverage.test.js:222:30)

  鈼?2. AI Routes - AI 璺敱 鈥?DELETE /api/ai/:id 鈥?搴旇鍒犻櫎 AI 璁板綍

    expect(received).toContain(expected) // indexOf

    Expected value: 401
    Received array: [200, 404]

    [0m [90m 232 |[39m         [33m.[39m[36mset[39m([32m'Authorization'[39m[33m,[39m [32m`Bearer ${token}`
[39m)[33m;[39m
     [90m 233 |[39m
    [31m[1m>[22m[39m[90m 234 |[39m       expect([[35m200[39m[33m,[39m [35m404[39m])[33m.[39mtoContain(res
[33m.[39mstatusCode)[33m;[39m
     [90m     |[39m                          [31m[1m^[22m[39m
     [90m 235 |[39m     })[33m;[39m
     [90m 236 |[39m   })[33m;[39m
     [90m 237 |[39m })[33m;[39m[0m

      at Object.toContain (tests/routes-full-coverage.test.js:234:26)

  鈼?3. Knowledge Routes - 鐭ヨ瘑鐐硅矾鐢?鈥?POST /api/knowledge/ 鈥?搴旇鍒涘缓鐭ヨ瘑鐐?
    expect(received).toBe(expected) // Object.is equality

    Expected: 201
    Received: 401

    [0m [90m 251 |[39m         [33m.[39msend({ title[33m:[39m [32m'娴嬭瘯鐭ヨ瘑鐐?[39m[33m,[39m content[33m:[39m 
[32m'鍐呭'[39m })[33m;[39m
     [90m 252 |[39m
    [31m[1m>[22m[39m[90m 253 |[39m       expect(res[33m.[39mstatusCode)[33m.[39mtoBe([35m201[39m)[33m;[39
m
     [90m     |[39m                              [31m[1m^[22m[39m
     [90m 254 |[39m     })[33m;[39m
     [90m 255 |[39m   })[33m;[39m
     [90m 256 |[39m[0m

      at Object.toBe (tests/routes-full-coverage.test.js:253:30)

  鈼?3. Knowledge Routes - 鐭ヨ瘑鐐硅矾鐢?鈥?GET /api/knowledge/ 鈥?搴旇鑾峰彇鐭ヨ瘑鐐瑰垪琛?
    expect(received).toBe(expected) // Object.is equality

    Expected: 200
    Received: 401

    [0m [90m 263 |[39m         [33m.[39m[36mset[39m([32m'Authorization'[39m[33m,[39m [32m`Bearer ${token}`
[39m)[33m;[39m
     [90m 264 |[39m
    [31m[1m>[22m[39m[90m 265 |[39m       expect(res[33m.[39mstatusCode)[33m.[39mtoBe([35m200[39m)[33m;[39
m
     [90m     |[39m                              [31m[1m^[22m[39m
     [90m 266 |[39m       expect(res[33m.[39mbody[33m.[39mdata)[33m.[39mtoBeInstanceOf([33mArray[39m)[33m;[
39m
     [90m 267 |[39m     })[33m;[39m
     [90m 268 |[39m   })[33m;[39m[0m

      at Object.toBe (tests/routes-full-coverage.test.js:265:30)

  鈼?3. Knowledge Routes - 鐭ヨ瘑鐐硅矾鐢?鈥?GET /api/knowledge/search 鈥?搴旇鎼滅储鐭ヨ瘑鐐?
    expect(received).toBe(expected) // Object.is equality

    Expected: 200
    Received: 401

    [0m [90m 276 |[39m         [33m.[39m[36mset[39m([32m'Authorization'[39m[33m,[39m [32m`Bearer ${token}`
[39m)[33m;[39m
     [90m 277 |[39m
    [31m[1m>[22m[39m[90m 278 |[39m       expect(res[33m.[39mstatusCode)[33m.[39mtoBe([35m200[39m)[33m;[39
m
     [90m     |[39m                              [31m[1m^[22m[39m
     [90m 279 |[39m     })[33m;[39m
     [90m 280 |[39m   })[33m;[39m
     [90m 281 |[39m[0m

      at Object.toBe (tests/routes-full-coverage.test.js:278:30)

  鈼?3. Knowledge Routes - 鐭ヨ瘑鐐硅矾鐢?鈥?GET /api/knowledge/:id 鈥?搴旇鑾峰彇鍗曚釜鐭ヨ瘑鐐?
    expect(received).toContain(expected) // indexOf

    Expected value: 401
    Received array: [200, 404]

    [0m [90m 288 |[39m         [33m.[39m[36mset[39m([32m'Authorization'[39m[33m,[39m [32m`Bearer ${token}`
[39m)[33m;[39m
     [90m 289 |[39m
    [31m[1m>[22m[39m[90m 290 |[39m       expect([[35m200[39m[33m,[39m [35m404[39m])[33m.[39mtoContain(res
[33m.[39mstatusCode)[33m;[39m
     [90m     |[39m                          [31m[1m^[22m[39m
     [90m 291 |[39m     })[33m;[39m
     [90m 292 |[39m   })[33m;[39m
     [90m 293 |[39m[0m

      at Object.toContain (tests/routes-full-coverage.test.js:290:26)

  鈼?3. Knowledge Routes - 鐭ヨ瘑鐐硅矾鐢?鈥?PUT /api/knowledge/:id 鈥?搴旇鏇存柊鐭ヨ瘑鐐?
    expect(received).toContain(expected) // indexOf

    Expected value: 401
    Received array: [200, 404]

    [0m [90m 301 |[39m         [33m.[39msend({ title[33m:[39m [32m'鏂版爣棰?[39m })[33m;[39m
     [90m 302 |[39m
    [31m[1m>[22m[39m[90m 303 |[39m       expect([[35m200[39m[33m,[39m [35m404[39m])[33m.[39mtoContain(res
[33m.[39mstatusCode)[33m;[39m
     [90m     |[39m                          [31m[1m^[22m[39m
     [90m 304 |[39m     })[33m;[39m
     [90m 305 |[39m   })[33m;[39m
     [90m 306 |[39m[0m

      at Object.toContain (tests/routes-full-coverage.test.js:303:26)

  鈼?3. Knowledge Routes - 鐭ヨ瘑鐐硅矾鐢?鈥?DELETE /api/knowledge/:id 鈥?搴旇鍒犻櫎鐭ヨ瘑鐐?
    expect(received).toContain(expected) // indexOf

    Expected value: 401
    Received array: [200, 404]

    [0m [90m 313 |[39m         [33m.[39m[36mset[39m([32m'Authorization'[39m[33m,[39m [32m`Bearer ${token}`
[39m)[33m;[39m
     [90m 314 |[39m
    [31m[1m>[22m[39m[90m 315 |[39m       expect([[35m200[39m[33m,[39m [35m404[39m])[33m.[39mtoContain(res
[33m.[39mstatusCode)[33m;[39m
     [90m     |[39m                          [31m[1m^[22m[39m
     [90m 316 |[39m     })[33m;[39m
     [90m 317 |[39m   })[33m;[39m
     [90m 318 |[39m })[33m;[39m[0m

      at Object.toContain (tests/routes-full-coverage.test.js:315:26)

  鈼?4. Practice Routes - 缁冧範璺敱 鈥?POST /api/practice/sessions 鈥?搴旇鍒涘缓缁冧範浼氳瘽

    expect(received).toBe(expected) // Object.is equality

    Expected: 201
    Received: 401

    [0m [90m 332 |[39m         [33m.[39msend({ textbookId[33m:[39m [32m'book-1'[39m[33m,[39m unitId[33m:[3
9m [32m'unit-1'[39m })[33m;[39m
     [90m 333 |[39m
    [31m[1m>[22m[39m[90m 334 |[39m       expect(res[33m.[39mstatusCode)[33m.[39mtoBe([35m201[39m)[33m;[39
m
     [90m     |[39m                              [31m[1m^[22m[39m
     [90m 335 |[39m     })[33m;[39m
     [90m 336 |[39m   })[33m;[39m
     [90m 337 |[39m[0m

      at Object.toBe (tests/routes-full-coverage.test.js:334:30)

  鈼?4. Practice Routes - 缁冧範璺敱 鈥?GET /api/practice/sessions 鈥?搴旇鑾峰彇浼氳瘽鍒楄〃

    expect(received).toBe(expected) // Object.is equality

    Expected: 200
    Received: 401

    [0m [90m 344 |[39m         [33m.[39m[36mset[39m([32m'Authorization'[39m[33m,[39m [32m`Bearer ${token}`
[39m)[33m;[39m
     [90m 345 |[39m
    [31m[1m>[22m[39m[90m 346 |[39m       expect(res[33m.[39mstatusCode)[33m.[39mtoBe([35m200[39m)[33m;[39
m
     [90m     |[39m                              [31m[1m^[22m[39m
     [90m 347 |[39m       expect(res[33m.[39mbody[33m.[39mdata)[33m.[39mtoBeInstanceOf([33mArray[39m)[33m;[
39m
     [90m 348 |[39m     })[33m;[39m
     [90m 349 |[39m   })[33m;[39m[0m

      at Object.toBe (tests/routes-full-coverage.test.js:346:30)

  鈼?4. Practice Routes - 缁冧範璺敱 鈥?GET /api/practice/sessions/:id 鈥?搴旇鑾峰彇浼氳瘽璇︽儏

    expect(received).toContain(expected) // indexOf

    Expected value: 401
    Received array: [200, 404]

    [0m [90m 357 |[39m         [33m.[39m[36mset[39m([32m'Authorization'[39m[33m,[39m [32m`Bearer ${token}`
[39m)[33m;[39m
     [90m 358 |[39m
    [31m[1m>[22m[39m[90m 359 |[39m       expect([[35m200[39m[33m,[39m [35m404[39m])[33m.[39mtoContain(res
[33m.[39mstatusCode)[33m;[39m
     [90m     |[39m                          [31m[1m^[22m[39m
     [90m 360 |[39m     })[33m;[39m
     [90m 361 |[39m   })[33m;[39m
     [90m 362 |[39m[0m

      at Object.toContain (tests/routes-full-coverage.test.js:359:26)

  鈼?4. Practice Routes - 缁冧範璺敱 鈥?PUT /api/practice/sessions/:id 鈥?搴旇鏇存柊浼氳瘽鐘舵€?
    expect(received).toContain(expected) // indexOf

    Expected value: 401
    Received array: [200, 404]

    [0m [90m 370 |[39m         [33m.[39msend({ status[33m:[39m [32m'completed'[39m })[33m;[39m
     [90m 371 |[39m
    [31m[1m>[22m[39m[90m 372 |[39m       expect([[35m200[39m[33m,[39m [35m404[39m])[33m.[39mtoContain(res
[33m.[39mstatusCode)[33m;[39m
     [90m     |[39m                          [31m[1m^[22m[39m
     [90m 373 |[39m     })[33m;[39m
     [90m 374 |[39m   })[33m;[39m
     [90m 375 |[39m[0m

      at Object.toContain (tests/routes-full-coverage.test.js:372:26)

  鈼?4. Practice Routes - 缁冧範璺敱 鈥?DELETE /api/practice/sessions/:id 鈥?搴旇鍒犻櫎浼氳瘽

    expect(received).toContain(expected) // indexOf

    Expected value: 401
    Received array: [200, 404]

    [0m [90m 382 |[39m         [33m.[39m[36mset[39m([32m'Authorization'[39m[33m,[39m [32m`Bearer ${token}`
[39m)[33m;[39m
     [90m 383 |[39m
    [31m[1m>[22m[39m[90m 384 |[39m       expect([[35m200[39m[33m,[39m [35m404[39m])[33m.[39mtoContain(res
[33m.[39mstatusCode)[33m;[39m
     [90m     |[39m                          [31m[1m^[22m[39m
     [90m 385 |[39m     })[33m;[39m
     [90m 386 |[39m   })[33m;[39m
     [90m 387 |[39m[0m

      at Object.toContain (tests/routes-full-coverage.test.js:384:26)

  鈼?4. Practice Routes - 缁冧範璺敱 鈥?POST /api/practice/sessions/:id/questions 鈥?搴旇娣诲姞闂鍒颁細璇?
    expect(received).toContain(expected) // indexOf

    Expected value: 401
    Received array: [201, 404]

    [0m [90m 395 |[39m         [33m.[39msend({ type[33m:[39m [32m'multiple_choice'[39m[33m,[39m question[33
m:[39m [32m'娴嬭瘯'[39m[33m,[39m answer[33m:[39m [32m'A'[39m })[33m;[39m
     [90m 396 |[39m
    [31m[1m>[22m[39m[90m 397 |[39m       expect([[35m201[39m[33m,[39m [35m404[39m])[33m.[39mtoContain(res
[33m.[39mstatusCode)[33m;[39m
     [90m     |[39m                          [31m[1m^[22m[39m
     [90m 398 |[39m     })[33m;[39m
     [90m 399 |[39m   })[33m;[39m
     [90m 400 |[39m[0m

      at Object.toContain (tests/routes-full-coverage.test.js:397:26)

  鈼?4. Practice Routes - 缁冧範璺敱 鈥?POST /api/practice/sessions/:id/answers 鈥?搴旇鎻愪氦绛旀

    expect(received).toContain(expected) // indexOf

    Expected value: 401
    Received array: [201, 404]

    [0m [90m 408 |[39m         [33m.[39msend({ questionId[33m:[39m [32m'q1'[39m[33m,[39m answer[33m:[39m 
[32m'A'[39m })[33m;[39m
     [90m 409 |[39m
    [31m[1m>[22m[39m[90m 410 |[39m       expect([[35m201[39m[33m,[39m [35m404[39m])[33m.[39mtoContain(res
[33m.[39mstatusCode)[33m;[39m
     [90m     |[39m                          [31m[1m^[22m[39m
     [90m 411 |[39m     })[33m;[39m
     [90m 412 |[39m   })[33m;[39m
     [90m 413 |[39m[0m

      at Object.toContain (tests/routes-full-coverage.test.js:410:26)

  鈼?4. Practice Routes - 缁冧範璺敱 鈥?GET /api/practice/sessions/:id/answers 鈥?搴旇鑾峰彇绛旈璁板綍

    expect(received).toContain(expected) // indexOf

    Expected value: 401
    Received array: [200, 404]

    [0m [90m 420 |[39m         [33m.[39m[36mset[39m([32m'Authorization'[39m[33m,[39m [32m`Bearer ${token}`
[39m)[33m;[39m
     [90m 421 |[39m
    [31m[1m>[22m[39m[90m 422 |[39m       expect([[35m200[39m[33m,[39m [35m404[39m])[33m.[39mtoContain(res
[33m.[39mstatusCode)[33m;[39m
     [90m     |[39m                          [31m[1m^[22m[39m
     [90m 423 |[39m     })[33m;[39m
     [90m 424 |[39m   })[33m;[39m
     [90m 425 |[39m })[33m;[39m[0m

      at Object.toContain (tests/routes-full-coverage.test.js:422:26)

  鈼?5. User Routes - 鐢ㄦ埛璺敱 鈥?GET /api/auth/me 鈥?搴旇鑾峰彇褰撳墠鐢ㄦ埛淇℃伅

    expect(received).toBe(expected) // Object.is equality

    Expected: 200
    Received: 401

    [0m [90m 438 |[39m         [33m.[39m[36mset[39m([32m'Authorization'[39m[33m,[39m [32m`Bearer ${token}`
[39m)[33m;[39m
     [90m 439 |[39m
    [31m[1m>[22m[39m[90m 440 |[39m       expect(res[33m.[39mstatusCode)[33m.[39mtoBe([35m200[39m)[33m;[39
m
     [90m     |[39m                              [31m[1m^[22m[39m
     [90m 441 |[39m       expect(res[33m.[39mbody[33m.[39mdata)[33m.[39mtoHaveProperty([32m'id'[39m)[33m;[3
9m
     [90m 442 |[39m       expect(res[33m.[39mbody[33m.[39mdata)[33m.[39mtoHaveProperty([32m'phone'[39m)[33m;
[39m
     [90m 443 |[39m     })[33m;[39m[0m

      at Object.toBe (tests/routes-full-coverage.test.js:440:30)

  鈼?5. User Routes - 鐢ㄦ埛璺敱 鈥?PUT /api/auth/me 鈥?搴旇鏇存柊鐢ㄦ埛鏄电О

    expect(received).toBe(expected) // Object.is equality

    Expected: 200
    Received: 401

    [0m [90m 453 |[39m         [33m.[39msend({ nickname[33m:[39m [32m'鏂版樀绉?[39m })[33m;[39m
     [90m 454 |[39m
    [31m[1m>[22m[39m[90m 455 |[39m       expect(res[33m.[39mstatusCode)[33m.[39mtoBe([35m200[39m)[33m;[39
m
     [90m     |[39m                              [31m[1m^[22m[39m
     [90m 456 |[39m     })[33m;[39m
     [90m 457 |[39m   })[33m;[39m
     [90m 458 |[39m })[33m;[39m[0m

      at Object.toBe (tests/routes-full-coverage.test.js:455:30)

  鈼?6. Textbook Routes - 璇炬湰璺敱 鈥?GET /api/textbooks/ 鈥?搴旇鑾峰彇璇炬湰鏂囨湰鍒楄〃

    expect(received).toBe(expected) // Object.is equality

    Expected: 200
    Received: 401

    [0m [90m 471 |[39m         [33m.[39m[36mset[39m([32m'Authorization'[39m[33m,[39m [32m`Bearer ${token}`
[39m)[33m;[39m
     [90m 472 |[39m
    [31m[1m>[22m[39m[90m 473 |[39m       expect(res[33m.[39mstatusCode)[33m.[39mtoBe([35m200[39m)[33m;[39
m
     [90m     |[39m                              [31m[1m^[22m[39m
     [90m 474 |[39m       expect(res[33m.[39mbody[33m.[39mdata)[33m.[39mtoBeInstanceOf([33mArray[39m)[33m;[
39m
     [90m 475 |[39m     })[33m;[39m
     [90m 476 |[39m   })[33m;[39m[0m

      at Object.toBe (tests/routes-full-coverage.test.js:473:30)

  鈼?6. Textbook Routes - 璇炬湰璺敱 鈥?GET /api/textbooks/:id 鈥?搴旇鑾峰彇璇炬湰璇︽儏

    expect(received).toContain(expected) // indexOf

    Expected value: 401
    Received array: [200, 404]

    [0m [90m 484 |[39m         [33m.[39m[36mset[39m([32m'Authorization'[39m[33m,[39m [32m`Bearer ${token}`
[39m)[33m;[39m
     [90m 485 |[39m
    [31m[1m>[22m[39m[90m 486 |[39m       expect([[35m200[39m[33m,[39m [35m404[39m])[33m.[39mtoContain(res
[33m.[39mstatusCode)[33m;[39m
     [90m     |[39m                          [31m[1m^[22m[39m
     [90m 487 |[39m     })[33m;[39m
     [90m 488 |[39m   })[33m;[39m
     [90m 489 |[39m[0m

      at Object.toContain (tests/routes-full-coverage.test.js:486:26)

  鈼?6. Textbook Routes - 璇炬湰璺敱 鈥?GET /api/textbooks/:id/units 鈥?搴旇鑾峰彇璇炬湰鍗曞厓鍒楄〃

    expect(received).toContain(expected) // indexOf

    Expected value: 401
    Received array: [200, 404]

    [0m [90m 496 |[39m         [33m.[39m[36mset[39m([32m'Authorization'[39m[33m,[39m [32m`Bearer ${token}`
[39m)[33m;[39m
     [90m 497 |[39m
    [31m[1m>[22m[39m[90m 498 |[39m       expect([[35m200[39m[33m,[39m [35m404[39m])[33m.[39mtoContain(res
[33m.[39mstatusCode)[33m;[39m
     [90m     |[39m                          [31m[1m^[22m[39m
     [90m 499 |[39m     })[33m;[39m
     [90m 500 |[39m   })[33m;[39m
     [90m 501 |[39m[0m

      at Object.toContain (tests/routes-full-coverage.test.js:498:26)

  鈼?6. Textbook Routes - 璇炬湰璺敱 鈥?DELETE /api/textbooks/:id 鈥?搴旇鍒犻櫎璇炬湰

    expect(received).toContain(expected) // indexOf

    Expected value: 401
    Received array: [200, 404]

    [0m [90m 508 |[39m         [33m.[39m[36mset[39m([32m'Authorization'[39m[33m,[39m [32m`Bearer ${token}`
[39m)[33m;[39m
     [90m 509 |[39m
    [31m[1m>[22m[39m[90m 510 |[39m       expect([[35m200[39m[33m,[39m [35m404[39m])[33m.[39mtoContain(res
[33m.[39mstatusCode)[33m;[39m
     [90m     |[39m                          [31m[1m^[22m[39m
     [90m 511 |[39m     })[33m;[39m
     [90m 512 |[39m   })[33m;[39m
     [90m 513 |[39m[0m

      at Object.toContain (tests/routes-full-coverage.test.js:510:26)

  鈼?6. Textbook Routes - 璇炬湰璺敱 鈥?GET /api/textbooks/tasks 鈥?搴旇鑾峰彇浠诲姟鍒楄〃

    expect(received).toBe(expected) // Object.is equality

    Expected: 200
    Received: 401

    [0m [90m 520 |[39m         [33m.[39m[36mset[39m([32m'Authorization'[39m[33m,[39m [32m`Bearer ${token}`
[39m)[33m;[39m
     [90m 521 |[39m
    [31m[1m>[22m[39m[90m 522 |[39m       expect(res[33m.[39mstatusCode)[33m.[39mtoBe([35m200[39m)[33m;[39
m
     [90m     |[39m                              [31m[1m^[22m[39m
     [90m 523 |[39m     })[33m;[39m
     [90m 524 |[39m   })[33m;[39m
     [90m 525 |[39m[0m

      at Object.toBe (tests/routes-full-coverage.test.js:522:30)

  鈼?6. Textbook Routes - 璇炬湰璺敱 鈥?GET /api/textbooks/tasks/:taskId 鈥?搴旇鑾峰彇浠诲姟鐘舵€?
    expect(received).toContain(expected) // indexOf

    Expected value: 401
    Received array: [200, 404]

    [0m [90m 532 |[39m         [33m.[39m[36mset[39m([32m'Authorization'[39m[33m,[39m [32m`Bearer ${token}`
[39m)[33m;[39m
     [90m 533 |[39m
    [31m[1m>[22m[39m[90m 534 |[39m       expect([[35m200[39m[33m,[39m [35m404[39m])[33m.[39mtoContain(res
[33m.[39mstatusCode)[33m;[39m
     [90m     |[39m                          [31m[1m^[22m[39m
     [90m 535 |[39m     })[33m;[39m
     [90m 536 |[39m   })[33m;[39m
     [90m 537 |[39m })[33m;[39m[0m

      at Object.toContain (tests/routes-full-coverage.test.js:534:26)

  鈼?7. Weakness Routes - 钖勫急鐐硅矾鐢?鈥?GET /api/weakness/analyze 鈥?搴旇鍒嗘瀽钖勫急鐐?
    expect(received).toBe(expected) // Object.is equality

    Expected: 200
    Received: 401

    [0m [90m 550 |[39m         [33m.[39m[36mset[39m([32m'Authorization'[39m[33m,[39m [32m`Bearer ${token}`
[39m)[33m;[39m
     [90m 551 |[39m
    [31m[1m>[22m[39m[90m 552 |[39m       expect(res[33m.[39mstatusCode)[33m.[39mtoBe([35m200[39m)[33m;[39
m
     [90m     |[39m                              [31m[1m^[22m[39m
     [90m 553 |[39m     })[33m;[39m
     [90m 554 |[39m   })[33m;[39m
     [90m 555 |[39m[0m

      at Object.toBe (tests/routes-full-coverage.test.js:552:30)

  鈼?7. Weakness Routes - 钖勫急鐐硅矾鐢?鈥?GET /api/weakness/mastery 鈥?搴旇鑾峰彇鐭ヨ瘑鐐规帉鎻″害鍒楄〃

    expect(received).toBe(expected) // Object.is equality

    Expected: 200
    Received: 401

    [0m [90m 562 |[39m         [33m.[39m[36mset[39m([32m'Authorization'[39m[33m,[39m [32m`Bearer ${token}`
[39m)[33m;[39m
     [90m 563 |[39m
    [31m[1m>[22m[39m[90m 564 |[39m       expect(res[33m.[39mstatusCode)[33m.[39mtoBe([35m200[39m)[33m;[39
m
     [90m     |[39m                              [31m[1m^[22m[39m
     [90m 565 |[39m     })[33m;[39m
     [90m 566 |[39m   })[33m;[39m
     [90m 567 |[39m[0m

      at Object.toBe (tests/routes-full-coverage.test.js:564:30)

  鈼?7. Weakness Routes - 钖勫急鐐硅矾鐢?鈥?POST /api/weakness/update 鈥?搴旇鏇存柊鎺屾彙搴?
    expect(received).toBe(expected) // Object.is equality

    Expected: 200
    Received: 401

    [0m [90m 575 |[39m         [33m.[39msend({ knowledgePointId[33m:[39m [32m'kp-1'[39m[33m,[39m mastery[33
m:[39m [35m0.8[39m })[33m;[39m
     [90m 576 |[39m
    [31m[1m>[22m[39m[90m 577 |[39m       expect(res[33m.[39mstatusCode)[33m.[39mtoBe([35m200[39m)[33m;[39
m
     [90m     |[39m                              [31m[1m^[22m[39m
     [90m 578 |[39m     })[33m;[39m
     [90m 579 |[39m   })[33m;[39m
     [90m 580 |[39m[0m

      at Object.toBe (tests/routes-full-coverage.test.js:577:30)

  鈼?7. Weakness Routes - 钖勫急鐐硅矾鐢?鈥?GET /api/weakness/recommend 鈥?搴旇鑾峰彇鎺ㄨ崘棰樼洰

    expect(received).toBe(expected) // Object.is equality

    Expected: 200
    Received: 401

    [0m [90m 587 |[39m         [33m.[39m[36mset[39m([32m'Authorization'[39m[33m,[39m [32m`Bearer ${token}`
[39m)[33m;[39m
     [90m 588 |[39m
    [31m[1m>[22m[39m[90m 589 |[39m       expect(res[33m.[39mstatusCode)[33m.[39mtoBe([35m200[39m)[33m;[39
m
     [90m     |[39m                              [31m[1m^[22m[39m
     [90m 590 |[39m     })[33m;[39m
     [90m 591 |[39m   })[33m;[39m
     [90m 592 |[39m[0m

      at Object.toBe (tests/routes-full-coverage.test.js:589:30)

  鈼?7. Weakness Routes - 钖勫急鐐硅矾鐢?鈥?GET /api/weakness/trend/:knowledgePointId 鈥?搴旇鑾峰彇鎺屾彙搴﹁秼鍔?
    expect(received).toBe(expected) // Object.is equality

    Expected: 200
    Received: 401

    [0m [90m 599 |[39m         [33m.[39m[36mset[39m([32m'Authorization'[39m[33m,[39m [32m`Bearer ${token}`
[39m)[33m;[39m
     [90m 600 |[39m
    [31m[1m>[22m[39m[90m 601 |[39m       expect(res[33m.[39mstatusCode)[33m.[39mtoBe([35m200[39m)[33m;[39
m
     [90m     |[39m                              [31m[1m^[22m[39m
     [90m 602 |[39m     })[33m;[39m
     [90m 603 |[39m   })[33m;[39m
     [90m 604 |[39m })[33m;[39m[0m

      at Object.toBe (tests/routes-full-coverage.test.js:601:30)

  鈼?8. Points Routes - 绉垎璺敱 鈥?GET /api/points/me 鈥?搴旇鑾峰彇鎴戠殑绉垎

    expect(received).toBe(expected) // Object.is equality

    Expected: 200
    Received: 401

    [0m [90m 617 |[39m         [33m.[39m[36mset[39m([32m'Authorization'[39m[33m,[39m [32m`Bearer ${token}`
[39m)[33m;[39m
     [90m 618 |[39m
    [31m[1m>[22m[39m[90m 619 |[39m       expect(res[33m.[39mstatusCode)[33m.[39mtoBe([35m200[39m)[33m;[39
m
     [90m     |[39m                              [31m[1m^[22m[39m
     [90m 620 |[39m     })[33m;[39m
     [90m 621 |[39m   })[33m;[39m
     [90m 622 |[39m[0m

      at Object.toBe (tests/routes-full-coverage.test.js:619:30)

  鈼?8. Points Routes - 绉垎璺敱 鈥?GET /api/points/records 鈥?搴旇鑾峰彇绉垎璁板綍

    expect(received).toBe(expected) // Object.is equality

    Expected: 200
    Received: 401

    [0m [90m 629 |[39m         [33m.[39m[36mset[39m([32m'Authorization'[39m[33m,[39m [32m`Bearer ${token}`
[39m)[33m;[39m
     [90m 630 |[39m
    [31m[1m>[22m[39m[90m 631 |[39m       expect(res[33m.[39mstatusCode)[33m.[39mtoBe([35m200[39m)[33m;[39
m
     [90m     |[39m                              [31m[1m^[22m[39m
     [90m 632 |[39m     })[33m;[39m
     [90m 633 |[39m   })[33m;[39m
     [90m 634 |[39m[0m

      at Object.toBe (tests/routes-full-coverage.test.js:631:30)

  鈼?8. Points Routes - 绉垎璺敱 鈥?POST /api/points/check-in 鈥?搴旇鎵撳崱

    expect(received).toBe(expected) // Object.is equality

    Expected: 200
    Received: 401

    [0m [90m 641 |[39m         [33m.[39m[36mset[39m([32m'Authorization'[39m[33m,[39m [32m`Bearer ${token}`
[39m)[33m;[39m
     [90m 642 |[39m
    [31m[1m>[22m[39m[90m 643 |[39m       expect(res[33m.[39mstatusCode)[33m.[39mtoBe([35m200[39m)[33m;[39
m
     [90m     |[39m                              [31m[1m^[22m[39m
     [90m 644 |[39m     })[33m;[39m
     [90m 645 |[39m   })[33m;[39m
     [90m 646 |[39m[0m

      at Object.toBe (tests/routes-full-coverage.test.js:643:30)

  鈼?8. Points Routes - 绉垎璺敱 鈥?POST /api/points/practice 鈥?搴旇璁板綍缁冧範绉垎

    expect(received).toBe(expected) // Object.is equality

    Expected: 200
    Received: 401

    [0m [90m 654 |[39m         [33m.[39msend({ sessionId[33m:[39m [32m'session-1'[39m[33m,[39m points[33m:
[39m [35m10[39m })[33m;[39m
     [90m 655 |[39m
    [31m[1m>[22m[39m[90m 656 |[39m       expect(res[33m.[39mstatusCode)[33m.[39mtoBe([35m200[39m)[33m;[39
m
     [90m     |[39m                              [31m[1m^[22m[39m
     [90m 657 |[39m     })[33m;[39m
     [90m 658 |[39m   })[33m;[39m
     [90m 659 |[39m[0m

      at Object.toBe (tests/routes-full-coverage.test.js:656:30)

  鈼?8. Points Routes - 绉垎璺敱 鈥?GET /api/points/check-in/status 鈥?搴旇鑾峰彇鎵撳崱鐘舵€?
    expect(received).toBe(expected) // Object.is equality

    Expected: 200
    Received: 401

    [0m [90m 666 |[39m         [33m.[39m[36mset[39m([32m'Authorization'[39m[33m,[39m [32m`Bearer ${token}`
[39m)[33m;[39m
     [90m 667 |[39m
    [31m[1m>[22m[39m[90m 668 |[39m       expect(res[33m.[39mstatusCode)[33m.[39mtoBe([35m200[39m)[33m;[39
m
     [90m     |[39m                              [31m[1m^[22m[39m
     [90m 669 |[39m     })[33m;[39m
     [90m 670 |[39m   })[33m;[39m
     [90m 671 |[39m })[33m;[39m[0m

      at Object.toBe (tests/routes-full-coverage.test.js:668:30)

  鈼?9. Leaderboard Routes - 鎺掕姒滆矾鐢?鈥?GET /api/leaderboard/:type? 鈥?搴旇鑾峰彇鎬绘帓琛屾

    expect(received).toBe(expected) // Object.is equality

    Expected: 200
    Received: 401

    [0m [90m 684 |[39m         [33m.[39m[36mset[39m([32m'Authorization'[39m[33m,[39m [32m`Bearer ${token}`
[39m)[33m;[39m
     [90m 685 |[39m
    [31m[1m>[22m[39m[90m 686 |[39m       expect(res[33m.[39mstatusCode)[33m.[39mtoBe([35m200[39m)[33m;[39
m
     [90m     |[39m                              [31m[1m^[22m[39m
     [90m 687 |[39m     })[33m;[39m
     [90m 688 |[39m
     [90m 689 |[39m     it([32m'搴旇鑾峰彇鎸囧畾绫诲瀷鐨勬帓琛屾'[39m[33m,[39m [36masync[39m () [33m=>[39m {[0m

      at Object.toBe (tests/routes-full-coverage.test.js:686:30)

  鈼?9. Leaderboard Routes - 鎺掕姒滆矾鐢?鈥?GET /api/leaderboard/:type? 鈥?搴旇鑾峰彇鎸囧畾绫诲瀷鐨勬帓琛屾

    expect(received).toBe(expected) // Object.is equality

    Expected: 200
    Received: 401

    [0m [90m 694 |[39m         [33m.[39m[36mset[39m([32m'Authorization'[39m[33m,[39m [32m`Bearer ${token}`
[39m)[33m;[39m
     [90m 695 |[39m
    [31m[1m>[22m[39m[90m 696 |[39m       expect(res[33m.[39mstatusCode)[33m.[39mtoBe([35m200[39m)[33m;[39
m
     [90m     |[39m                              [31m[1m^[22m[39m
     [90m 697 |[39m     })[33m;[39m
     [90m 698 |[39m   })[33m;[39m
     [90m 699 |[39m[0m

      at Object.toBe (tests/routes-full-coverage.test.js:696:30)

  鈼?9. Leaderboard Routes - 鎺掕姒滆矾鐢?鈥?GET /api/leaderboard/me/rank 鈥?搴旇鑾峰彇鎴戠殑鎺掑悕

    expect(received).toBe(expected) // Object.is equality

    Expected: 200
    Received: 401

    [0m [90m 706 |[39m         [33m.[39m[36mset[39m([32m'Authorization'[39m[33m,[39m [32m`Bearer ${token}`
[39m)[33m;[39m
     [90m 707 |[39m
    [31m[1m>[22m[39m[90m 708 |[39m       expect(res[33m.[39mstatusCode)[33m.[39mtoBe([35m200[39m)[33m;[39
m
     [90m     |[39m                              [31m[1m^[22m[39m
     [90m 709 |[39m     })[33m;[39m
     [90m 710 |[39m   })[33m;[39m
     [90m 711 |[39m[0m

      at Object.toBe (tests/routes-full-coverage.test.js:708:30)

  鈼?9. Leaderboard Routes - 鎺掕姒滆矾鐢?鈥?GET /api/leaderboard/history 鈥?搴旇鑾峰彇鎺掕姒滃巻鍙?
    expect(received).toBe(expected) // Object.is equality

    Expected: 200
    Received: 401

    [0m [90m 718 |[39m         [33m.[39m[36mset[39m([32m'Authorization'[39m[33m,[39m [32m`Bearer ${token}`
[39m)[33m;[39m
     [90m 719 |[39m
    [31m[1m>[22m[39m[90m 720 |[39m       expect(res[33m.[39mstatusCode)[33m.[39mtoBe([35m200[39m)[33m;[39
m
     [90m     |[39m                              [31m[1m^[22m[39m
     [90m 721 |[39m     })[33m;[39m
     [90m 722 |[39m   })[33m;[39m
     [90m 723 |[39m[0m

      at Object.toBe (tests/routes-full-coverage.test.js:720:30)

  鈼?9. Leaderboard Routes - 鎺掕姒滆矾鐢?鈥?POST /api/leaderboard/refresh 鈥?搴旇鍒锋柊鎺掕姒?
    expect(received).toBe(expected) // Object.is equality

    Expected: 200
    Received: 401

    [0m [90m 730 |[39m         [33m.[39m[36mset[39m([32m'Authorization'[39m[33m,[39m [32m`Bearer ${token}`
[39m)[33m;[39m
     [90m 731 |[39m
    [31m[1m>[22m[39m[90m 732 |[39m       expect(res[33m.[39mstatusCode)[33m.[39mtoBe([35m200[39m)[33m;[39
m
     [90m     |[39m                              [31m[1m^[22m[39m
     [90m 733 |[39m     })[33m;[39m
     [90m 734 |[39m   })[33m;[39m
     [90m 735 |[39m })[33m;[39m[0m

      at Object.toBe (tests/routes-full-coverage.test.js:732:30)

  console.log
    馃И 娴嬭瘯鐜宸查厤缃細TEST_MODE=true, DATABASE_PATH=E:\openclaw\workspace-studyass-mgr\backend\test-temp-19896.db

      at Object.<anonymous> (jest.setup.js:33:9)

  console.error
    [DB] 鍒涘缓绱㈠紩澶辫触: CREATE INDEX IF NOT EXISTS idx_points_ledger_user ON points_ledger(user_id) no such table: main.points_ledger

    [0m [90m 150 |[39m       db[33m.[39mexec(sql)[33m;[39m
     [90m 151 |[39m     } [36mcatch[39m (err) {
    [31m[1m>[22m[39m[90m 152 |[39m       console[33m.[39merror([32m'[DB] 鍒涘缓绱㈠紩澶辫触:'[39m[33m,[39m sql[33m,[39m err[33m.[39mmessage)[33m;[39m
     [90m     |[39m               [31m[1m^[22m[39m
     [90m 153 |[39m     }
     [90m 154 |[39m   }
     [90m 155 |[39m[0m

      at error (src/database/optimized-queries.js:152:15)
      at Object.createOptimizedIndexes (src/server.js:58:3)
      at Object.require (tests/userController.test.js:16:9)

  console.error
    [DB] 鍒涘缓绱㈠紩澶辫触: CREATE INDEX IF NOT EXISTS idx_points_ledger_created ON points_ledger(created_at) no such table: main.points_ledger

    [0m [90m 150 |[39m       db[33m.[39mexec(sql)[33m;[39m
     [90m 151 |[39m     } [36mcatch[39m (err) {
    [31m[1m>[22m[39m[90m 152 |[39m       console[33m.[39merror([32m'[DB] 鍒涘缓绱㈠紩澶辫触:'[39m[33m,[39m sql[33m,[39m err[33m.[39mmessage)[33m;[39m
     [90m     |[39m               [31m[1m^[22m[39m
     [90m 153 |[39m     }
     [90m 154 |[39m   }
     [90m 155 |[39m[0m

      at error (src/database/optimized-queries.js:152:15)
      at Object.createOptimizedIndexes (src/server.js:58:3)
      at Object.require (tests/userController.test.js:16:9)

  console.error
    [DB] 鍒涘缓绱㈠紩澶辫触: CREATE INDEX IF NOT EXISTS idx_practice_sessions_user ON practice_sessions(user_id) no such table: main.practice_sessions

    [0m [90m 150 |[39m       db[33m.[39mexec(sql)[33m;[39m
     [90m 151 |[39m     } [36mcatch[39m (err) {
    [31m[1m>[22m[39m[90m 152 |[39m       console[33m.[39merror([32m'[DB] 鍒涘缓绱㈠紩澶辫触:'[39m[33m,[39m sql[33m,[39m err[33m.[39mmessage)[33m;[39m
     [90m     |[39m               [31m[1m^[22m[39m
     [90m 153 |[39m     }
     [90m 154 |[39m   }
     [90m 155 |[39m[0m

      at error (src/database/optimized-queries.js:152:15)
      at Object.createOptimizedIndexes (src/server.js:58:3)
      at Object.require (tests/userController.test.js:16:9)

  console.error
    [DB] 鍒涘缓绱㈠紩澶辫触: CREATE INDEX IF NOT EXISTS idx_practice_sessions_status ON practice_sessions(status) no such table: main.practice_sessions

    [0m [90m 150 |[39m       db[33m.[39mexec(sql)[33m;[39m
     [90m 151 |[39m     } [36mcatch[39m (err) {
    [31m[1m>[22m[39m[90m 152 |[39m       console[33m.[39merror([32m'[DB] 鍒涘缓绱㈠紩澶辫触:'[39m[33m,[39m sql[33m,[39m err[33m.[39mmessage)[33m;[39m
     [90m     |[39m               [31m[1m^[22m[39m
     [90m 153 |[39m     }
     [90m 154 |[39m   }
     [90m 155 |[39m[0m

      at error (src/database/optimized-queries.js:152:15)
      at Object.createOptimizedIndexes (src/server.js:58:3)
      at Object.require (tests/userController.test.js:16:9)

  console.error
    [DB] 鍒涘缓绱㈠紩澶辫触: CREATE INDEX IF NOT EXISTS idx_points_ledger_user_created ON points_ledger(user_id, created_at) no such table: main.points_ledger

    [0m [90m 150 |[39m       db[33m.[39mexec(sql)[33m;[39m
     [90m 151 |[39m     } [36mcatch[39m (err) {
    [31m[1m>[22m[39m[90m 152 |[39m       console[33m.[39merror([32m'[DB] 鍒涘缓绱㈠紩澶辫触:'[39m[33m,[39m sql[33m,[39m err[33m.[39mmessage)[33m;[39m
     [90m     |[39m               [31m[1m^[22m[39m
     [90m 153 |[39m     }
     [90m 154 |[39m   }
     [90m 155 |[39m[0m

      at error (src/database/optimized-queries.js:152:15)
      at Object.createOptimizedIndexes (src/server.js:58:3)
      at Object.require (tests/userController.test.js:16:9)

  console.log
    [DB] 鏁版嵁搴撶储寮曚紭鍖栧畬鎴?
      at log (src/database/optimized-queries.js:156:11)

  console.log
    馃搳 Prometheus 鎸囨爣宸插垵濮嬪寲 (port=9090, path=/metrics)

      at PrometheusExporter.log [as init] (src/modules/monitoring/PrometheusExporter.js:51:13)


  鈼? Cannot log after tests are done. Did you forget to wait for something async in your test?
    Attempted to log "馃寪 Prometheus metrics server running at http://localhost:9090/metrics".

    [0m [90m 167 |[39m
     [90m 168 |[39m     [36mthis[39m[33m.[39mserver[33m.[39mlisten([36mthis[39m[33m.[39mconfig[33m.[39mpo
rt[33m,[39m () [33m=>[39m {
    [31m[1m>[22m[39m[90m 169 |[39m       console[33m.[39mlog([32m`馃寪 Prometheus metrics server running at http
://localhost:${this.config.port}${this.config.path}`[39m)[33m;[39m
     [90m     |[39m               [31m[1m^[22m[39m
     [90m 170 |[39m     })[33m;[39m
     [90m 171 |[39m
     [90m 172 |[39m     [36mthis[39m[33m.[39mserver[33m.[39mon([32m'error'[39m[33m,[39m (error) [33m=>[39
m {[0m

      at console.log (node_modules/@jest/console/build/CustomConsole.js:141:10)
      at Server.log (src/modules/monitoring/PrometheusExporter.js:169:15)


  鈼? Cannot log after tests are done. Did you forget to wait for something async in your test?
    Attempted to log "鉁?Redis 鎺掕姒滅紦瀛樺凡杩炴帴".

    [0m [90m 21 |[39m
     [90m 22 |[39m     [36mthis[39m[33m.[39mredis[33m.[39mon([32m'connect'[39m[33m,[39m () [33m=>[39m {
    [31m[1m>[22m[39m[90m 23 |[39m       console[33m.[39mlog([32m'鉁?Redis 鎺掕姒滅紦瀛樺凡杩炴帴'[39m)[33m;[39m
     [90m    |[39m               [31m[1m^[22m[39m
     [90m 24 |[39m     })[33m;[39m
     [90m 25 |[39m
     [90m 26 |[39m     [90m// 缂撳瓨杩囨湡鏃堕棿锛堢锛?[39m[0m

      at console.log (node_modules/@jest/console/build/CustomConsole.js:141:10)
      at EventEmitter.log (src/modules/leaderboard/LeaderboardCache.js:23:15)

FAIL tests/userController.test.js
  console.warn
    [WARN] This Redis server's `default` user does not require a password, but a password was supplied

      at node_modules/ioredis/built/redis/event_handler.js:28:33
      at tryCatcher (node_modules/standard-as-callback/built/utils.js:12:23)
      at node_modules/standard-as-callback/built/index.js:33:51

  User Controller Tests
    GET /api/user/profile - 鑾峰彇鐢ㄦ埛璧勬枡
      脳 搴旇鎴愬姛鑾峰彇鐢ㄦ埛璧勬枡 (3 ms)
      脳 搴旇鍖呭惈瀛︾敓璧勬枡 (1 ms)
      脳 搴旇鎷掔粷鏈璇佺殑璇锋眰 (1 ms)
    PUT /api/user/profile - 鏇存柊鐢ㄦ埛璧勬枡
      脳 搴旇鎴愬姛鏇存柊鏄电О (1 ms)
      脳 搴旇鎴愬姛鏇存柊澶村儚 (2 ms)
      脳 搴旇鎴愬姛鏇存柊澶氫釜瀛楁 (2 ms)
      脳 搴旇鎷掔粷鏇存柊鍙瀛楁 (2 ms)
      脳 搴旇鎷掔粷鏈璇佺殑璇锋眰 (1 ms)
    GET /api/user/stats - 鑾峰彇鐢ㄦ埛缁熻
      脳 搴旇鎴愬姛鑾峰彇鐢ㄦ埛缁熻 (1 ms)
      脳 搴旇鍖呭惈瀛︿範缁熻 (1 ms)
      脳 搴旇鎷掔粷鏈璇佺殑璇锋眰 (2 ms)
    DELETE /api/user/account - 鍒犻櫎璐︽埛
      脳 搴旇鎴愬姛鍒犻櫎璐︽埛 (1 ms)
      脳 搴旇浣?token 澶辨晥 (2 ms)
      脳 搴旇鎷掔粷鏈璇佺殑璇锋眰 (1 ms)
    杈圭晫鍦烘櫙娴嬭瘯
      脳 搴旇澶勭悊杩囬暱鐨勬樀绉?(1 ms)
      脳 搴旇澶勭悊鏃犳晥鐨?URL (2 ms)
      脳 搴旇澶勭悊绌鸿姹備綋 (1 ms)
  console.warn
    [WARN] This Redis server's `default` user does not require a password, but a password was supplied

      at node_modules/ioredis/built/redis/event_handler.js:28:33
      at tryCatcher (node_modules/standard-as-callback/built/utils.js:12:23)
      at node_modules/standard-as-callback/built/index.js:33:51


  鈼?User Controller Tests 鈥?GET /api/user/profile - 鑾峰彇鐢ㄦ埛璧勬枡 鈥?搴旇鎴愬姛鑾峰彇鐢ㄦ埛璧勬枡

    TypeError: Cannot read properties of undefined (reading 'address')

    [0m [90m 344 |[39m     [90m// 鍙戦€侀獙璇佺爜[39m
     [90m 345 |[39m     [36mawait[39m request([36mthis[39m[33m.[39mserver)
    [31m[1m>[22m[39m[90m 346 |[39m       [33m.[39mpost([32m'/api/auth/send-code'[39m)
     [90m     |[39m        [31m[1m^[22m[39m
     [90m 347 |[39m       [33m.[39msend({ phone })[33m;[39m
     [90m 348 |[39m
     [90m 349 |[39m     [90m// 灏濊瘯鐧诲綍锛堝鏋滅敤鎴峰凡瀛樺湪锛?[39m[0m

      at Test.serverAddress (node_modules/supertest/lib/test.js:61:22)
      at new Test (node_modules/supertest/lib/test.js:49:14)
      at Object.obj.<computed> [as post] (node_modules/supertest/index.js:40:18)
      at AuthHelper.post [as createAndLogin] (tests/test-utils.js:346:8)
      at Object.createAndLogin (tests/userController.test.js:38:37)

  鈼?User Controller Tests 鈥?GET /api/user/profile - 鑾峰彇鐢ㄦ埛璧勬枡 鈥?搴旇鍖呭惈瀛︾敓璧勬枡

    TypeError: Cannot read properties of undefined (reading 'address')

    [0m [90m 344 |[39m     [90m// 鍙戦€侀獙璇佺爜[39m
     [90m 345 |[39m     [36mawait[39m request([36mthis[39m[33m.[39mserver)
    [31m[1m>[22m[39m[90m 346 |[39m       [33m.[39mpost([32m'/api/auth/send-code'[39m)
     [90m     |[39m        [31m[1m^[22m[39m
     [90m 347 |[39m       [33m.[39msend({ phone })[33m;[39m
     [90m 348 |[39m
     [90m 349 |[39m     [90m// 灏濊瘯鐧诲綍锛堝鏋滅敤鎴峰凡瀛樺湪锛?[39m[0m

      at Test.serverAddress (node_modules/supertest/lib/test.js:61:22)
      at new Test (node_modules/supertest/lib/test.js:49:14)
      at Object.obj.<computed> [as post] (node_modules/supertest/index.js:40:18)
      at AuthHelper.post [as createAndLogin] (tests/test-utils.js:346:8)
      at Object.createAndLogin (tests/userController.test.js:38:37)

  鈼?User Controller Tests 鈥?GET /api/user/profile - 鑾峰彇鐢ㄦ埛璧勬枡 鈥?搴旇鎷掔粷鏈璇佺殑璇锋眰

    TypeError: Cannot read properties of undefined (reading 'address')

    [0m [90m 344 |[39m     [90m// 鍙戦€侀獙璇佺爜[39m
     [90m 345 |[39m     [36mawait[39m request([36mthis[39m[33m.[39mserver)
    [31m[1m>[22m[39m[90m 346 |[39m       [33m.[39mpost([32m'/api/auth/send-code'[39m)
     [90m     |[39m        [31m[1m^[22m[39m
     [90m 347 |[39m       [33m.[39msend({ phone })[33m;[39m
     [90m 348 |[39m
     [90m 349 |[39m     [90m// 灏濊瘯鐧诲綍锛堝鏋滅敤鎴峰凡瀛樺湪锛?[39m[0m

      at Test.serverAddress (node_modules/supertest/lib/test.js:61:22)
      at new Test (node_modules/supertest/lib/test.js:49:14)
      at Object.obj.<computed> [as post] (node_modules/supertest/index.js:40:18)
      at AuthHelper.post [as createAndLogin] (tests/test-utils.js:346:8)
      at Object.createAndLogin (tests/userController.test.js:38:37)

  鈼?User Controller Tests 鈥?PUT /api/user/profile - 鏇存柊鐢ㄦ埛璧勬枡 鈥?搴旇鎴愬姛鏇存柊鏄电О

    TypeError: Cannot read properties of undefined (reading 'address')

    [0m [90m 344 |[39m     [90m// 鍙戦€侀獙璇佺爜[39m
     [90m 345 |[39m     [36mawait[39m request([36mthis[39m[33m.[39mserver)
    [31m[1m>[22m[39m[90m 346 |[39m       [33m.[39mpost([32m'/api/auth/send-code'[39m)
     [90m     |[39m        [31m[1m^[22m[39m
     [90m 347 |[39m       [33m.[39msend({ phone })[33m;[39m
     [90m 348 |[39m
     [90m 349 |[39m     [90m// 灏濊瘯鐧诲綍锛堝鏋滅敤鎴峰凡瀛樺湪锛?[39m[0m

      at Test.serverAddress (node_modules/supertest/lib/test.js:61:22)
      at new Test (node_modules/supertest/lib/test.js:49:14)
      at Object.obj.<computed> [as post] (node_modules/supertest/index.js:40:18)
      at AuthHelper.post [as createAndLogin] (tests/test-utils.js:346:8)
      at Object.createAndLogin (tests/userController.test.js:74:37)

  鈼?User Controller Tests 鈥?PUT /api/user/profile - 鏇存柊鐢ㄦ埛璧勬枡 鈥?搴旇鎴愬姛鏇存柊澶村儚

    TypeError: Cannot read properties of undefined (reading 'address')

    [0m [90m 344 |[39m     [90m// 鍙戦€侀獙璇佺爜[39m
     [90m 345 |[39m     [36mawait[39m request([36mthis[39m[33m.[39mserver)
    [31m[1m>[22m[39m[90m 346 |[39m       [33m.[39mpost([32m'/api/auth/send-code'[39m)
     [90m     |[39m        [31m[1m^[22m[39m
     [90m 347 |[39m       [33m.[39msend({ phone })[33m;[39m
     [90m 348 |[39m
     [90m 349 |[39m     [90m// 灏濊瘯鐧诲綍锛堝鏋滅敤鎴峰凡瀛樺湪锛?[39m[0m

      at Test.serverAddress (node_modules/supertest/lib/test.js:61:22)
      at new Test (node_modules/supertest/lib/test.js:49:14)
      at Object.obj.<computed> [as post] (node_modules/supertest/index.js:40:18)
      at AuthHelper.post [as createAndLogin] (tests/test-utils.js:346:8)
      at Object.createAndLogin (tests/userController.test.js:74:37)

  鈼?User Controller Tests 鈥?PUT /api/user/profile - 鏇存柊鐢ㄦ埛璧勬枡 鈥?搴旇鎴愬姛鏇存柊澶氫釜瀛楁

    TypeError: Cannot read properties of undefined (reading 'address')

    [0m [90m 344 |[39m     [90m// 鍙戦€侀獙璇佺爜[39m
     [90m 345 |[39m     [36mawait[39m request([36mthis[39m[33m.[39mserver)
    [31m[1m>[22m[39m[90m 346 |[39m       [33m.[39mpost([32m'/api/auth/send-code'[39m)
     [90m     |[39m        [31m[1m^[22m[39m
     [90m 347 |[39m       [33m.[39msend({ phone })[33m;[39m
     [90m 348 |[39m
     [90m 349 |[39m     [90m// 灏濊瘯鐧诲綍锛堝鏋滅敤鎴峰凡瀛樺湪锛?[39m[0m

      at Test.serverAddress (node_modules/supertest/lib/test.js:61:22)
      at new Test (node_modules/supertest/lib/test.js:49:14)
      at Object.obj.<computed> [as post] (node_modules/supertest/index.js:40:18)
      at AuthHelper.post [as createAndLogin] (tests/test-utils.js:346:8)
      at Object.createAndLogin (tests/userController.test.js:74:37)

  鈼?User Controller Tests 鈥?PUT /api/user/profile - 鏇存柊鐢ㄦ埛璧勬枡 鈥?搴旇鎷掔粷鏇存柊鍙瀛楁

    TypeError: Cannot read properties of undefined (reading 'address')

    [0m [90m 344 |[39m     [90m// 鍙戦€侀獙璇佺爜[39m
     [90m 345 |[39m     [36mawait[39m request([36mthis[39m[33m.[39mserver)
    [31m[1m>[22m[39m[90m 346 |[39m       [33m.[39mpost([32m'/api/auth/send-code'[39m)
     [90m     |[39m        [31m[1m^[22m[39m
     [90m 347 |[39m       [33m.[39msend({ phone })[33m;[39m
     [90m 348 |[39m
     [90m 349 |[39m     [90m// 灏濊瘯鐧诲綍锛堝鏋滅敤鎴峰凡瀛樺湪锛?[39m[0m

      at Test.serverAddress (node_modules/supertest/lib/test.js:61:22)
      at new Test (node_modules/supertest/lib/test.js:49:14)
      at Object.obj.<computed> [as post] (node_modules/supertest/index.js:40:18)
      at AuthHelper.post [as createAndLogin] (tests/test-utils.js:346:8)
      at Object.createAndLogin (tests/userController.test.js:74:37)

  鈼?User Controller Tests 鈥?PUT /api/user/profile - 鏇存柊鐢ㄦ埛璧勬枡 鈥?搴旇鎷掔粷鏈璇佺殑璇锋眰

    TypeError: Cannot read properties of undefined (reading 'address')

    [0m [90m 344 |[39m     [90m// 鍙戦€侀獙璇佺爜[39m
     [90m 345 |[39m     [36mawait[39m request([36mthis[39m[33m.[39mserver)
    [31m[1m>[22m[39m[90m 346 |[39m       [33m.[39mpost([32m'/api/auth/send-code'[39m)
     [90m     |[39m        [31m[1m^[22m[39m
     [90m 347 |[39m       [33m.[39msend({ phone })[33m;[39m
     [90m 348 |[39m
     [90m 349 |[39m     [90m// 灏濊瘯鐧诲綍锛堝鏋滅敤鎴峰凡瀛樺湪锛?[39m[0m

      at Test.serverAddress (node_modules/supertest/lib/test.js:61:22)
      at new Test (node_modules/supertest/lib/test.js:49:14)
      at Object.obj.<computed> [as post] (node_modules/supertest/index.js:40:18)
      at AuthHelper.post [as createAndLogin] (tests/test-utils.js:346:8)
      at Object.createAndLogin (tests/userController.test.js:74:37)

  鈼?User Controller Tests 鈥?GET /api/user/stats - 鑾峰彇鐢ㄦ埛缁熻 鈥?搴旇鎴愬姛鑾峰彇鐢ㄦ埛缁熻

    TypeError: Cannot read properties of undefined (reading 'address')

    [0m [90m 344 |[39m     [90m// 鍙戦€侀獙璇佺爜[39m
     [90m 345 |[39m     [36mawait[39m request([36mthis[39m[33m.[39mserver)
    [31m[1m>[22m[39m[90m 346 |[39m       [33m.[39mpost([32m'/api/auth/send-code'[39m)
     [90m     |[39m        [31m[1m^[22m[39m
     [90m 347 |[39m       [33m.[39msend({ phone })[33m;[39m
     [90m 348 |[39m
     [90m 349 |[39m     [90m// 灏濊瘯鐧诲綍锛堝鏋滅敤鎴峰凡瀛樺湪锛?[39m[0m

      at Test.serverAddress (node_modules/supertest/lib/test.js:61:22)
      at new Test (node_modules/supertest/lib/test.js:49:14)
      at Object.obj.<computed> [as post] (node_modules/supertest/index.js:40:18)
      at AuthHelper.post [as createAndLogin] (tests/test-utils.js:346:8)
      at Object.createAndLogin (tests/userController.test.js:140:37)

  鈼?User Controller Tests 鈥?GET /api/user/stats - 鑾峰彇鐢ㄦ埛缁熻 鈥?搴旇鍖呭惈瀛︿範缁熻

    TypeError: Cannot read properties of undefined (reading 'address')

    [0m [90m 344 |[39m     [90m// 鍙戦€侀獙璇佺爜[39m
     [90m 345 |[39m     [36mawait[39m request([36mthis[39m[33m.[39mserver)
    [31m[1m>[22m[39m[90m 346 |[39m       [33m.[39mpost([32m'/api/auth/send-code'[39m)
     [90m     |[39m        [31m[1m^[22m[39m
     [90m 347 |[39m       [33m.[39msend({ phone })[33m;[39m
     [90m 348 |[39m
     [90m 349 |[39m     [90m// 灏濊瘯鐧诲綍锛堝鏋滅敤鎴峰凡瀛樺湪锛?[39m[0m

      at Test.serverAddress (node_modules/supertest/lib/test.js:61:22)
      at new Test (node_modules/supertest/lib/test.js:49:14)
      at Object.obj.<computed> [as post] (node_modules/supertest/index.js:40:18)
      at AuthHelper.post [as createAndLogin] (tests/test-utils.js:346:8)
      at Object.createAndLogin (tests/userController.test.js:140:37)

  鈼?User Controller Tests 鈥?GET /api/user/stats - 鑾峰彇鐢ㄦ埛缁熻 鈥?搴旇鎷掔粷鏈璇佺殑璇锋眰

    TypeError: Cannot read properties of undefined (reading 'address')

    [0m [90m 344 |[39m     [90m// 鍙戦€侀獙璇佺爜[39m
     [90m 345 |[39m     [36mawait[39m request([36mthis[39m[33m.[39mserver)
    [31m[1m>[22m[39m[90m 346 |[39m       [33m.[39mpost([32m'/api/auth/send-code'[39m)
     [90m     |[39m        [31m[1m^[22m[39m
     [90m 347 |[39m       [33m.[39msend({ phone })[33m;[39m
     [90m 348 |[39m
     [90m 349 |[39m     [90m// 灏濊瘯鐧诲綍锛堝鏋滅敤鎴峰凡瀛樺湪锛?[39m[0m

      at Test.serverAddress (node_modules/supertest/lib/test.js:61:22)
      at new Test (node_modules/supertest/lib/test.js:49:14)
      at Object.obj.<computed> [as post] (node_modules/supertest/index.js:40:18)
      at AuthHelper.post [as createAndLogin] (tests/test-utils.js:346:8)
      at Object.createAndLogin (tests/userController.test.js:140:37)

  鈼?User Controller Tests 鈥?DELETE /api/user/account - 鍒犻櫎璐︽埛 鈥?搴旇鎴愬姛鍒犻櫎璐︽埛

    TypeError: Cannot read properties of undefined (reading 'address')

    [0m [90m 344 |[39m     [90m// 鍙戦€侀獙璇佺爜[39m
     [90m 345 |[39m     [36mawait[39m request([36mthis[39m[33m.[39mserver)
    [31m[1m>[22m[39m[90m 346 |[39m       [33m.[39mpost([32m'/api/auth/send-code'[39m)
     [90m     |[39m        [31m[1m^[22m[39m
     [90m 347 |[39m       [33m.[39msend({ phone })[33m;[39m
     [90m 348 |[39m
     [90m 349 |[39m     [90m// 灏濊瘯鐧诲綍锛堝鏋滅敤鎴峰凡瀛樺湪锛?[39m[0m

      at Test.serverAddress (node_modules/supertest/lib/test.js:61:22)
      at new Test (node_modules/supertest/lib/test.js:49:14)
      at Object.obj.<computed> [as post] (node_modules/supertest/index.js:40:18)
      at AuthHelper.post [as createAndLogin] (tests/test-utils.js:346:8)
      at Object.createAndLogin (tests/userController.test.js:174:37)

  鈼?User Controller Tests 鈥?DELETE /api/user/account - 鍒犻櫎璐︽埛 鈥?搴旇浣?token 澶辨晥

    TypeError: Cannot read properties of undefined (reading 'address')

    [0m [90m 344 |[39m     [90m// 鍙戦€侀獙璇佺爜[39m
     [90m 345 |[39m     [36mawait[39m request([36mthis[39m[33m.[39mserver)
    [31m[1m>[22m[39m[90m 346 |[39m       [33m.[39mpost([32m'/api/auth/send-code'[39m)
     [90m     |[39m        [31m[1m^[22m[39m
     [90m 347 |[39m       [33m.[39msend({ phone })[33m;[39m
     [90m 348 |[39m
     [90m 349 |[39m     [90m// 灏濊瘯鐧诲綍锛堝鏋滅敤鎴峰凡瀛樺湪锛?[39m[0m

      at Test.serverAddress (node_modules/supertest/lib/test.js:61:22)
      at new Test (node_modules/supertest/lib/test.js:49:14)
      at Object.obj.<computed> [as post] (node_modules/supertest/index.js:40:18)
      at AuthHelper.post [as createAndLogin] (tests/test-utils.js:346:8)
      at Object.createAndLogin (tests/userController.test.js:174:37)

  鈼?User Controller Tests 鈥?DELETE /api/user/account - 鍒犻櫎璐︽埛 鈥?搴旇鎷掔粷鏈璇佺殑璇锋眰

    TypeError: Cannot read properties of undefined (reading 'address')

    [0m [90m 344 |[39m     [90m// 鍙戦€侀獙璇佺爜[39m
     [90m 345 |[39m     [36mawait[39m request([36mthis[39m[33m.[39mserver)
    [31m[1m>[22m[39m[90m 346 |[39m       [33m.[39mpost([32m'/api/auth/send-code'[39m)
     [90m     |[39m        [31m[1m^[22m[39m
     [90m 347 |[39m       [33m.[39msend({ phone })[33m;[39m
     [90m 348 |[39m
     [90m 349 |[39m     [90m// 灏濊瘯鐧诲綍锛堝鏋滅敤鎴峰凡瀛樺湪锛?[39m[0m

      at Test.serverAddress (node_modules/supertest/lib/test.js:61:22)
      at new Test (node_modules/supertest/lib/test.js:49:14)
      at Object.obj.<computed> [as post] (node_modules/supertest/index.js:40:18)
      at AuthHelper.post [as createAndLogin] (tests/test-utils.js:346:8)
      at Object.createAndLogin (tests/userController.test.js:174:37)

  鈼?User Controller Tests 鈥?杈圭晫鍦烘櫙娴嬭瘯 鈥?搴旇澶勭悊杩囬暱鐨勬樀绉?
    TypeError: Cannot read properties of undefined (reading 'address')

    [0m [90m 344 |[39m     [90m// 鍙戦€侀獙璇佺爜[39m
     [90m 345 |[39m     [36mawait[39m request([36mthis[39m[33m.[39mserver)
    [31m[1m>[22m[39m[90m 346 |[39m       [33m.[39mpost([32m'/api/auth/send-code'[39m)
     [90m     |[39m        [31m[1m^[22m[39m
     [90m 347 |[39m       [33m.[39msend({ phone })[33m;[39m
     [90m 348 |[39m
     [90m 349 |[39m     [90m// 灏濊瘯鐧诲綍锛堝鏋滅敤鎴峰凡瀛樺湪锛?[39m[0m

      at Test.serverAddress (node_modules/supertest/lib/test.js:61:22)
      at new Test (node_modules/supertest/lib/test.js:49:14)
      at Object.obj.<computed> [as post] (node_modules/supertest/index.js:40:18)
      at AuthHelper.post [as createAndLogin] (tests/test-utils.js:346:8)
      at Object.createAndLogin (tests/userController.test.js:212:37)

  鈼?User Controller Tests 鈥?杈圭晫鍦烘櫙娴嬭瘯 鈥?搴旇澶勭悊鏃犳晥鐨?URL

    TypeError: Cannot read properties of undefined (reading 'address')

    [0m [90m 344 |[39m     [90m// 鍙戦€侀獙璇佺爜[39m
     [90m 345 |[39m     [36mawait[39m request([36mthis[39m[33m.[39mserver)
    [31m[1m>[22m[39m[90m 346 |[39m       [33m.[39mpost([32m'/api/auth/send-code'[39m)
     [90m     |[39m        [31m[1m^[22m[39m
     [90m 347 |[39m       [33m.[39msend({ phone })[33m;[39m
     [90m 348 |[39m
     [90m 349 |[39m     [90m// 灏濊瘯鐧诲綍锛堝鏋滅敤鎴峰凡瀛樺湪锛?[39m[0m

      at Test.serverAddress (node_modules/supertest/lib/test.js:61:22)
      at new Test (node_modules/supertest/lib/test.js:49:14)
      at Object.obj.<computed> [as post] (node_modules/supertest/index.js:40:18)
      at AuthHelper.post [as createAndLogin] (tests/test-utils.js:346:8)
      at Object.createAndLogin (tests/userController.test.js:212:37)

  鈼?User Controller Tests 鈥?杈圭晫鍦烘櫙娴嬭瘯 鈥?搴旇澶勭悊绌鸿姹備綋

    TypeError: Cannot read properties of undefined (reading 'address')

    [0m [90m 344 |[39m     [90m// 鍙戦€侀獙璇佺爜[39m
     [90m 345 |[39m     [36mawait[39m request([36mthis[39m[33m.[39mserver)
    [31m[1m>[22m[39m[90m 346 |[39m       [33m.[39mpost([32m'/api/auth/send-code'[39m)
     [90m     |[39m        [31m[1m^[22m[39m
     [90m 347 |[39m       [33m.[39msend({ phone })[33m;[39m
     [90m 348 |[39m
     [90m 349 |[39m     [90m// 灏濊瘯鐧诲綍锛堝鏋滅敤鎴峰凡瀛樺湪锛?[39m[0m

      at Test.serverAddress (node_modules/supertest/lib/test.js:61:22)
      at new Test (node_modules/supertest/lib/test.js:49:14)
      at Object.obj.<computed> [as post] (node_modules/supertest/index.js:40:18)
      at AuthHelper.post [as createAndLogin] (tests/test-utils.js:346:8)
      at Object.createAndLogin (tests/userController.test.js:212:37)

  console.log
    馃И 娴嬭瘯鐜宸查厤缃細TEST_MODE=true, DATABASE_PATH=E:\openclaw\workspace-studyass-mgr\backend\test-temp-19896.db

      at Object.<anonymous> (jest.setup.js:33:9)

  console.error
    [DB] 鍒涘缓绱㈠紩澶辫触: CREATE INDEX IF NOT EXISTS idx_points_ledger_user ON points_ledger(user_id) no such table: main.points_ledger

    [0m [90m 150 |[39m       db[33m.[39mexec(sql)[33m;[39m
     [90m 151 |[39m     } [36mcatch[39m (err) {
    [31m[1m>[22m[39m[90m 152 |[39m       console[33m.[39merror([32m'[DB] 鍒涘缓绱㈠紩澶辫触:'[39m[33m,[39m sql[33m,[39m err[33m.[39mmessage)[33m;[39m
     [90m     |[39m               [31m[1m^[22m[39m
     [90m 153 |[39m     }
     [90m 154 |[39m   }
     [90m 155 |[39m[0m

      at error (src/database/optimized-queries.js:152:15)
      at Object.createOptimizedIndexes (src/server.js:58:3)
      at Object.require (tests/integration-comprehensive.test.js:18:13)

  console.error
    [DB] 鍒涘缓绱㈠紩澶辫触: CREATE INDEX IF NOT EXISTS idx_points_ledger_created ON points_ledger(created_at) no such table: main.points_ledger

    [0m [90m 150 |[39m       db[33m.[39mexec(sql)[33m;[39m
     [90m 151 |[39m     } [36mcatch[39m (err) {
    [31m[1m>[22m[39m[90m 152 |[39m       console[33m.[39merror([32m'[DB] 鍒涘缓绱㈠紩澶辫触:'[39m[33m,[39m sql[33m,[39m err[33m.[39mmessage)[33m;[39m
     [90m     |[39m               [31m[1m^[22m[39m
     [90m 153 |[39m     }
     [90m 154 |[39m   }
     [90m 155 |[39m[0m

      at error (src/database/optimized-queries.js:152:15)
      at Object.createOptimizedIndexes (src/server.js:58:3)
      at Object.require (tests/integration-comprehensive.test.js:18:13)

  console.error
    [DB] 鍒涘缓绱㈠紩澶辫触: CREATE INDEX IF NOT EXISTS idx_practice_sessions_user ON practice_sessions(user_id) no such table: main.practice_sessions

    [0m [90m 150 |[39m       db[33m.[39mexec(sql)[33m;[39m
     [90m 151 |[39m     } [36mcatch[39m (err) {
    [31m[1m>[22m[39m[90m 152 |[39m       console[33m.[39merror([32m'[DB] 鍒涘缓绱㈠紩澶辫触:'[39m[33m,[39m sql[33m,[39m err[33m.[39mmessage)[33m;[39m
     [90m     |[39m               [31m[1m^[22m[39m
     [90m 153 |[39m     }
     [90m 154 |[39m   }
     [90m 155 |[39m[0m

      at error (src/database/optimized-queries.js:152:15)
      at Object.createOptimizedIndexes (src/server.js:58:3)
      at Object.require (tests/integration-comprehensive.test.js:18:13)

  console.error
    [DB] 鍒涘缓绱㈠紩澶辫触: CREATE INDEX IF NOT EXISTS idx_practice_sessions_status ON practice_sessions(status) no such table: main.practice_sessions

    [0m [90m 150 |[39m       db[33m.[39mexec(sql)[33m;[39m
     [90m 151 |[39m     } [36mcatch[39m (err) {
    [31m[1m>[22m[39m[90m 152 |[39m       console[33m.[39merror([32m'[DB] 鍒涘缓绱㈠紩澶辫触:'[39m[33m,[39m sql[33m,[39m err[33m.[39mmessage)[33m;[39m
     [90m     |[39m               [31m[1m^[22m[39m
     [90m 153 |[39m     }
     [90m 154 |[39m   }
     [90m 155 |[39m[0m

      at error (src/database/optimized-queries.js:152:15)
      at Object.createOptimizedIndexes (src/server.js:58:3)
      at Object.require (tests/integration-comprehensive.test.js:18:13)

  console.error
    [DB] 鍒涘缓绱㈠紩澶辫触: CREATE INDEX IF NOT EXISTS idx_points_ledger_user_created ON points_ledger(user_id, created_at) no such table: main.points_ledger

    [0m [90m 150 |[39m       db[33m.[39mexec(sql)[33m;[39m
     [90m 151 |[39m     } [36mcatch[39m (err) {
    [31m[1m>[22m[39m[90m 152 |[39m       console[33m.[39merror([32m'[DB] 鍒涘缓绱㈠紩澶辫触:'[39m[33m,[39m sql[33m,[39m err[33m.[39mmessage)[33m;[39m
     [90m     |[39m               [31m[1m^[22m[39m
     [90m 153 |[39m     }
     [90m 154 |[39m   }
     [90m 155 |[39m[0m

      at error (src/database/optimized-queries.js:152:15)
      at Object.createOptimizedIndexes (src/server.js:58:3)
      at Object.require (tests/integration-comprehensive.test.js:18:13)

  console.log
    [DB] 鏁版嵁搴撶储寮曚紭鍖栧畬鎴?
      at log (src/database/optimized-queries.js:156:11)

  console.log
    馃搳 Prometheus 鎸囨爣宸插垵濮嬪寲 (port=9090, path=/metrics)

      at PrometheusExporter.log [as init] (src/modules/monitoring/PrometheusExporter.js:51:13)

  console.log
    
    ================================================================================

      at Object.log (tests/integration-comprehensive.test.js:48:13)

  console.log
    馃И 寮€濮嬮泦鎴愭祴璇?- 鏍稿績娴佺▼鍏ㄨ鐩?
      at Object.log (tests/integration-comprehensive.test.js:49:13)

  console.log
    馃搵 淇婂摜鎸囦护锛氱珛鍗冲惎鍔紝纭繚鍥㈤槦楗卞拰

      at Object.log (tests/integration-comprehensive.test.js:50:13)

  console.log
    馃幆 鐩爣锛氭牳蹇冩祦绋?100% 瑕嗙洊

      at Object.log (tests/integration-comprehensive.test.js:51:13)

  console.log
    鈴憋笍  棰勮鏃堕棿锛?.5 灏忔椂

      at Object.log (tests/integration-comprehensive.test.js:52:13)

  console.log
    ================================================================================

      at Object.log (tests/integration-comprehensive.test.js:53:13)

  console.error
    鉂?Prometheus 鏈嶅姟鍣ㄩ敊璇? listen EADDRINUSE: address already in use :::9090

    [0m [90m 171 |[39m
     [90m 172 |[39m     [36mthis[39m[33m.[39mserver[33m.[39mon([32m'error'[39m[33m,[39m (error) [33m=>[39m {
    [31m[1m>[22m[39m[90m 173 |[39m       console[33m.[39merror([32m'鉂?Prometheus 鏈嶅姟鍣ㄩ敊璇?'[39m[33m,[39m error[33m.[39mmessage)[33m;[39m
     [90m     |[39m               [31m[1m^[22m[39m
     [90m 174 |[39m     })[33m;[39m
     [90m 175 |[39m   }
     [90m 176 |[39m[0m

      at Server.error (src/modules/monitoring/PrometheusExporter.js:173:15)

  console.log
    馃攲 娴嬭瘯鏈嶅姟鍣ㄥ惎鍔ㄥ湪绔彛 50827

      at Object.log (tests/integration-comprehensive.test.js:57:13)

  console.warn
    鈿狅笍  鏁版嵁搴撴竻鐞嗕笉鍙敤

    [0m [90m 63 |[39m       dbCleaner [33m=[39m [36mnew[39m [33mDbCleaner[39m(db)[33m;[39m
     [90m 64 |[39m     } [36mcatch[39m (error) {
    [31m[1m>[22m[39m[90m 65 |[39m       console[33m.[39mwarn([32m'鈿狅笍  鏁版嵁搴撴竻鐞嗕笉鍙敤'[39m)[33m;[39m
     [90m    |[39m               [31m[1m^[22m[39m
     [90m 66 |[39m     }
     [90m 67 |[39m   }[33m,[39m [35m60000[39m)[33m;[39m
     [90m 68 |[39m[0m

      at Object.warn (tests/integration-comprehensive.test.js:65:15)

  console.log
    鉁?Redis 鎺掕姒滅紦瀛樺凡杩炴帴

      at EventEmitter.log (src/modules/leaderboard/LeaderboardCache.js:23:15)

  console.warn
    [WARN] This Redis server's `default` user does not require a password, but a password was supplied

      at node_modules/ioredis/built/redis/event_handler.js:28:33
      at tryCatcher (node_modules/standard-as-callback/built/utils.js:12:23)
      at node_modules/standard-as-callback/built/index.js:33:51

[32minfo[39m: HTTP_REQUEST {"duration":4,"ip":"::ffff:127.0.0.1","method":"POST","service":"studyass-backend","status":400,"timestamp":"2026-03-17 19:55:56","type":"request","url":"/send-code"}
  console.warn
    [WARN] This Redis server's `default` user does not require a password, but a password was supplied

      at node_modules/ioredis/built/redis/event_handler.js:28:33
      at tryCatcher (node_modules/standard-as-callback/built/utils.js:12:23)
      at node_modules/standard-as-callback/built/index.js:33:51

[32minfo[39m: HTTP_REQUEST {"duration":2,"ip":"::ffff:127.0.0.1","method":"POST","service":"studyass-backend","status":400,"timestamp":"2026-03-17 19:55:56","type":"request","url":"/login"}
[32minfo[39m: HTTP_REQUEST {"duration":1,"ip":"::ffff:127.0.0.1","method":"POST","service":"studyass-backend","status":400,"timestamp":"2026-03-17 19:55:56","type":"request","url":"/send-code"}
[32minfo[39m: HTTP_REQUEST {"duration":2,"ip":"::ffff:127.0.0.1","method":"POST","service":"studyass-backend","status":400,"timestamp":"2026-03-17 19:55:56","type":"request","url":"/send-code"}
[32minfo[39m: HTTP_REQUEST {"duration":2,"ip":"::ffff:127.0.0.1","method":"POST","service":"studyass-backend","status":400,"timestamp":"2026-03-17 19:55:56","type":"request","url":"/login"}
[32minfo[39m: HTTP_REQUEST {"duration":3,"ip":"::ffff:127.0.0.1","method":"POST","service":"studyass-backend","status":400,"timestamp":"2026-03-17 19:55:56","type":"request","url":"/send-code"}
[32minfo[39m: HTTP_REQUEST {"duration":3,"ip":"::ffff:127.0.0.1","method":"POST","service":"studyass-backend","status":400,"timestamp":"2026-03-17 19:55:56","type":"request","url":"/register"}
[32minfo[39m: HTTP_REQUEST {"duration":1,"ip":"::ffff:127.0.0.1","method":"POST","service":"studyass-backend","status":400,"timestamp":"2026-03-17 19:55:56","type":"request","url":"/login"}
[32minfo[39m: HTTP_REQUEST {"duration":1,"ip":"::ffff:127.0.0.1","method":"POST","service":"studyass-backend","status":400,"timestamp":"2026-03-17 19:55:56","type":"request","url":"/send-code"}
[32minfo[39m: HTTP_REQUEST {"duration":1,"ip":"::ffff:127.0.0.1","method":"POST","service":"studyass-backend","status":400,"timestamp":"2026-03-17 19:55:57","type":"request","url":"/login"}
[32minfo[39m: HTTP_REQUEST {"duration":2,"ip":"::ffff:127.0.0.1","method":"POST","service":"studyass-backend","status":401,"timestamp":"2026-03-17 19:55:57","type":"request","url":"/refresh"}
[32minfo[39m: HTTP_REQUEST {"duration":1,"ip":"::ffff:127.0.0.1","method":"POST","service":"studyass-backend","status":400,"timestamp":"2026-03-17 19:55:57","type":"request","url":"/send-code"}
[32minfo[39m: HTTP_REQUEST {"duration":1,"ip":"::ffff:127.0.0.1","method":"POST","service":"studyass-backend","status":400,"timestamp":"2026-03-17 19:55:57","type":"request","url":"/login"}
[32minfo[39m: HTTP_REQUEST {"duration":2,"ip":"::ffff:127.0.0.1","method":"GET","service":"studyass-backend","status":401,"timestamp":"2026-03-17 19:55:57","type":"request","url":"/me"}
[32minfo[39m: HTTP_REQUEST {"duration":3,"ip":"::ffff:127.0.0.1","method":"POST","service":"studyass-backend","status":400,"timestamp":"2026-03-17 19:55:57","type":"request","url":"/send-code"}
[32minfo[39m: HTTP_REQUEST {"duration":2,"ip":"::ffff:127.0.0.1","method":"POST","service":"studyass-backend","status":400,"timestamp":"2026-03-17 19:55:57","type":"request","url":"/login"}
[32minfo[39m: HTTP_REQUEST {"duration":2,"ip":"::ffff:127.0.0.1","method":"PUT","service":"studyass-backend","status":401,"timestamp":"2026-03-17 19:55:57","type":"request","url":"/me"}
[32minfo[39m: HTTP_REQUEST {"duration":2,"ip":"::ffff:127.0.0.1","method":"POST","service":"studyass-backend","status":400,"timestamp":"2026-03-17 19:55:57","type":"request","url":"/send-code"}
[32minfo[39m: HTTP_REQUEST {"duration":2,"ip":"::ffff:127.0.0.1","method":"POST","service":"studyass-backend","status":400,"timestamp":"2026-03-17 19:55:57","type":"request","url":"/login"}
[32minfo[39m: HTTP_REQUEST {"duration":1,"ip":"::ffff:127.0.0.1","method":"POST","service":"studyass-backend","status":400,"timestamp":"2026-03-17 19:55:57","type":"request","url":"/send-code"}
[32minfo[39m: HTTP_REQUEST {"duration":2,"ip":"::ffff:127.0.0.1","method":"POST","service":"studyass-backend","status":400,"timestamp":"2026-03-17 19:55:57","type":"request","url":"/register"}
[32minfo[39m: HTTP_REQUEST {"duration":3,"ip":"::ffff:127.0.0.1","method":"GET","service":"studyass-backend","status":401,"timestamp":"2026-03-17 19:55:57","type":"request","url":"/me"}
[32minfo[39m: HTTP_REQUEST {"duration":1,"ip":"::ffff:127.0.0.1","method":"PUT","service":"studyass-backend","status":401,"timestamp":"2026-03-17 19:55:57","type":"request","url":"/me"}
[32minfo[39m: HTTP_REQUEST {"duration":1,"ip":"::ffff:127.0.0.1","method":"POST","service":"studyass-backend","status":400,"timestamp":"2026-03-17 19:55:57","type":"request","url":"/send-code"}
[32minfo[39m: HTTP_REQUEST {"duration":3,"ip":"::ffff:127.0.0.1","method":"POST","service":"studyass-backend","status":400,"timestamp":"2026-03-17 19:55:57","type":"request","url":"/login"}
[32minfo[39m: HTTP_REQUEST {"duration":2,"ip":"::ffff:127.0.0.1","method":"POST","service":"studyass-backend","status":401,"timestamp":"2026-03-17 19:55:57","type":"request","url":"/ask"}
[32minfo[39m: HTTP_REQUEST {"duration":2,"ip":"::ffff:127.0.0.1","method":"POST","service":"studyass-backend","status":400,"timestamp":"2026-03-17 19:55:57","type":"request","url":"/send-code"}
[32minfo[39m: HTTP_REQUEST {"duration":1,"ip":"::ffff:127.0.0.1","method":"POST","service":"studyass-backend","status":400,"timestamp":"2026-03-17 19:55:57","type":"request","url":"/login"}
[32minfo[39m: HTTP_REQUEST {"duration":2,"ip":"::ffff:127.0.0.1","method":"POST","service":"studyass-backend","status":401,"timestamp":"2026-03-17 19:55:57","type":"request","url":"/ask"}
[32minfo[39m: HTTP_REQUEST {"duration":2,"ip":"::ffff:127.0.0.1","method":"POST","service":"studyass-backend","status":401,"timestamp":"2026-03-17 19:55:57","type":"request","url":"/ask"}
[32minfo[39m: HTTP_REQUEST {"duration":2,"ip":"::ffff:127.0.0.1","method":"POST","service":"studyass-backend","status":401,"timestamp":"2026-03-17 19:55:57","type":"request","url":"/ask"}
[32minfo[39m: HTTP_REQUEST {"duration":2,"ip":"::ffff:127.0.0.1","method":"POST","service":"studyass-backend","status":400,"timestamp":"2026-03-17 19:55:57","type":"request","url":"/send-code"}
[32minfo[39m: HTTP_REQUEST {"duration":1,"ip":"::ffff:127.0.0.1","method":"POST","service":"studyass-backend","status":400,"timestamp":"2026-03-17 19:55:57","type":"request","url":"/login"}
[32minfo[39m: HTTP_REQUEST {"duration":2,"ip":"::ffff:127.0.0.1","method":"GET","service":"studyass-backend","status":401,"timestamp":"2026-03-17 19:55:57","type":"request","url":"/qa"}
[32minfo[39m: HTTP_REQUEST {"duration":1,"ip":"::ffff:127.0.0.1","method":"POST","service":"studyass-backend","status":400,"timestamp":"2026-03-17 19:55:57","type":"request","url":"/send-code"}
[32minfo[39m: HTTP_REQUEST {"duration":1,"ip":"::ffff:127.0.0.1","method":"POST","service":"studyass-backend","status":400,"timestamp":"2026-03-17 19:55:57","type":"request","url":"/login"}
[32minfo[39m: HTTP_REQUEST {"duration":2,"ip":"::ffff:127.0.0.1","method":"POST","service":"studyass-backend","status":401,"timestamp":"2026-03-17 19:55:57","type":"request","url":"/ask"}
[32minfo[39m: HTTP_REQUEST {"duration":1,"ip":"::ffff:127.0.0.1","method":"POST","service":"studyass-backend","status":400,"timestamp":"2026-03-17 19:55:57","type":"request","url":"/send-code"}
[32minfo[39m: HTTP_REQUEST {"duration":1,"ip":"::ffff:127.0.0.1","method":"POST","service":"studyass-backend","status":400,"timestamp":"2026-03-17 19:55:57","type":"request","url":"/login"}
[32minfo[39m: HTTP_REQUEST {"duration":2,"ip":"::ffff:127.0.0.1","method":"POST","service":"studyass-backend","status":401,"timestamp":"2026-03-17 19:55:57","type":"request","url":"/"}
[32minfo[39m: HTTP_REQUEST {"duration":1,"ip":"::ffff:127.0.0.1","method":"POST","service":"studyass-backend","status":400,"timestamp":"2026-03-17 19:55:57","type":"request","url":"/send-code"}
[32minfo[39m: HTTP_REQUEST {"duration":1,"ip":"::ffff:127.0.0.1","method":"POST","service":"studyass-backend","status":400,"timestamp":"2026-03-17 19:55:57","type":"request","url":"/login"}
[32minfo[39m: HTTP_REQUEST {"duration":1,"ip":"::ffff:127.0.0.1","method":"POST","service":"studyass-backend","status":401,"timestamp":"2026-03-17 19:55:57","type":"request","url":"/"}
[32minfo[39m: HTTP_REQUEST {"duration":2,"ip":"::ffff:127.0.0.1","method":"POST","service":"studyass-backend","status":400,"timestamp":"2026-03-17 19:55:57","type":"request","url":"/send-code"}
[32minfo[39m: HTTP_REQUEST {"duration":2,"ip":"::ffff:127.0.0.1","method":"POST","service":"studyass-backend","status":400,"timestamp":"2026-03-17 19:55:57","type":"request","url":"/login"}
[32minfo[39m: HTTP_REQUEST {"duration":2,"ip":"::ffff:127.0.0.1","method":"POST","service":"studyass-backend","status":401,"timestamp":"2026-03-17 19:55:57","type":"request","url":"/"}
[32minfo[39m: HTTP_REQUEST {"duration":2,"ip":"::ffff:127.0.0.1","method":"POST","service":"studyass-backend","status":400,"timestamp":"2026-03-17 19:55:57","type":"request","url":"/send-code"}
[32minfo[39m: HTTP_REQUEST {"duration":2,"ip":"::ffff:127.0.0.1","method":"POST","service":"studyass-backend","status":400,"timestamp":"2026-03-17 19:55:57","type":"request","url":"/login"}
[32minfo[39m: HTTP_REQUEST {"duration":2,"ip":"::ffff:127.0.0.1","method":"POST","service":"studyass-backend","status":401,"timestamp":"2026-03-17 19:55:57","type":"request","url":"/"}
[32minfo[39m: HTTP_REQUEST {"duration":2,"ip":"::ffff:127.0.0.1","method":"POST","service":"studyass-backend","status":400,"timestamp":"2026-03-17 19:55:57","type":"request","url":"/send-code"}
[32minfo[39m: HTTP_REQUEST {"duration":1,"ip":"::ffff:127.0.0.1","method":"POST","service":"studyass-backend","status":400,"timestamp":"2026-03-17 19:55:57","type":"request","url":"/login"}
[32minfo[39m: HTTP_REQUEST {"duration":2,"ip":"::ffff:127.0.0.1","method":"POST","service":"studyass-backend","status":401,"timestamp":"2026-03-17 19:55:57","type":"request","url":"/sessions"}
[32minfo[39m: HTTP_REQUEST {"duration":2,"ip":"::ffff:127.0.0.1","method":"POST","service":"studyass-backend","status":400,"timestamp":"2026-03-17 19:55:57","type":"request","url":"/send-code"}
[32minfo[39m: HTTP_REQUEST {"duration":1,"ip":"::ffff:127.0.0.1","method":"POST","service":"studyass-backend","status":400,"timestamp":"2026-03-17 19:55:57","type":"request","url":"/login"}
[32minfo[39m: HTTP_REQUEST {"duration":2,"ip":"::ffff:127.0.0.1","method":"POST","service":"studyass-backend","status":401,"timestamp":"2026-03-17 19:55:57","type":"request","url":"/sessions"}
[32minfo[39m: HTTP_REQUEST {"duration":2,"ip":"::ffff:127.0.0.1","method":"POST","service":"studyass-backend","status":400,"timestamp":"2026-03-17 19:55:57","type":"request","url":"/send-code"}
[32minfo[39m: HTTP_REQUEST {"duration":2,"ip":"::ffff:127.0.0.1","method":"POST","service":"studyass-backend","status":400,"timestamp":"2026-03-17 19:55:57","type":"request","url":"/login"}
[32minfo[39m: HTTP_REQUEST {"duration":2,"ip":"::ffff:127.0.0.1","method":"POST","service":"studyass-backend","status":401,"timestamp":"2026-03-17 19:55:57","type":"request","url":"/sessions"}
[32minfo[39m: HTTP_REQUEST {"duration":2,"ip":"::ffff:127.0.0.1","method":"POST","service":"studyass-backend","status":400,"timestamp":"2026-03-17 19:55:57","type":"request","url":"/send-code"}
[32minfo[39m: HTTP_REQUEST {"duration":2,"ip":"::ffff:127.0.0.1","method":"POST","service":"studyass-backend","status":400,"timestamp":"2026-03-17 19:55:57","type":"request","url":"/login"}
[32minfo[39m: HTTP_REQUEST {"duration":2,"ip":"::ffff:127.0.0.1","method":"POST","service":"studyass-backend","status":401,"timestamp":"2026-03-17 19:55:57","type":"request","url":"/sessions"}
[32minfo[39m: HTTP_REQUEST {"duration":1,"ip":"::ffff:127.0.0.1","method":"POST","service":"studyass-backend","status":400,"timestamp":"2026-03-17 19:55:57","type":"request","url":"/send-code"}
[32minfo[39m: HTTP_REQUEST {"duration":2,"ip":"::ffff:127.0.0.1","method":"POST","service":"studyass-backend","status":400,"timestamp":"2026-03-17 19:55:57","type":"request","url":"/login"}
[32minfo[39m: HTTP_REQUEST {"duration":2,"ip":"::ffff:127.0.0.1","method":"GET","service":"studyass-backend","status":401,"timestamp":"2026-03-17 19:55:57","type":"request","url":"/me"}
[32minfo[39m: HTTP_REQUEST {"duration":1,"ip":"::ffff:127.0.0.1","method":"POST","service":"studyass-backend","status":400,"timestamp":"2026-03-17 19:55:57","type":"request","url":"/send-code"}
[32minfo[39m: HTTP_REQUEST {"duration":2,"ip":"::ffff:127.0.0.1","method":"POST","service":"studyass-backend","status":400,"timestamp":"2026-03-17 19:55:57","type":"request","url":"/login"}
[32minfo[39m: HTTP_REQUEST {"duration":4,"ip":"::ffff:127.0.0.1","method":"GET","service":"studyass-backend","status":401,"timestamp":"2026-03-17 19:55:57","type":"request","url":"/"}
[32minfo[39m: HTTP_REQUEST {"duration":3,"ip":"::ffff:127.0.0.1","method":"POST","service":"studyass-backend","status":400,"timestamp":"2026-03-17 19:55:58","type":"request","url":"/send-code"}
[32minfo[39m: HTTP_REQUEST {"duration":2,"ip":"::ffff:127.0.0.1","method":"POST","service":"studyass-backend","status":400,"timestamp":"2026-03-17 19:55:58","type":"request","url":"/login"}
[32minfo[39m: HTTP_REQUEST {"duration":3,"ip":"::ffff:127.0.0.1","method":"POST","service":"studyass-backend","status":401,"timestamp":"2026-03-17 19:55:58","type":"request","url":"/sessions"}
[32minfo[39m: HTTP_REQUEST {"duration":1,"ip":"::ffff:127.0.0.1","method":"POST","service":"studyass-backend","status":400,"timestamp":"2026-03-17 19:55:58","type":"request","url":"/send-code"}
[32minfo[39m: HTTP_REQUEST {"duration":3,"ip":"::ffff:127.0.0.1","method":"POST","service":"studyass-backend","status":400,"timestamp":"2026-03-17 19:55:58","type":"request","url":"/login"}
[32minfo[39m: HTTP_REQUEST {"duration":1,"ip":"::ffff:127.0.0.1","method":"POST","service":"studyass-backend","status":404,"timestamp":"2026-03-17 19:55:58","type":"request","url":"/api/textbook"}
[32minfo[39m: HTTP_REQUEST {"duration":4,"ip":"::ffff:127.0.0.1","method":"POST","service":"studyass-backend","status":400,"timestamp":"2026-03-17 19:55:58","type":"request","url":"/send-code"}
[32minfo[39m: HTTP_REQUEST {"duration":3,"ip":"::ffff:127.0.0.1","method":"POST","service":"studyass-backend","status":400,"timestamp":"2026-03-17 19:55:58","type":"request","url":"/login"}
[32minfo[39m: HTTP_REQUEST {"duration":4,"ip":"::ffff:127.0.0.1","method":"POST","service":"studyass-backend","status":404,"timestamp":"2026-03-17 19:55:58","type":"request","url":"/api/textbook"}
[32minfo[39m: HTTP_REQUEST {"duration":2,"ip":"::ffff:127.0.0.1","method":"POST","service":"studyass-backend","status":400,"timestamp":"2026-03-17 19:55:58","type":"request","url":"/send-code"}
[32minfo[39m: HTTP_REQUEST {"duration":2,"ip":"::ffff:127.0.0.1","method":"POST","service":"studyass-backend","status":400,"timestamp":"2026-03-17 19:55:58","type":"request","url":"/login"}
[32minfo[39m: HTTP_REQUEST {"duration":2,"ip":"::ffff:127.0.0.1","method":"POST","service":"studyass-backend","status":404,"timestamp":"2026-03-17 19:55:58","type":"request","url":"/api/textbook"}
[32minfo[39m: HTTP_REQUEST {"duration":4,"ip":"::ffff:127.0.0.1","method":"POST","service":"studyass-backend","status":400,"timestamp":"2026-03-17 19:55:58","type":"request","url":"/send-code"}
[32minfo[39m: HTTP_REQUEST {"duration":2,"ip":"::ffff:127.0.0.1","method":"POST","service":"studyass-backend","status":400,"timestamp":"2026-03-17 19:55:58","type":"request","url":"/login"}
[32minfo[39m: HTTP_REQUEST {"duration":2,"ip":"::ffff:127.0.0.1","method":"POST","service":"studyass-backend","status":401,"timestamp":"2026-03-17 19:55:58","type":"request","url":"/generate-questions"}
[32minfo[39m: HTTP_REQUEST {"duration":3,"ip":"::ffff:127.0.0.1","method":"POST","service":"studyass-backend","status":400,"timestamp":"2026-03-17 19:55:58","type":"request","url":"/send-code"}
[32minfo[39m: HTTP_REQUEST {"duration":1,"ip":"::ffff:127.0.0.1","method":"POST","service":"studyass-backend","status":400,"timestamp":"2026-03-17 19:55:58","type":"request","url":"/login"}
[32minfo[39m: HTTP_REQUEST {"duration":2,"ip":"::ffff:127.0.0.1","method":"POST","service":"studyass-backend","status":401,"timestamp":"2026-03-17 19:55:58","type":"request","url":"/grade"}
[32minfo[39m: HTTP_REQUEST {"duration":3,"ip":"::ffff:127.0.0.1","method":"POST","service":"studyass-backend","status":400,"timestamp":"2026-03-17 19:55:58","type":"request","url":"/send-code"}
[32minfo[39m: HTTP_REQUEST {"duration":2,"ip":"::ffff:127.0.0.1","method":"POST","service":"studyass-backend","status":400,"timestamp":"2026-03-17 19:55:58","type":"request","url":"/login"}
[32minfo[39m: HTTP_REQUEST {"duration":1,"ip":"::ffff:127.0.0.1","method":"POST","service":"studyass-backend","status":401,"timestamp":"2026-03-17 19:55:58","type":"request","url":"/grade-essay"}
[32minfo[39m: HTTP_REQUEST {"duration":4,"ip":"::ffff:127.0.0.1","method":"POST","service":"studyass-backend","status":400,"timestamp":"2026-03-17 19:55:58","type":"request","url":"/send-code"}
[32minfo[39m: HTTP_REQUEST {"duration":1,"ip":"::ffff:127.0.0.1","method":"POST","service":"studyass-backend","status":400,"timestamp":"2026-03-17 19:55:58","type":"request","url":"/login"}
[32minfo[39m: HTTP_REQUEST {"duration":2,"ip":"::ffff:127.0.0.1","method":"POST","service":"studyass-backend","status":401,"timestamp":"2026-03-17 19:55:58","type":"request","url":"/grade"}
[32minfo[39m: HTTP_REQUEST {"duration":2,"ip":"::ffff:127.0.0.1","method":"POST","service":"studyass-backend","status":400,"timestamp":"2026-03-17 19:55:58","type":"request","url":"/send-code"}
[32minfo[39m: HTTP_REQUEST {"duration":3,"ip":"::ffff:127.0.0.1","method":"POST","service":"studyass-backend","status":400,"timestamp":"2026-03-17 19:55:58","type":"request","url":"/login"}
[32minfo[39m: HTTP_REQUEST {"duration":2,"ip":"::ffff:127.0.0.1","method":"POST","service":"studyass-backend","status":401,"timestamp":"2026-03-17 19:55:58","type":"request","url":"/grade"}
[32minfo[39m: HTTP_REQUEST {"duration":2,"ip":"::ffff:127.0.0.1","method":"POST","service":"studyass-backend","status":401,"timestamp":"2026-03-17 19:55:58","type":"request","url":"/grade"}
[32minfo[39m: HTTP_REQUEST {"duration":1,"ip":"::ffff:127.0.0.1","method":"POST","service":"studyass-backend","status":401,"timestamp":"2026-03-17 19:55:58","type":"request","url":"/grade"}
[32minfo[39m: HTTP_REQUEST {"duration":2,"ip":"::ffff:127.0.0.1","method":"GET","service":"studyass-backend","status":401,"timestamp":"2026-03-17 19:55:58","type":"request","url":"/grading-history"}
[32minfo[39m: HTTP_REQUEST {"duration":2,"ip":"::ffff:127.0.0.1","method":"POST","service":"studyass-backend","status":400,"timestamp":"2026-03-17 19:55:58","type":"request","url":"/send-code"}
[32minfo[39m: HTTP_REQUEST {"duration":1,"ip":"::ffff:127.0.0.1","method":"POST","service":"studyass-backend","status":400,"timestamp":"2026-03-17 19:55:58","type":"request","url":"/login"}
[32minfo[39m: HTTP_REQUEST {"duration":2,"ip":"::ffff:127.0.0.1","method":"POST","service":"studyass-backend","status":401,"timestamp":"2026-03-17 19:55:58","type":"request","url":"/grade-essay"}
  console.log
    
    ================================================================================

      at Object.log (tests/integration-comprehensive.test.js:70:13)

  console.log
    馃搳 闆嗘垚娴嬭瘯瀹屾垚

      at Object.log (tests/integration-comprehensive.test.js:71:13)

  console.log
    ================================================================================

      at Object.log (tests/integration-comprehensive.test.js:72:13)

  console.log
    鉁?鎬昏锛?

      at Object.log (tests/integration-comprehensive.test.js:73:13)

  console.log
    鉁?閫氳繃锛?

      at Object.log (tests/integration-comprehensive.test.js:74:13)

  console.log
    鉂?澶辫触锛?

      at Object.log (tests/integration-comprehensive.test.js:75:13)

  console.log
    鈴笍  璺宠繃锛?

      at Object.log (tests/integration-comprehensive.test.js:76:13)

  console.log
    ================================================================================

      at Object.log (tests/integration-comprehensive.test.js:77:13)

  console.log
    
    馃搫 娴嬭瘯缁撴灉宸蹭繚瀛樺埌锛欵:\openclaw\workspace-studyass-mgr\backend\test-results\integration-test-result.json

      at Object.log (tests/integration-comprehensive.test.js:1133:11)

FAIL tests/integration-comprehensive.test.js
  馃敟 闆嗘垚娴嬭瘯 - 鏍稿績娴佺▼鍏ㄨ鐩?    娴佺▼ 1: 鐢ㄦ埛璁よ瘉瀹屾暣娴佺▼锛堟敞鍐屸啋鐧诲綍鈫掑埛鏂扳啋鑾峰彇淇℃伅鈫掔櫥鍑猴級
      脳 鉁?搴旇瀹屾垚鐢ㄦ埛娉ㄥ唽娴佺▼ (113 ms)
      脳 鉁?搴旇瀹屾垚鐢ㄦ埛鐧诲綍娴佺▼ (81 ms)
      脳 鉁?搴旇瀹屾垚 Token 鍒锋柊娴佺▼ (52 ms)
      脳 鉁?搴旇瀹屾垚鑾峰彇鐢ㄦ埛淇℃伅娴佺▼ (44 ms)
      脳 鉁?搴旇瀹屾垚鏇存柊鐢ㄦ埛淇℃伅娴佺▼ (46 ms)
      脳 鉁?搴旇瀹屾垚瀹屾暣璁よ瘉浼氳瘽鐢熷懡鍛ㄦ湡 (96 ms)
    娴佺▼ 2: AI 闂瓟瀹屾暣娴佺▼锛堟彁闂啋璁板綍鈫掑巻鍙叉煡璇級
      脳 鉁?搴旇瀹屾垚 AI 鎻愰棶娴佺▼ (50 ms)
      鈭?鉁?搴旇璁板綍 AI 闂瓟鍘嗗彶 (82 ms)
      脳 鉁?搴旇瀹屾垚鍘嗗彶鏌ヨ娴佺▼ (43 ms)
      脳 鉁?搴旇瀹屾垚甯︿笂涓嬫枃鐨?AI 闂瓟 (48 ms)
    娴佺▼ 3: 鐭ヨ瘑鐐瑰涔犳祦绋嬶紙鍒涘缓鈫掑涔犫啋杩涘害璁板綍鈫掔粌涔犫啋鎺屾彙搴︽洿鏂帮級
      脳 鉁?搴旇瀹屾垚鐭ヨ瘑鐐瑰垱寤烘祦绋?(44 ms)
      脳 鉁?搴旇瀹屾垚瀛︿範杩涘害璁板綍娴佺▼ (44 ms)
      脳 鉁?搴旇瀹屾垚鐭ヨ瘑鎺屾彙搴︽洿鏂版祦绋?(55 ms)
      脳 鉁?搴旇瀹屾垚瀹屾暣瀛︿範娴佺▼ (50 ms)
    娴佺▼ 4: 缁冧範瀹屾暣娴佺▼锛堝垱寤轰細璇濃啋绛旈鈫掑垽鍒嗏啋绉垎鈫掓帓琛屾锛?      脳 鉁?搴旇瀹屾垚缁冧範浼氳瘽鍒涘缓娴佺▼ (52 ms)
      脳 鉁?搴旇瀹屾垚娣诲姞闂娴佺▼ (60 ms)
      脳 鉁?搴旇瀹屾垚鎻愪氦绛旀娴佺▼ (65 ms)
      脳 鉁?搴旇瀹屾垚浼氳瘽鍒ゅ垎娴佺▼ (59 ms)
      脳 鉁?搴旇瀹屾垚绉垎濂栧姳娴佺▼ (63 ms)
      脳 鉁?搴旇瀹屾垚鎺掕姒滄煡璇㈡祦绋?(55 ms)
      脳 鉁?搴旇瀹屾垚瀹屾暣缁冧範娴佺▼ (68 ms)
    娴佺▼ 5: 璇炬湰瑙ｆ瀽娴佺▼锛堜笂浼犫啋瑙ｆ瀽鈫掑崟鍏冭幏鍙栤啋棰樼洰鐢熸垚锛?      鈭?鉁?搴旇瀹屾垚璇炬湰涓婁紶娴佺▼ (77 ms)
      鈭?鉁?搴旇瀹屾垚璇炬湰瑙ｆ瀽娴佺▼ (68 ms)
      鈭?鉁?搴旇瀹屾垚鍗曞厓鑾峰彇娴佺▼ (66 ms)
      脳 鉁?搴旇瀹屾垚 AI 棰樼洰鐢熸垚娴佺▼ (63 ms)
    娴佺▼ 6: AI 鎵规敼娴佺▼锛堟彁浜や綔鏂団啋璇勫垎鈫掑弽棣堚啋鎶ュ憡锛?      脳 鉁?搴旇瀹屾垚涓昏棰樻壒鏀规祦绋?(60 ms)
      脳 鉁?搴旇瀹屾垚浣滄枃鎵规敼娴佺▼ (60 ms)
      脳 鉁?搴旇瀹屾垚鎵规敼鍙嶉娴佺▼ (70 ms)
      脳 鉁?搴旇瀹屾垚鎵规敼鎶ュ憡鐢熸垚娴佺▼ (119 ms)
      鈭?鉁?搴旇瀹屾垚瀹屾暣 AI 鎵规敼娴佺▼ (78 ms)
    馃幆 璺ㄦ祦绋嬮泦鎴愭祴璇?      脳 鉁?搴旇鏀寔浠庢敞鍐屽埌瀹屾垚瀛︿範鐨勫畬鏁寸敤鎴锋梾绋?(56 ms)

  鈼?馃敟 闆嗘垚娴嬭瘯 - 鏍稿績娴佺▼鍏ㄨ鐩?鈥?娴佺▼ 1: 鐢ㄦ埛璁よ瘉瀹屾暣娴佺▼锛堟敞鍐屸啋鐧诲綍鈫掑埛鏂扳啋鑾峰彇淇℃伅鈫掔櫥鍑猴級 鈥?鉁?搴旇瀹屾垚鐢ㄦ埛娉ㄥ唽娴佺▼

    expect(received).toContain(expected) // indexOf

    Expected value: 400
    Received array: [200, 201]

    [0m [90m 116 |[39m         [33m.[39msend({ phone })[33m;[39m
     [90m 117 |[39m       
    [31m[1m>[22m[39m[90m 118 |[39m       expect([[35m200[39m[33m,[39m [35m201[39m])[33m.[39mtoContain(sen
dCodeRes[33m.[39mstatusCode)[33m;[39m
     [90m     |[39m                          [31m[1m^[22m[39m
     [90m 119 |[39m
     [90m 120 |[39m       [90m// 姝ラ 2: 娉ㄥ唽鏂扮敤鎴?[39m
     [90m 121 |[39m       [36mconst[39m registerRes [33m=[39m [36mawait[39m request(server)[0m

      at Object.toContain (tests/integration-comprehensive.test.js:118:26)

  鈼?馃敟 闆嗘垚娴嬭瘯 - 鏍稿績娴佺▼鍏ㄨ鐩?鈥?娴佺▼ 1: 鐢ㄦ埛璁よ瘉瀹屾暣娴佺▼锛堟敞鍐屸啋鐧诲綍鈫掑埛鏂扳啋鑾峰彇淇℃伅鈫掔櫥鍑猴級 鈥?鉁?搴旇瀹屾垚鐢ㄦ埛鐧诲綍娴佺▼

    expect(received).toBe(expected) // Object.is equality

    Expected: 200
    Received: 400

    [0m [90m 527 |[39m [90m   */[39m
     [90m 528 |[39m   assertSuccessResponse(res[33m,[39m expectedStatus [33m=[39m [35m200[39m) {
    [31m[1m>[22m[39m[90m 529 |[39m     expect(res[33m.[39mstatusCode)[33m.[39mtoBe(expectedStatus)[33m;[39m
     [90m     |[39m                            [31m[1m^[22m[39m
     [90m 530 |[39m     expect(res[33m.[39mbody)[33m.[39mtoBeDefined()[33m;[39m
     [90m 531 |[39m   }[33m,[39m
     [90m 532 |[39m[0m

      at Object.toBe [as assertSuccessResponse] (tests/test-utils.js:529:28)
      at Object.assertSuccessResponse (tests/integration-comprehensive.test.js:157:18)

  鈼?馃敟 闆嗘垚娴嬭瘯 - 鏍稿績娴佺▼鍏ㄨ鐩?鈥?娴佺▼ 1: 鐢ㄦ埛璁よ瘉瀹屾暣娴佺▼锛堟敞鍐屸啋鐧诲綍鈫掑埛鏂扳啋鑾峰彇淇℃伅鈫掔櫥鍑猴級 鈥?鉁?搴旇瀹屾垚 Token 鍒锋柊娴佺▼

    expect(received).toBe(expected) // Object.is equality

    Expected: 200
    Received: 401

    [0m [90m 527 |[39m [90m   */[39m
     [90m 528 |[39m   assertSuccessResponse(res[33m,[39m expectedStatus [33m=[39m [35m200[39m) {
    [31m[1m>[22m[39m[90m 529 |[39m     expect(res[33m.[39mstatusCode)[33m.[39mtoBe(expectedStatus)[33m;[39m
     [90m     |[39m                            [31m[1m^[22m[39m
     [90m 530 |[39m     expect(res[33m.[39mbody)[33m.[39mtoBeDefined()[33m;[39m
     [90m 531 |[39m   }[33m,[39m
     [90m 532 |[39m[0m

      at Object.toBe [as assertSuccessResponse] (tests/test-utils.js:529:28)
      at Object.assertSuccessResponse (tests/integration-comprehensive.test.js:172:18)

  鈼?馃敟 闆嗘垚娴嬭瘯 - 鏍稿績娴佺▼鍏ㄨ鐩?鈥?娴佺▼ 1: 鐢ㄦ埛璁よ瘉瀹屾暣娴佺▼锛堟敞鍐屸啋鐧诲綍鈫掑埛鏂扳啋鑾峰彇淇℃伅鈫掔櫥鍑猴級 鈥?鉁?搴旇瀹屾垚鑾峰彇鐢ㄦ埛淇℃伅娴佺▼

    expect(received).toBe(expected) // Object.is equality

    Expected: 200
    Received: 401

    [0m [90m 527 |[39m [90m   */[39m
     [90m 528 |[39m   assertSuccessResponse(res[33m,[39m expectedStatus [33m=[39m [35m200[39m) {
    [31m[1m>[22m[39m[90m 529 |[39m     expect(res[33m.[39mstatusCode)[33m.[39mtoBe(expectedStatus)[33m;[39m
     [90m     |[39m                            [31m[1m^[22m[39m
     [90m 530 |[39m     expect(res[33m.[39mbody)[33m.[39mtoBeDefined()[33m;[39m
     [90m 531 |[39m   }[33m,[39m
     [90m 532 |[39m[0m

      at Object.toBe [as assertSuccessResponse] (tests/test-utils.js:529:28)
      at Object.assertSuccessResponse (tests/integration-comprehensive.test.js:187:18)

  鈼?馃敟 闆嗘垚娴嬭瘯 - 鏍稿績娴佺▼鍏ㄨ鐩?鈥?娴佺▼ 1: 鐢ㄦ埛璁よ瘉瀹屾暣娴佺▼锛堟敞鍐屸啋鐧诲綍鈫掑埛鏂扳啋鑾峰彇淇℃伅鈫掔櫥鍑猴級 鈥?鉁?搴旇瀹屾垚鏇存柊鐢ㄦ埛淇℃伅娴佺▼

    expect(received).toBe(expected) // Object.is equality

    Expected: 200
    Received: 401

    [0m [90m 527 |[39m [90m   */[39m
     [90m 528 |[39m   assertSuccessResponse(res[33m,[39m expectedStatus [33m=[39m [35m200[39m) {
    [31m[1m>[22m[39m[90m 529 |[39m     expect(res[33m.[39mstatusCode)[33m.[39mtoBe(expectedStatus)[33m;[39m
     [90m     |[39m                            [31m[1m^[22m[39m
     [90m 530 |[39m     expect(res[33m.[39mbody)[33m.[39mtoBeDefined()[33m;[39m
     [90m 531 |[39m   }[33m,[39m
     [90m 532 |[39m[0m

      at Object.toBe [as assertSuccessResponse] (tests/test-utils.js:529:28)
      at Object.assertSuccessResponse (tests/integration-comprehensive.test.js:202:18)

  鈼?馃敟 闆嗘垚娴嬭瘯 - 鏍稿績娴佺▼鍏ㄨ鐩?鈥?娴佺▼ 1: 鐢ㄦ埛璁よ瘉瀹屾暣娴佺▼锛堟敞鍐屸啋鐧诲綍鈫掑埛鏂扳啋鑾峰彇淇℃伅鈫掔櫥鍑猴級 鈥?鉁?搴旇瀹屾垚瀹屾暣璁よ瘉浼氳瘽鐢熷懡鍛ㄦ湡

    TypeError: Cannot read properties of undefined (reading 'nickname')

    [0m [90m 226 |[39m         [33m.[39m[36mset[39m([32m'Authorization'[39m[33m,[39m [32m`Bearer ${token}`
[39m)
     [90m 227 |[39m         [33m.[39msend({ nickname[33m:[39m [32m'鏇存柊鍚庣殑鏄电О'[39m })[33m;[39m
    [31m[1m>[22m[39m[90m 228 |[39m       expect(updateRes[33m.[39mbody[33m.[39muser[33m.[39mnickname)[33m.
[39mtoBe([32m'鏇存柊鍚庣殑鏄电О'[39m)[33m;[39m
     [90m     |[39m                                  [31m[1m^[22m[39m
     [90m 229 |[39m
     [90m 230 |[39m       [90m// 5. 鍒锋柊 token[39m
     [90m 231 |[39m       [36mconst[39m refreshRes [33m=[39m [36mawait[39m request(server)[33m.[39mpost([32m
'/api/auth/refresh'[39m)[0m

      at Object.nickname (tests/integration-comprehensive.test.js:228:34)

  鈼?馃敟 闆嗘垚娴嬭瘯 - 鏍稿績娴佺▼鍏ㄨ鐩?鈥?娴佺▼ 2: AI 闂瓟瀹屾暣娴佺▼锛堟彁闂啋璁板綍鈫掑巻鍙叉煡璇級 鈥?鉁?搴旇瀹屾垚 AI 鎻愰棶娴佺▼

    expect(received).toContain(expected) // indexOf

    Expected value: 401
    Received array: [200, 201, 404, 500]

    [0m [90m 284 |[39m         [33m.[39msend(qaData)[33m;[39m
     [90m 285 |[39m
    [31m[1m>[22m[39m[90m 286 |[39m       expect([[35m200[39m[33m,[39m [35m201[39m[33m,[39m [35m404[39m
[33m,[39m [35m500[39m])[33m.[39mtoContain(qaRes[33m.[39mstatusCode)[33m;[39m
     [90m     |[39m                                    [31m[1m^[22m[39m
     [90m 287 |[39m       
     [90m 288 |[39m       [36mif[39m (qaRes[33m.[39mstatusCode [33m===[39m [35m200[39m [33m||[39m qaRes[33
m.[39mstatusCode [33m===[39m [35m201[39m) {
     [90m 289 |[39m         assertions[33m.[39massertHasFields(qaRes[33m.[39mbody[33m,[39m [[32m'answer'[39m]
)[33m;[39m[0m

      at Object.toContain (tests/integration-comprehensive.test.js:286:36)

  鈼?馃敟 闆嗘垚娴嬭瘯 - 鏍稿績娴佺▼鍏ㄨ鐩?鈥?娴佺▼ 2: AI 闂瓟瀹屾暣娴佺▼锛堟彁闂啋璁板綍鈫掑巻鍙叉煡璇級 鈥?鉁?搴旇瀹屾垚鍘嗗彶鏌ヨ娴佺▼

    expect(received).toContain(expected) // indexOf

    Expected value: 401
    Received array: [200, 404]

    [0m [90m 318 |[39m         [33m.[39m[36mset[39m([32m'Authorization'[39m[33m,[39m [32m`Bearer ${authToke
n}`[39m)[33m;[39m
     [90m 319 |[39m
    [31m[1m>[22m[39m[90m 320 |[39m       expect([[35m200[39m[33m,[39m [35m404[39m])[33m.[39mtoContain(his
toryRes[33m.[39mstatusCode)[33m;[39m
     [90m     |[39m                          [31m[1m^[22m[39m
     [90m 321 |[39m
     [90m 322 |[39m       testResults[33m.[39mtotal[33m++[39m[33m;[39m
     [90m 323 |[39m       testResults[33m.[39mpassed[33m++[39m[33m;[39m[0m

      at Object.toContain (tests/integration-comprehensive.test.js:320:26)

  鈼?馃敟 闆嗘垚娴嬭瘯 - 鏍稿績娴佺▼鍏ㄨ鐩?鈥?娴佺▼ 2: AI 闂瓟瀹屾暣娴佺▼锛堟彁闂啋璁板綍鈫掑巻鍙叉煡璇級 鈥?鉁?搴旇瀹屾垚甯︿笂涓嬫枃鐨?AI 闂瓟

    expect(received).toContain(expected) // indexOf

    Expected value: 401
    Received array: [200, 201, 404, 500]

    [0m [90m 337 |[39m         [33m.[39msend(qaData)[33m;[39m
     [90m 338 |[39m
    [31m[1m>[22m[39m[90m 339 |[39m       expect([[35m200[39m[33m,[39m [35m201[39m[33m,[39m [35m404[39m
[33m,[39m [35m500[39m])[33m.[39mtoContain(qaRes[33m.[39mstatusCode)[33m;[39m
     [90m     |[39m                                    [31m[1m^[22m[39m
     [90m 340 |[39m
     [90m 341 |[39m       testResults[33m.[39mtotal[33m++[39m[33m;[39m
     [90m 342 |[39m       testResults[33m.[39mpassed[33m++[39m[33m;[39m[0m

      at Object.toContain (tests/integration-comprehensive.test.js:339:36)

  鈼?馃敟 闆嗘垚娴嬭瘯 - 鏍稿績娴佺▼鍏ㄨ鐩?鈥?娴佺▼ 3: 鐭ヨ瘑鐐瑰涔犳祦绋嬶紙鍒涘缓鈫掑涔犫啋杩涘害璁板綍鈫掔粌涔犫啋鎺屾彙搴︽洿鏂帮級 鈥?鉁?搴旇瀹屾垚鐭ヨ瘑鐐瑰垱寤烘祦绋?
    expect(received).toBe(expected) // Object.is equality

    Expected: 201
    Received: 401

    [0m [90m 527 |[39m [90m   */[39m
     [90m 528 |[39m   assertSuccessResponse(res[33m,[39m expectedStatus [33m=[39m [35m200[39m) {
    [31m[1m>[22m[39m[90m 529 |[39m     expect(res[33m.[39mstatusCode)[33m.[39mtoBe(expectedStatus)[33m;[39m
     [90m     |[39m                            [31m[1m^[22m[39m
     [90m 530 |[39m     expect(res[33m.[39mbody)[33m.[39mtoBeDefined()[33m;[39m
     [90m 531 |[39m   }[33m,[39m
     [90m 532 |[39m[0m

      at Object.toBe [as assertSuccessResponse] (tests/test-utils.js:529:28)
      at Object.assertSuccessResponse (tests/integration-comprehensive.test.js:368:18)

  鈼?馃敟 闆嗘垚娴嬭瘯 - 鏍稿績娴佺▼鍏ㄨ鐩?鈥?娴佺▼ 3: 鐭ヨ瘑鐐瑰涔犳祦绋嬶紙鍒涘缓鈫掑涔犫啋杩涘害璁板綍鈫掔粌涔犫啋鎺屾彙搴︽洿鏂帮級 鈥?鉁?搴旇瀹屾垚瀛︿範杩涘害璁板綍娴佺▼

    TypeError: Cannot read properties of undefined (reading 'id')

    [0m [90m 382 |[39m         [33m.[39msend({ title[33m:[39m [32m'娴嬭瘯鐭ヨ瘑鐐?[39m[33m,[39m content[33m:[39m 
[32m'鍐呭'[39m[33m,[39m category[33m:[39m [32m'鏁板'[39m })[33m;[39m
     [90m 383 |[39m       
    [31m[1m>[22m[39m[90m 384 |[39m       [36mconst[39m kpId [33m=[39m createRes[33m.[39mbody[33m.[39mdata
[33m.[39mid[33m;[39m
     [90m     |[39m                                        [31m[1m^[22m[39m
     [90m 385 |[39m
     [90m 386 |[39m       [90m// 璁板綍瀛︿範杩涘害[39m
     [90m 387 |[39m       [36mconst[39m progressData [33m=[39m {[0m

      at Object.id (tests/integration-comprehensive.test.js:384:40)

  鈼?馃敟 闆嗘垚娴嬭瘯 - 鏍稿績娴佺▼鍏ㄨ鐩?鈥?娴佺▼ 3: 鐭ヨ瘑鐐瑰涔犳祦绋嬶紙鍒涘缓鈫掑涔犫啋杩涘害璁板綍鈫掔粌涔犫啋鎺屾彙搴︽洿鏂帮級 鈥?鉁?搴旇瀹屾垚鐭ヨ瘑鎺屾彙搴︽洿鏂版祦绋?
    TypeError: Cannot read properties of undefined (reading 'id')

    [0m [90m 409 |[39m         [33m.[39msend({ title[33m:[39m [32m'娴嬭瘯鐭ヨ瘑鐐?[39m[33m,[39m content[33m:[39m 
[32m'鍐呭'[39m[33m,[39m category[33m:[39m [32m'鏁板'[39m })[33m;[39m
     [90m 410 |[39m       
    [31m[1m>[22m[39m[90m 411 |[39m       [36mconst[39m kpId [33m=[39m createRes[33m.[39mbody[33m.[39mdata
[33m.[39mid[33m;[39m
     [90m     |[39m                                        [31m[1m^[22m[39m
     [90m 412 |[39m
     [90m 413 |[39m       [36mconst[39m masteryData [33m=[39m {
     [90m 414 |[39m         knowledgePointId[33m:[39m kpId[33m,[39m[0m

      at Object.id (tests/integration-comprehensive.test.js:411:40)

  鈼?馃敟 闆嗘垚娴嬭瘯 - 鏍稿績娴佺▼鍏ㄨ鐩?鈥?娴佺▼ 3: 鐭ヨ瘑鐐瑰涔犳祦绋嬶紙鍒涘缓鈫掑涔犫啋杩涘害璁板綍鈫掔粌涔犫啋鎺屾彙搴︽洿鏂帮級 鈥?鉁?搴旇瀹屾垚瀹屾暣瀛︿範娴佺▼

    TypeError: Cannot read properties of undefined (reading 'id')

    [0m [90m 441 |[39m         })[33m;[39m
     [90m 442 |[39m       
    [31m[1m>[22m[39m[90m 443 |[39m       [36mconst[39m kpId [33m=[39m createKpRes[33m.[39mbody[33m.[39mda
ta[33m.[39mid[33m;[39m
     [90m     |[39m                                          [31m[1m^[22m[39m
     [90m 444 |[39m
     [90m 445 |[39m       [90m// 2. 寮€濮嬪涔狅紙璁板綍杩涘害锛?[39m
     [90m 446 |[39m       [36mawait[39m request(server)[33m.[39mpost([32m'/api/progress'[39m)[0m

      at Object.id (tests/integration-comprehensive.test.js:443:42)

  鈼?馃敟 闆嗘垚娴嬭瘯 - 鏍稿績娴佺▼鍏ㄨ鐩?鈥?娴佺▼ 4: 缁冧範瀹屾暣娴佺▼锛堝垱寤轰細璇濃啋绛旈鈫掑垽鍒嗏啋绉垎鈫掓帓琛屾锛?鈥?鉁?搴旇瀹屾垚缁冧範浼氳瘽鍒涘缓娴佺▼

    expect(received).toBe(expected) // Object.is equality

    Expected: 201
    Received: 401

    [0m [90m 527 |[39m [90m   */[39m
     [90m 528 |[39m   assertSuccessResponse(res[33m,[39m expectedStatus [33m=[39m [35m200[39m) {
    [31m[1m>[22m[39m[90m 529 |[39m     expect(res[33m.[39mstatusCode)[33m.[39mtoBe(expectedStatus)[33m;[39m
     [90m     |[39m                            [31m[1m^[22m[39m
     [90m 530 |[39m     expect(res[33m.[39mbody)[33m.[39mtoBeDefined()[33m;[39m
     [90m 531 |[39m   }[33m,[39m
     [90m 532 |[39m[0m

      at Object.toBe [as assertSuccessResponse] (tests/test-utils.js:529:28)
      at Object.assertSuccessResponse (tests/integration-comprehensive.test.js:498:18)

  鈼?馃敟 闆嗘垚娴嬭瘯 - 鏍稿績娴佺▼鍏ㄨ鐩?鈥?娴佺▼ 4: 缁冧範瀹屾暣娴佺▼锛堝垱寤轰細璇濃啋绛旈鈫掑垽鍒嗏啋绉垎鈫掓帓琛屾锛?鈥?鉁?搴旇瀹屾垚娣诲姞闂娴佺▼

    TypeError: Cannot read properties of undefined (reading 'id')

    [0m [90m 512 |[39m         [33m.[39msend({ textbookId[33m:[39m generateId()[33m,[39m unitId[33m:[39m [3
2m'unit_1'[39m })[33m;[39m
     [90m 513 |[39m       
    [31m[1m>[22m[39m[90m 514 |[39m       sessionId [33m=[39m sessionRes[33m.[39mbody[33m.[39mdata[33m.[39
mid[33m;[39m
     [90m     |[39m                                        [31m[1m^[22m[39m
     [90m 515 |[39m
     [90m 516 |[39m       [36mconst[39m questionData [33m=[39m {
     [90m 517 |[39m         type[33m:[39m [32m'multiple_choice'[39m[33m,[39m[0m

      at Object.id (tests/integration-comprehensive.test.js:514:40)

  鈼?馃敟 闆嗘垚娴嬭瘯 - 鏍稿績娴佺▼鍏ㄨ鐩?鈥?娴佺▼ 4: 缁冧範瀹屾暣娴佺▼锛堝垱寤轰細璇濃啋绛旈鈫掑垽鍒嗏啋绉垎鈫掓帓琛屾锛?鈥?鉁?搴旇瀹屾垚鎻愪氦绛旀娴佺▼

    TypeError: Cannot read properties of undefined (reading 'id')

    [0m [90m 544 |[39m         [33m.[39msend({ textbookId[33m:[39m generateId()[33m,[39m unitId[33m:[39m [3
2m'unit_1'[39m })[33m;[39m
     [90m 545 |[39m       
    [31m[1m>[22m[39m[90m 546 |[39m       sessionId [33m=[39m sessionRes[33m.[39mbody[33m.[39mdata[33m.[39
mid[33m;[39m
     [90m     |[39m                                        [31m[1m^[22m[39m
     [90m 547 |[39m
     [90m 548 |[39m       [36mconst[39m questionRes [33m=[39m [36mawait[39m request(server)
     [90m 549 |[39m         [33m.[39mpost([32m`/api/practice/sessions/${sessionId}/questions`[39m)[0m

      at Object.id (tests/integration-comprehensive.test.js:546:40)

  鈼?馃敟 闆嗘垚娴嬭瘯 - 鏍稿績娴佺▼鍏ㄨ鐩?鈥?娴佺▼ 4: 缁冧範瀹屾暣娴佺▼锛堝垱寤轰細璇濃啋绛旈鈫掑垽鍒嗏啋绉垎鈫掓帓琛屾锛?鈥?鉁?搴旇瀹屾垚浼氳瘽鍒ゅ垎娴佺▼

    TypeError: Cannot read properties of undefined (reading 'id')

    [0m [90m 584 |[39m         [33m.[39msend({ textbookId[33m:[39m generateId()[33m,[39m unitId[33m:[39m [3
2m'unit_1'[39m })[33m;[39m
     [90m 585 |[39m       
    [31m[1m>[22m[39m[90m 586 |[39m       sessionId [33m=[39m sessionRes[33m.[39mbody[33m.[39mdata[33m.[39
mid[33m;[39m
     [90m     |[39m                                        [31m[1m^[22m[39m
     [90m 587 |[39m
     [90m 588 |[39m       [90m// 鏇存柊浼氳瘽鐘舵€佷负宸插畬鎴愬苟鎵撳垎[39m
     [90m 589 |[39m       [36mconst[39m updateRes [33m=[39m [36mawait[39m request(server)[0m

      at Object.id (tests/integration-comprehensive.test.js:586:40)

  鈼?馃敟 闆嗘垚娴嬭瘯 - 鏍稿績娴佺▼鍏ㄨ鐩?鈥?娴佺▼ 4: 缁冧範瀹屾暣娴佺▼锛堝垱寤轰細璇濃啋绛旈鈫掑垽鍒嗏啋绉垎鈫掓帓琛屾锛?鈥?鉁?搴旇瀹屾垚绉垎濂栧姳娴佺▼

    expect(received).toBe(expected) // Object.is equality

    Expected: 200
    Received: 401

    [0m [90m 527 |[39m [90m   */[39m
     [90m 528 |[39m   assertSuccessResponse(res[33m,[39m expectedStatus [33m=[39m [35m200[39m) {
    [31m[1m>[22m[39m[90m 529 |[39m     expect(res[33m.[39mstatusCode)[33m.[39mtoBe(expectedStatus)[33m;[39m
     [90m     |[39m                            [31m[1m^[22m[39m
     [90m 530 |[39m     expect(res[33m.[39mbody)[33m.[39mtoBeDefined()[33m;[39m
     [90m 531 |[39m   }[33m,[39m
     [90m 532 |[39m[0m

      at Object.toBe [as assertSuccessResponse] (tests/test-utils.js:529:28)
      at Object.assertSuccessResponse (tests/integration-comprehensive.test.js:609:18)

  鈼?馃敟 闆嗘垚娴嬭瘯 - 鏍稿績娴佺▼鍏ㄨ鐩?鈥?娴佺▼ 4: 缁冧範瀹屾暣娴佺▼锛堝垱寤轰細璇濃啋绛旈鈫掑垽鍒嗏啋绉垎鈫掓帓琛屾锛?鈥?鉁?搴旇瀹屾垚鎺掕姒滄煡璇㈡祦绋?
    expect(received).toContain(expected) // indexOf

    Expected value: 401
    Received array: [200, 404]

    [0m [90m 619 |[39m         [33m.[39m[36mset[39m([32m'Authorization'[39m[33m,[39m [32m`Bearer ${authToke
n}`[39m)[33m;[39m
     [90m 620 |[39m
    [31m[1m>[22m[39m[90m 621 |[39m       expect([[35m200[39m[33m,[39m [35m404[39m])[33m.[39mtoContain(lea
derboardRes[33m.[39mstatusCode)[33m;[39m
     [90m     |[39m                          [31m[1m^[22m[39m
     [90m 622 |[39m
     [90m 623 |[39m       testResults[33m.[39mtotal[33m++[39m[33m;[39m
     [90m 624 |[39m       testResults[33m.[39mpassed[33m++[39m[33m;[39m[0m

      at Object.toContain (tests/integration-comprehensive.test.js:621:26)

  鈼?馃敟 闆嗘垚娴嬭瘯 - 鏍稿績娴佺▼鍏ㄨ鐩?鈥?娴佺▼ 4: 缁冧範瀹屾暣娴佺▼锛堝垱寤轰細璇濃啋绛旈鈫掑垽鍒嗏啋绉垎鈫掓帓琛屾锛?鈥?鉁?搴旇瀹屾垚瀹屾暣缁冧範娴佺▼

    TypeError: Cannot read properties of undefined (reading 'id')

    [0m [90m 633 |[39m         [33m.[39msend({ textbookId[33m:[39m generateId()[33m,[39m unitId[33m:[39m [3
2m'unit_1'[39m })[33m;[39m
     [90m 634 |[39m       
    [31m[1m>[22m[39m[90m 635 |[39m       sessionId [33m=[39m sessionRes[33m.[39mbody[33m.[39mdata[33m.[39
mid[33m;[39m
     [90m     |[39m                                        [31m[1m^[22m[39m
     [90m 636 |[39m
     [90m 637 |[39m       [90m// 2. 娣诲姞 5 閬撻鐩?[39m
     [90m 638 |[39m       [36mfor[39m ([36mlet[39m i [33m=[39m [35m0[39m[33m;[39m i [33m<[39m [35m5[39m
[33m;[39m i[33m++[39m) {[0m

      at Object.id (tests/integration-comprehensive.test.js:635:40)

  鈼?馃敟 闆嗘垚娴嬭瘯 - 鏍稿績娴佺▼鍏ㄨ鐩?鈥?娴佺▼ 5: 璇炬湰瑙ｆ瀽娴佺▼锛堜笂浼犫啋瑙ｆ瀽鈫掑崟鍏冭幏鍙栤啋棰樼洰鐢熸垚锛?鈥?鉁?搴旇瀹屾垚 AI 棰樼洰鐢熸垚娴佺▼

    expect(received).toContain(expected) // indexOf

    Expected value: 401
    Received array: [200, 201, 404, 500]

    [0m [90m 812 |[39m         [33m.[39msend(generateData)[33m;[39m
     [90m 813 |[39m
    [31m[1m>[22m[39m[90m 814 |[39m       expect([[35m200[39m[33m,[39m [35m201[39m[33m,[39m [35m404[39m
[33m,[39m [35m500[39m])[33m.[39mtoContain(generateRes[33m.[39mstatusCode)[33m;[39m
     [90m     |[39m                                    [31m[1m^[22m[39m
     [90m 815 |[39m
     [90m 816 |[39m       [36mif[39m (generateRes[33m.[39mstatusCode [33m===[39m [35m200[39m [33m||[39m gen
erateRes[33m.[39mstatusCode [33m===[39m [35m201[39m) {
     [90m 817 |[39m         assertions[33m.[39massertHasFields(generateRes[33m.[39mbody[33m,[39m [[32m'questio
ns'[39m])[33m;[39m[0m

      at Object.toContain (tests/integration-comprehensive.test.js:814:36)

  鈼?馃敟 闆嗘垚娴嬭瘯 - 鏍稿績娴佺▼鍏ㄨ鐩?鈥?娴佺▼ 6: AI 鎵规敼娴佺▼锛堟彁浜や綔鏂団啋璇勫垎鈫掑弽棣堚啋鎶ュ憡锛?鈥?鉁?搴旇瀹屾垚涓昏棰樻壒鏀规祦绋?
    expect(received).toContain(expected) // indexOf

    Expected value: 401
    Received array: [200, 201, 404, 500]

    [0m [90m 863 |[39m         [33m.[39msend(gradingData)[33m;[39m
     [90m 864 |[39m
    [31m[1m>[22m[39m[90m 865 |[39m       expect([[35m200[39m[33m,[39m [35m201[39m[33m,[39m [35m404[39m
[33m,[39m [35m500[39m])[33m.[39mtoContain(gradingRes[33m.[39mstatusCode)[33m;[39m
     [90m     |[39m                                    [31m[1m^[22m[39m
     [90m 866 |[39m
     [90m 867 |[39m       [36mif[39m (gradingRes[33m.[39mstatusCode [33m===[39m [35m200[39m [33m||[39m grad
ingRes[33m.[39mstatusCode [33m===[39m [35m201[39m) {
     [90m 868 |[39m         assertions[33m.[39massertHasFields(gradingRes[33m.[39mbody[33m,[39m [[32m'score'[
39m[33m,[39m [32m'feedback'[39m])[33m;[39m[0m

      at Object.toContain (tests/integration-comprehensive.test.js:865:36)

  鈼?馃敟 闆嗘垚娴嬭瘯 - 鏍稿績娴佺▼鍏ㄨ鐩?鈥?娴佺▼ 6: AI 鎵规敼娴佺▼锛堟彁浜や綔鏂団啋璇勫垎鈫掑弽棣堚啋鎶ュ憡锛?鈥?鉁?搴旇瀹屾垚浣滄枃鎵规敼娴佺▼

    expect(received).toContain(expected) // indexOf

    Expected value: 401
    Received array: [200, 201, 404, 500]

    [0m [90m 924 |[39m         [33m.[39msend(essayData)[33m;[39m
     [90m 925 |[39m
    [31m[1m>[22m[39m[90m 926 |[39m       expect([[35m200[39m[33m,[39m [35m201[39m[33m,[39m [35m404[39m
[33m,[39m [35m500[39m])[33m.[39mtoContain(gradingRes[33m.[39mstatusCode)[33m;[39m
     [90m     |[39m                                    [31m[1m^[22m[39m
     [90m 927 |[39m
     [90m 928 |[39m       testResults[33m.[39mtotal[33m++[39m[33m;[39m
     [90m 929 |[39m       testResults[33m.[39mpassed[33m++[39m[33m;[39m[0m

      at Object.toContain (tests/integration-comprehensive.test.js:926:36)

  鈼?馃敟 闆嗘垚娴嬭瘯 - 鏍稿績娴佺▼鍏ㄨ鐩?鈥?娴佺▼ 6: AI 鎵规敼娴佺▼锛堟彁浜や綔鏂団啋璇勫垎鈫掑弽棣堚啋鎶ュ憡锛?鈥?鉁?搴旇瀹屾垚鎵规敼鍙嶉娴佺▼

    expect(received).toContain(expected) // indexOf

    Expected value: 401
    Received array: [200, 201, 404, 500]

    [0m [90m 944 |[39m         [33m.[39msend(gradingData)[33m;[39m
     [90m 945 |[39m
    [31m[1m>[22m[39m[90m 946 |[39m       expect([[35m200[39m[33m,[39m [35m201[39m[33m,[39m [35m404[39m
[33m,[39m [35m500[39m])[33m.[39mtoContain(gradingRes[33m.[39mstatusCode)[33m;[39m
     [90m     |[39m                                    [31m[1m^[22m[39m
     [90m 947 |[39m
     [90m 948 |[39m       testResults[33m.[39mtotal[33m++[39m[33m;[39m
     [90m 949 |[39m       testResults[33m.[39mpassed[33m++[39m[33m;[39m[0m

      at Object.toContain (tests/integration-comprehensive.test.js:946:36)

  鈼?馃敟 闆嗘垚娴嬭瘯 - 鏍稿績娴佺▼鍏ㄨ鐩?鈥?娴佺▼ 6: AI 鎵规敼娴佺▼锛堟彁浜や綔鏂団啋璇勫垎鈫掑弽棣堚啋鎶ュ憡锛?鈥?鉁?搴旇瀹屾垚鎵规敼鎶ュ憡鐢熸垚娴佺▼

    expect(received).toContain(expected) // indexOf

    Expected value: 401
    Received array: [200, 404]

    [0m [90m 970 |[39m         [33m.[39m[36mset[39m([32m'Authorization'[39m[33m,[39m [32m`Bearer ${authToke
n}`[39m)[33m;[39m
     [90m 971 |[39m
    [31m[1m>[22m[39m[90m 972 |[39m       expect([[35m200[39m[33m,[39m [35m404[39m])[33m.[39mtoContain(rep
ortRes[33m.[39mstatusCode)[33m;[39m
     [90m     |[39m                          [31m[1m^[22m[39m
     [90m 973 |[39m
     [90m 974 |[39m       testResults[33m.[39mtotal[33m++[39m[33m;[39m
     [90m 975 |[39m       testResults[33m.[39mpassed[33m++[39m[33m;[39m[0m

      at Object.toContain (tests/integration-comprehensive.test.js:972:26)

  鈼?馃敟 闆嗘垚娴嬭瘯 - 鏍稿績娴佺▼鍏ㄨ鐩?鈥?馃幆 璺ㄦ祦绋嬮泦鎴愭祴璇?鈥?鉁?搴旇鏀寔浠庢敞鍐屽埌瀹屾垚瀛︿範鐨勫畬鏁寸敤鎴锋梾绋?
    TypeError: Cannot read properties of undefined (reading 'id')

    [0m [90m 1068 |[39m         [33m.[39m[36mset[39m([32m'Authorization'[39m[33m,[39m [32m`Bearer ${token}`
[39m)
     [90m 1069 |[39m         [33m.[39msend({ title[33m:[39m [32m'鏃呯▼鐭ヨ瘑鐐?[39m[33m,[39m content[33m:[39m [3
2m'鍐呭'[39m[33m,[39m category[33m:[39m [32m'鏁板'[39m })[33m;[39m
    [31m[1m>[22m[39m[90m 1070 |[39m       [36mconst[39m kpId [33m=[39m kpRes[33m.[39mbody[33m.[39mdata[3
3m.[39mid[33m;[39m
     [90m      |[39m                                    [31m[1m^[22m[39m
     [90m 1071 |[39m
     [90m 1072 |[39m       [90m// 3. 鍒涘缓缁冧範浼氳瘽[39m
     [90m 1073 |[39m       [36mconst[39m sessionRes [33m=[39m [36mawait[39m request(server)[33m.[39mpost([32
m'/api/practice/sessions'[39m)[0m

      at Object.id (tests/integration-comprehensive.test.js:1070:36)

  console.log
    馃И 娴嬭瘯鐜宸查厤缃細TEST_MODE=true, DATABASE_PATH=E:\openclaw\workspace-studyass-mgr\backend\test-temp-19896.db

      at Object.<anonymous> (jest.setup.js:33:9)

  console.log
    鉁?Redis 鎺掕姒滅紦瀛樺凡杩炴帴

      at EventEmitter.log (src/modules/leaderboard/LeaderboardCache.js:23:15)

  console.warn
    [WARN] This Redis server's `default` user does not require a password, but a password was supplied

      at node_modules/ioredis/built/redis/event_handler.js:28:33
      at tryCatcher (node_modules/standard-as-callback/built/utils.js:12:23)
      at node_modules/standard-as-callback/built/index.js:33:51

  console.warn
    [WARN] This Redis server's `default` user does not require a password, but a password was supplied

      at node_modules/ioredis/built/redis/event_handler.js:28:33
      at tryCatcher (node_modules/standard-as-callback/built/utils.js:12:23)
      at node_modules/standard-as-callback/built/index.js:33:51

FAIL tests/routes-comprehensive.test.js
  Auth Routes
    POST /api/auth/send-code
      脳 搴旇璺敱鍒板彂閫侀獙璇佺爜鎺ュ彛 (35 ms)
    POST /api/auth/login
      脳 搴旇璺敱鍒扮櫥褰曟帴鍙?(32 ms)
    POST /api/auth/register
      脳 搴旇璺敱鍒版敞鍐屾帴鍙?(37 ms)
    GET /api/auth/me
      脳 搴旇璺敱鍒拌幏鍙栧綋鍓嶇敤鎴锋帴鍙?(34 ms)
    PUT /api/auth/user
      脳 搴旇璺敱鍒版洿鏂扮敤鎴锋帴鍙?(37 ms)
    POST /api/auth/refresh-token
      脳 搴旇璺敱鍒板埛鏂?token 鎺ュ彛 (33 ms)
  AI Routes
    POST /api/ai/ask
      脳 搴旇璺敱鍒?AI 鎻愰棶鎺ュ彛 (33 ms)
    GET /api/ai/history
      脳 搴旇璺敱鍒拌幏鍙栧巻鍙叉帴鍙?(37 ms)
    GET /api/ai/search
      脳 搴旇璺敱鍒版悳绱㈡帴鍙?(36 ms)
    DELETE /api/ai/history/:id
      脳 搴旇璺敱鍒板垹闄ゆ帴鍙?(33 ms)
  Practice Routes
    POST /api/practice/sessions
      脳 搴旇璺敱鍒板垱寤轰細璇濇帴鍙?(38 ms)
    GET /api/practice/sessions
      脳 搴旇璺敱鍒拌幏鍙栦細璇濆垪琛ㄦ帴鍙?(38 ms)
    GET /api/practice/sessions/:id
      脳 搴旇璺敱鍒拌幏鍙栦細璇濊鎯呮帴鍙?(34 ms)
    PUT /api/practice/sessions/:id
      脳 搴旇璺敱鍒版洿鏂颁細璇濇帴鍙?(36 ms)
    DELETE /api/practice/sessions/:id
      脳 搴旇璺敱鍒板垹闄や細璇濇帴鍙?(34 ms)
    POST /api/practice/sessions/:id/questions
      脳 搴旇璺敱鍒版坊鍔犻棶棰樻帴鍙?(40 ms)
    POST /api/practice/sessions/:id/answers
      脳 搴旇璺敱鍒版彁浜ょ瓟妗堟帴鍙?(41 ms)
    GET /api/practice/sessions/:id/answers
      脳 搴旇璺敱鍒拌幏鍙栫瓟棰樿褰曟帴鍙?(39 ms)
  Knowledge Routes
    POST /api/knowledge/points
      脳 搴旇璺敱鍒板垱寤虹煡璇嗙偣鎺ュ彛 (42 ms)
    GET /api/knowledge/points
      脳 搴旇璺敱鍒拌幏鍙栫煡璇嗙偣鍒楄〃鎺ュ彛 (39 ms)
    GET /api/knowledge/points/:id
      脳 搴旇璺敱鍒拌幏鍙栫煡璇嗙偣璇︽儏鎺ュ彛 (39 ms)
    PUT /api/knowledge/points/:id
      脳 搴旇璺敱鍒版洿鏂扮煡璇嗙偣鎺ュ彛 (38 ms)
    DELETE /api/knowledge/points/:id
      脳 搴旇璺敱鍒板垹闄ょ煡璇嗙偣鎺ュ彛 (40 ms)
    GET /api/knowledge/points/search
      脳 搴旇璺敱鍒版悳绱㈢煡璇嗙偣鎺ュ彛 (43 ms)
  Health Routes
    GET /api/health
      鈭?搴旇璺敱鍒板仴搴锋鏌ユ帴鍙?(20 ms)
    GET /api/health/ready
      脳 搴旇璺敱鍒板氨缁鏌ユ帴鍙?(16 ms)
    GET /api/health/live
      脳 搴旇璺敱鍒板瓨娲绘鏌ユ帴鍙?(17 ms)
  Progress Routes
    GET /api/progress
      脳 搴旇璺敱鍒拌幏鍙栬繘搴︽帴鍙?(45 ms)
    GET /api/progress/knowledge-points
      脳 搴旇璺敱鍒拌幏鍙栫煡璇嗙偣杩涘害鎺ュ彛 (41 ms)
    PUT /api/progress/knowledge-points/:id
      脳 搴旇璺敱鍒版洿鏂扮煡璇嗙偣杩涘害鎺ュ彛 (37 ms)
  Leaderboard Routes
    GET /api/leaderboard
      脳 搴旇璺敱鍒拌幏鍙栨帓琛屾鎺ュ彛 (34 ms)
    GET /api/leaderboard/weekly
      脳 搴旇璺敱鍒拌幏鍙栧懆姒滄帴鍙?(33 ms)
    GET /api/leaderboard/monthly
      脳 搴旇璺敱鍒拌幏鍙栨湀姒滄帴鍙?(34 ms)
    GET /api/leaderboard/my-rank
      脳 搴旇璺敱鍒拌幏鍙栨垜鐨勬帓鍚嶆帴鍙?(33 ms)
  Points Routes
    GET /api/points
      脳 搴旇璺敱鍒拌幏鍙栫Н鍒嗘帴鍙?(33 ms)
    GET /api/points/ledger
      脳 搴旇璺敱鍒拌幏鍙栫Н鍒嗘槑缁嗘帴鍙?(35 ms)
  Weakness Routes
    GET /api/weakness/analysis
      脳 搴旇璺敱鍒板急鐐瑰垎鏋愭帴鍙?(31 ms)
    POST /api/weakness/improve
      脳 搴旇璺敱鍒板急鐐规彁鍗囨帴鍙?(37 ms)
  Textbook Routes
    GET /api/textbooks
      脳 搴旇璺敱鍒拌幏鍙栨暀鏉愬垪琛ㄦ帴鍙?(35 ms)
    GET /api/textbooks/:id
      脳 搴旇璺敱鍒拌幏鍙栨暀鏉愯鎯呮帴鍙?(35 ms)
    POST /api/textbooks/:id/parse
      脳 搴旇璺敱鍒拌В鏋愭暀鏉愭帴鍙?(36 ms)
    GET /api/textbooks/:id/units
      脳 搴旇璺敱鍒拌幏鍙栧崟鍏冨垪琛ㄦ帴鍙?(36 ms)
  Upload Routes
    POST /api/upload/textbook
      鈭?搴旇璺敱鍒颁笂浼犳暀鏉愭帴鍙?(37 ms)
  AI Gateway Routes
    POST /api/ai-gateway/chat
      脳 搴旇璺敱鍒?AI 鑱婂ぉ鎺ュ彛 (35 ms)
    POST /api/ai-gateway/grade
      脳 搴旇璺敱鍒?AI 璇勫垎鎺ュ彛 (32 ms)
    POST /api/ai-gateway/generate
      脳 搴旇璺敱鍒?AI 鐢熸垚鎺ュ彛 (37 ms)
  AI Gateway V2 Routes
    POST /api/ai-gateway-v2/chat
      脳 搴旇璺敱鍒?AI 鑱婂ぉ V2 鎺ュ彛 (37 ms)
    POST /api/ai-gateway-v2/analyze
      脳 搴旇璺敱鍒?AI 鍒嗘瀽 V2 鎺ュ彛 (32 ms)
  AI Planning Routes
    POST /api/ai-planning/generate
      脳 搴旇璺敱鍒扮敓鎴愬涔犺鍒掓帴鍙?(38 ms)
    GET /api/ai-planning/my-plan
      脳 搴旇璺敱鍒拌幏鍙栨垜鐨勮鍒掓帴鍙?(35 ms)
    PUT /api/ai-planning/my-plan
      脳 搴旇璺敱鍒版洿鏂版垜鐨勮鍒掓帴鍙?(50 ms)
  404 Handling
    鈭?搴旇杩斿洖 404 瀵逛簬涓嶅瓨鍦ㄧ殑璺敱 (22 ms)
    鈭?搴旇杩斿洖 404 瀵逛簬涓嶅瓨鍦ㄧ殑 POST 璺敱 (16 ms)

  鈼?Auth Routes 鈥?POST /api/auth/send-code 鈥?搴旇璺敱鍒板彂閫侀獙璇佺爜鎺ュ彛

    expect(received).toBe(expected) // Object.is equality

    Expected: 200
    Received: 400

    [0m [90m 69 |[39m         [33m.[39msend({ phone })[33m;[39m
     [90m 70 |[39m
    [31m[1m>[22m[39m[90m 71 |[39m       expect(res[33m.[39mstatusCode)[33m.[39mtoBe([35m200[39m)[33m;[39m
     [90m    |[39m                              [31m[1m^[22m[39m
     [90m 72 |[39m     })[33m;[39m
     [90m 73 |[39m   })[33m;[39m
     [90m 74 |[39m[0m

      at Object.toBe (tests/routes-comprehensive.test.js:71:30)

  鈼?Auth Routes 鈥?POST /api/auth/login 鈥?搴旇璺敱鍒扮櫥褰曟帴鍙?
    expect(received).toBe(expected) // Object.is equality

    Expected: 200
    Received: 400

    [0m [90m 82 |[39m         [33m.[39msend({ phone[33m,[39m code[33m:[39m [32m'123456'[39m })[33m;[39m
     [90m 83 |[39m
    [31m[1m>[22m[39m[90m 84 |[39m       expect(res[33m.[39mstatusCode)[33m.[39mtoBe([35m200[39m)[33m;[39m
     [90m    |[39m                              [31m[1m^[22m[39m
     [90m 85 |[39m     })[33m;[39m
     [90m 86 |[39m   })[33m;[39m
     [90m 87 |[39m[0m

      at Object.toBe (tests/routes-comprehensive.test.js:84:30)

  鈼?Auth Routes 鈥?POST /api/auth/register 鈥?搴旇璺敱鍒版敞鍐屾帴鍙?
    expect(received).toBe(expected) // Object.is equality

    Expected: 201
    Received: 400

    [0m [90m  95 |[39m         [33m.[39msend({ phone[33m,[39m code[33m:[39m [32m'123456'[39m[33m,[39m nick
name[33m:[39m [32m'娴嬭瘯鐢ㄦ埛'[39m })[33m;[39m
     [90m  96 |[39m
    [31m[1m>[22m[39m[90m  97 |[39m       expect(res[33m.[39mstatusCode)[33m.[39mtoBe([35m201[39m)[33m;[39
m
     [90m     |[39m                              [31m[1m^[22m[39m
     [90m  98 |[39m     })[33m;[39m
     [90m  99 |[39m   })[33m;[39m
     [90m 100 |[39m[0m

      at Object.toBe (tests/routes-comprehensive.test.js:97:30)

  鈼?Auth Routes 鈥?GET /api/auth/me 鈥?搴旇璺敱鍒拌幏鍙栧綋鍓嶇敤鎴锋帴鍙?
    expect(received).toBe(expected) // Object.is equality

    Expected: 200
    Received: 401

    [0m [90m 107 |[39m         [33m.[39m[36mset[39m([32m'Authorization'[39m[33m,[39m [32m`Bearer ${token}`
[39m)[33m;[39m
     [90m 108 |[39m
    [31m[1m>[22m[39m[90m 109 |[39m       expect(res[33m.[39mstatusCode)[33m.[39mtoBe([35m200[39m)[33m;[39
m
     [90m     |[39m                              [31m[1m^[22m[39m
     [90m 110 |[39m     })[33m;[39m
     [90m 111 |[39m   })[33m;[39m
     [90m 112 |[39m[0m

      at Object.toBe (tests/routes-comprehensive.test.js:109:30)

  鈼?Auth Routes 鈥?PUT /api/auth/user 鈥?搴旇璺敱鍒版洿鏂扮敤鎴锋帴鍙?
    expect(received).toBe(expected) // Object.is equality

    Expected: 200
    Received: 404

    [0m [90m 120 |[39m         [33m.[39msend({ nickname[33m:[39m [32m'鏂版樀绉?[39m })[33m;[39m
     [90m 121 |[39m
    [31m[1m>[22m[39m[90m 122 |[39m       expect(res[33m.[39mstatusCode)[33m.[39mtoBe([35m200[39m)[33m;[39
m
     [90m     |[39m                              [31m[1m^[22m[39m
     [90m 123 |[39m     })[33m;[39m
     [90m 124 |[39m   })[33m;[39m
     [90m 125 |[39m[0m

      at Object.toBe (tests/routes-comprehensive.test.js:122:30)

  鈼?Auth Routes 鈥?POST /api/auth/refresh-token 鈥?搴旇璺敱鍒板埛鏂?token 鎺ュ彛

    expect(received).toBe(expected) // Object.is equality

    Expected: 200
    Received: 404

    [0m [90m 132 |[39m         [33m.[39m[36mset[39m([32m'Authorization'[39m[33m,[39m [32m`Bearer ${token}`
[39m)[33m;[39m
     [90m 133 |[39m
    [31m[1m>[22m[39m[90m 134 |[39m       expect(res[33m.[39mstatusCode)[33m.[39mtoBe([35m200[39m)[33m;[39
m
     [90m     |[39m                              [31m[1m^[22m[39m
     [90m 135 |[39m     })[33m;[39m
     [90m 136 |[39m   })[33m;[39m
     [90m 137 |[39m })[33m;[39m[0m

      at Object.toBe (tests/routes-comprehensive.test.js:134:30)

  鈼?AI Routes 鈥?POST /api/ai/ask 鈥?搴旇璺敱鍒?AI 鎻愰棶鎺ュ彛

    expect(received).toBe(expected) // Object.is equality

    Expected: 200
    Received: 401

    [0m [90m 151 |[39m         [33m.[39msend({ question[33m:[39m [32m'娴嬭瘯闂'[39m })[33m;[39m
     [90m 152 |[39m
    [31m[1m>[22m[39m[90m 153 |[39m       expect(res[33m.[39mstatusCode)[33m.[39mtoBe([35m200[39m)[33m;[39
m
     [90m     |[39m                              [31m[1m^[22m[39m
     [90m 154 |[39m     })[33m;[39m
     [90m 155 |[39m   })[33m;[39m
     [90m 156 |[39m[0m

      at Object.toBe (tests/routes-comprehensive.test.js:153:30)

  鈼?AI Routes 鈥?GET /api/ai/history 鈥?搴旇璺敱鍒拌幏鍙栧巻鍙叉帴鍙?
    expect(received).toBe(expected) // Object.is equality

    Expected: 200
    Received: 401

    [0m [90m 163 |[39m         [33m.[39m[36mset[39m([32m'Authorization'[39m[33m,[39m [32m`Bearer ${token}`
[39m)[33m;[39m
     [90m 164 |[39m
    [31m[1m>[22m[39m[90m 165 |[39m       expect(res[33m.[39mstatusCode)[33m.[39mtoBe([35m200[39m)[33m;[39
m
     [90m     |[39m                              [31m[1m^[22m[39m
     [90m 166 |[39m     })[33m;[39m
     [90m 167 |[39m   })[33m;[39m
     [90m 168 |[39m[0m

      at Object.toBe (tests/routes-comprehensive.test.js:165:30)

  鈼?AI Routes 鈥?GET /api/ai/search 鈥?搴旇璺敱鍒版悳绱㈡帴鍙?
    expect(received).toBe(expected) // Object.is equality

    Expected: 200
    Received: 401

    [0m [90m 175 |[39m         [33m.[39m[36mset[39m([32m'Authorization'[39m[33m,[39m [32m`Bearer ${token}`
[39m)[33m;[39m
     [90m 176 |[39m
    [31m[1m>[22m[39m[90m 177 |[39m       expect(res[33m.[39mstatusCode)[33m.[39mtoBe([35m200[39m)[33m;[39
m
     [90m     |[39m                              [31m[1m^[22m[39m
     [90m 178 |[39m     })[33m;[39m
     [90m 179 |[39m   })[33m;[39m
     [90m 180 |[39m[0m

      at Object.toBe (tests/routes-comprehensive.test.js:177:30)

  鈼?AI Routes 鈥?DELETE /api/ai/history/:id 鈥?搴旇璺敱鍒板垹闄ゆ帴鍙?
    expect(received).toContain(expected) // indexOf

    Expected value: 401
    Received array: [200, 404]

    [0m [90m 187 |[39m         [33m.[39m[36mset[39m([32m'Authorization'[39m[33m,[39m [32m`Bearer ${token}`
[39m)[33m;[39m
     [90m 188 |[39m
    [31m[1m>[22m[39m[90m 189 |[39m       expect([[35m200[39m[33m,[39m [35m404[39m])[33m.[39mtoContain(res
[33m.[39mstatusCode)[33m;[39m
     [90m     |[39m                          [31m[1m^[22m[39m
     [90m 190 |[39m     })[33m;[39m
     [90m 191 |[39m   })[33m;[39m
     [90m 192 |[39m })[33m;[39m[0m

      at Object.toContain (tests/routes-comprehensive.test.js:189:26)

  鈼?Practice Routes 鈥?POST /api/practice/sessions 鈥?搴旇璺敱鍒板垱寤轰細璇濇帴鍙?
    expect(received).toBe(expected) // Object.is equality

    Expected: 201
    Received: 401

    [0m [90m 206 |[39m         [33m.[39msend({ textbookId[33m:[39m [32m'book-1'[39m[33m,[39m unitId[33m:[3
9m [32m'unit-1'[39m })[33m;[39m
     [90m 207 |[39m
    [31m[1m>[22m[39m[90m 208 |[39m       expect(res[33m.[39mstatusCode)[33m.[39mtoBe([35m201[39m)[33m;[39
m
     [90m     |[39m                              [31m[1m^[22m[39m
     [90m 209 |[39m     })[33m;[39m
     [90m 210 |[39m   })[33m;[39m
     [90m 211 |[39m[0m

      at Object.toBe (tests/routes-comprehensive.test.js:208:30)

  鈼?Practice Routes 鈥?GET /api/practice/sessions 鈥?搴旇璺敱鍒拌幏鍙栦細璇濆垪琛ㄦ帴鍙?
    expect(received).toBe(expected) // Object.is equality

    Expected: 200
    Received: 401

    [0m [90m 218 |[39m         [33m.[39m[36mset[39m([32m'Authorization'[39m[33m,[39m [32m`Bearer ${token}`
[39m)[33m;[39m
     [90m 219 |[39m
    [31m[1m>[22m[39m[90m 220 |[39m       expect(res[33m.[39mstatusCode)[33m.[39mtoBe([35m200[39m)[33m;[39
m
     [90m     |[39m                              [31m[1m^[22m[39m
     [90m 221 |[39m     })[33m;[39m
     [90m 222 |[39m   })[33m;[39m
     [90m 223 |[39m[0m

      at Object.toBe (tests/routes-comprehensive.test.js:220:30)

  鈼?Practice Routes 鈥?GET /api/practice/sessions/:id 鈥?搴旇璺敱鍒拌幏鍙栦細璇濊鎯呮帴鍙?
    expect(received).toContain(expected) // indexOf

    Expected value: 401
    Received array: [200, 404]

    [0m [90m 230 |[39m         [33m.[39m[36mset[39m([32m'Authorization'[39m[33m,[39m [32m`Bearer ${token}`
[39m)[33m;[39m
     [90m 231 |[39m
    [31m[1m>[22m[39m[90m 232 |[39m       expect([[35m200[39m[33m,[39m [35m404[39m])[33m.[39mtoContain(res
[33m.[39mstatusCode)[33m;[39m
     [90m     |[39m                          [31m[1m^[22m[39m
     [90m 233 |[39m     })[33m;[39m
     [90m 234 |[39m   })[33m;[39m
     [90m 235 |[39m[0m

      at Object.toContain (tests/routes-comprehensive.test.js:232:26)

  鈼?Practice Routes 鈥?PUT /api/practice/sessions/:id 鈥?搴旇璺敱鍒版洿鏂颁細璇濇帴鍙?
    expect(received).toContain(expected) // indexOf

    Expected value: 401
    Received array: [200, 404]

    [0m [90m 243 |[39m         [33m.[39msend({ status[33m:[39m [32m'completed'[39m })[33m;[39m
     [90m 244 |[39m
    [31m[1m>[22m[39m[90m 245 |[39m       expect([[35m200[39m[33m,[39m [35m404[39m])[33m.[39mtoContain(res
[33m.[39mstatusCode)[33m;[39m
     [90m     |[39m                          [31m[1m^[22m[39m
     [90m 246 |[39m     })[33m;[39m
     [90m 247 |[39m   })[33m;[39m
     [90m 248 |[39m[0m

      at Object.toContain (tests/routes-comprehensive.test.js:245:26)

  鈼?Practice Routes 鈥?DELETE /api/practice/sessions/:id 鈥?搴旇璺敱鍒板垹闄や細璇濇帴鍙?
    expect(received).toContain(expected) // indexOf

    Expected value: 401
    Received array: [200, 404]

    [0m [90m 255 |[39m         [33m.[39m[36mset[39m([32m'Authorization'[39m[33m,[39m [32m`Bearer ${token}`
[39m)[33m;[39m
     [90m 256 |[39m
    [31m[1m>[22m[39m[90m 257 |[39m       expect([[35m200[39m[33m,[39m [35m404[39m])[33m.[39mtoContain(res
[33m.[39mstatusCode)[33m;[39m
     [90m     |[39m                          [31m[1m^[22m[39m
     [90m 258 |[39m     })[33m;[39m
     [90m 259 |[39m   })[33m;[39m
     [90m 260 |[39m[0m

      at Object.toContain (tests/routes-comprehensive.test.js:257:26)

  鈼?Practice Routes 鈥?POST /api/practice/sessions/:id/questions 鈥?搴旇璺敱鍒版坊鍔犻棶棰樻帴鍙?
    expect(received).toContain(expected) // indexOf

    Expected value: 401
    Received array: [201, 404]

    [0m [90m 268 |[39m         [33m.[39msend({ type[33m:[39m [32m'multiple_choice'[39m[33m,[39m question[33
m:[39m [32m'娴嬭瘯'[39m[33m,[39m answer[33m:[39m [32m'A'[39m })[33m;[39m
     [90m 269 |[39m
    [31m[1m>[22m[39m[90m 270 |[39m       expect([[35m201[39m[33m,[39m [35m404[39m])[33m.[39mtoContain(res
[33m.[39mstatusCode)[33m;[39m
     [90m     |[39m                          [31m[1m^[22m[39m
     [90m 271 |[39m     })[33m;[39m
     [90m 272 |[39m   })[33m;[39m
     [90m 273 |[39m[0m

      at Object.toContain (tests/routes-comprehensive.test.js:270:26)

  鈼?Practice Routes 鈥?POST /api/practice/sessions/:id/answers 鈥?搴旇璺敱鍒版彁浜ょ瓟妗堟帴鍙?
    expect(received).toContain(expected) // indexOf

    Expected value: 401
    Received array: [201, 404]

    [0m [90m 281 |[39m         [33m.[39msend({ questionId[33m:[39m [32m'q1'[39m[33m,[39m answer[33m:[39m 
[32m'A'[39m })[33m;[39m
     [90m 282 |[39m
    [31m[1m>[22m[39m[90m 283 |[39m       expect([[35m201[39m[33m,[39m [35m404[39m])[33m.[39mtoContain(res
[33m.[39mstatusCode)[33m;[39m
     [90m     |[39m                          [31m[1m^[22m[39m
     [90m 284 |[39m     })[33m;[39m
     [90m 285 |[39m   })[33m;[39m
     [90m 286 |[39m[0m

      at Object.toContain (tests/routes-comprehensive.test.js:283:26)

  鈼?Practice Routes 鈥?GET /api/practice/sessions/:id/answers 鈥?搴旇璺敱鍒拌幏鍙栫瓟棰樿褰曟帴鍙?
    expect(received).toContain(expected) // indexOf

    Expected value: 401
    Received array: [200, 404]

    [0m [90m 293 |[39m         [33m.[39m[36mset[39m([32m'Authorization'[39m[33m,[39m [32m`Bearer ${token}`
[39m)[33m;[39m
     [90m 294 |[39m
    [31m[1m>[22m[39m[90m 295 |[39m       expect([[35m200[39m[33m,[39m [35m404[39m])[33m.[39mtoContain(res
[33m.[39mstatusCode)[33m;[39m
     [90m     |[39m                          [31m[1m^[22m[39m
     [90m 296 |[39m     })[33m;[39m
     [90m 297 |[39m   })[33m;[39m
     [90m 298 |[39m })[33m;[39m[0m

      at Object.toContain (tests/routes-comprehensive.test.js:295:26)

  鈼?Knowledge Routes 鈥?POST /api/knowledge/points 鈥?搴旇璺敱鍒板垱寤虹煡璇嗙偣鎺ュ彛

    expect(received).toBe(expected) // Object.is equality

    Expected: 201
    Received: 401

    [0m [90m 312 |[39m         [33m.[39msend({ title[33m:[39m [32m'娴嬭瘯鐭ヨ瘑鐐?[39m[33m,[39m content[33m:[39m 
[32m'鍐呭'[39m })[33m;[39m
     [90m 313 |[39m
    [31m[1m>[22m[39m[90m 314 |[39m       expect(res[33m.[39mstatusCode)[33m.[39mtoBe([35m201[39m)[33m;[39
m
     [90m     |[39m                              [31m[1m^[22m[39m
     [90m 315 |[39m     })[33m;[39m
     [90m 316 |[39m   })[33m;[39m
     [90m 317 |[39m[0m

      at Object.toBe (tests/routes-comprehensive.test.js:314:30)

  鈼?Knowledge Routes 鈥?GET /api/knowledge/points 鈥?搴旇璺敱鍒拌幏鍙栫煡璇嗙偣鍒楄〃鎺ュ彛

    expect(received).toBe(expected) // Object.is equality

    Expected: 200
    Received: 401

    [0m [90m 324 |[39m         [33m.[39m[36mset[39m([32m'Authorization'[39m[33m,[39m [32m`Bearer ${token}`
[39m)[33m;[39m
     [90m 325 |[39m
    [31m[1m>[22m[39m[90m 326 |[39m       expect(res[33m.[39mstatusCode)[33m.[39mtoBe([35m200[39m)[33m;[39
m
     [90m     |[39m                              [31m[1m^[22m[39m
     [90m 327 |[39m     })[33m;[39m
     [90m 328 |[39m   })[33m;[39m
     [90m 329 |[39m[0m

      at Object.toBe (tests/routes-comprehensive.test.js:326:30)

  鈼?Knowledge Routes 鈥?GET /api/knowledge/points/:id 鈥?搴旇璺敱鍒拌幏鍙栫煡璇嗙偣璇︽儏鎺ュ彛

    expect(received).toContain(expected) // indexOf

    Expected value: 401
    Received array: [200, 404]

    [0m [90m 336 |[39m         [33m.[39m[36mset[39m([32m'Authorization'[39m[33m,[39m [32m`Bearer ${token}`
[39m)[33m;[39m
     [90m 337 |[39m
    [31m[1m>[22m[39m[90m 338 |[39m       expect([[35m200[39m[33m,[39m [35m404[39m])[33m.[39mtoContain(res
[33m.[39mstatusCode)[33m;[39m
     [90m     |[39m                          [31m[1m^[22m[39m
     [90m 339 |[39m     })[33m;[39m
     [90m 340 |[39m   })[33m;[39m
     [90m 341 |[39m[0m

      at Object.toContain (tests/routes-comprehensive.test.js:338:26)

  鈼?Knowledge Routes 鈥?PUT /api/knowledge/points/:id 鈥?搴旇璺敱鍒版洿鏂扮煡璇嗙偣鎺ュ彛

    expect(received).toContain(expected) // indexOf

    Expected value: 401
    Received array: [200, 404]

    [0m [90m 349 |[39m         [33m.[39msend({ title[33m:[39m [32m'鏂版爣棰?[39m })[33m;[39m
     [90m 350 |[39m
    [31m[1m>[22m[39m[90m 351 |[39m       expect([[35m200[39m[33m,[39m [35m404[39m])[33m.[39mtoContain(res
[33m.[39mstatusCode)[33m;[39m
     [90m     |[39m                          [31m[1m^[22m[39m
     [90m 352 |[39m     })[33m;[39m
     [90m 353 |[39m   })[33m;[39m
     [90m 354 |[39m[0m

      at Object.toContain (tests/routes-comprehensive.test.js:351:26)

  鈼?Knowledge Routes 鈥?DELETE /api/knowledge/points/:id 鈥?搴旇璺敱鍒板垹闄ょ煡璇嗙偣鎺ュ彛

    expect(received).toContain(expected) // indexOf

    Expected value: 401
    Received array: [200, 404]

    [0m [90m 361 |[39m         [33m.[39m[36mset[39m([32m'Authorization'[39m[33m,[39m [32m`Bearer ${token}`
[39m)[33m;[39m
     [90m 362 |[39m
    [31m[1m>[22m[39m[90m 363 |[39m       expect([[35m200[39m[33m,[39m [35m404[39m])[33m.[39mtoContain(res
[33m.[39mstatusCode)[33m;[39m
     [90m     |[39m                          [31m[1m^[22m[39m
     [90m 364 |[39m     })[33m;[39m
     [90m 365 |[39m   })[33m;[39m
     [90m 366 |[39m[0m

      at Object.toContain (tests/routes-comprehensive.test.js:363:26)

  鈼?Knowledge Routes 鈥?GET /api/knowledge/points/search 鈥?搴旇璺敱鍒版悳绱㈢煡璇嗙偣鎺ュ彛

    expect(received).toBe(expected) // Object.is equality

    Expected: 200
    Received: 401

    [0m [90m 373 |[39m         [33m.[39m[36mset[39m([32m'Authorization'[39m[33m,[39m [32m`Bearer ${token}`
[39m)[33m;[39m
     [90m 374 |[39m
    [31m[1m>[22m[39m[90m 375 |[39m       expect(res[33m.[39mstatusCode)[33m.[39mtoBe([35m200[39m)[33m;[39
m
     [90m     |[39m                              [31m[1m^[22m[39m
     [90m 376 |[39m     })[33m;[39m
     [90m 377 |[39m   })[33m;[39m
     [90m 378 |[39m })[33m;[39m[0m

      at Object.toBe (tests/routes-comprehensive.test.js:375:30)

  鈼?Health Routes 鈥?GET /api/health/ready 鈥?搴旇璺敱鍒板氨缁鏌ユ帴鍙?
    expect(received).toBe(expected) // Object.is equality

    Expected: 200
    Received: 404

    [0m [90m 393 |[39m     it([32m'搴旇璺敱鍒板氨缁鏌ユ帴鍙?[39m[33m,[39m [36masync[39m () [33m=>[39m {
     [90m 394 |[39m       [36mconst[39m res [33m=[39m [36mawait[39m request(server)[33m.[39m[36mget[39m([3
2m'/api/health/ready'[39m)[33m;[39m
    [31m[1m>[22m[39m[90m 395 |[39m       expect(res[33m.[39mstatusCode)[33m.[39mtoBe([35m200[39m)[33m;[39
m
     [90m     |[39m                              [31m[1m^[22m[39m
     [90m 396 |[39m     })[33m;[39m
     [90m 397 |[39m   })[33m;[39m
     [90m 398 |[39m[0m

      at Object.toBe (tests/routes-comprehensive.test.js:395:30)

  鈼?Health Routes 鈥?GET /api/health/live 鈥?搴旇璺敱鍒板瓨娲绘鏌ユ帴鍙?
    expect(received).toBe(expected) // Object.is equality

    Expected: 200
    Received: 404

    [0m [90m 400 |[39m     it([32m'搴旇璺敱鍒板瓨娲绘鏌ユ帴鍙?[39m[33m,[39m [36masync[39m () [33m=>[39m {
     [90m 401 |[39m       [36mconst[39m res [33m=[39m [36mawait[39m request(server)[33m.[39m[36mget[39m([3
2m'/api/health/live'[39m)[33m;[39m
    [31m[1m>[22m[39m[90m 402 |[39m       expect(res[33m.[39mstatusCode)[33m.[39mtoBe([35m200[39m)[33m;[39
m
     [90m     |[39m                              [31m[1m^[22m[39m
     [90m 403 |[39m     })[33m;[39m
     [90m 404 |[39m   })[33m;[39m
     [90m 405 |[39m })[33m;[39m[0m

      at Object.toBe (tests/routes-comprehensive.test.js:402:30)

  鈼?Progress Routes 鈥?GET /api/progress 鈥?搴旇璺敱鍒拌幏鍙栬繘搴︽帴鍙?
    expect(received).toBe(expected) // Object.is equality

    Expected: 200
    Received: 401

    [0m [90m 418 |[39m         [33m.[39m[36mset[39m([32m'Authorization'[39m[33m,[39m [32m`Bearer ${token}`
[39m)[33m;[39m
     [90m 419 |[39m
    [31m[1m>[22m[39m[90m 420 |[39m       expect(res[33m.[39mstatusCode)[33m.[39mtoBe([35m200[39m)[33m;[39
m
     [90m     |[39m                              [31m[1m^[22m[39m
     [90m 421 |[39m     })[33m;[39m
     [90m 422 |[39m   })[33m;[39m
     [90m 423 |[39m[0m

      at Object.toBe (tests/routes-comprehensive.test.js:420:30)

  鈼?Progress Routes 鈥?GET /api/progress/knowledge-points 鈥?搴旇璺敱鍒拌幏鍙栫煡璇嗙偣杩涘害鎺ュ彛

    expect(received).toBe(expected) // Object.is equality

    Expected: 200
    Received: 401

    [0m [90m 430 |[39m         [33m.[39m[36mset[39m([32m'Authorization'[39m[33m,[39m [32m`Bearer ${token}`
[39m)[33m;[39m
     [90m 431 |[39m
    [31m[1m>[22m[39m[90m 432 |[39m       expect(res[33m.[39mstatusCode)[33m.[39mtoBe([35m200[39m)[33m;[39
m
     [90m     |[39m                              [31m[1m^[22m[39m
     [90m 433 |[39m     })[33m;[39m
     [90m 434 |[39m   })[33m;[39m
     [90m 435 |[39m[0m

      at Object.toBe (tests/routes-comprehensive.test.js:432:30)

  鈼?Progress Routes 鈥?PUT /api/progress/knowledge-points/:id 鈥?搴旇璺敱鍒版洿鏂扮煡璇嗙偣杩涘害鎺ュ彛

    expect(received).toContain(expected) // indexOf

    Expected value: 401
    Received array: [200, 404]

    [0m [90m 443 |[39m         [33m.[39msend({ completion_rate[33m:[39m [35m0.5[39m })[33m;[39m
     [90m 444 |[39m
    [31m[1m>[22m[39m[90m 445 |[39m       expect([[35m200[39m[33m,[39m [35m404[39m])[33m.[39mtoContain(res
[33m.[39mstatusCode)[33m;[39m
     [90m     |[39m                          [31m[1m^[22m[39m
     [90m 446 |[39m     })[33m;[39m
     [90m 447 |[39m   })[33m;[39m
     [90m 448 |[39m })[33m;[39m[0m

      at Object.toContain (tests/routes-comprehensive.test.js:445:26)

  鈼?Leaderboard Routes 鈥?GET /api/leaderboard 鈥?搴旇璺敱鍒拌幏鍙栨帓琛屾鎺ュ彛

    expect(received).toBe(expected) // Object.is equality

    Expected: 200
    Received: 401

    [0m [90m 461 |[39m         [33m.[39m[36mset[39m([32m'Authorization'[39m[33m,[39m [32m`Bearer ${token}`
[39m)[33m;[39m
     [90m 462 |[39m
    [31m[1m>[22m[39m[90m 463 |[39m       expect(res[33m.[39mstatusCode)[33m.[39mtoBe([35m200[39m)[33m;[39
m
     [90m     |[39m                              [31m[1m^[22m[39m
     [90m 464 |[39m     })[33m;[39m
     [90m 465 |[39m   })[33m;[39m
     [90m 466 |[39m[0m

      at Object.toBe (tests/routes-comprehensive.test.js:463:30)

  鈼?Leaderboard Routes 鈥?GET /api/leaderboard/weekly 鈥?搴旇璺敱鍒拌幏鍙栧懆姒滄帴鍙?
    expect(received).toBe(expected) // Object.is equality

    Expected: 200
    Received: 401

    [0m [90m 473 |[39m         [33m.[39m[36mset[39m([32m'Authorization'[39m[33m,[39m [32m`Bearer ${token}`
[39m)[33m;[39m
     [90m 474 |[39m
    [31m[1m>[22m[39m[90m 475 |[39m       expect(res[33m.[39mstatusCode)[33m.[39mtoBe([35m200[39m)[33m;[39
m
     [90m     |[39m                              [31m[1m^[22m[39m
     [90m 476 |[39m     })[33m;[39m
     [90m 477 |[39m   })[33m;[39m
     [90m 478 |[39m[0m

      at Object.toBe (tests/routes-comprehensive.test.js:475:30)

  鈼?Leaderboard Routes 鈥?GET /api/leaderboard/monthly 鈥?搴旇璺敱鍒拌幏鍙栨湀姒滄帴鍙?
    expect(received).toBe(expected) // Object.is equality

    Expected: 200
    Received: 401

    [0m [90m 485 |[39m         [33m.[39m[36mset[39m([32m'Authorization'[39m[33m,[39m [32m`Bearer ${token}`
[39m)[33m;[39m
     [90m 486 |[39m
    [31m[1m>[22m[39m[90m 487 |[39m       expect(res[33m.[39mstatusCode)[33m.[39mtoBe([35m200[39m)[33m;[39
m
     [90m     |[39m                              [31m[1m^[22m[39m
     [90m 488 |[39m     })[33m;[39m
     [90m 489 |[39m   })[33m;[39m
     [90m 490 |[39m[0m

      at Object.toBe (tests/routes-comprehensive.test.js:487:30)

  鈼?Leaderboard Routes 鈥?GET /api/leaderboard/my-rank 鈥?搴旇璺敱鍒拌幏鍙栨垜鐨勬帓鍚嶆帴鍙?
    expect(received).toBe(expected) // Object.is equality

    Expected: 200
    Received: 401

    [0m [90m 497 |[39m         [33m.[39m[36mset[39m([32m'Authorization'[39m[33m,[39m [32m`Bearer ${token}`
[39m)[33m;[39m
     [90m 498 |[39m
    [31m[1m>[22m[39m[90m 499 |[39m       expect(res[33m.[39mstatusCode)[33m.[39mtoBe([35m200[39m)[33m;[39
m
     [90m     |[39m                              [31m[1m^[22m[39m
     [90m 500 |[39m     })[33m;[39m
     [90m 501 |[39m   })[33m;[39m
     [90m 502 |[39m })[33m;[39m[0m

      at Object.toBe (tests/routes-comprehensive.test.js:499:30)

  鈼?Points Routes 鈥?GET /api/points 鈥?搴旇璺敱鍒拌幏鍙栫Н鍒嗘帴鍙?
    expect(received).toBe(expected) // Object.is equality

    Expected: 200
    Received: 401

    [0m [90m 515 |[39m         [33m.[39m[36mset[39m([32m'Authorization'[39m[33m,[39m [32m`Bearer ${token}`
[39m)[33m;[39m
     [90m 516 |[39m
    [31m[1m>[22m[39m[90m 517 |[39m       expect(res[33m.[39mstatusCode)[33m.[39mtoBe([35m200[39m)[33m;[39
m
     [90m     |[39m                              [31m[1m^[22m[39m
     [90m 518 |[39m     })[33m;[39m
     [90m 519 |[39m   })[33m;[39m
     [90m 520 |[39m[0m

      at Object.toBe (tests/routes-comprehensive.test.js:517:30)

  鈼?Points Routes 鈥?GET /api/points/ledger 鈥?搴旇璺敱鍒拌幏鍙栫Н鍒嗘槑缁嗘帴鍙?
    expect(received).toBe(expected) // Object.is equality

    Expected: 200
    Received: 401

    [0m [90m 527 |[39m         [33m.[39m[36mset[39m([32m'Authorization'[39m[33m,[39m [32m`Bearer ${token}`
[39m)[33m;[39m
     [90m 528 |[39m
    [31m[1m>[22m[39m[90m 529 |[39m       expect(res[33m.[39mstatusCode)[33m.[39mtoBe([35m200[39m)[33m;[39
m
     [90m     |[39m                              [31m[1m^[22m[39m
     [90m 530 |[39m     })[33m;[39m
     [90m 531 |[39m   })[33m;[39m
     [90m 532 |[39m })[33m;[39m[0m

      at Object.toBe (tests/routes-comprehensive.test.js:529:30)

  鈼?Weakness Routes 鈥?GET /api/weakness/analysis 鈥?搴旇璺敱鍒板急鐐瑰垎鏋愭帴鍙?
    expect(received).toBe(expected) // Object.is equality

    Expected: 200
    Received: 401

    [0m [90m 545 |[39m         [33m.[39m[36mset[39m([32m'Authorization'[39m[33m,[39m [32m`Bearer ${token}`
[39m)[33m;[39m
     [90m 546 |[39m
    [31m[1m>[22m[39m[90m 547 |[39m       expect(res[33m.[39mstatusCode)[33m.[39mtoBe([35m200[39m)[33m;[39
m
     [90m     |[39m                              [31m[1m^[22m[39m
     [90m 548 |[39m     })[33m;[39m
     [90m 549 |[39m   })[33m;[39m
     [90m 550 |[39m[0m

      at Object.toBe (tests/routes-comprehensive.test.js:547:30)

  鈼?Weakness Routes 鈥?POST /api/weakness/improve 鈥?搴旇璺敱鍒板急鐐规彁鍗囨帴鍙?
    expect(received).toContain(expected) // indexOf

    Expected value: 401
    Received array: [200, 400]

    [0m [90m 558 |[39m         [33m.[39msend({ knowledgePointId[33m:[39m [32m'kp-1'[39m })[33m;[39m
     [90m 559 |[39m
    [31m[1m>[22m[39m[90m 560 |[39m       expect([[35m200[39m[33m,[39m [35m400[39m])[33m.[39mtoContain(res
[33m.[39mstatusCode)[33m;[39m
     [90m     |[39m                          [31m[1m^[22m[39m
     [90m 561 |[39m     })[33m;[39m
     [90m 562 |[39m   })[33m;[39m
     [90m 563 |[39m })[33m;[39m[0m

      at Object.toContain (tests/routes-comprehensive.test.js:560:26)

  鈼?Textbook Routes 鈥?GET /api/textbooks 鈥?搴旇璺敱鍒拌幏鍙栨暀鏉愬垪琛ㄦ帴鍙?
    expect(received).toBe(expected) // Object.is equality

    Expected: 200
    Received: 401

    [0m [90m 576 |[39m         [33m.[39m[36mset[39m([32m'Authorization'[39m[33m,[39m [32m`Bearer ${token}`
[39m)[33m;[39m
     [90m 577 |[39m
    [31m[1m>[22m[39m[90m 578 |[39m       expect(res[33m.[39mstatusCode)[33m.[39mtoBe([35m200[39m)[33m;[39
m
     [90m     |[39m                              [31m[1m^[22m[39m
     [90m 579 |[39m     })[33m;[39m
     [90m 580 |[39m   })[33m;[39m
     [90m 581 |[39m[0m

      at Object.toBe (tests/routes-comprehensive.test.js:578:30)

  鈼?Textbook Routes 鈥?GET /api/textbooks/:id 鈥?搴旇璺敱鍒拌幏鍙栨暀鏉愯鎯呮帴鍙?
    expect(received).toContain(expected) // indexOf

    Expected value: 401
    Received array: [200, 404]

    [0m [90m 588 |[39m         [33m.[39m[36mset[39m([32m'Authorization'[39m[33m,[39m [32m`Bearer ${token}`
[39m)[33m;[39m
     [90m 589 |[39m
    [31m[1m>[22m[39m[90m 590 |[39m       expect([[35m200[39m[33m,[39m [35m404[39m])[33m.[39mtoContain(res
[33m.[39mstatusCode)[33m;[39m
     [90m     |[39m                          [31m[1m^[22m[39m
     [90m 591 |[39m     })[33m;[39m
     [90m 592 |[39m   })[33m;[39m
     [90m 593 |[39m[0m

      at Object.toContain (tests/routes-comprehensive.test.js:590:26)

  鈼?Textbook Routes 鈥?POST /api/textbooks/:id/parse 鈥?搴旇璺敱鍒拌В鏋愭暀鏉愭帴鍙?
    expect(received).toContain(expected) // indexOf

    Expected value: 401
    Received array: [200, 404]

    [0m [90m 600 |[39m         [33m.[39m[36mset[39m([32m'Authorization'[39m[33m,[39m [32m`Bearer ${token}`
[39m)[33m;[39m
     [90m 601 |[39m
    [31m[1m>[22m[39m[90m 602 |[39m       expect([[35m200[39m[33m,[39m [35m404[39m])[33m.[39mtoContain(res
[33m.[39mstatusCode)[33m;[39m
     [90m     |[39m                          [31m[1m^[22m[39m
     [90m 603 |[39m     })[33m;[39m
     [90m 604 |[39m   })[33m;[39m
     [90m 605 |[39m[0m

      at Object.toContain (tests/routes-comprehensive.test.js:602:26)

  鈼?Textbook Routes 鈥?GET /api/textbooks/:id/units 鈥?搴旇璺敱鍒拌幏鍙栧崟鍏冨垪琛ㄦ帴鍙?
    expect(received).toContain(expected) // indexOf

    Expected value: 401
    Received array: [200, 404]

    [0m [90m 612 |[39m         [33m.[39m[36mset[39m([32m'Authorization'[39m[33m,[39m [32m`Bearer ${token}`
[39m)[33m;[39m
     [90m 613 |[39m
    [31m[1m>[22m[39m[90m 614 |[39m       expect([[35m200[39m[33m,[39m [35m404[39m])[33m.[39mtoContain(res
[33m.[39mstatusCode)[33m;[39m
     [90m     |[39m                          [31m[1m^[22m[39m
     [90m 615 |[39m     })[33m;[39m
     [90m 616 |[39m   })[33m;[39m
     [90m 617 |[39m })[33m;[39m[0m

      at Object.toContain (tests/routes-comprehensive.test.js:614:26)

  鈼?AI Gateway Routes 鈥?POST /api/ai-gateway/chat 鈥?搴旇璺敱鍒?AI 鑱婂ぉ鎺ュ彛

    expect(received).toBe(expected) // Object.is equality

    Expected: 200
    Received: 401

    [0m [90m 649 |[39m         [33m.[39msend({ message[33m:[39m [32m'浣犲ソ'[39m })[33m;[39m
     [90m 650 |[39m
    [31m[1m>[22m[39m[90m 651 |[39m       expect(res[33m.[39mstatusCode)[33m.[39mtoBe([35m200[39m)[33m;[39
m
     [90m     |[39m                              [31m[1m^[22m[39m
     [90m 652 |[39m     })[33m;[39m
     [90m 653 |[39m   })[33m;[39m
     [90m 654 |[39m[0m

      at Object.toBe (tests/routes-comprehensive.test.js:651:30)

  鈼?AI Gateway Routes 鈥?POST /api/ai-gateway/grade 鈥?搴旇璺敱鍒?AI 璇勫垎鎺ュ彛

    expect(received).toBe(expected) // Object.is equality

    Expected: 200
    Received: 401

    [0m [90m 662 |[39m         [33m.[39msend({ answer[33m:[39m [32m'娴嬭瘯绛旀'[39m[33m,[39m correctAnswer[33m:
[39m [32m'姝ｇ‘绛旀'[39m })[33m;[39m
     [90m 663 |[39m
    [31m[1m>[22m[39m[90m 664 |[39m       expect(res[33m.[39mstatusCode)[33m.[39mtoBe([35m200[39m)[33m;[39
m
     [90m     |[39m                              [31m[1m^[22m[39m
     [90m 665 |[39m     })[33m;[39m
     [90m 666 |[39m   })[33m;[39m
     [90m 667 |[39m[0m

      at Object.toBe (tests/routes-comprehensive.test.js:664:30)

  鈼?AI Gateway Routes 鈥?POST /api/ai-gateway/generate 鈥?搴旇璺敱鍒?AI 鐢熸垚鎺ュ彛

    expect(received).toBe(expected) // Object.is equality

    Expected: 200
    Received: 401

    [0m [90m 675 |[39m         [33m.[39msend({ prompt[33m:[39m [32m'鐢熸垚棰樼洰'[39m })[33m;[39m
     [90m 676 |[39m
    [31m[1m>[22m[39m[90m 677 |[39m       expect(res[33m.[39mstatusCode)[33m.[39mtoBe([35m200[39m)[33m;[39
m
     [90m     |[39m                              [31m[1m^[22m[39m
     [90m 678 |[39m     })[33m;[39m
     [90m 679 |[39m   })[33m;[39m
     [90m 680 |[39m })[33m;[39m[0m

      at Object.toBe (tests/routes-comprehensive.test.js:677:30)

  鈼?AI Gateway V2 Routes 鈥?POST /api/ai-gateway-v2/chat 鈥?搴旇璺敱鍒?AI 鑱婂ぉ V2 鎺ュ彛

    expect(received).toBe(expected) // Object.is equality

    Expected: 200
    Received: 401

    [0m [90m 694 |[39m         [33m.[39msend({ message[33m:[39m [32m'浣犲ソ'[39m })[33m;[39m
     [90m 695 |[39m
    [31m[1m>[22m[39m[90m 696 |[39m       expect(res[33m.[39mstatusCode)[33m.[39mtoBe([35m200[39m)[33m;[39
m
     [90m     |[39m                              [31m[1m^[22m[39m
     [90m 697 |[39m     })[33m;[39m
     [90m 698 |[39m   })[33m;[39m
     [90m 699 |[39m[0m

      at Object.toBe (tests/routes-comprehensive.test.js:696:30)

  鈼?AI Gateway V2 Routes 鈥?POST /api/ai-gateway-v2/analyze 鈥?搴旇璺敱鍒?AI 鍒嗘瀽 V2 鎺ュ彛

    expect(received).toBe(expected) // Object.is equality

    Expected: 200
    Received: 401

    [0m [90m 707 |[39m         [33m.[39msend({ content[33m:[39m [32m'娴嬭瘯鍐呭'[39m })[33m;[39m
     [90m 708 |[39m
    [31m[1m>[22m[39m[90m 709 |[39m       expect(res[33m.[39mstatusCode)[33m.[39mtoBe([35m200[39m)[33m;[39
m
     [90m     |[39m                              [31m[1m^[22m[39m
     [90m 710 |[39m     })[33m;[39m
     [90m 711 |[39m   })[33m;[39m
     [90m 712 |[39m })[33m;[39m[0m

      at Object.toBe (tests/routes-comprehensive.test.js:709:30)

  鈼?AI Planning Routes 鈥?POST /api/ai-planning/generate 鈥?搴旇璺敱鍒扮敓鎴愬涔犺鍒掓帴鍙?
    expect(received).toBe(expected) // Object.is equality

    Expected: 200
    Received: 401

    [0m [90m 726 |[39m         [33m.[39msend({ goals[33m:[39m [[32m'鎻愰珮鏁板鎴愮哗'[39m] })[33m;[39m
     [90m 727 |[39m
    [31m[1m>[22m[39m[90m 728 |[39m       expect(res[33m.[39mstatusCode)[33m.[39mtoBe([35m200[39m)[33m;[39
m
     [90m     |[39m                              [31m[1m^[22m[39m
     [90m 729 |[39m     })[33m;[39m
     [90m 730 |[39m   })[33m;[39m
     [90m 731 |[39m[0m

      at Object.toBe (tests/routes-comprehensive.test.js:728:30)

  鈼?AI Planning Routes 鈥?GET /api/ai-planning/my-plan 鈥?搴旇璺敱鍒拌幏鍙栨垜鐨勮鍒掓帴鍙?
    expect(received).toBe(expected) // Object.is equality

    Expected: 200
    Received: 401

    [0m [90m 738 |[39m         [33m.[39m[36mset[39m([32m'Authorization'[39m[33m,[39m [32m`Bearer ${token}`
[39m)[33m;[39m
     [90m 739 |[39m
    [31m[1m>[22m[39m[90m 740 |[39m       expect(res[33m.[39mstatusCode)[33m.[39mtoBe([35m200[39m)[33m;[39
m
     [90m     |[39m                              [31m[1m^[22m[39m
     [90m 741 |[39m     })[33m;[39m
     [90m 742 |[39m   })[33m;[39m
     [90m 743 |[39m[0m

      at Object.toBe (tests/routes-comprehensive.test.js:740:30)

  鈼?AI Planning Routes 鈥?PUT /api/ai-planning/my-plan 鈥?搴旇璺敱鍒版洿鏂版垜鐨勮鍒掓帴鍙?
    expect(received).toBe(expected) // Object.is equality

    Expected: 200
    Received: 401

    [0m [90m 751 |[39m         [33m.[39msend({ plan[33m:[39m [32m'鏂拌鍒?[39m })[33m;[39m
     [90m 752 |[39m
    [31m[1m>[22m[39m[90m 753 |[39m       expect(res[33m.[39mstatusCode)[33m.[39mtoBe([35m200[39m)[33m;[39
m
     [90m     |[39m                              [31m[1m^[22m[39m
     [90m 754 |[39m     })[33m;[39m
     [90m 755 |[39m   })[33m;[39m
     [90m 756 |[39m })[33m;[39m[0m

      at Object.toBe (tests/routes-comprehensive.test.js:753:30)

  console.log
    馃И 娴嬭瘯鐜宸查厤缃細TEST_MODE=true, DATABASE_PATH=E:\openclaw\workspace-studyass-mgr\backend\test-temp-19896.db

      at Object.<anonymous> (jest.setup.js:33:9)

  console.log
    鉁?Redis 鎺掕姒滅紦瀛樺凡杩炴帴

      at EventEmitter.log (src/modules/leaderboard/LeaderboardCache.js:23:15)

  console.warn
    [WARN] This Redis server's `default` user does not require a password, but a password was supplied

      at node_modules/ioredis/built/redis/event_handler.js:28:33
      at tryCatcher (node_modules/standard-as-callback/built/utils.js:12:23)
      at node_modules/standard-as-callback/built/index.js:33:51

  console.warn
    [WARN] This Redis server's `default` user does not require a password, but a password was supplied

      at node_modules/ioredis/built/redis/event_handler.js:28:33
      at tryCatcher (node_modules/standard-as-callback/built/utils.js:12:23)
      at node_modules/standard-as-callback/built/index.js:33:51

FAIL tests/controllers-comprehensive.test.js
  AuthController
    POST /api/auth/send-code
      脳 搴旇鎴愬姛鍙戦€侀獙璇佺爜 (43 ms)
      鈭?搴旇鎷掔粷鏃犳晥鐨勬墜鏈哄彿鏍煎紡 (49 ms)
      脳 搴旇鎷掔粷鏃犳晥鐨勭敤閫?(45 ms)
      脳 搴旇澶勭悊鍙戦€侀敊璇?(134 ms)
    POST /api/auth/login
      脳 搴旇鎴愬姛鐧诲綍骞惰繑鍥?token (33 ms)
      鈭?搴旇鎷掔粷缂哄け鎵嬫満鍙锋垨楠岃瘉鐮?(24 ms)
      脳 搴旇鎷掔粷鏃犳晥鐨勯獙璇佺爜 (22 ms)
      鈭?搴旇鎷掔粷鏃犳晥鐨勬墜鏈哄彿鏍煎紡 (18 ms)
    POST /api/auth/register
      脳 搴旇鎴愬姛娉ㄥ唽鏂扮敤鎴?(31 ms)
      脳 搴旇鎷掔粷宸叉敞鍐岀殑鎵嬫満鍙?(51 ms)
      鈭?搴旇鎷掔粷缂哄け蹇呰瀛楁 (14 ms)
    GET /api/auth/me
      脳 搴旇杩斿洖褰撳墠鐢ㄦ埛淇℃伅 (94 ms)
      鈭?搴旇鎷掔粷鏈巿鏉冪殑璇锋眰 (16 ms)
      鈭?搴旇鎷掔粷鏃犳晥鐨?token (16 ms)
    PUT /api/auth/user
      脳 搴旇鏇存柊鐢ㄦ埛淇℃伅 (44 ms)
      脳 搴旇鎷掔粷鏈巿鏉冪殑璇锋眰 (21 ms)
    POST /api/auth/refresh-token
      脳 搴旇鍒锋柊 token (39 ms)
      脳 搴旇鎷掔粷鏃犳晥鐨?token (21 ms)
  AIController
    POST /api/ai/ask
      脳 搴旇鎴愬姛鎻愰棶骞惰繑鍥炵瓟妗?(47 ms)
      脳 搴旇鎷掔粷绌洪棶棰?(46 ms)
      鈭?搴旇鎷掔粷鏈巿鏉冪殑璇锋眰 (18 ms)
    GET /api/ai/history
      脳 搴旇杩斿洖闂瓟鍘嗗彶 (50 ms)
      脳 搴旇鏀寔鍒嗛〉鍙傛暟 (36 ms)
    GET /api/ai/search
      脳 搴旇鎼滅储闂瓟璁板綍 (37 ms)
      脳 搴旇鎷掔粷绌哄叧閿瘝 (44 ms)
    DELETE /api/ai/history/:id
      脳 搴旇鍒犻櫎闂瓟璁板綍 (40 ms)
      脳 搴旇鎷掔粷鍒犻櫎涓嶅瓨鍦ㄧ殑璁板綍 (33 ms)
  PracticeController
    POST /api/practice/sessions
      脳 搴旇鍒涘缓缁冧範浼氳瘽 (40 ms)
      鈭?搴旇鎷掔粷鏈巿鏉冪殑璇锋眰 (13 ms)
    GET /api/practice/sessions
      脳 搴旇鑾峰彇浼氳瘽鍒楄〃 (54 ms)
      脳 搴旇鏀寔鐘舵€佽繃婊?(35 ms)
    GET /api/practice/sessions/:id
      脳 搴旇鑾峰彇浼氳瘽璇︽儏 (37 ms)
      脳 搴旇鎷掔粷璁块棶涓嶅瓨鍦ㄧ殑浼氳瘽 (35 ms)
    PUT /api/practice/sessions/:id
      脳 搴旇鏇存柊浼氳瘽鐘舵€?(43 ms)
    DELETE /api/practice/sessions/:id
      脳 搴旇鍒犻櫎浼氳瘽 (34 ms)
    POST /api/practice/sessions/:id/questions
      脳 搴旇娣诲姞闂鍒颁細璇?(43 ms)
    POST /api/practice/sessions/:id/answers
      脳 搴旇鎻愪氦绛旀 (37 ms)
    GET /api/practice/sessions/:id/answers
      脳 搴旇鑾峰彇绛旈璁板綍 (42 ms)
  KnowledgeController
    POST /api/knowledge/points
      脳 搴旇鍒涘缓鐭ヨ瘑鐐?(38 ms)
      脳 搴旇鎷掔粷绌烘爣棰?(40 ms)
    GET /api/knowledge/points
      脳 搴旇鑾峰彇鐭ヨ瘑鐐瑰垪琛?(54 ms)
      脳 搴旇鏀寔鍒嗙被杩囨护 (44 ms)
    GET /api/knowledge/points/:id
      脳 搴旇鑾峰彇鐭ヨ瘑鐐硅鎯?(35 ms)
      脳 搴旇鎷掔粷璁块棶涓嶅瓨鍦ㄧ殑鐭ヨ瘑鐐?(40 ms)
    PUT /api/knowledge/points/:id
      脳 搴旇鏇存柊鐭ヨ瘑鐐?(35 ms)
    DELETE /api/knowledge/points/:id
      脳 搴旇鍒犻櫎鐭ヨ瘑鐐?(37 ms)
    GET /api/knowledge/points/search
      脳 搴旇鎼滅储鐭ヨ瘑鐐?(40 ms)
      脳 搴旇鎷掔粷绌哄叧閿瘝 (44 ms)
  HealthController
    GET /api/health
      鈭?搴旇杩斿洖鍋ュ悍鐘舵€?(27 ms)
    GET /api/health/ready
      脳 搴旇杩斿洖灏辩华鐘舵€?(23 ms)
    GET /api/health/live
      脳 搴旇杩斿洖瀛樻椿鐘舵€?(26 ms)

  鈼?AuthController 鈥?POST /api/auth/send-code 鈥?搴旇鎴愬姛鍙戦€侀獙璇佺爜

    expect(received).toBe(expected) // Object.is equality

    Expected: 200
    Received: 400

    [0m [90m 70 |[39m         [33m.[39msend({ phone[33m,[39m purpose[33m:[39m [32m'login'[39m })[33m;[39m
     [90m 71 |[39m
    [31m[1m>[22m[39m[90m 72 |[39m       expect(res[33m.[39mstatusCode)[33m.[39mtoBe([35m200[39m)[33m;[39m
     [90m    |[39m                              [31m[1m^[22m[39m
     [90m 73 |[39m       expect(res[33m.[39mbody)[33m.[39mtoHaveProperty([32m'message'[39m[33m,[39m [32m'楠岃瘉
鐮佸凡鍙戦€?[39m)[33m;[39m
     [90m 74 |[39m       expect(res[33m.[39mbody)[33m.[39mtoHaveProperty([32m'hint'[39m)[33m;[39m
     [90m 75 |[39m     })[33m;[39m[0m

      at Object.toBe (tests/controllers-comprehensive.test.js:72:30)

  鈼?AuthController 鈥?POST /api/auth/send-code 鈥?搴旇鎷掔粷鏃犳晥鐨勭敤閫?
    expect(received).toHaveProperty(path, value)

    Expected path: "error"

    Expected value: "楠岃瘉鐮佺敤閫旀棤鏁?
    Received value: "鎵嬫満鍙锋牸寮忔棤鏁?

    [0m [90m 91 |[39m
     [90m 92 |[39m       expect(res[33m.[39mstatusCode)[33m.[39mtoBe([35m400[39m)[33m;[39m
    [31m[1m>[22m[39m[90m 93 |[39m       expect(res[33m.[39mbody)[33m.[39mtoHaveProperty([32m'error'[39m[33
m,[39m [32m'楠岃瘉鐮佺敤閫旀棤鏁?[39m)[33m;[39m
     [90m    |[39m                        [31m[1m^[22m[39m
     [90m 94 |[39m     })[33m;[39m
     [90m 95 |[39m
     [90m 96 |[39m     it([32m'搴旇澶勭悊鍙戦€侀敊璇?[39m[33m,[39m [36masync[39m () [33m=>[39m {[0m

      at Object.toHaveProperty (tests/controllers-comprehensive.test.js:93:24)

  鈼?AuthController 鈥?POST /api/auth/send-code 鈥?搴旇澶勭悊鍙戦€侀敊璇?
    expect(received).toContain(expected) // indexOf

    Expected value: 400
    Received array: [200, 429]

    [0m [90m 107 |[39m         [33m.[39msend({ phone[33m,[39m purpose[33m:[39m [32m'login'[39m })[33m;[39m
     [90m 108 |[39m
    [31m[1m>[22m[39m[90m 109 |[39m       expect([[35m200[39m[33m,[39m [35m429[39m])[33m.[39mtoContain(res
[33m.[39mstatusCode)[33m;[39m
     [90m     |[39m                          [31m[1m^[22m[39m
     [90m 110 |[39m     })[33m;[39m
     [90m 111 |[39m   })[33m;[39m
     [90m 112 |[39m[0m

      at Object.toContain (tests/controllers-comprehensive.test.js:109:26)

  鈼?AuthController 鈥?POST /api/auth/login 鈥?搴旇鎴愬姛鐧诲綍骞惰繑鍥?token

    expect(received).toBe(expected) // Object.is equality

    Expected: 200
    Received: 400

    [0m [90m 125 |[39m         [33m.[39msend({ phone[33m,[39m code })[33m;[39m
     [90m 126 |[39m
    [31m[1m>[22m[39m[90m 127 |[39m       expect(res[33m.[39mstatusCode)[33m.[39mtoBe([35m200[39m)[33m;[39
m
     [90m     |[39m                              [31m[1m^[22m[39m
     [90m 128 |[39m       expect(res[33m.[39mbody)[33m.[39mtoHaveProperty([32m'message'[39m[33m,[39m [32m'鐧诲
綍鎴愬姛'[39m)[33m;[39m
     [90m 129 |[39m       expect(res[33m.[39mbody)[33m.[39mtoHaveProperty([32m'token'[39m)[33m;[39m
     [90m 130 |[39m       expect(res[33m.[39mbody[33m.[39muser)[33m.[39mtoHaveProperty([32m'id'[39m)[33m;[3
9m[0m

      at Object.toBe (tests/controllers-comprehensive.test.js:127:30)

  鈼?AuthController 鈥?POST /api/auth/login 鈥?搴旇鎷掔粷鏃犳晥鐨勯獙璇佺爜

    expect(received).toBe(expected) // Object.is equality

    Expected: 401
    Received: 400

    [0m [90m 148 |[39m         [33m.[39msend({ phone[33m,[39m code[33m:[39m [32m'wrong'[39m })[33m;[39m
     [90m 149 |[39m
    [31m[1m>[22m[39m[90m 150 |[39m       expect(res[33m.[39mstatusCode)[33m.[39mtoBe([35m401[39m)[33m;[39
m
     [90m     |[39m                              [31m[1m^[22m[39m
     [90m 151 |[39m       expect(res[33m.[39mbody)[33m.[39mtoHaveProperty([32m'error'[39m)[33m;[39m
     [90m 152 |[39m     })[33m;[39m
     [90m 153 |[39m[0m

      at Object.toBe (tests/controllers-comprehensive.test.js:150:30)

  鈼?AuthController 鈥?POST /api/auth/register 鈥?搴旇鎴愬姛娉ㄥ唽鏂扮敤鎴?
    expect(received).toBe(expected) // Object.is equality

    Expected: 201
    Received: 400

    [0m [90m 182 |[39m         })[33m;[39m
     [90m 183 |[39m
    [31m[1m>[22m[39m[90m 184 |[39m       expect(res[33m.[39mstatusCode)[33m.[39mtoBe([35m201[39m)[33m;[39
m
     [90m     |[39m                              [31m[1m^[22m[39m
     [90m 185 |[39m       expect(res[33m.[39mbody)[33m.[39mtoHaveProperty([32m'message'[39m[33m,[39m [32m'娉ㄥ
唽鎴愬姛'[39m)[33m;[39m
     [90m 186 |[39m       expect(res[33m.[39mbody)[33m.[39mtoHaveProperty([32m'token'[39m)[33m;[39m
     [90m 187 |[39m       expect(res[33m.[39mbody[33m.[39muser)[33m.[39mtoHaveProperty([32m'role'[39m[33m,[
39m [32m'STUDENT'[39m)[33m;[39m[0m

      at Object.toBe (tests/controllers-comprehensive.test.js:184:30)

  鈼?AuthController 鈥?POST /api/auth/register 鈥?搴旇鎷掔粷宸叉敞鍐岀殑鎵嬫満鍙?
    expect(received).toHaveProperty(path, value)

    Expected path: "error"

    Expected value: "璇ユ墜鏈哄彿宸叉敞鍐?
    Received value: "鎵嬫満鍙锋牸寮忔棤鏁?

    [0m [90m 207 |[39m
     [90m 208 |[39m       expect(res[33m.[39mstatusCode)[33m.[39mtoBe([35m400[39m)[33m;[39m
    [31m[1m>[22m[39m[90m 209 |[39m       expect(res[33m.[39mbody)[33m.[39mtoHaveProperty([32m'error'[39m[3
3m,[39m [32m'璇ユ墜鏈哄彿宸叉敞鍐?[39m)[33m;[39m
     [90m     |[39m                        [31m[1m^[22m[39m
     [90m 210 |[39m     })[33m;[39m
     [90m 211 |[39m
     [90m 212 |[39m     it([32m'搴旇鎷掔粷缂哄け蹇呰瀛楁'[39m[33m,[39m [36masync[39m () [33m=>[39m {[0m

      at Object.toHaveProperty (tests/controllers-comprehensive.test.js:209:24)

  鈼?AuthController 鈥?GET /api/auth/me 鈥?搴旇杩斿洖褰撳墠鐢ㄦ埛淇℃伅

    expect(received).toBe(expected) // Object.is equality

    Expected: 200
    Received: 401

    [0m [90m 228 |[39m         [33m.[39m[36mset[39m([32m'Authorization'[39m[33m,[39m [32m`Bearer ${token}`
[39m)[33m;[39m
     [90m 229 |[39m
    [31m[1m>[22m[39m[90m 230 |[39m       expect(res[33m.[39mstatusCode)[33m.[39mtoBe([35m200[39m)[33m;[39
m
     [90m     |[39m                              [31m[1m^[22m[39m
     [90m 231 |[39m       expect(res[33m.[39mbody[33m.[39muser)[33m.[39mtoHaveProperty([32m'id'[39m)[33m;[3
9m
     [90m 232 |[39m       expect(res[33m.[39mbody[33m.[39muser)[33m.[39mtoHaveProperty([32m'role'[39m)[33m;
[39m
     [90m 233 |[39m       expect(res[33m.[39mbody[33m.[39muser)[33m.[39mtoHaveProperty([32m'phone'[39m)[33m;
[39m[0m

      at Object.toBe (tests/controllers-comprehensive.test.js:230:30)

  鈼?AuthController 鈥?PUT /api/auth/user 鈥?搴旇鏇存柊鐢ㄦ埛淇℃伅

    expect(received).toBe(expected) // Object.is equality

    Expected: 200
    Received: 404

    [0m [90m 259 |[39m         [33m.[39msend({ nickname[33m:[39m [32m'鏂版樀绉?[39m[33m,[39m avatar_url[33m:[3
9m [32m'http://example.com/avatar.jpg'[39m })[33m;[39m
     [90m 260 |[39m
    [31m[1m>[22m[39m[90m 261 |[39m       expect(res[33m.[39mstatusCode)[33m.[39mtoBe([35m200[39m)[33m;[39
m
     [90m     |[39m                              [31m[1m^[22m[39m
     [90m 262 |[39m       expect(res[33m.[39mbody)[33m.[39mtoHaveProperty([32m'message'[39m[33m,[39m [32m'鏇存
柊鎴愬姛'[39m)[33m;[39m
     [90m 263 |[39m       expect(res[33m.[39mbody[33m.[39muser)[33m.[39mtoHaveProperty([32m'nickname'[39m[33
m,[39m [32m'鏂版樀绉?[39m)[33m;[39m
     [90m 264 |[39m     })[33m;[39m[0m

      at Object.toBe (tests/controllers-comprehensive.test.js:261:30)

  鈼?AuthController 鈥?PUT /api/auth/user 鈥?搴旇鎷掔粷鏈巿鏉冪殑璇锋眰

    expect(received).toBe(expected) // Object.is equality

    Expected: 401
    Received: 404

    [0m [90m 269 |[39m         [33m.[39msend({ nickname[33m:[39m [32m'娴嬭瘯'[39m })[33m;[39m
     [90m 270 |[39m
    [31m[1m>[22m[39m[90m 271 |[39m       expect(res[33m.[39mstatusCode)[33m.[39mtoBe([35m401[39m)[33m;[39
m
     [90m     |[39m                              [31m[1m^[22m[39m
     [90m 272 |[39m     })[33m;[39m
     [90m 273 |[39m   })[33m;[39m
     [90m 274 |[39m[0m

      at Object.toBe (tests/controllers-comprehensive.test.js:271:30)

  鈼?AuthController 鈥?POST /api/auth/refresh-token 鈥?搴旇鍒锋柊 token

    expect(received).toBe(expected) // Object.is equality

    Expected: 200
    Received: 404

    [0m [90m 281 |[39m         [33m.[39m[36mset[39m([32m'Authorization'[39m[33m,[39m [32m`Bearer ${token}`
[39m)[33m;[39m
     [90m 282 |[39m
    [31m[1m>[22m[39m[90m 283 |[39m       expect(res[33m.[39mstatusCode)[33m.[39mtoBe([35m200[39m)[33m;[39
m
     [90m     |[39m                              [31m[1m^[22m[39m
     [90m 284 |[39m       expect(res[33m.[39mbody)[33m.[39mtoHaveProperty([32m'message'[39m[33m,[39m [32m'To
ken 鍒锋柊鎴愬姛'[39m)[33m;[39m
     [90m 285 |[39m       expect(res[33m.[39mbody)[33m.[39mtoHaveProperty([32m'token'[39m)[33m;[39m
     [90m 286 |[39m     })[33m;[39m[0m

      at Object.toBe (tests/controllers-comprehensive.test.js:283:30)

  鈼?AuthController 鈥?POST /api/auth/refresh-token 鈥?搴旇鎷掔粷鏃犳晥鐨?token

    expect(received).toBe(expected) // Object.is equality

    Expected: 401
    Received: 404

    [0m [90m 291 |[39m         [33m.[39m[36mset[39m([32m'Authorization'[39m[33m,[39m [32m'Bearer invalid'[
39m)[33m;[39m
     [90m 292 |[39m
    [31m[1m>[22m[39m[90m 293 |[39m       expect(res[33m.[39mstatusCode)[33m.[39mtoBe([35m401[39m)[33m;[39
m
     [90m     |[39m                              [31m[1m^[22m[39m
     [90m 294 |[39m     })[33m;[39m
     [90m 295 |[39m   })[33m;[39m
     [90m 296 |[39m })[33m;[39m[0m

      at Object.toBe (tests/controllers-comprehensive.test.js:293:30)

  鈼?AIController 鈥?POST /api/ai/ask 鈥?搴旇鎴愬姛鎻愰棶骞惰繑鍥炵瓟妗?
    expect(received).toBe(expected) // Object.is equality

    Expected: 200
    Received: 401

    [0m [90m 310 |[39m         [33m.[39msend({ question[33m:[39m [32m'浠€涔堟槸鍕捐偂瀹氱悊锛?[39m })[33m;[39m
     [90m 311 |[39m
    [31m[1m>[22m[39m[90m 312 |[39m       expect(res[33m.[39mstatusCode)[33m.[39mtoBe([35m200[39m)[33m;[39
m
     [90m     |[39m                              [31m[1m^[22m[39m
     [90m 313 |[39m       expect(res[33m.[39mbody)[33m.[39mtoHaveProperty([32m'message'[39m[33m,[39m [32m'绛旂
枒鎴愬姛'[39m)[33m;[39m
     [90m 314 |[39m       expect(res[33m.[39mbody[33m.[39mdata)[33m.[39mtoHaveProperty([32m'question'[39m)[3
3m;[39m
     [90m 315 |[39m       expect(res[33m.[39mbody[33m.[39mdata)[33m.[39mtoHaveProperty([32m'answer'[39m)[33m
;[39m[0m

      at Object.toBe (tests/controllers-comprehensive.test.js:312:30)

  鈼?AIController 鈥?POST /api/ai/ask 鈥?搴旇鎷掔粷绌洪棶棰?
    expect(received).toBe(expected) // Object.is equality

    Expected: 400
    Received: 401

    [0m [90m 324 |[39m         [33m.[39msend({})[33m;[39m
     [90m 325 |[39m
    [31m[1m>[22m[39m[90m 326 |[39m       expect(res[33m.[39mstatusCode)[33m.[39mtoBe([35m400[39m)[33m;[39
m
     [90m     |[39m                              [31m[1m^[22m[39m
     [90m 327 |[39m       expect(res[33m.[39mbody)[33m.[39mtoHaveProperty([32m'error'[39m[33m,[39m [32m'闂涓
嶈兘涓虹┖'[39m)[33m;[39m
     [90m 328 |[39m     })[33m;[39m
     [90m 329 |[39m[0m

      at Object.toBe (tests/controllers-comprehensive.test.js:326:30)

  鈼?AIController 鈥?GET /api/ai/history 鈥?搴旇杩斿洖闂瓟鍘嗗彶

    expect(received).toBe(expected) // Object.is equality

    Expected: 200
    Received: 401

    [0m [90m 351 |[39m         [33m.[39m[36mset[39m([32m'Authorization'[39m[33m,[39m [32m`Bearer ${token}`
[39m)[33m;[39m
     [90m 352 |[39m
    [31m[1m>[22m[39m[90m 353 |[39m       expect(res[33m.[39mstatusCode)[33m.[39mtoBe([35m200[39m)[33m;[39
m
     [90m     |[39m                              [31m[1m^[22m[39m
     [90m 354 |[39m       expect(res[33m.[39mbody)[33m.[39mtoHaveProperty([32m'data'[39m)[33m;[39m
     [90m 355 |[39m       expect(res[33m.[39mbody)[33m.[39mtoHaveProperty([32m'total'[39m)[33m;[39m
     [90m 356 |[39m       expect([33mArray[39m[33m.[39misArray(res[33m.[39mbody[33m.[39mdata))[33m.[39mtoBe
([36mtrue[39m)[33m;[39m[0m

      at Object.toBe (tests/controllers-comprehensive.test.js:353:30)

  鈼?AIController 鈥?GET /api/ai/history 鈥?搴旇鏀寔鍒嗛〉鍙傛暟

    expect(received).toBe(expected) // Object.is equality

    Expected: 200
    Received: 401

    [0m [90m 364 |[39m         [33m.[39m[36mset[39m([32m'Authorization'[39m[33m,[39m [32m`Bearer ${token}`
[39m)[33m;[39m
     [90m 365 |[39m
    [31m[1m>[22m[39m[90m 366 |[39m       expect(res[33m.[39mstatusCode)[33m.[39mtoBe([35m200[39m)[33m;[39
m
     [90m     |[39m                              [31m[1m^[22m[39m
     [90m 367 |[39m       expect(res[33m.[39mbody)[33m.[39mtoHaveProperty([32m'data'[39m)[33m;[39m
     [90m 368 |[39m     })[33m;[39m
     [90m 369 |[39m   })[33m;[39m[0m

      at Object.toBe (tests/controllers-comprehensive.test.js:366:30)

  鈼?AIController 鈥?GET /api/ai/search 鈥?搴旇鎼滅储闂瓟璁板綍

    expect(received).toBe(expected) // Object.is equality

    Expected: 200
    Received: 401

    [0m [90m 377 |[39m         [33m.[39m[36mset[39m([32m'Authorization'[39m[33m,[39m [32m`Bearer ${token}`
[39m)[33m;[39m
     [90m 378 |[39m
    [31m[1m>[22m[39m[90m 379 |[39m       expect(res[33m.[39mstatusCode)[33m.[39mtoBe([35m200[39m)[33m;[39
m
     [90m     |[39m                              [31m[1m^[22m[39m
     [90m 380 |[39m       expect(res[33m.[39mbody)[33m.[39mtoHaveProperty([32m'data'[39m)[33m;[39m
     [90m 381 |[39m       expect(res[33m.[39mbody)[33m.[39mtoHaveProperty([32m'total'[39m)[33m;[39m
     [90m 382 |[39m     })[33m;[39m[0m

      at Object.toBe (tests/controllers-comprehensive.test.js:379:30)

  鈼?AIController 鈥?GET /api/ai/search 鈥?搴旇鎷掔粷绌哄叧閿瘝

    expect(received).toBe(expected) // Object.is equality

    Expected: 400
    Received: 401

    [0m [90m 389 |[39m         [33m.[39m[36mset[39m([32m'Authorization'[39m[33m,[39m [32m`Bearer ${token}`
[39m)[33m;[39m
     [90m 390 |[39m
    [31m[1m>[22m[39m[90m 391 |[39m       expect(res[33m.[39mstatusCode)[33m.[39mtoBe([35m400[39m)[33m;[39
m
     [90m     |[39m                              [31m[1m^[22m[39m
     [90m 392 |[39m       expect(res[33m.[39mbody)[33m.[39mtoHaveProperty([32m'error'[39m[33m,[39m [32m'鎼滅储鍏
抽敭璇嶄笉鑳戒负绌?[39m)[33m;[39m
     [90m 393 |[39m     })[33m;[39m
     [90m 394 |[39m   })[33m;[39m[0m

      at Object.toBe (tests/controllers-comprehensive.test.js:391:30)

  鈼?AIController 鈥?DELETE /api/ai/history/:id 鈥?搴旇鍒犻櫎闂瓟璁板綍

    TypeError: Cannot read properties of undefined (reading 'createdAt')

    [0m [90m 404 |[39m         [33m.[39msend({ question[33m:[39m [32m'娴嬭瘯闂'[39m })[33m;[39m
     [90m 405 |[39m
    [31m[1m>[22m[39m[90m 406 |[39m       [36mconst[39m recordId [33m=[39m createRes[33m.[39mbody[33m.[39m
data[33m.[39mcreatedAt[33m;[39m
     [90m     |[39m                                            [31m[1m^[22m[39m
     [90m 407 |[39m
     [90m 408 |[39m       [36mconst[39m res [33m=[39m [36mawait[39m request(server)
     [90m 409 |[39m         [33m.[39m[36mdelete[39m([32m`/api/ai/history/${recordId}`[39m)[0m

      at Object.createdAt (tests/controllers-comprehensive.test.js:406:44)

  鈼?AIController 鈥?DELETE /api/ai/history/:id 鈥?搴旇鎷掔粷鍒犻櫎涓嶅瓨鍦ㄧ殑璁板綍

    expect(received).toBe(expected) // Object.is equality

    Expected: 404
    Received: 401

    [0m [90m 421 |[39m         [33m.[39m[36mset[39m([32m'Authorization'[39m[33m,[39m [32m`Bearer ${token}`
[39m)[33m;[39m
     [90m 422 |[39m
    [31m[1m>[22m[39m[90m 423 |[39m       expect(res[33m.[39mstatusCode)[33m.[39mtoBe([35m404[39m)[33m;[39
m
     [90m     |[39m                              [31m[1m^[22m[39m
     [90m 424 |[39m       expect(res[33m.[39mbody)[33m.[39mtoHaveProperty([32m'error'[39m[33m,[39m [32m'璁板綍涓
嶅瓨鍦?[39m)[33m;[39m
     [90m 425 |[39m     })[33m;[39m
     [90m 426 |[39m   })[33m;[39m[0m

      at Object.toBe (tests/controllers-comprehensive.test.js:423:30)

  鈼?PracticeController 鈥?POST /api/practice/sessions 鈥?搴旇鍒涘缓缁冧範浼氳瘽

    expect(received).toBe(expected) // Object.is equality

    Expected: 201
    Received: 401

    [0m [90m 441 |[39m         [33m.[39msend({ textbookId[33m:[39m [32m'test-book-1'[39m[33m,[39m unitId[33
m:[39m [32m'unit-1'[39m })[33m;[39m
     [90m 442 |[39m
    [31m[1m>[22m[39m[90m 443 |[39m       expect(res[33m.[39mstatusCode)[33m.[39mtoBe([35m201[39m)[33m;[39
m
     [90m     |[39m                              [31m[1m^[22m[39m
     [90m 444 |[39m       expect(res[33m.[39mbody)[33m.[39mtoHaveProperty([32m'message'[39m[33m,[39m [32m'鍒涘
缓鎴愬姛'[39m)[33m;[39m
     [90m 445 |[39m       expect(res[33m.[39mbody[33m.[39mdata)[33m.[39mtoHaveProperty([32m'id'[39m)[33m;[3
9m
     [90m 446 |[39m       expect(res[33m.[39mbody[33m.[39mdata)[33m.[39mtoHaveProperty([32m'status'[39m[33m,
[39m [32m'active'[39m)[33m;[39m[0m

      at Object.toBe (tests/controllers-comprehensive.test.js:443:30)

  鈼?PracticeController 鈥?GET /api/practice/sessions 鈥?搴旇鑾峰彇浼氳瘽鍒楄〃

    expect(received).toBe(expected) // Object.is equality

    Expected: 200
    Received: 401

    [0m [90m 470 |[39m         [33m.[39m[36mset[39m([32m'Authorization'[39m[33m,[39m [32m`Bearer ${token}`
[39m)[33m;[39m
     [90m 471 |[39m
    [31m[1m>[22m[39m[90m 472 |[39m       expect(res[33m.[39mstatusCode)[33m.[39mtoBe([35m200[39m)[33m;[39
m
     [90m     |[39m                              [31m[1m^[22m[39m
     [90m 473 |[39m       expect(res[33m.[39mbody)[33m.[39mtoHaveProperty([32m'data'[39m)[33m;[39m
     [90m 474 |[39m       expect(res[33m.[39mbody)[33m.[39mtoHaveProperty([32m'total'[39m)[33m;[39m
     [90m 475 |[39m       expect([33mArray[39m[33m.[39misArray(res[33m.[39mbody[33m.[39mdata))[33m.[39mtoBe
([36mtrue[39m)[33m;[39m[0m

      at Object.toBe (tests/controllers-comprehensive.test.js:472:30)

  鈼?PracticeController 鈥?GET /api/practice/sessions 鈥?搴旇鏀寔鐘舵€佽繃婊?
    expect(received).toBe(expected) // Object.is equality

    Expected: 200
    Received: 401

    [0m [90m 483 |[39m         [33m.[39m[36mset[39m([32m'Authorization'[39m[33m,[39m [32m`Bearer ${token}`
[39m)[33m;[39m
     [90m 484 |[39m
    [31m[1m>[22m[39m[90m 485 |[39m       expect(res[33m.[39mstatusCode)[33m.[39mtoBe([35m200[39m)[33m;[39
m
     [90m     |[39m                              [31m[1m^[22m[39m
     [90m 486 |[39m       expect(res[33m.[39mbody)[33m.[39mtoHaveProperty([32m'data'[39m)[33m;[39m
     [90m 487 |[39m     })[33m;[39m
     [90m 488 |[39m   })[33m;[39m[0m

      at Object.toBe (tests/controllers-comprehensive.test.js:485:30)

  鈼?PracticeController 鈥?GET /api/practice/sessions/:id 鈥?搴旇鑾峰彇浼氳瘽璇︽儏

    TypeError: Cannot read properties of undefined (reading 'id')

    [0m [90m 498 |[39m         [33m.[39msend({ textbookId[33m:[39m [32m'test-book-1'[39m[33m,[39m unitId[33
m:[39m [32m'unit-1'[39m })[33m;[39m
     [90m 499 |[39m
    [31m[1m>[22m[39m[90m 500 |[39m       [36mconst[39m sessionId [33m=[39m createRes[33m.[39mbody[33m.[39
mdata[33m.[39mid[33m;[39m
     [90m     |[39m                                             [31m[1m^[22m[39m
     [90m 501 |[39m
     [90m 502 |[39m       [36mconst[39m res [33m=[39m [36mawait[39m request(server)
     [90m 503 |[39m         [33m.[39m[36mget[39m([32m`/api/practice/sessions/${sessionId}`[39m)[0m

      at Object.id (tests/controllers-comprehensive.test.js:500:45)

  鈼?PracticeController 鈥?GET /api/practice/sessions/:id 鈥?搴旇鎷掔粷璁块棶涓嶅瓨鍦ㄧ殑浼氳瘽

    expect(received).toBe(expected) // Object.is equality

    Expected: 404
    Received: 401

    [0m [90m 515 |[39m         [33m.[39m[36mset[39m([32m'Authorization'[39m[33m,[39m [32m`Bearer ${token}`
[39m)[33m;[39m
     [90m 516 |[39m
    [31m[1m>[22m[39m[90m 517 |[39m       expect(res[33m.[39mstatusCode)[33m.[39mtoBe([35m404[39m)[33m;[39
m
     [90m     |[39m                              [31m[1m^[22m[39m
     [90m 518 |[39m     })[33m;[39m
     [90m 519 |[39m   })[33m;[39m
     [90m 520 |[39m[0m

      at Object.toBe (tests/controllers-comprehensive.test.js:517:30)

  鈼?PracticeController 鈥?PUT /api/practice/sessions/:id 鈥?搴旇鏇存柊浼氳瘽鐘舵€?
    TypeError: Cannot read properties of undefined (reading 'id')

    [0m [90m 529 |[39m         [33m.[39msend({ textbookId[33m:[39m [32m'test-book-1'[39m[33m,[39m unitId[33
m:[39m [32m'unit-1'[39m })[33m;[39m
     [90m 530 |[39m
    [31m[1m>[22m[39m[90m 531 |[39m       [36mconst[39m sessionId [33m=[39m createRes[33m.[39mbody[33m.[39
mdata[33m.[39mid[33m;[39m
     [90m     |[39m                                             [31m[1m^[22m[39m
     [90m 532 |[39m
     [90m 533 |[39m       [36mconst[39m res [33m=[39m [36mawait[39m request(server)
     [90m 534 |[39m         [33m.[39mput([32m`/api/practice/sessions/${sessionId}`[39m)[0m

      at Object.id (tests/controllers-comprehensive.test.js:531:45)

  鈼?PracticeController 鈥?DELETE /api/practice/sessions/:id 鈥?搴旇鍒犻櫎浼氳瘽

    TypeError: Cannot read properties of undefined (reading 'id')

    [0m [90m 550 |[39m         [33m.[39msend({ textbookId[33m:[39m [32m'test-book-1'[39m[33m,[39m unitId[33
m:[39m [32m'unit-1'[39m })[33m;[39m
     [90m 551 |[39m
    [31m[1m>[22m[39m[90m 552 |[39m       [36mconst[39m sessionId [33m=[39m createRes[33m.[39mbody[33m.[39
mdata[33m.[39mid[33m;[39m
     [90m     |[39m                                             [31m[1m^[22m[39m
     [90m 553 |[39m
     [90m 554 |[39m       [36mconst[39m res [33m=[39m [36mawait[39m request(server)
     [90m 555 |[39m         [33m.[39m[36mdelete[39m([32m`/api/practice/sessions/${sessionId}`[39m)[0m

      at Object.id (tests/controllers-comprehensive.test.js:552:45)

  鈼?PracticeController 鈥?POST /api/practice/sessions/:id/questions 鈥?搴旇娣诲姞闂鍒颁細璇?
    TypeError: Cannot read properties of undefined (reading 'id')

    [0m [90m 570 |[39m         [33m.[39msend({ textbookId[33m:[39m [32m'test-book-1'[39m[33m,[39m unitId[33
m:[39m [32m'unit-1'[39m })[33m;[39m
     [90m 571 |[39m
    [31m[1m>[22m[39m[90m 572 |[39m       [36mconst[39m sessionId [33m=[39m createRes[33m.[39mbody[33m.[39
mdata[33m.[39mid[33m;[39m
     [90m     |[39m                                             [31m[1m^[22m[39m
     [90m 573 |[39m
     [90m 574 |[39m       [36mconst[39m res [33m=[39m [36mawait[39m request(server)
     [90m 575 |[39m         [33m.[39mpost([32m`/api/practice/sessions/${sessionId}/questions`[39m)[0m

      at Object.id (tests/controllers-comprehensive.test.js:572:45)

  鈼?PracticeController 鈥?POST /api/practice/sessions/:id/answers 鈥?搴旇鎻愪氦绛旀

    TypeError: Cannot read properties of undefined (reading 'id')

    [0m [90m 597 |[39m         [33m.[39msend({ textbookId[33m:[39m [32m'test-book-1'[39m[33m,[39m unitId[33
m:[39m [32m'unit-1'[39m })[33m;[39m
     [90m 598 |[39m
    [31m[1m>[22m[39m[90m 599 |[39m       [36mconst[39m sessionId [33m=[39m sessionRes[33m.[39mbody[33m.[3
9mdata[33m.[39mid[33m;[39m
     [90m     |[39m                                              [31m[1m^[22m[39m
     [90m 600 |[39m
     [90m 601 |[39m       [90m// 鍏堟坊鍔犱竴涓棶棰?[39m
     [90m 602 |[39m       [36mconst[39m questionRes [33m=[39m [36mawait[39m request(server)[0m

      at Object.id (tests/controllers-comprehensive.test.js:599:46)

  鈼?PracticeController 鈥?GET /api/practice/sessions/:id/answers 鈥?搴旇鑾峰彇绛旈璁板綍

    TypeError: Cannot read properties of undefined (reading 'id')

    [0m [90m 631 |[39m         [33m.[39msend({ textbookId[33m:[39m [32m'test-book-1'[39m[33m,[39m unitId[33
m:[39m [32m'unit-1'[39m })[33m;[39m
     [90m 632 |[39m
    [31m[1m>[22m[39m[90m 633 |[39m       [36mconst[39m sessionId [33m=[39m sessionRes[33m.[39mbody[33m.[3
9mdata[33m.[39mid[33m;[39m
     [90m     |[39m                                              [31m[1m^[22m[39m
     [90m 634 |[39m
     [90m 635 |[39m       [36mconst[39m res [33m=[39m [36mawait[39m request(server)
     [90m 636 |[39m         [33m.[39m[36mget[39m([32m`/api/practice/sessions/${sessionId}/answers`[39m)[0m

      at Object.id (tests/controllers-comprehensive.test.js:633:46)

  鈼?KnowledgeController 鈥?POST /api/knowledge/points 鈥?搴旇鍒涘缓鐭ヨ瘑鐐?
    expect(received).toBe(expected) // Object.is equality

    Expected: 201
    Received: 401

    [0m [90m 663 |[39m         })[33m;[39m
     [90m 664 |[39m
    [31m[1m>[22m[39m[90m 665 |[39m       expect(res[33m.[39mstatusCode)[33m.[39mtoBe([35m201[39m)[33m;[39
m
     [90m     |[39m                              [31m[1m^[22m[39m
     [90m 666 |[39m       expect(res[33m.[39mbody)[33m.[39mtoHaveProperty([32m'message'[39m[33m,[39m [32m'鍒涘
缓鎴愬姛'[39m)[33m;[39m
     [90m 667 |[39m       expect(res[33m.[39mbody[33m.[39mdata)[33m.[39mtoHaveProperty([32m'title'[39m[33m,
[39m [32m'鍕捐偂瀹氱悊'[39m)[33m;[39m
     [90m 668 |[39m     })[33m;[39m[0m

      at Object.toBe (tests/controllers-comprehensive.test.js:665:30)

  鈼?KnowledgeController 鈥?POST /api/knowledge/points 鈥?搴旇鎷掔粷绌烘爣棰?
    expect(received).toBe(expected) // Object.is equality

    Expected: 400
    Received: 401

    [0m [90m 676 |[39m         [33m.[39msend({ content[33m:[39m [32m'娴嬭瘯鍐呭'[39m })[33m;[39m
     [90m 677 |[39m
    [31m[1m>[22m[39m[90m 678 |[39m       expect(res[33m.[39mstatusCode)[33m.[39mtoBe([35m400[39m)[33m;[39
m
     [90m     |[39m                              [31m[1m^[22m[39m
     [90m 679 |[39m       expect(res[33m.[39mbody)[33m.[39mtoHaveProperty([32m'error'[39m[33m,[39m [32m'鐭ヨ瘑鐐
规爣棰樹笉鑳戒负绌?[39m)[33m;[39m
     [90m 680 |[39m     })[33m;[39m
     [90m 681 |[39m   })[33m;[39m[0m

      at Object.toBe (tests/controllers-comprehensive.test.js:678:30)

  鈼?KnowledgeController 鈥?GET /api/knowledge/points 鈥?搴旇鑾峰彇鐭ヨ瘑鐐瑰垪琛?
    expect(received).toBe(expected) // Object.is equality

    Expected: 200
    Received: 401

    [0m [90m 695 |[39m         [33m.[39m[36mset[39m([32m'Authorization'[39m[33m,[39m [32m`Bearer ${token}`
[39m)[33m;[39m
     [90m 696 |[39m
    [31m[1m>[22m[39m[90m 697 |[39m       expect(res[33m.[39mstatusCode)[33m.[39mtoBe([35m200[39m)[33m;[39
m
     [90m     |[39m                              [31m[1m^[22m[39m
     [90m 698 |[39m       expect(res[33m.[39mbody)[33m.[39mtoHaveProperty([32m'data'[39m)[33m;[39m
     [90m 699 |[39m       expect(res[33m.[39mbody)[33m.[39mtoHaveProperty([32m'total'[39m)[33m;[39m
     [90m 700 |[39m     })[33m;[39m[0m

      at Object.toBe (tests/controllers-comprehensive.test.js:697:30)

  鈼?KnowledgeController 鈥?GET /api/knowledge/points 鈥?搴旇鏀寔鍒嗙被杩囨护

    expect(received).toBe(expected) // Object.is equality

    Expected: 200
    Received: 401

    [0m [90m 707 |[39m         [33m.[39m[36mset[39m([32m'Authorization'[39m[33m,[39m [32m`Bearer ${token}`
[39m)[33m;[39m
     [90m 708 |[39m
    [31m[1m>[22m[39m[90m 709 |[39m       expect(res[33m.[39mstatusCode)[33m.[39mtoBe([35m200[39m)[33m;[39
m
     [90m     |[39m                              [31m[1m^[22m[39m
     [90m 710 |[39m       expect(res[33m.[39mbody)[33m.[39mtoHaveProperty([32m'data'[39m)[33m;[39m
     [90m 711 |[39m     })[33m;[39m
     [90m 712 |[39m   })[33m;[39m[0m

      at Object.toBe (tests/controllers-comprehensive.test.js:709:30)

  鈼?KnowledgeController 鈥?GET /api/knowledge/points/:id 鈥?搴旇鑾峰彇鐭ヨ瘑鐐硅鎯?
    TypeError: Cannot read properties of undefined (reading 'id')

    [0m [90m 721 |[39m         [33m.[39msend({ title[33m:[39m [32m'娴嬭瘯鐭ヨ瘑鐐?[39m[33m,[39m content[33m:[39m 
[32m'鍐呭'[39m })[33m;[39m
     [90m 722 |[39m
    [31m[1m>[22m[39m[90m 723 |[39m       [36mconst[39m pointId [33m=[39m createRes[33m.[39mbody[33m.[39md
ata[33m.[39mid[33m;[39m
     [90m     |[39m                                           [31m[1m^[22m[39m
     [90m 724 |[39m
     [90m 725 |[39m       [36mconst[39m res [33m=[39m [36mawait[39m request(server)
     [90m 726 |[39m         [33m.[39m[36mget[39m([32m`/api/knowledge/points/${pointId}`[39m)[0m

      at Object.id (tests/controllers-comprehensive.test.js:723:43)

  鈼?KnowledgeController 鈥?GET /api/knowledge/points/:id 鈥?搴旇鎷掔粷璁块棶涓嶅瓨鍦ㄧ殑鐭ヨ瘑鐐?
    expect(received).toBe(expected) // Object.is equality

    Expected: 404
    Received: 401

    [0m [90m 738 |[39m         [33m.[39m[36mset[39m([32m'Authorization'[39m[33m,[39m [32m`Bearer ${token}`
[39m)[33m;[39m
     [90m 739 |[39m
    [31m[1m>[22m[39m[90m 740 |[39m       expect(res[33m.[39mstatusCode)[33m.[39mtoBe([35m404[39m)[33m;[39
m
     [90m     |[39m                              [31m[1m^[22m[39m
     [90m 741 |[39m     })[33m;[39m
     [90m 742 |[39m   })[33m;[39m
     [90m 743 |[39m[0m

      at Object.toBe (tests/controllers-comprehensive.test.js:740:30)

  鈼?KnowledgeController 鈥?PUT /api/knowledge/points/:id 鈥?搴旇鏇存柊鐭ヨ瘑鐐?
    TypeError: Cannot read properties of undefined (reading 'id')

    [0m [90m 751 |[39m         [33m.[39msend({ title[33m:[39m [32m'鍘熸爣棰?[39m[33m,[39m content[33m:[39m [3
2m'鍘熷唴瀹?[39m })[33m;[39m
     [90m 752 |[39m
    [31m[1m>[22m[39m[90m 753 |[39m       [36mconst[39m pointId [33m=[39m createRes[33m.[39mbody[33m.[39md
ata[33m.[39mid[33m;[39m
     [90m     |[39m                                           [31m[1m^[22m[39m
     [90m 754 |[39m
     [90m 755 |[39m       [36mconst[39m res [33m=[39m [36mawait[39m request(server)
     [90m 756 |[39m         [33m.[39mput([32m`/api/knowledge/points/${pointId}`[39m)[0m

      at Object.id (tests/controllers-comprehensive.test.js:753:43)

  鈼?KnowledgeController 鈥?DELETE /api/knowledge/points/:id 鈥?搴旇鍒犻櫎鐭ヨ瘑鐐?
    TypeError: Cannot read properties of undefined (reading 'id')

    [0m [90m 772 |[39m         [33m.[39msend({ title[33m:[39m [32m'娴嬭瘯鐭ヨ瘑鐐?[39m[33m,[39m content[33m:[39m 
[32m'鍐呭'[39m })[33m;[39m
     [90m 773 |[39m
    [31m[1m>[22m[39m[90m 774 |[39m       [36mconst[39m pointId [33m=[39m createRes[33m.[39mbody[33m.[39md
ata[33m.[39mid[33m;[39m
     [90m     |[39m                                           [31m[1m^[22m[39m
     [90m 775 |[39m
     [90m 776 |[39m       [36mconst[39m res [33m=[39m [36mawait[39m request(server)
     [90m 777 |[39m         [33m.[39m[36mdelete[39m([32m`/api/knowledge/points/${pointId}`[39m)[0m

      at Object.id (tests/controllers-comprehensive.test.js:774:43)

  鈼?KnowledgeController 鈥?GET /api/knowledge/points/search 鈥?搴旇鎼滅储鐭ヨ瘑鐐?
    expect(received).toBe(expected) // Object.is equality

    Expected: 200
    Received: 401

    [0m [90m 791 |[39m         [33m.[39m[36mset[39m([32m'Authorization'[39m[33m,[39m [32m`Bearer ${token}`
[39m)[33m;[39m
     [90m 792 |[39m
    [31m[1m>[22m[39m[90m 793 |[39m       expect(res[33m.[39mstatusCode)[33m.[39mtoBe([35m200[39m)[33m;[39
m
     [90m     |[39m                              [31m[1m^[22m[39m
     [90m 794 |[39m       expect(res[33m.[39mbody)[33m.[39mtoHaveProperty([32m'data'[39m)[33m;[39m
     [90m 795 |[39m       expect(res[33m.[39mbody)[33m.[39mtoHaveProperty([32m'total'[39m)[33m;[39m
     [90m 796 |[39m     })[33m;[39m[0m

      at Object.toBe (tests/controllers-comprehensive.test.js:793:30)

  鈼?KnowledgeController 鈥?GET /api/knowledge/points/search 鈥?搴旇鎷掔粷绌哄叧閿瘝

    expect(received).toBe(expected) // Object.is equality

    Expected: 400
    Received: 401

    [0m [90m 803 |[39m         [33m.[39m[36mset[39m([32m'Authorization'[39m[33m,[39m [32m`Bearer ${token}`
[39m)[33m;[39m
     [90m 804 |[39m
    [31m[1m>[22m[39m[90m 805 |[39m       expect(res[33m.[39mstatusCode)[33m.[39mtoBe([35m400[39m)[33m;[39
m
     [90m     |[39m                              [31m[1m^[22m[39m
     [90m 806 |[39m       expect(res[33m.[39mbody)[33m.[39mtoHaveProperty([32m'error'[39m[33m,[39m [32m'鎼滅储鍏
抽敭璇嶄笉鑳戒负绌?[39m)[33m;[39m
     [90m 807 |[39m     })[33m;[39m
     [90m 808 |[39m   })[33m;[39m[0m

      at Object.toBe (tests/controllers-comprehensive.test.js:805:30)

  鈼?HealthController 鈥?GET /api/health/ready 鈥?搴旇杩斿洖灏辩华鐘舵€?
    expect(received).toBe(expected) // Object.is equality

    Expected: 200
    Received: 404

    [0m [90m 830 |[39m         [33m.[39m[36mget[39m([32m'/api/health/ready'[39m)[33m;[39m
     [90m 831 |[39m
    [31m[1m>[22m[39m[90m 832 |[39m       expect(res[33m.[39mstatusCode)[33m.[39mtoBe([35m200[39m)[33m;[39
m
     [90m     |[39m                              [31m[1m^[22m[39m
     [90m 833 |[39m     })[33m;[39m
     [90m 834 |[39m   })[33m;[39m
     [90m 835 |[39m[0m

      at Object.toBe (tests/controllers-comprehensive.test.js:832:30)

  鈼?HealthController 鈥?GET /api/health/live 鈥?搴旇杩斿洖瀛樻椿鐘舵€?
    expect(received).toBe(expected) // Object.is equality

    Expected: 200
    Received: 404

    [0m [90m 839 |[39m         [33m.[39m[36mget[39m([32m'/api/health/live'[39m)[33m;[39m
     [90m 840 |[39m
    [31m[1m>[22m[39m[90m 841 |[39m       expect(res[33m.[39mstatusCode)[33m.[39mtoBe([35m200[39m)[33m;[39
m
     [90m     |[39m                              [31m[1m^[22m[39m
     [90m 842 |[39m     })[33m;[39m
     [90m 843 |[39m   })[33m;[39m
     [90m 844 |[39m })[33m;[39m[0m

      at Object.toBe (tests/controllers-comprehensive.test.js:841:30)

  console.log
    馃И 娴嬭瘯鐜宸查厤缃細TEST_MODE=true, DATABASE_PATH=E:\openclaw\workspace-studyass-mgr\backend\test-temp-19896.db

      at Object.<anonymous> (jest.setup.js:33:9)

  console.error
    [DB] 鍒涘缓绱㈠紩澶辫触: CREATE INDEX IF NOT EXISTS idx_points_ledger_user ON points_ledger(user_id) no such table: main.points_ledger

    [0m [90m 150 |[39m       db[33m.[39mexec(sql)[33m;[39m
     [90m 151 |[39m     } [36mcatch[39m (err) {
    [31m[1m>[22m[39m[90m 152 |[39m       console[33m.[39merror([32m'[DB] 鍒涘缓绱㈠紩澶辫触:'[39m[33m,[39m sql[33m,[39m err[33m.[39mmessage)[33m;[39m
     [90m     |[39m               [31m[1m^[22m[39m
     [90m 153 |[39m     }
     [90m 154 |[39m   }
     [90m 155 |[39m[0m

      at error (src/database/optimized-queries.js:152:15)
      at Object.createOptimizedIndexes (src/server.js:58:3)
      at Object.require (tests/auth.test.js:2:13)

  console.error
    [DB] 鍒涘缓绱㈠紩澶辫触: CREATE INDEX IF NOT EXISTS idx_points_ledger_created ON points_ledger(created_at) no such table: main.points_ledger

    [0m [90m 150 |[39m       db[33m.[39mexec(sql)[33m;[39m
     [90m 151 |[39m     } [36mcatch[39m (err) {
    [31m[1m>[22m[39m[90m 152 |[39m       console[33m.[39merror([32m'[DB] 鍒涘缓绱㈠紩澶辫触:'[39m[33m,[39m sql[33m,[39m err[33m.[39mmessage)[33m;[39m
     [90m     |[39m               [31m[1m^[22m[39m
     [90m 153 |[39m     }
     [90m 154 |[39m   }
     [90m 155 |[39m[0m

      at error (src/database/optimized-queries.js:152:15)
      at Object.createOptimizedIndexes (src/server.js:58:3)
      at Object.require (tests/auth.test.js:2:13)

  console.error
    [DB] 鍒涘缓绱㈠紩澶辫触: CREATE INDEX IF NOT EXISTS idx_practice_sessions_user ON practice_sessions(user_id) no such table: main.practice_sessions

    [0m [90m 150 |[39m       db[33m.[39mexec(sql)[33m;[39m
     [90m 151 |[39m     } [36mcatch[39m (err) {
    [31m[1m>[22m[39m[90m 152 |[39m       console[33m.[39merror([32m'[DB] 鍒涘缓绱㈠紩澶辫触:'[39m[33m,[39m sql[33m,[39m err[33m.[39mmessage)[33m;[39m
     [90m     |[39m               [31m[1m^[22m[39m
     [90m 153 |[39m     }
     [90m 154 |[39m   }
     [90m 155 |[39m[0m

      at error (src/database/optimized-queries.js:152:15)
      at Object.createOptimizedIndexes (src/server.js:58:3)
      at Object.require (tests/auth.test.js:2:13)

  console.error
    [DB] 鍒涘缓绱㈠紩澶辫触: CREATE INDEX IF NOT EXISTS idx_practice_sessions_status ON practice_sessions(status) no such table: main.practice_sessions

    [0m [90m 150 |[39m       db[33m.[39mexec(sql)[33m;[39m
     [90m 151 |[39m     } [36mcatch[39m (err) {
    [31m[1m>[22m[39m[90m 152 |[39m       console[33m.[39merror([32m'[DB] 鍒涘缓绱㈠紩澶辫触:'[39m[33m,[39m sql[33m,[39m err[33m.[39mmessage)[33m;[39m
     [90m     |[39m               [31m[1m^[22m[39m
     [90m 153 |[39m     }
     [90m 154 |[39m   }
     [90m 155 |[39m[0m

      at error (src/database/optimized-queries.js:152:15)
      at Object.createOptimizedIndexes (src/server.js:58:3)
      at Object.require (tests/auth.test.js:2:13)

  console.error
    [DB] 鍒涘缓绱㈠紩澶辫触: CREATE INDEX IF NOT EXISTS idx_points_ledger_user_created ON points_ledger(user_id, created_at) no such table: main.points_ledger

    [0m [90m 150 |[39m       db[33m.[39mexec(sql)[33m;[39m
     [90m 151 |[39m     } [36mcatch[39m (err) {
    [31m[1m>[22m[39m[90m 152 |[39m       console[33m.[39merror([32m'[DB] 鍒涘缓绱㈠紩澶辫触:'[39m[33m,[39m sql[33m,[39m err[33m.[39mmessage)[33m;[39m
     [90m     |[39m               [31m[1m^[22m[39m
     [90m 153 |[39m     }
     [90m 154 |[39m   }
     [90m 155 |[39m[0m

      at error (src/database/optimized-queries.js:152:15)
      at Object.createOptimizedIndexes (src/server.js:58:3)
      at Object.require (tests/auth.test.js:2:13)

  console.log
    [DB] 鏁版嵁搴撶储寮曚紭鍖栧畬鎴?
      at log (src/database/optimized-queries.js:156:11)

  console.log
    馃搳 Prometheus 鎸囨爣宸插垵濮嬪寲 (port=9090, path=/metrics)

      at PrometheusExporter.log [as init] (src/modules/monitoring/PrometheusExporter.js:51:13)

  console.log
    馃И 寮€濮?Auth 妯″潡娴嬭瘯

      at Object.log (tests/auth.test.js:13:13)

  console.error
    鉂?Prometheus 鏈嶅姟鍣ㄩ敊璇? listen EADDRINUSE: address already in use :::9090

    [0m [90m 171 |[39m
     [90m 172 |[39m     [36mthis[39m[33m.[39mserver[33m.[39mon([32m'error'[39m[33m,[39m (error) [33m=>[39m {
    [31m[1m>[22m[39m[90m 173 |[39m       console[33m.[39merror([32m'鉂?Prometheus 鏈嶅姟鍣ㄩ敊璇?'[39m[33m,[39m error[33m.[39mmessage)[33m;[39m
     [90m     |[39m               [31m[1m^[22m[39m
     [90m 174 |[39m     })[33m;[39m
     [90m 175 |[39m   }
     [90m 176 |[39m[0m

      at Server.error (src/modules/monitoring/PrometheusExporter.js:173:15)

  console.log
    馃攲 娴嬭瘯鏈嶅姟鍣ㄥ惎鍔ㄥ湪绔彛 51229

      at Server.log (tests/auth.test.js:15:15)

  console.log
    鉁?Redis 鎺掕姒滅紦瀛樺凡杩炴帴

      at EventEmitter.log (src/modules/leaderboard/LeaderboardCache.js:23:15)

  console.warn
    [WARN] This Redis server's `default` user does not require a password, but a password was supplied

      at node_modules/ioredis/built/redis/event_handler.js:28:33
      at tryCatcher (node_modules/standard-as-callback/built/utils.js:12:23)
      at node_modules/standard-as-callback/built/index.js:33:51

  console.warn
    [WARN] This Redis server's `default` user does not require a password, but a password was supplied

      at node_modules/ioredis/built/redis/event_handler.js:28:33
      at tryCatcher (node_modules/standard-as-callback/built/utils.js:12:23)
      at node_modules/standard-as-callback/built/index.js:33:51

  console.warn
    [WARN] This Redis server's `default` user does not require a password, but a password was supplied

      at node_modules/ioredis/built/redis/event_handler.js:28:33
      at tryCatcher (node_modules/standard-as-callback/built/utils.js:12:23)
      at node_modules/standard-as-callback/built/index.js:33:51

  console.log
    [VerificationService] 楠岃瘉鐮佸凡鐢熸垚骞跺瓨鍌ㄥ埌 Redis锛?3800138000 (login)

      at Object.log [as generateAndSaveCode] (src/services/verificationService.js:116:15)

[32minfo[39m: HTTP_REQUEST {"duration":50,"ip":"::ffff:127.0.0.1","method":"POST","service":"studyass-backend","status":200,"timestamp":"2026-03-17 19:56:07","type":"request","url":"/send-code"}
[32minfo[39m: HTTP_REQUEST {"duration":1,"ip":"::ffff:127.0.0.1","method":"POST","service":"studyass-backend","status":400,"timestamp":"2026-03-17 19:56:07","type":"request","url":"/send-code"}
[32minfo[39m: HTTP_REQUEST {"duration":2,"ip":"::ffff:127.0.0.1","method":"POST","service":"studyass-backend","status":400,"timestamp":"2026-03-17 19:56:07","type":"request","url":"/send-code"}
  console.log
    [VerificationService] 楠岃瘉鐮佸凡鐢熸垚骞跺瓨鍌ㄥ埌 Redis锛?3800138000 (login)

      at Object.log [as generateAndSaveCode] (src/services/verificationService.js:116:15)

[32minfo[39m: HTTP_REQUEST {"duration":3,"ip":"::ffff:127.0.0.1","method":"POST","service":"studyass-backend","status":200,"timestamp":"2026-03-17 19:56:07","type":"request","url":"/send-code"}
  console.log
    [VerificationService] 鉁?娴嬭瘯妯″紡锛氶獙璇佺爜楠岃瘉鎴愬姛锛?3800138000 (login)

      at Object.log [as verifyCode] (src/services/verificationService.js:160:13)

[32minfo[39m: HTTP_REQUEST {"duration":11,"ip":"::ffff:127.0.0.1","method":"POST","service":"studyass-backend","status":200,"timestamp":"2026-03-17 19:56:07","type":"request","url":"/login"}
[32minfo[39m: HTTP_REQUEST {"duration":3,"ip":"::ffff:127.0.0.1","method":"POST","service":"studyass-backend","status":200,"timestamp":"2026-03-17 19:56:07","type":"request","url":"/login"}
[32minfo[39m: HTTP_REQUEST {"duration":2,"ip":"::ffff:127.0.0.1","method":"POST","service":"studyass-backend","status":400,"timestamp":"2026-03-17 19:56:07","type":"request","url":"/login"}
[32minfo[39m: HTTP_REQUEST {"duration":2,"ip":"::ffff:127.0.0.1","method":"POST","service":"studyass-backend","status":400,"timestamp":"2026-03-17 19:56:07","type":"request","url":"/login"}
  console.log
    [VerificationService] 楠岃瘉鐮佸凡鐢熸垚骞跺瓨鍌ㄥ埌 Redis锛?3900139000 (login)

      at Object.log [as generateAndSaveCode] (src/services/verificationService.js:116:15)

[32minfo[39m: HTTP_REQUEST {"duration":4,"ip":"::ffff:127.0.0.1","method":"POST","service":"studyass-backend","status":200,"timestamp":"2026-03-17 19:56:07","type":"request","url":"/send-code"}
  console.log
    [VerificationService] 鉁?娴嬭瘯妯″紡锛氶獙璇佺爜楠岃瘉鎴愬姛锛?3900139000 (register)

      at Object.log [as verifyCode] (src/services/verificationService.js:160:13)

[32minfo[39m: HTTP_REQUEST {"duration":6,"ip":"::ffff:127.0.0.1","method":"POST","service":"studyass-backend","status":201,"timestamp":"2026-03-17 19:56:07","type":"request","url":"/register"}
  console.log
    [VerificationService] 楠岃瘉鐮佸凡鐢熸垚骞跺瓨鍌ㄥ埌 Redis锛?3900139001 (login)

      at Object.log [as generateAndSaveCode] (src/services/verificationService.js:116:15)

[32minfo[39m: HTTP_REQUEST {"duration":3,"ip":"::ffff:127.0.0.1","method":"POST","service":"studyass-backend","status":200,"timestamp":"2026-03-17 19:56:07","type":"request","url":"/send-code"}
  console.log
    [VerificationService] 鉁?娴嬭瘯妯″紡锛氶獙璇佺爜楠岃瘉鎴愬姛锛?3900139001 (register)

      at Object.log [as verifyCode] (src/services/verificationService.js:160:13)

[32minfo[39m: HTTP_REQUEST {"duration":6,"ip":"::ffff:127.0.0.1","method":"POST","service":"studyass-backend","status":201,"timestamp":"2026-03-17 19:56:07","type":"request","url":"/register"}
  console.log
    [VerificationService] 鉁?娴嬭瘯妯″紡锛氶獙璇佺爜楠岃瘉鎴愬姛锛?3800138000 (register)

      at Object.log [as verifyCode] (src/services/verificationService.js:160:13)

[32minfo[39m: HTTP_REQUEST {"duration":3,"ip":"::ffff:127.0.0.1","method":"POST","service":"studyass-backend","status":400,"timestamp":"2026-03-17 19:56:07","type":"request","url":"/register"}
  console.log
    [VerificationService] 鉁?娴嬭瘯妯″紡锛氶獙璇佺爜楠岃瘉鎴愬姛锛?3900139002 (register)

      at Object.log [as verifyCode] (src/services/verificationService.js:160:13)

[32minfo[39m: HTTP_REQUEST {"duration":6,"ip":"::ffff:127.0.0.1","method":"POST","service":"studyass-backend","status":201,"timestamp":"2026-03-17 19:56:07","type":"request","url":"/register"}
[32minfo[39m: HTTP_REQUEST {"duration":4,"ip":"::ffff:127.0.0.1","method":"POST","service":"studyass-backend","status":200,"timestamp":"2026-03-17 19:56:07","type":"request","url":"/refresh"}
[32minfo[39m: HTTP_REQUEST {"duration":2,"ip":"::ffff:127.0.0.1","method":"POST","service":"studyass-backend","status":401,"timestamp":"2026-03-17 19:56:07","type":"request","url":"/refresh"}
[32minfo[39m: HTTP_REQUEST {"duration":3,"ip":"::ffff:127.0.0.1","method":"POST","service":"studyass-backend","status":401,"timestamp":"2026-03-17 19:56:07","type":"request","url":"/refresh"}
[32minfo[39m: HTTP_REQUEST {"duration":3,"ip":"::ffff:127.0.0.1","method":"GET","service":"studyass-backend","status":200,"timestamp":"2026-03-17 19:56:07","type":"request","url":"/me","userId":"e6e5760d-4852-43e6-8a4e-e8c1bd1922af"}
[32minfo[39m: HTTP_REQUEST {"duration":2,"ip":"::ffff:127.0.0.1","method":"GET","service":"studyass-backend","status":401,"timestamp":"2026-03-17 19:56:07","type":"request","url":"/me"}
[32minfo[39m: HTTP_REQUEST {"duration":3,"ip":"::ffff:127.0.0.1","method":"PUT","service":"studyass-backend","status":200,"timestamp":"2026-03-17 19:56:07","type":"request","url":"/me","userId":"e6e5760d-4852-43e6-8a4e-e8c1bd1922af"}
  console.log
    鉁?Auth 妯″潡娴嬭瘯瀹屾垚

      at Object.log (tests/auth.test.js:22:13)

FAIL tests/auth.test.js
  Auth Module API Tests
    POST /api/auth/send-code - 鍙戦€侀獙璇佺爜
      鈭?搴旇鎴愬姛鍙戦€侀獙璇佺爜鍒版湁鏁堟墜鏈哄彿 (94 ms)
      鈭?搴旇鎷掔粷鏃犳晥鎵嬫満鍙锋牸寮?(22 ms)
      鈭?搴旇鎷掔粷绌烘墜鏈哄彿 (17 ms)
    POST /api/auth/login - 鐧诲綍
      鈭?搴旇鎴愬姛鐧诲綍骞惰繑鍥?token (53 ms)
      脳 搴旇鎷掔粷閿欒楠岃瘉鐮?(22 ms)
      鈭?搴旇鎷掔粷绌哄弬鏁?(18 ms)
      鈭?搴旇鎷掔粷鏃犳晥鎵嬫満鍙锋牸寮?(26 ms)
    POST /api/auth/register - 娉ㄥ唽
      脳 搴旇鎴愬姛娉ㄥ唽鏂扮敤鎴?(student) (47 ms)
      脳 搴旇鎴愬姛娉ㄥ唽鏂扮敤鎴?(parent) (37 ms)
      鈭?搴旇鎷掔粷宸叉敞鍐岀殑鎵嬫満鍙?(22 ms)
      脳 搴旇鎷掔粷鏃犳晥瑙掕壊 (22 ms)
    POST /api/auth/refresh - 鍒锋柊 Token
      鈭?搴旇鎴愬姛鍒锋柊 token (22 ms)
      鈭?搴旇鎷掔粷鏃?token 璇锋眰 (24 ms)
      鈭?搴旇鎷掔粷鏃犳晥 token (25 ms)
    GET /api/auth/me - 鑾峰彇褰撳墠鐢ㄦ埛淇℃伅
      鈭?搴旇鎴愬姛鑾峰彇鐢ㄦ埛淇℃伅 (19 ms)
      鈭?搴旇鎷掔粷鏈巿鏉冭姹?(20 ms)
    PUT /api/auth/me - 鏇存柊鐢ㄦ埛淇℃伅
      鈭?搴旇鎴愬姛鏇存柊鐢ㄦ埛鏄电О (24 ms)

  鈼?Auth Module API Tests 鈥?POST /api/auth/login - 鐧诲綍 鈥?搴旇鎷掔粷閿欒楠岃瘉鐮?
    expect(received).toBe(expected) // Object.is equality

    Expected: 401
    Received: 200

    [0m [90m 86 |[39m         [33m.[39msend({ phone[33m:[39m testPhone[33m,[39m code[33m:[39m [32m'999999'
[39m })[33m;[39m
     [90m 87 |[39m
    [31m[1m>[22m[39m[90m 88 |[39m       expect(res[33m.[39mstatusCode)[33m.[39mtoBe([35m401[39m)[33m;[39m
     [90m    |[39m                              [31m[1m^[22m[39m
     [90m 89 |[39m       expect(res[33m.[39mbody[33m.[39merror)[33m.[39mtoBe([32m'楠岃瘉鐮侀敊璇垨宸茶繃鏈?[39m)[33m;[
39m
     [90m 90 |[39m     })[33m;[39m
     [90m 91 |[39m[0m

      at Object.toBe (tests/auth.test.js:88:30)

  鈼?Auth Module API Tests 鈥?POST /api/auth/register - 娉ㄥ唽 鈥?搴旇鎴愬姛娉ㄥ唽鏂扮敤鎴?(student)

    expect(received).toBe(expected) // Object.is equality

    Expected: "student"
    Received: "STUDENT"

    [0m [90m 132 |[39m       expect(res[33m.[39mbody)[33m.[39mtoHaveProperty([32m'message'[39m[33m,[39m [32
m'娉ㄥ唽鎴愬姛'[39m)[33m;[39m
     [90m 133 |[39m       expect(res[33m.[39mbody)[33m.[39mtoHaveProperty([32m'token'[39m)[33m;[39m
    [31m[1m>[22m[39m[90m 134 |[39m       expect(res[33m.[39mbody[33m.[39muser[33m.[39mrole)[33m.[39mtoBe(
[32m'student'[39m)[33m;[39m
     [90m     |[39m                                  [31m[1m^[22m[39m
     [90m 135 |[39m       expect(res[33m.[39mbody[33m.[39muser[33m.[39mnickname)[33m.[39mtoBe([32m'娴嬭瘯瀛︾敓'[
39m)[33m;[39m
     [90m 136 |[39m     })[33m;[39m
     [90m 137 |[39m[0m

      at Object.toBe (tests/auth.test.js:134:34)

  鈼?Auth Module API Tests 鈥?POST /api/auth/register - 娉ㄥ唽 鈥?搴旇鎴愬姛娉ㄥ唽鏂扮敤鎴?(parent)

    expect(received).toBe(expected) // Object.is equality

    Expected: "parent"
    Received: "STUDENT"

    [0m [90m 154 |[39m
     [90m 155 |[39m       expect(res[33m.[39mstatusCode)[33m.[39mtoBe([35m201[39m)[33m;[39m
    [31m[1m>[22m[39m[90m 156 |[39m       expect(res[33m.[39mbody[33m.[39muser[33m.[39mrole)[33m.[39mtoBe(
[32m'parent'[39m)[33m;[39m
     [90m     |[39m                                  [31m[1m^[22m[39m
     [90m 157 |[39m     })[33m;[39m
     [90m 158 |[39m
     [90m 159 |[39m     it([32m'搴旇鎷掔粷宸叉敞鍐岀殑鎵嬫満鍙?[39m[33m,[39m [36masync[39m () [33m=>[39m {[0m

      at Object.toBe (tests/auth.test.js:156:34)

  鈼?Auth Module API Tests 鈥?POST /api/auth/register - 娉ㄥ唽 鈥?搴旇鎷掔粷鏃犳晥瑙掕壊

    expect(received).toBe(expected) // Object.is equality

    Expected: 400
    Received: 201

    [0m [90m 180 |[39m         })[33m;[39m
     [90m 181 |[39m
    [31m[1m>[22m[39m[90m 182 |[39m       expect(res[33m.[39mstatusCode)[33m.[39mtoBe([35m400[39m)[33m;[39
m
     [90m     |[39m                              [31m[1m^[22m[39m
     [90m 183 |[39m       expect(res[33m.[39mbody[33m.[39merror)[33m.[39mtoBe([32m'瑙掕壊蹇呴』鏄?student 鎴?parent'[
39m)[33m;[39m
     [90m 184 |[39m     })[33m;[39m
     [90m 185 |[39m   })[33m;[39m[0m

      at Object.toBe (tests/auth.test.js:182:30)

  console.log
    馃И 娴嬭瘯鐜宸查厤缃細TEST_MODE=true, DATABASE_PATH=E:\openclaw\workspace-studyass-mgr\backend\test-temp-19896.db

      at Object.<anonymous> (jest.setup.js:33:9)

  console.warn
    鏈煡瀹氫环锛歶nknown/unknown-model锛屼娇鐢ㄩ粯璁や环鏍?
    [0m [90m 147 |[39m     [36mconst[39m pricing [33m=[39m [36mthis[39m[33m.[39m[33mPRICING[39m[provider][33m?[39m[33m.[39m[model][33m;[39m
     [90m 148 |[39m     [36mif[39m ([33m![39mpricing) {
    [31m[1m>[22m[39m[90m 149 |[39m       console[33m.[39mwarn([32m`鏈煡瀹氫环锛?{provider}/${model}锛屼娇鐢ㄩ粯璁や环鏍糮[39m)[33m;[39m
     [90m     |[39m               [31m[1m^[22m[39m
     [90m 150 |[39m       [36mreturn[39m (promptTokens [33m+[39m completionTokens) [33m*[39m [35m0.00001[39m[33m;[39m [90m// 榛樿浣庝环[39m
     [90m 151 |[39m     }
     [90m 152 |[39m[0m

      at CostAnalysisService.warn [as calculateCost] (src/modules/cost-analysis/CostAnalysisService.js:149:15)
      at Object.calculateCost (tests/ai-gateway-phase2-integration.test.js:167:38)

FAIL tests/ai-gateway-phase2-integration.test.js
  Phase 2 鏈嶅姟鍒濆鍖?    鈭?AiGatewayServiceV2 搴旇鍖呭惈 Phase 2 鏈嶅姟寮曠敤 (2 ms)
    鈭?Providers 搴旇姝ｇ‘瀵煎嚭 (1 ms)
    鈭?AiGatewayServiceV2 搴旇鍖呭惈鏂板鐨?Provider 閰嶇疆 (2 ms)
    鈭?妯″瀷璺敱搴旇鍖呭惈鏂扮殑 fallback 妯″瀷 (1 ms)
  ResponseCacheService 娴嬭瘯
    鈭?搴旇鐢熸垚涓€鑷寸殑缂撳瓨閿?(2 ms)
    鈭?搴旇涓轰笉鍚屽弬鏁扮敓鎴愪笉鍚岀殑缂撳瓨閿?(1 ms)
    鈭?搴旇鏍规嵁浠诲姟绫诲瀷杩斿洖姝ｇ‘鐨?TTL (1 ms)
  BatchUpdateService 娴嬭瘯
    鈭?搴旇姝ｇ‘閰嶇疆鎵归噺鏇存柊鍙傛暟 (2 ms)
    鈭?搴旇鑳借幏鍙栭槦鍒楃姸鎬?(1 ms)
  PrometheusExporter 娴嬭瘯
    鈭?搴旇瀹氫箟鎵€鏈夊繀闇€鐨勬寚鏍?(3 ms)
    脳 搴旇鑳借褰?AI 璇锋眰鎸囨爣 (30 ms)
    脳 搴旇鑳借褰?AI 璇锋眰寤惰繜 (5 ms)
    脳 搴旇鑳借褰?Token 浣跨敤 (4 ms)
    脳 搴旇鑳借褰曠紦瀛樺懡涓?鏈懡涓?(4 ms)
    脳 搴旇鑳借褰?AI 閿欒 (4 ms)
  CostAnalysisService 娴嬭瘯
    鈭?搴旇瀹氫箟鎵€鏈夋湇鍔″晢鐨勫畾浠?(2 ms)
    鈭?搴旇鑳借绠楅樋閲屼簯妯″瀷鎴愭湰 (3 ms)
    鈭?搴旇鑳借绠楃櫨搴︽ā鍨嬫垚鏈?(2 ms)
    鈭?搴旇鑳借绠楄椋炴ā鍨嬫垚鏈?(2 ms)
    鈭?鏈煡妯″瀷搴旇浣跨敤榛樿浠锋牸 (20 ms)
    鈭?搴旇鑳借幏鍙栧懆鏁?(1 ms)
    鈭?棰勭畻閰嶇疆搴旇姝ｇ‘ (1 ms)
  AiGatewayServiceV2 Phase 2 鏂规硶
    鈭?搴旇鍖呭惈 Phase 2 鏂板鏂规硶 (2 ms)
    鈭?鍋ュ悍鐘舵€佸簲璇ュ寘鍚柊鐨?provider (1 ms)
    鈭?Provider 閰嶇疆搴旇鍖呭惈 provider 绫诲紩鐢?(1 ms)
  BaiduWenxinProvider 娴嬭瘯
    鈭?搴旇瀹氫箟鎵€鏈夋ā鍨?(6 ms)
    鈭?API Key 鏈厤缃椂搴旇杩斿洖閿欒 (2 ms)
    鈭?涓嶆敮鎸佺殑妯″瀷搴旇杩斿洖閿欒 (2 ms)
  IFlytekSparkProvider 娴嬭瘯
    鈭?搴旇瀹氫箟鎵€鏈夋ā鍨?(1 ms)
    鈭?API Key 鏈厤缃椂搴旇杩斿洖閿欒 (2 ms)
    鈭?涓嶆敮鎸佺殑妯″瀷搴旇杩斿洖閿欒 (2 ms)
  鐜鍙橀噺閰嶇疆娴嬭瘯
    脳 .env 搴旇鍖呭惈 Phase 2 閰嶇疆椤?(1 ms)
  闆嗘垚娴佺▼娴嬭瘯
    鈭?AiGatewayServiceV2 搴旇鑳芥纭矾鐢卞埌鐧惧害 provider (1 ms)
    鈭?AiGatewayServiceV2 搴旇鑳芥纭矾鐢卞埌璁 provider (1 ms)
    鈭?妯″瀷璋冪敤搴旇鍖呭惈 taskType 鍙傛暟鏀寔
    鈭?妯″瀷璋冪敤搴旇鍖呭惈 userId 鍙傛暟鏀寔
    鈭?妯″瀷璋冪敤搴旇鍖呭惈 enableCache 鍙傛暟鏀寔 (1 ms)

  鈼?PrometheusExporter 娴嬭瘯 鈥?搴旇鑳借褰?AI 璇锋眰鎸囨爣

    expect(received).not.toThrow()

    Error name:    "TypeError"
    Error message: "Cannot read properties of null (reading 'inc')"

        [0m [90m 192 |[39m [90m   */[39m
         [90m 193 |[39m   [36mstatic[39m recordAIRequest(provider[33m,[39m model[33m,[39m taskType[33m,[39m s
tatus [33m=[39m [32m'success'[39m) {
        [31m[1m>[22m[39m[90m 194 |[39m     [36mthis[39m[33m.[39mmetrics[33m.[39maiRequestsTotal[33m.[39mi
nc({
         [90m     |[39m                                  [31m[1m^[22m[39m
         [90m 195 |[39m       provider[33m,[39m
         [90m 196 |[39m       model[33m,[39m
         [90m 197 |[39m       task_type[33m:[39m taskType[33m,[39m[0m

      at PrometheusExporter.inc [as recordAIRequest] (src/modules/monitoring/PrometheusExporter.js:194:34)
      at recordAIRequest (tests/ai-gateway-phase2-integration.test.js:109:26)
      at Object.<anonymous> (node_modules/expect/build/toThrowMatchers.js:74:11)
      at Object.throwingMatcher [as toThrow] (node_modules/expect/build/index.js:320:21)
      at Object.toThrow (tests/ai-gateway-phase2-integration.test.js:110:12)
      at Object.toThrow (tests/ai-gateway-phase2-integration.test.js:110:12)

  鈼?PrometheusExporter 娴嬭瘯 鈥?搴旇鑳借褰?AI 璇锋眰寤惰繜

    expect(received).not.toThrow()

    Error name:    "TypeError"
    Error message: "Cannot read properties of null (reading 'observe')"

        [0m [90m 204 |[39m [90m   */[39m
         [90m 205 |[39m   [36mstatic[39m recordAIDuration(provider[33m,[39m model[33m,[39m taskType[33m,[39m 
durationSeconds) {
        [31m[1m>[22m[39m[90m 206 |[39m     [36mthis[39m[33m.[39mmetrics[33m.[39maiRequestDuration[33m.[39
mobserve({
         [90m     |[39m                                    [31m[1m^[22m[39m
         [90m 207 |[39m       provider[33m,[39m
         [90m 208 |[39m       model[33m,[39m
         [90m 209 |[39m       task_type[33m:[39m taskType[0m

      at PrometheusExporter.observe [as recordAIDuration] (src/modules/monitoring/PrometheusExporter.js:206:36)
      at recordAIDuration (tests/ai-gateway-phase2-integration.test.js:115:26)
      at Object.<anonymous> (node_modules/expect/build/toThrowMatchers.js:74:11)
      at Object.throwingMatcher [as toThrow] (node_modules/expect/build/index.js:320:21)
      at Object.toThrow (tests/ai-gateway-phase2-integration.test.js:116:12)
      at Object.toThrow (tests/ai-gateway-phase2-integration.test.js:116:12)

  鈼?PrometheusExporter 娴嬭瘯 鈥?搴旇鑳借褰?Token 浣跨敤

    expect(received).not.toThrow()

    Error name:    "TypeError"
    Error message: "Cannot read properties of null (reading 'inc')"

        [0m [90m 227 |[39m [90m   */[39m
         [90m 228 |[39m   [36mstatic[39m recordTokenUsage(provider[33m,[39m model[33m,[39m promptTokens[33m,[
39m completionTokens[33m,[39m totalTokens) {
        [31m[1m>[22m[39m[90m 229 |[39m     [36mthis[39m[33m.[39mmetrics[33m.[39maiTokenUsage[33m.[39minc(
{
         [90m     |[39m                               [31m[1m^[22m[39m
         [90m 230 |[39m       provider[33m,[39m
         [90m 231 |[39m       model[33m,[39m
         [90m 232 |[39m       type[33m:[39m [32m'prompt'[39m[0m

      at PrometheusExporter.inc [as recordTokenUsage] (src/modules/monitoring/PrometheusExporter.js:229:31)
      at recordTokenUsage (tests/ai-gateway-phase2-integration.test.js:121:26)
      at Object.<anonymous> (node_modules/expect/build/toThrowMatchers.js:74:11)
      at Object.throwingMatcher [as toThrow] (node_modules/expect/build/index.js:320:21)
      at Object.toThrow (tests/ai-gateway-phase2-integration.test.js:122:12)
      at Object.toThrow (tests/ai-gateway-phase2-integration.test.js:122:12)

  鈼?PrometheusExporter 娴嬭瘯 鈥?搴旇鑳借褰曠紦瀛樺懡涓?鏈懡涓?
    expect(received).not.toThrow()

    Error name:    "TypeError"
    Error message: "Cannot read properties of null (reading 'inc')"

        [0m [90m 250 |[39m [90m   */[39m
         [90m 251 |[39m   [36mstatic[39m recordCacheHit(taskType) {
        [31m[1m>[22m[39m[90m 252 |[39m     [36mthis[39m[33m.[39mmetrics[33m.[39maiCacheHits[33m.[39minc({
 task_type[33m:[39m taskType })[33m;[39m
         [90m     |[39m                              [31m[1m^[22m[39m
         [90m 253 |[39m   }
         [90m 254 |[39m
         [90m 255 |[39m   [90m/**[39m[0m

      at PrometheusExporter.inc [as recordCacheHit] (src/modules/monitoring/PrometheusExporter.js:252:30)
      at recordCacheHit (tests/ai-gateway-phase2-integration.test.js:127:26)
      at Object.<anonymous> (node_modules/expect/build/toThrowMatchers.js:74:11)
      at Object.throwingMatcher [as toThrow] (node_modules/expect/build/index.js:320:21)
      at Object.toThrow (tests/ai-gateway-phase2-integration.test.js:129:12)
      at Object.toThrow (tests/ai-gateway-phase2-integration.test.js:129:12)

  鈼?PrometheusExporter 娴嬭瘯 鈥?搴旇鑳借褰?AI 閿欒

    expect(received).not.toThrow()

    Error name:    "TypeError"
    Error message: "Cannot read properties of null (reading 'inc')"

        [0m [90m 215 |[39m [90m   */[39m
         [90m 216 |[39m   [36mstatic[39m recordAIError(provider[33m,[39m model[33m,[39m taskType[33m,[39m err
orType) {
        [31m[1m>[22m[39m[90m 217 |[39m     [36mthis[39m[33m.[39mmetrics[33m.[39maiRequestErrors[33m.[39mi
nc({
         [90m     |[39m                                  [31m[1m^[22m[39m
         [90m 218 |[39m       provider[33m,[39m
         [90m 219 |[39m       model[33m,[39m
         [90m 220 |[39m       task_type[33m:[39m taskType[33m,[39m[0m

      at PrometheusExporter.inc [as recordAIError] (src/modules/monitoring/PrometheusExporter.js:217:34)
      at recordAIError (tests/ai-gateway-phase2-integration.test.js:134:26)
      at Object.<anonymous> (node_modules/expect/build/toThrowMatchers.js:74:11)
      at Object.throwingMatcher [as toThrow] (node_modules/expect/build/index.js:320:21)
      at Object.toThrow (tests/ai-gateway-phase2-integration.test.js:135:12)
      at Object.toThrow (tests/ai-gateway-phase2-integration.test.js:135:12)

  鈼?鐜鍙橀噺閰嶇疆娴嬭瘯 鈥?.env 搴旇鍖呭惈 Phase 2 閰嶇疆椤?
    expect(received).toBeDefined()

    Received: undefined

    [0m [90m 286 |[39m describe([32m'鐜鍙橀噺閰嶇疆娴嬭瘯'[39m[33m,[39m () [33m=>[39m {
     [90m 287 |[39m   test([32m'.env 搴旇鍖呭惈 Phase 2 閰嶇疆椤?[39m[33m,[39m () [33m=>[39m {
    [31m[1m>[22m[39m[90m 288 |[39m     expect(process[33m.[39menv[33m.[39m[33mCACHE_DEFAULT_TTL[39m)[33m.
[39mtoBeDefined()[33m;[39m
     [90m     |[39m                                           [31m[1m^[22m[39m
     [90m 289 |[39m     expect(process[33m.[39menv[33m.[39m[33mBATCH_UPDATE_SIZE[39m)[33m.[39mtoBeDefined()[
33m;[39m
     [90m 290 |[39m     expect(process[33m.[39menv[33m.[39m[33mDAILY_BUDGET[39m)[33m.[39mtoBeDefined()[33m;
[39m
     [90m 291 |[39m     expect(process[33m.[39menv[33m.[39m[33mPROMETHEUS_PORT[39m)[33m.[39mtoBeDefined()[33
m;[39m[0m

      at Object.toBeDefined (tests/ai-gateway-phase2-integration.test.js:288:43)

  console.log
    馃И 娴嬭瘯鐜宸查厤缃細TEST_MODE=true, DATABASE_PATH=E:\openclaw\workspace-studyass-mgr\backend\test-temp-19896.db

      at Object.<anonymous> (jest.setup.js:33:9)

  console.error
    瑙ｆ瀽璇勫垎缁撴灉澶辫触: Unexpected token '杩?, "杩欐槸鏃犳晥鐨?JSON 鍝嶅簲" is not valid JSON

    [0m [90m 123 |[39m       }[33m;[39m
     [90m 124 |[39m     } [36mcatch[39m (error) {
    [31m[1m>[22m[39m[90m 125 |[39m       console[33m.[39merror([32m'瑙ｆ瀽璇勫垎缁撴灉澶辫触:'[39m[33m,[39m error[33m.[39mmessage)[33m;[39m
     [90m     |[39m               [31m[1m^[22m[39m
     [90m 126 |[39m       
     [90m 127 |[39m       [90m// 闄嶇骇鏂规锛氳繑鍥炲熀纭€璇勫垎[39m
     [90m 128 |[39m       [36mreturn[39m {[0m

      at AIGradingService.error [as parseSubjectiveGrading] (src/modules/ai-grading/AIGradingService.js:125:15)
      at AIGradingService.parseSubjectiveGrading [as gradeSubjectiveQuestion] (src/modules/ai-grading/AIGradingService.js:35:26)
      at Object.<anonymous> (tests/modules/ai-grading.test.js:121:22)

  console.error
    瑙ｆ瀽璇勫垎缁撴灉澶辫触: Unexpected token '鏃?, "鏃犳晥鐨?JSON" is not valid JSON

    [0m [90m 123 |[39m       }[33m;[39m
     [90m 124 |[39m     } [36mcatch[39m (error) {
    [31m[1m>[22m[39m[90m 125 |[39m       console[33m.[39merror([32m'瑙ｆ瀽璇勫垎缁撴灉澶辫触:'[39m[33m,[39m error[33m.[39mmessage)[33m;[39m
     [90m     |[39m               [31m[1m^[22m[39m
     [90m 126 |[39m       
     [90m 127 |[39m       [90m// 闄嶇骇鏂规锛氳繑鍥炲熀纭€璇勫垎[39m
     [90m 128 |[39m       [36mreturn[39m {[0m

      at AIGradingService.error [as parseSubjectiveGrading] (src/modules/ai-grading/AIGradingService.js:125:15)
      at Object.parseSubjectiveGrading (tests/modules/ai-grading.test.js:215:39)

  console.error
    瑙ｆ瀽浣滄枃璇勫垎澶辫触: subject is not defined

    [0m [90m 295 |[39m       }[33m;[39m
     [90m 296 |[39m     } [36mcatch[39m (error) {
    [31m[1m>[22m[39m[90m 297 |[39m       console[33m.[39merror([32m'瑙ｆ瀽浣滄枃璇勫垎澶辫触:'[39m[33m,[39m error[33m.[39mmessage)[33m;[39m
     [90m     |[39m               [31m[1m^[22m[39m
     [90m 298 |[39m       
     [90m 299 |[39m       [36mreturn[39m {
     [90m 300 |[39m         totalScore[33m:[39m [35m70[39m[33m,[39m[0m

      at AIGradingService.error [as parseEssayGrading] (src/modules/ai-grading/AIGradingService.js:297:15)
      at AIGradingService.parseEssayGrading [as gradeEssay] (src/modules/ai-grading/AIGradingService.js:181:26)
      at Object.<anonymous> (tests/modules/ai-grading.test.js:298:22)

  console.error
    瑙ｆ瀽浣滄枃璇勫垎澶辫触: subject is not defined

    [0m [90m 295 |[39m       }[33m;[39m
     [90m 296 |[39m     } [36mcatch[39m (error) {
    [31m[1m>[22m[39m[90m 297 |[39m       console[33m.[39merror([32m'瑙ｆ瀽浣滄枃璇勫垎澶辫触:'[39m[33m,[39m error[33m.[39mmessage)[33m;[39m
     [90m     |[39m               [31m[1m^[22m[39m
     [90m 298 |[39m       
     [90m 299 |[39m       [36mreturn[39m {
     [90m 300 |[39m         totalScore[33m:[39m [35m70[39m[33m,[39m[0m

      at AIGradingService.error [as parseEssayGrading] (src/modules/ai-grading/AIGradingService.js:297:15)
      at AIGradingService.parseEssayGrading [as gradeEssay] (src/modules/ai-grading/AIGradingService.js:181:26)
      at Object.<anonymous> (tests/modules/ai-grading.test.js:336:22)

  console.error
    瑙ｆ瀽浣滄枃璇勫垎澶辫触: subject is not defined

    [0m [90m 295 |[39m       }[33m;[39m
     [90m 296 |[39m     } [36mcatch[39m (error) {
    [31m[1m>[22m[39m[90m 297 |[39m       console[33m.[39merror([32m'瑙ｆ瀽浣滄枃璇勫垎澶辫触:'[39m[33m,[39m error[33m.[39mmessage)[33m;[39m
     [90m     |[39m               [31m[1m^[22m[39m
     [90m 298 |[39m       
     [90m 299 |[39m       [36mreturn[39m {
     [90m 300 |[39m         totalScore[33m:[39m [35m70[39m[33m,[39m[0m

      at AIGradingService.error [as parseEssayGrading] (src/modules/ai-grading/AIGradingService.js:297:15)
      at AIGradingService.parseEssayGrading [as gradeEssay] (src/modules/ai-grading/AIGradingService.js:181:26)
      at Object.<anonymous> (tests/modules/ai-grading.test.js:360:22)

  console.error
    瑙ｆ瀽浣滄枃璇勫垎澶辫触: subject is not defined

    [0m [90m 295 |[39m       }[33m;[39m
     [90m 296 |[39m     } [36mcatch[39m (error) {
    [31m[1m>[22m[39m[90m 297 |[39m       console[33m.[39merror([32m'瑙ｆ瀽浣滄枃璇勫垎澶辫触:'[39m[33m,[39m error[33m.[39mmessage)[33m;[39m
     [90m     |[39m               [31m[1m^[22m[39m
     [90m 298 |[39m       
     [90m 299 |[39m       [36mreturn[39m {
     [90m 300 |[39m         totalScore[33m:[39m [35m70[39m[33m,[39m[0m

      at AIGradingService.error [as parseEssayGrading] (src/modules/ai-grading/AIGradingService.js:297:15)
      at Object.parseEssayGrading (tests/modules/ai-grading.test.js:430:39)

  console.error
    瑙ｆ瀽浣滄枃璇勫垎澶辫触: Unexpected token '鏃?, "鏃犳晥 JSON" is not valid JSON

    [0m [90m 295 |[39m       }[33m;[39m
     [90m 296 |[39m     } [36mcatch[39m (error) {
    [31m[1m>[22m[39m[90m 297 |[39m       console[33m.[39merror([32m'瑙ｆ瀽浣滄枃璇勫垎澶辫触:'[39m[33m,[39m error[33m.[39mmessage)[33m;[39m
     [90m     |[39m               [31m[1m^[22m[39m
     [90m 298 |[39m       
     [90m 299 |[39m       [36mreturn[39m {
     [90m 300 |[39m         totalScore[33m:[39m [35m70[39m[33m,[39m[0m

      at AIGradingService.error [as parseEssayGrading] (src/modules/ai-grading/AIGradingService.js:297:15)
      at Object.parseEssayGrading (tests/modules/ai-grading.test.js:439:39)

  console.error
    瑙ｆ瀽浣滄枃璇勫垎澶辫触: subject is not defined

    [0m [90m 295 |[39m       }[33m;[39m
     [90m 296 |[39m     } [36mcatch[39m (error) {
    [31m[1m>[22m[39m[90m 297 |[39m       console[33m.[39merror([32m'瑙ｆ瀽浣滄枃璇勫垎澶辫触:'[39m[33m,[39m error[33m.[39mmessage)[33m;[39m
     [90m     |[39m               [31m[1m^[22m[39m
     [90m 298 |[39m       
     [90m 299 |[39m       [36mreturn[39m {
     [90m 300 |[39m         totalScore[33m:[39m [35m70[39m[33m,[39m[0m

      at AIGradingService.error [as parseEssayGrading] (src/modules/ai-grading/AIGradingService.js:297:15)
      at Object.parseEssayGrading (tests/modules/ai-grading.test.js:461:39)

  console.error
    瑙ｆ瀽浣滄枃璇勫垎澶辫触: subject is not defined

    [0m [90m 295 |[39m       }[33m;[39m
     [90m 296 |[39m     } [36mcatch[39m (error) {
    [31m[1m>[22m[39m[90m 297 |[39m       console[33m.[39merror([32m'瑙ｆ瀽浣滄枃璇勫垎澶辫触:'[39m[33m,[39m error[33m.[39mmessage)[33m;[39m
     [90m     |[39m               [31m[1m^[22m[39m
     [90m 298 |[39m       
     [90m 299 |[39m       [36mreturn[39m {
     [90m 300 |[39m         totalScore[33m:[39m [35m70[39m[33m,[39m[0m

      at AIGradingService.error [as parseEssayGrading] (src/modules/ai-grading/AIGradingService.js:297:15)
      at Object.parseEssayGrading (tests/modules/ai-grading.test.js:483:39)

  console.error
    瑙ｆ瀽浣滄枃璇勫垎澶辫触: subject is not defined

    [0m [90m 295 |[39m       }[33m;[39m
     [90m 296 |[39m     } [36mcatch[39m (error) {
    [31m[1m>[22m[39m[90m 297 |[39m       console[33m.[39merror([32m'瑙ｆ瀽浣滄枃璇勫垎澶辫触:'[39m[33m,[39m error[33m.[39mmessage)[33m;[39m
     [90m     |[39m               [31m[1m^[22m[39m
     [90m 298 |[39m       
     [90m 299 |[39m       [36mreturn[39m {
     [90m 300 |[39m         totalScore[33m:[39m [35m70[39m[33m,[39m[0m

      at AIGradingService.error [as parseEssayGrading] (src/modules/ai-grading/AIGradingService.js:297:15)
      at AIGradingService.parseEssayGrading [as gradeEssay] (src/modules/ai-grading/AIGradingService.js:181:26)
      at src/modules/ai-grading/AIGradingService.js:334:22
          at async Promise.all (index 1)
      at AIGradingService.batchGrade (src/modules/ai-grading/AIGradingService.js:330:28)
      at Object.<anonymous> (tests/modules/ai-grading.test.js:520:23)

FAIL tests/modules/ai-grading.test.js
  AIGradingService
    gradeSubjectiveQuestion
      鈭?搴旇鎴愬姛鎵规敼涓昏棰?(5 ms)
      鈭?搴旇鍦?AI 璋冪敤澶辫触鏃舵姏鍑洪敊璇?(29 ms)
      鈭?搴旇澶勭悊鍒嗘暟瓒呭嚭鑼冨洿鐨勬儏鍐?(2 ms)
      鈭?搴旇澶勭悊璐熷垎鏁扮殑鎯呭喌 (3 ms)
      鈭?搴旇澶勭悊 JSON 瑙ｆ瀽澶辫触鐨勬儏鍐?(14 ms)
      鈭?搴旇澶勭悊缂哄け瀛楁鐨勬儏鍐?(2 ms)
    buildSubjectiveGradingPrompt
      脳 搴旇鐢熸垚鍖呭惈鎵€鏈変俊鎭殑鎻愮ず璇?(3 ms)
      脳 搴旇澶勭悊娌℃湁鍏抽敭鐐圭殑鎯呭喌 (2 ms)
      鈭?搴旇澶勭悊娌℃湁棰濆鏍囧噯鐨勬儏鍐?(2 ms)
    parseSubjectiveGrading
      鈭?搴旇瑙ｆ瀽瀹屾暣鐨勮瘎鍒嗙粨鏋?(2 ms)
      鈭?搴旇澶勭悊鏃犳晥 JSON (6 ms)
      鈭?搴旇澶勭悊鍒嗘暟涓?NaN 鐨勬儏鍐?(1 ms)
      鈭?搴旇鎴柇瓒呭嚭婊″垎鐨勫垎鏁?(1 ms)
      鈭?搴旇澶勭悊缂哄け鐨?detailedScoring 瀛楁 (1 ms)
    gradeEssay
      脳 搴旇鎴愬姛鎵规敼浣滄枃 (6 ms)
      鈭?搴旇鍦?AI 璋冪敤澶辫触鏃舵姏鍑洪敊璇?(2 ms)
      鈭?搴旇浣跨敤榛樿璇勫垎鏍囧噯 (14 ms)
      鈭?搴旇澶勭悊鑻辫浣滄枃 (4 ms)
    buildEssayGradingPrompt
      脳 搴旇鐢熸垚鍖呭惈鎵€鏈変俊鎭殑浣滄枃璇勫垎鎻愮ず璇?(1 ms)
      鈭?搴旇澶勭悊娌℃湁瀛楁暟闄愬埗鐨勬儏鍐?(2 ms)
      鈭?搴旇涓鸿嫳璇綔鏂囩敓鎴愭纭殑鎻愮ず璇?(2 ms)
    parseEssayGrading
      脳 搴旇瑙ｆ瀽瀹屾暣鐨勪綔鏂囪瘎鍒嗙粨鏋?(5 ms)
      鈭?搴旇澶勭悊鏃犳晥 JSON (5 ms)
      脳 搴旇鏍￠獙鍒嗘暟鑼冨洿 (4 ms)
      脳 搴旇璁＄畻鍔犳潈鎬诲垎 (4 ms)
    batchGrade
      鈭?搴旇鎵归噺鎵规敼澶氫釜鎻愪氦 (5 ms)
      鈭?搴旇澶勭悊鎵规敼澶辫触鐨勬儏鍐?(1 ms)
      鈭?搴旇鍒嗘壒澶勭悊浠ラ伩鍏嶅苟鍙戣繃楂?(1010 ms)
    saveGradingRecord
      脳 搴旇淇濆瓨鎵规敼璁板綍 (3 ms)
    getGradingHistory
      脳 搴旇鑾峰彇鐢ㄦ埛鐨勬壒鏀瑰巻鍙?(1 ms)
      脳 搴旇鏀寔鎸夋彁浜ょ被鍨嬬瓫閫?(2 ms)

  鈼?AIGradingService 鈥?buildSubjectiveGradingPrompt 鈥?搴旇鐢熸垚鍖呭惈鎵€鏈変俊鎭殑鎻愮ず璇?
    expect(received).toContain(expected) // indexOf

    Expected substring: "婊″垎锛?0 鍒?
    Received string:    "璇锋牴鎹互涓嬭瘎鍒嗘爣鍑嗚瘎浠峰鐢熺殑涓昏棰樼瓟妗堬細路
    銆愰鐩€?    璇疯В閲婂厜鍚堜綔鐢ㄧ殑杩囩▼路
    銆愯瘎鍒嗘爣鍑嗐€?    婊″垎锛?0鍒?    鍏抽敭寰楀垎鐐癸細
    1. 鍏夎兘杞寲
    2. 浜屾哀鍖栫⒊鍜屾按
    3. 鏈夋満鐗╃敓鎴?    4. 姘ф皵閲婃斁路
    鍏朵粬瑕佹眰锛氶渶瑕佽鏄庤兘閲忚浆鎹㈣繃绋嬄?    銆愬鐢熺瓟妗堛€?    鍏夊悎浣滅敤鏄鐗╁埄鐢ㄥ厜鑳藉皢浜屾哀鍖栫⒊鍜屾按杞寲涓烘湁鏈虹墿路
    銆愯瘎鍒嗚姹傘€?    1. 瀹㈣鍏锛屼弗鏍兼寜鐓ц瘎鍒嗘爣鍑?    2. 鎸囧嚭绛旀鐨勪紭鐐瑰拰涓嶈冻
    3. 缁欏嚭鍏蜂綋鏀硅繘寤鸿
    4. 鍒嗙淮搴﹁瘎鍒嗭紙濡傛灉閫傜敤锛壜?    銆愯緭鍑烘牸寮忋€?    璇蜂弗鏍兼寜鐓т互涓?JSON 鏍煎紡杈撳嚭锛?    {
      \"score\": 鍒嗘暟锛堟暟瀛楋級锛?      \"feedback\": {
        \"strengths\": [\"浼樼偣 1\", \"浼樼偣 2\"],
        \"improvements\": [\"闇€瑕佹敼杩涚殑鍦版柟 1\", \"闇€瑕佹敼杩涚殑鍦版柟 2\"],
        \"suggestions\": \"鍏蜂綋鐨勬敼杩涘缓璁甛"
      },
      \"detailedScoring\": {
        \"completeness\": 瀹屾暣鎬у緱鍒嗭紙0-100锛夛紝
        \"accuracy\": 鍑嗙‘鎬у緱鍒嗭紙0-100锛夛紝
        \"clarity\": 娓呮櫚搴﹀緱鍒嗭紙0-100锛?      },
      \"keyPointsCovered\": [\"宸茶鐩栫殑鍏抽敭鐐?1\", \"宸茶鐩栫殑鍏抽敭鐐?2\"],
      \"keyPointsMissing\": [\"缂哄け鐨勫叧閿偣 1\", \"缂哄け鐨勫叧閿偣 2\"]
    }"

    [0m [90m 156 |[39m       expect(prompt)[33m.[39mtoContain(question)[33m;[39m
     [90m 157 |[39m       expect(prompt)[33m.[39mtoContain(userAnswer)[33m;[39m
    [31m[1m>[22m[39m[90m 158 |[39m       expect(prompt)[33m.[39mtoContain([32m'婊″垎锛?0 鍒?[39m)[33m;[39m
     [90m     |[39m                      [31m[1m^[22m[39m
     [90m 159 |[39m       expect(prompt)[33m.[39mtoContain([32m'鍏夎兘杞寲'[39m)[33m;[39m
     [90m 160 |[39m       expect(prompt)[33m.[39mtoContain([32m'闇€瑕佽鏄庤兘閲忚浆鎹㈣繃绋?[39m)[33m;[39m
     [90m 161 |[39m     })[33m;[39m[0m

      at Object.toContain (tests/modules/ai-grading.test.js:158:22)

  鈼?AIGradingService 鈥?buildSubjectiveGradingPrompt 鈥?搴旇澶勭悊娌℃湁鍏抽敭鐐圭殑鎯呭喌

    expect(received).toContain(expected) // indexOf

    Expected substring: "鍏抽敭寰楀垎鐐?
    鏃?
    Received string:    "璇锋牴鎹互涓嬭瘎鍒嗘爣鍑嗚瘎浠峰鐢熺殑涓昏棰樼瓟妗堬細路
    銆愰鐩€?    璇疯В閲婂厜鍚堜綔鐢ㄧ殑杩囩▼路
    銆愯瘎鍒嗘爣鍑嗐€?    婊″垎锛?鍒?    鍏抽敭寰楀垎鐐癸細
    鏃犅仿?    銆愬鐢熺瓟妗堛€?    鍏夊悎浣滅敤鏄鐗╁埄鐢ㄥ厜鑳藉皢浜屾哀鍖栫⒊鍜屾按杞寲涓烘湁鏈虹墿路
    銆愯瘎鍒嗚姹傘€?    1. 瀹㈣鍏锛屼弗鏍兼寜鐓ц瘎鍒嗘爣鍑?    2. 鎸囧嚭绛旀鐨勪紭鐐瑰拰涓嶈冻
    3. 缁欏嚭鍏蜂綋鏀硅繘寤鸿
    4. 鍒嗙淮搴﹁瘎鍒嗭紙濡傛灉閫傜敤锛壜?    銆愯緭鍑烘牸寮忋€?    璇蜂弗鏍兼寜鐓т互涓?JSON 鏍煎紡杈撳嚭锛?    {
      \"score\": 鍒嗘暟锛堟暟瀛楋級锛?      \"feedback\": {
        \"strengths\": [\"浼樼偣 1\", \"浼樼偣 2\"],
        \"improvements\": [\"闇€瑕佹敼杩涚殑鍦版柟 1\", \"闇€瑕佹敼杩涚殑鍦版柟 2\"],
        \"suggestions\": \"鍏蜂綋鐨勬敼杩涘缓璁甛"
      },
      \"detailedScoring\": {
        \"completeness\": 瀹屾暣鎬у緱鍒嗭紙0-100锛夛紝
        \"accuracy\": 鍑嗙‘鎬у緱鍒嗭紙0-100锛夛紝
        \"clarity\": 娓呮櫚搴﹀緱鍒嗭紙0-100锛?      },
      \"keyPointsCovered\": [\"宸茶鐩栫殑鍏抽敭鐐?1\", \"宸茶鐩栫殑鍏抽敭鐐?2\"],
      \"keyPointsMissing\": [\"缂哄け鐨勫叧閿偣 1\", \"缂哄け鐨勫叧閿偣 2\"]
    }"

    [0m [90m 169 |[39m       [36mconst[39m prompt [33m=[39m [33mAIGradingService[39m[33m.[39mbuildSubjective
GradingPrompt(question[33m,[39m userAnswer[33m,[39m rubricNoPoints)[33m;[39m
     [90m 170 |[39m       
    [31m[1m>[22m[39m[90m 171 |[39m       expect(prompt)[33m.[39mtoContain([32m'鍏抽敭寰楀垎鐐?\n鏃?[39m)[33m;[39m
     [90m     |[39m                      [31m[1m^[22m[39m
     [90m 172 |[39m     })[33m;[39m
     [90m 173 |[39m
     [90m 174 |[39m     it([32m'搴旇澶勭悊娌℃湁棰濆鏍囧噯鐨勬儏鍐?[39m[33m,[39m () [33m=>[39m {[0m

      at Object.toContain (tests/modules/ai-grading.test.js:171:22)

  鈼?AIGradingService 鈥?gradeEssay 鈥?搴旇鎴愬姛鎵规敼浣滄枃

    expect(received).toBe(expected) // Object.is equality

    Expected: 85
    Received: 70

    [0m [90m 299 |[39m
     [90m 300 |[39m       expect(result[33m.[39msuccess)[33m.[39mtoBe([36mtrue[39m)[33m;[39m
    [31m[1m>[22m[39m[90m 301 |[39m       expect(result[33m.[39mtotalScore)[33m.[39mtoBe([35m85[39m)[33m;[
39m
     [90m     |[39m                                 [31m[1m^[22m[39m
     [90m 302 |[39m       expect(result[33m.[39mscores)[33m.[39mtoBeDefined()[33m;[39m
     [90m 303 |[39m       expect(result[33m.[39mfeedback)[33m.[39mtoBeDefined()[33m;[39m
     [90m 304 |[39m       expect(result[33m.[39moverallFeedback)[33m.[39mtoBeDefined()[33m;[39m[0m

      at Object.toBe (tests/modules/ai-grading.test.js:301:33)

  鈼?AIGradingService 鈥?buildEssayGradingPrompt 鈥?搴旇鐢熸垚鍖呭惈鎵€鏈変俊鎭殑浣滄枃璇勫垎鎻愮ず璇?
    expect(received).toContain(expected) // indexOf

    Expected substring: "瀛楁暟瑕佹眰锛?00-600 瀛?
    Received string:    "璇锋壒鏀逛互涓嬭鏂囦綔鏂囷細路
    銆愬熀鏈俊鎭€?    骞寸骇锛氬叓骞寸骇
    棰樼洰锛氭垜鐨勬ⅵ鎯?    瀛楁暟瑕佹眰锛?00-600瀛椔?    銆愯瘎鍒嗘爣鍑嗐€?    content: 30% - 涓婚鏄庣‘銆佸唴瀹瑰厖瀹?    structure: 25% - 娈佃惤娓呮櫚路
    銆愪綔鏂囧唴瀹广€?    杩欐槸涓€绡囦綔鏂嚶?    銆愯瘎鍒嗚姹傘€?    1. 鎸夌収璇勫垎鏍囧噯鍚勭淮搴︽墦鍒嗭紙0-100 鍒嗭級
    2. 璁＄畻鍔犳潈鎬诲垎
    3. 鎸囧嚭璇硶銆佹嫾鍐欓敊璇紙濡傛湁锛?    4. 缁欏嚭鍏蜂綋淇敼寤鸿
    5. 鐢ㄩ紦鍔辨€х殑璇█鍐欒瘎璇?    銆愯緭鍑烘牸寮忋€?    璇蜂弗鏍兼寜鐓т互涓?JSON 鏍煎紡杈撳嚭锛?    {
      \"totalScore\": 鎬诲垎锛?-100 鐨勬暟瀛楋級锛?      \"scores\": {
        \"content\": 鍐呭寰楀垎锛?-100锛夛紝
        \"structure\": 缁撴瀯寰楀垎锛?-100锛夛紝
        \"language\": 璇█寰楀垎锛?-100锛夛紝
        \"creativity\": 鍒涙剰寰楀垎锛?-100锛?      },
      \"feedback\": {
        \"content\": \"鍐呭鏂归潰鐨勮瘎浠穃",
        \"structure\": \"缁撴瀯鏂归潰鐨勮瘎浠穃",
        \"language\": \"璇█鏂归潰鐨勮瘎浠穃",
        \"creativity\": \"鍒涙剰鏂归潰鐨勮瘎浠穃"
      },
      \"overallFeedback\": \"鎬讳綋璇勮锛?00-200 瀛楋紝榧撳姳鎬ц瑷€锛塡",
      \"suggestions\": [\"寤鸿 1\", \"寤鸿 2\", \"寤鸿 3\"],
      \"wordCount\": 瀹為檯瀛楁暟锛堟暟瀛楋級锛?      \"errors\": [
        {
          \"type\": \"grammar|spelling|punctuation\",
          \"original\": \"鍘熸枃\",
          \"suggestion\": \"寤鸿淇敼\",
          \"position\": 浣嶇疆锛堝彲閫夛級
        }
      ]
    }"

    [0m [90m 381 |[39m       expect(prompt)[33m.[39mtoContain([32m'鍏勾绾?[39m)[33m;[39m
     [90m 382 |[39m       expect(prompt)[33m.[39mtoContain([32m'鎴戠殑姊︽兂'[39m)[33m;[39m
    [31m[1m>[22m[39m[90m 383 |[39m       expect(prompt)[33m.[39mtoContain([32m'瀛楁暟瑕佹眰锛?00-600 瀛?[39m)[33m;[
39m
     [90m     |[39m                      [31m[1m^[22m[39m
     [90m 384 |[39m       expect(prompt)[33m.[39mtoContain([32m'content: 30%'[39m)[33m;[39m
     [90m 385 |[39m       expect(prompt)[33m.[39mtoContain([32m'structure: 25%'[39m)[33m;[39m
     [90m 386 |[39m     })[33m;[39m[0m

      at Object.toContain (tests/modules/ai-grading.test.js:383:22)

  鈼?AIGradingService 鈥?parseEssayGrading 鈥?搴旇瑙ｆ瀽瀹屾暣鐨勪綔鏂囪瘎鍒嗙粨鏋?
    expect(received).toBe(expected) // Object.is equality

    Expected: 85
    Received: 70

    [0m [90m 430 |[39m       [36mconst[39m result [33m=[39m [33mAIGradingService[39m[33m.[39mparseEssayGradi
ng(responseText[33m,[39m essay[33m,[39m wordLimit)[33m;[39m
     [90m 431 |[39m
    [31m[1m>[22m[39m[90m 432 |[39m       expect(result[33m.[39mtotalScore)[33m.[39mtoBe([35m85[39m)[33m;[
39m
     [90m     |[39m                                 [31m[1m^[22m[39m
     [90m 433 |[39m       expect(result[33m.[39mscores[33m.[39mcontent)[33m.[39mtoBe([35m80[39m)[33m;[39m
     [90m 434 |[39m       expect(result[33m.[39merrors)[33m.[39mtoHaveLength([35m1[39m)[33m;[39m
     [90m 435 |[39m     })[33m;[39m[0m

      at Object.toBe (tests/modules/ai-grading.test.js:432:33)

  鈼?AIGradingService 鈥?parseEssayGrading 鈥?搴旇鏍￠獙鍒嗘暟鑼冨洿

    expect(received).toBe(expected) // Object.is equality

    Expected: 100
    Received: 70

    [0m [90m 461 |[39m       [36mconst[39m result [33m=[39m [33mAIGradingService[39m[33m.[39mparseEssayGradi
ng(responseText[33m,[39m essay[33m,[39m wordLimit)[33m;[39m
     [90m 462 |[39m
    [31m[1m>[22m[39m[90m 463 |[39m       expect(result[33m.[39mscores[33m.[39mcontent)[33m.[39mtoBe([35m10
0[39m)[33m;[39m
     [90m     |[39m                                     [31m[1m^[22m[39m
     [90m 464 |[39m       expect(result[33m.[39mscores[33m.[39mstructure)[33m.[39mtoBe([35m0[39m)[33m;[39m
     [90m 465 |[39m     })[33m;[39m
     [90m 466 |[39m[0m

      at Object.toBe (tests/modules/ai-grading.test.js:463:37)

  鈼?AIGradingService 鈥?parseEssayGrading 鈥?搴旇璁＄畻鍔犳潈鎬诲垎

    expect(received).toBe(expected) // Object.is equality

    Expected: 80
    Received: 70

    [0m [90m 484 |[39m       
     [90m 485 |[39m       [90m// 80 * 0.30 + 80 * 0.25 + 80 * 0.25 + 80 * 0.20 = 80[39m
    [31m[1m>[22m[39m[90m 486 |[39m       expect(result[33m.[39mtotalScore)[33m.[39mtoBe([35m80[39m)[33m;[
39m
     [90m     |[39m                                 [31m[1m^[22m[39m
     [90m 487 |[39m     })[33m;[39m
     [90m 488 |[39m   })[33m;[39m
     [90m 489 |[39m[0m

      at Object.toBe (tests/modules/ai-grading.test.js:486:33)

  鈼?AIGradingService 鈥?saveGradingRecord 鈥?搴旇淇濆瓨鎵规敼璁板綍

    TypeError: Cannot read properties of undefined (reading 'run')

    [0m [90m 375 |[39m [32m    `[39m)[33m;[39m
     [90m 376 |[39m
    [31m[1m>[22m[39m[90m 377 |[39m     [36mconst[39m result [33m=[39m stmt[33m.[39mrun(
     [90m     |[39m                         [31m[1m^[22m[39m
     [90m 378 |[39m       data[33m.[39muserId[33m,[39m
     [90m 379 |[39m       data[33m.[39msubmissionType[33m,[39m
     [90m 380 |[39m       data[33m.[39msubmissionId[33m,[39m[0m

      at AIGradingService.run [as saveGradingRecord] (src/modules/ai-grading/AIGradingService.js:377:25)
      at Object.saveGradingRecord (tests/modules/ai-grading.test.js:584:39)

  鈼?AIGradingService 鈥?getGradingHistory 鈥?搴旇鑾峰彇鐢ㄦ埛鐨勬壒鏀瑰巻鍙?
    TypeError: Cannot read properties of undefined (reading 'all')

    [0m [90m 409 |[39m
     [90m 410 |[39m     [36mconst[39m stmt [33m=[39m db[33m.[39mprepare(query)[33m;[39m
    [31m[1m>[22m[39m[90m 411 |[39m     [36mconst[39m records [33m=[39m stmt[33m.[39mall([33m...[39mparams
)[33m;[39m
     [90m     |[39m                          [31m[1m^[22m[39m
     [90m 412 |[39m
     [90m 413 |[39m     [36mreturn[39m records[33m.[39mmap(record [33m=>[39m {
     [90m 414 |[39m       [36mtry[39m {[0m

      at AIGradingService.all [as getGradingHistory] (src/modules/ai-grading/AIGradingService.js:411:26)
      at Object.getGradingHistory (tests/modules/ai-grading.test.js:592:40)

  鈼?AIGradingService 鈥?getGradingHistory 鈥?搴旇鏀寔鎸夋彁浜ょ被鍨嬬瓫閫?
    TypeError: Cannot read properties of undefined (reading 'all')

    [0m [90m 409 |[39m
     [90m 410 |[39m     [36mconst[39m stmt [33m=[39m db[33m.[39mprepare(query)[33m;[39m
    [31m[1m>[22m[39m[90m 411 |[39m     [36mconst[39m records [33m=[39m stmt[33m.[39mall([33m...[39mparams
)[33m;[39m
     [90m     |[39m                          [31m[1m^[22m[39m
     [90m 412 |[39m
     [90m 413 |[39m     [36mreturn[39m records[33m.[39mmap(record [33m=>[39m {
     [90m 414 |[39m       [36mtry[39m {[0m

      at AIGradingService.all [as getGradingHistory] (src/modules/ai-grading/AIGradingService.js:411:26)
      at Object.getGradingHistory (tests/modules/ai-grading.test.js:601:40)

  console.log
    馃И 娴嬭瘯鐜宸查厤缃細TEST_MODE=true, DATABASE_PATH=E:\openclaw\workspace-studyass-mgr\backend\test-temp-19896.db

      at Object.<anonymous> (jest.setup.js:33:9)

  console.warn
    棰樼洰 1 缂哄皯蹇呴渶瀛楁锛歲uestion

    [0m [90m 310 |[39m     [36mfor[39m ([36mconst[39m field [36mof[39m required) {
     [90m 311 |[39m       [36mif[39m ([33m![39mquestion[field]) {
    [31m[1m>[22m[39m[90m 312 |[39m         console[33m.[39mwarn([32m`棰樼洰 ${defaultId} 缂哄皯蹇呴渶瀛楁锛?{field}`[39m)[33m;[39m
     [90m     |[39m                 [31m[1m^[22m[39m
     [90m 313 |[39m         [36mreturn[39m [36mnull[39m[33m;[39m
     [90m 314 |[39m       }
     [90m 315 |[39m     }[0m

      at AiGatewayService.warn [as validateQuestion] (src/modules/ai-gateway/AiGatewayService.js:312:17)
      at Object.validateQuestion (tests/modules/ai-gateway.test.js:262:39)

  console.warn
    棰樼洰 1 缂哄皯蹇呴渶瀛楁锛歛nswer

    [0m [90m 310 |[39m     [36mfor[39m ([36mconst[39m field [36mof[39m required) {
     [90m 311 |[39m       [36mif[39m ([33m![39mquestion[field]) {
    [31m[1m>[22m[39m[90m 312 |[39m         console[33m.[39mwarn([32m`棰樼洰 ${defaultId} 缂哄皯蹇呴渶瀛楁锛?{field}`[39m)[33m;[39m
     [90m     |[39m                 [31m[1m^[22m[39m
     [90m 313 |[39m         [36mreturn[39m [36mnull[39m[33m;[39m
     [90m 314 |[39m       }
     [90m 315 |[39m     }[0m

      at AiGatewayService.warn [as validateQuestion] (src/modules/ai-gateway/AiGatewayService.js:312:17)
      at Object.validateQuestion (tests/modules/ai-gateway.test.js:268:39)

  console.error
    JSON 瑙ｆ瀽澶辫触: 鍝嶅簲鏍煎紡涓嶆纭紝缂哄皯 questions 鏁扮粍

    [0m [90m 295 |[39m       [36mreturn[39m validatedQuestions[33m.[39mfilter(q [33m=>[39m q [33m!==[39m [36mnull[39m)[33m;[39m
     [90m 296 |[39m     } [36mcatch[39m (error) {
    [31m[1m>[22m[39m[90m 297 |[39m       console[33m.[39merror([32m'JSON 瑙ｆ瀽澶辫触:'[39m[33m,[39m error[33m.[39mmessage)[33m;[39m
     [90m     |[39m               [31m[1m^[22m[39m
     [90m 298 |[39m       [90m// 灏濊瘯淇 JSON[39m
     [90m 299 |[39m       [36mreturn[39m [36mthis[39m[33m.[39mrepairAndParse(responseText)[33m;[39m
     [90m 300 |[39m     }[0m

      at AiGatewayService.error [as parseAndValidateQuestions] (src/modules/ai-gateway/AiGatewayService.js:297:15)
      at Object.parseAndValidateQuestions (tests/modules/ai-gateway.test.js:291:39)

  console.error
    JSON 瑙ｆ瀽澶辫触: Unexpected token '杩?, "杩欐槸鎹熷潖鐨?JSON {" is not valid JSON

    [0m [90m 295 |[39m       [36mreturn[39m validatedQuestions[33m.[39mfilter(q [33m=>[39m q [33m!==[39m [36mnull[39m)[33m;[39m
     [90m 296 |[39m     } [36mcatch[39m (error) {
    [31m[1m>[22m[39m[90m 297 |[39m       console[33m.[39merror([32m'JSON 瑙ｆ瀽澶辫触:'[39m[33m,[39m error[33m.[39mmessage)[33m;[39m
     [90m     |[39m               [31m[1m^[22m[39m
     [90m 298 |[39m       [90m// 灏濊瘯淇 JSON[39m
     [90m 299 |[39m       [36mreturn[39m [36mthis[39m[33m.[39mrepairAndParse(responseText)[33m;[39m
     [90m 300 |[39m     }[0m

      at AiGatewayService.error [as parseAndValidateQuestions] (src/modules/ai-gateway/AiGatewayService.js:297:15)
      at Object.parseAndValidateQuestions (tests/modules/ai-gateway.test.js:306:39)

  console.warn
    棰樼洰 1 缂哄皯蹇呴渶瀛楁锛歛nswer

    [0m [90m 310 |[39m     [36mfor[39m ([36mconst[39m field [36mof[39m required) {
     [90m 311 |[39m       [36mif[39m ([33m![39mquestion[field]) {
    [31m[1m>[22m[39m[90m 312 |[39m         console[33m.[39mwarn([32m`棰樼洰 ${defaultId} 缂哄皯蹇呴渶瀛楁锛?{field}`[39m)[33m;[39m
     [90m     |[39m                 [31m[1m^[22m[39m
     [90m 313 |[39m         [36mreturn[39m [36mnull[39m[33m;[39m
     [90m 314 |[39m       }
     [90m 315 |[39m     }[0m

      at AiGatewayService.warn [as validateQuestion] (src/modules/ai-gateway/AiGatewayService.js:312:17)
      at AiGatewayService.validateQuestion [as repairAndParse] (src/modules/ai-gateway/AiGatewayService.js:364:27)
      at Object.repairAndParse (tests/modules/ai-gateway.test.js:321:39)

  console.warn
    棰樼洰 1 缂哄皯蹇呴渶瀛楁锛歛nswer

    [0m [90m 310 |[39m     [36mfor[39m ([36mconst[39m field [36mof[39m required) {
     [90m 311 |[39m       [36mif[39m ([33m![39mquestion[field]) {
    [31m[1m>[22m[39m[90m 312 |[39m         console[33m.[39mwarn([32m`棰樼洰 ${defaultId} 缂哄皯蹇呴渶瀛楁锛?{field}`[39m)[33m;[39m
     [90m     |[39m                 [31m[1m^[22m[39m
     [90m 313 |[39m         [36mreturn[39m [36mnull[39m[33m;[39m
     [90m 314 |[39m       }
     [90m 315 |[39m     }[0m

      at AiGatewayService.warn [as validateQuestion] (src/modules/ai-gateway/AiGatewayService.js:312:17)
      at AiGatewayService.validateQuestion [as repairAndParse] (src/modules/ai-gateway/AiGatewayService.js:346:31)
      at Object.repairAndParse (tests/modules/ai-gateway.test.js:335:39)

  console.warn
    棰樼洰 2 缂哄皯蹇呴渶瀛楁锛歛nswer

    [0m [90m 310 |[39m     [36mfor[39m ([36mconst[39m field [36mof[39m required) {
     [90m 311 |[39m       [36mif[39m ([33m![39mquestion[field]) {
    [31m[1m>[22m[39m[90m 312 |[39m         console[33m.[39mwarn([32m`棰樼洰 ${defaultId} 缂哄皯蹇呴渶瀛楁锛?{field}`[39m)[33m;[39m
     [90m     |[39m                 [31m[1m^[22m[39m
     [90m 313 |[39m         [36mreturn[39m [36mnull[39m[33m;[39m
     [90m 314 |[39m       }
     [90m 315 |[39m     }[0m

      at AiGatewayService.warn [as validateQuestion] (src/modules/ai-gateway/AiGatewayService.js:312:17)
      at AiGatewayService.validateQuestion [as repairAndParse] (src/modules/ai-gateway/AiGatewayService.js:364:27)
      at Object.repairAndParse (tests/modules/ai-gateway.test.js:335:39)

  console.error
    鐢熸垚棰樼洰閿欒: TypeError: Cannot read properties of undefined (reading 'id')
        at AiGatewayController.id [as generateQuestions] (E:\openclaw\workspace-studyass-mgr\backend\src\modules\ai-gateway\AiGatewayController.js:44:26)
        at Object.generateQuestions (E:\openclaw\workspace-studyass-mgr\backend\tests\modules\ai-gateway.test.js:414:33)
        at Promise.then.completed (E:\openclaw\workspace-studyass-mgr\backend\node_modules\jest-circus\build\utils.js:298:28)
        at new Promise (<anonymous>)
        at callAsyncCircusFn (E:\openclaw\workspace-studyass-mgr\backend\node_modules\jest-circus\build\utils.js:231:10)
        at _callCircusTest (E:\openclaw\workspace-studyass-mgr\backend\node_modules\jest-circus\build\run.js:316:40)
        at _runTest (E:\openclaw\workspace-studyass-mgr\backend\node_modules\jest-circus\build\run.js:252:3)
        at _runTestsForDescribeBlock (E:\openclaw\workspace-studyass-mgr\backend\node_modules\jest-circus\build\run.js:126:9)
        at _runTestsForDescribeBlock (E:\openclaw\workspace-studyass-mgr\backend\node_modules\jest-circus\build\run.js:121:9)
        at _runTestsForDescribeBlock (E:\openclaw\workspace-studyass-mgr\backend\node_modules\jest-circus\build\run.js:121:9)
        at run (E:\openclaw\workspace-studyass-mgr\backend\node_modules\jest-circus\build\run.js:71:3)
        at runAndTransformResultsToJestFormat (E:\openclaw\workspace-studyass-mgr\backend\node_modules\jest-circus\build\legacy-code-todo-rewrite\jestAdapterInit.js:122:21)
        at jestAdapter (E:\openclaw\workspace-studyass-mgr\backend\node_modules\jest-circus\build\legacy-code-todo-rewrite\jestAdapter.js:79:19)
        at runTestInternal (E:\openclaw\workspace-studyass-mgr\backend\node_modules\jest-runner\build\runTest.js:367:16)
        at runTest (E:\openclaw\workspace-studyass-mgr\backend\node_modules\jest-runner\build\runTest.js:444:34)

    [0m [90m 94 |[39m       }
     [90m 95 |[39m     } [36mcatch[39m (error) {
    [31m[1m>[22m[39m[90m 96 |[39m       console[33m.[39merror([32m'鐢熸垚棰樼洰閿欒:'[39m[33m,[39m error)[33m;[39m
     [90m    |[39m               [31m[1m^[22m[39m
     [90m 97 |[39m       
     [90m 98 |[39m       [90m// 璁板綍閿欒鏃ュ織[39m
     [90m 99 |[39m       [36mif[39m (req[33m.[39mbody [33m&&[39m req[33m.[39muser) {[0m

      at AiGatewayController.error [as generateQuestions] (src/modules/ai-gateway/AiGatewayController.js:96:15)
      at Object.generateQuestions (tests/modules/ai-gateway.test.js:414:33)

FAIL tests/modules/ai-gateway.test.js
  AiGatewayService
    MODEL_CONFIGS
      鈭?搴旇姝ｇ‘閰嶇疆鎵€鏈夋ā鍨?(2 ms)
      脳 搴旇浣跨敤鐜鍙橀噺閰嶇疆 (1 ms)
    selectModel
      鈭?搴旇涓?simple-question 閫夋嫨 qwen-flash (2 ms)
      鈭?搴旇涓?textbook-analysis 閫夋嫨 qwen-plus (1 ms)
      鈭?搴旇涓?weakness-analysis 閫夋嫨 qwen-plus (1 ms)
      鈭?搴旇涓?complex-question 閫夋嫨 qwen-max (1 ms)
      鈭?搴旇涓?multi-step-reasoning 閫夋嫨 qwen-max (1 ms)
      鈭?搴旇涓?unknown-type 閫夋嫨 qwen-plus (2 ms)
    callModel
      鈭?搴旇鍦ㄤ笉鏀寔妯″瀷鏃舵姏鍑洪敊璇?(12 ms)
      鈭?搴旇鍦?API Key 鏈厤缃椂杩斿洖閿欒 (3 ms)
      脳 搴旇鎴愬姛璋冪敤 API 骞惰繑鍥炵粨鏋?(3 ms)
      脳 搴旇鍦?API 杩斿洖閿欒鏍煎紡鏃跺鐞嗛敊璇?(1 ms)
      脳 搴旇鍦?AI 杩斿洖鍐呭涓虹┖鏃跺鐞嗛敊璇?(2 ms)
      脳 搴旇鍦ㄧ綉缁滈敊璇椂閲嶈瘯 (2 ms)
      脳 搴旇鍦ㄨ秴杩囨渶澶ч噸璇曟鏁板悗澶辫触 (3 ms)
      脳 搴旇澶勭悊 HTTP 閿欒鍝嶅簲 (11 ms)
    buildQuestionPrompt
      脳 搴旇鐢熸垚鍖呭惈鎵€鏈夊弬鏁扮殑鎻愮ず璇?(3 ms)
      鈭?搴旇涓轰笉鍚岄毦搴︾敓鎴愭纭殑鎻忚堪 (3 ms)
      鈭?搴旇涓轰笉鍚岄鍨嬬敓鎴愭纭殑鎻忚堪 (3 ms)
    validateQuestion
      鈭?搴旇楠岃瘉瀹屾暣鐨勯鐩璞?(3 ms)
      鈭?搴旇涓虹己澶卞瓧娈垫彁渚涢粯璁ゅ€?(2 ms)
      鈭?搴旇鎷掔粷缂哄皯 question 瀛楁鐨勯鐩?(16 ms)
      鈭?搴旇鎷掔粷缂哄皯 answer 瀛楁鐨勯鐩?(7 ms)
    parseAndValidateQuestions
      鈭?搴旇瑙ｆ瀽鏍囧噯 JSON 鏍煎紡 (3 ms)
      脳 搴旇瑙ｆ瀽 questions 鏁扮粍 (7 ms)
      鈭?搴旇浠庢枃鏈腑鎻愬彇 JSON (2 ms)
      鈭?搴旇澶勭悊鏍煎紡閿欒鐨?JSON (8 ms)
    repairAndParse
      脳 搴旇浠庢牸寮忓寲鏂囨湰涓彁鍙栭鐩?(13 ms)
      脳 搴旇澶勭悊澶氶亾棰樼洰 (19 ms)
    generateQuestions
      脳 搴旇鎴愬姛鐢熸垚棰樼洰 (5 ms)
      鈭?搴旇鍦?AI 璋冪敤澶辫触鏃舵姏鍑洪敊璇?(8 ms)
  AiGatewayController
    generateQuestions
      脳 搴旇澶勭悊棰樼洰鐢熸垚璇锋眰 (21 ms)
      脳 搴旇澶勭悊閿欒鎯呭喌 (2 ms)
  ResponseCacheService
    generateCacheKey
      脳 搴旇鍩轰簬鍙傛暟鐢熸垚涓€鑷寸殑缂撳瓨閿?(2 ms)
      脳 搴旇涓轰笉鍚屽弬鏁扮敓鎴愪笉鍚岀殑缂撳瓨閿?(2 ms)
    get/set cache
      脳 搴旇瀛樺偍鍜屾绱㈢紦瀛樻暟鎹?(10 ms)
      脳 搴旇瀵逛笉瀛樺湪鐨勯敭杩斿洖 null (1 ms)
      脳 搴旇妫€鏌ョ紦瀛樻槸鍚﹁繃鏈?(2 ms)
      脳 搴旇娓呴櫎缂撳瓨 (2 ms)
      脳 搴旇娓呴櫎鎵€鏈夌紦瀛?(1 ms)
    getOrSet
      脳 搴旇鍦ㄧ紦瀛樺懡涓椂杩斿洖缂撳瓨鏁版嵁 (3 ms)
      脳 搴旇鍦ㄧ紦瀛樻湭鍛戒腑鏃惰皟鐢?fetch 鍑芥暟 (3 ms)
    getStats
      脳 搴旇杩斿洖缂撳瓨缁熻淇℃伅 (2 ms)
  AiTaskLogModel
    create
      脳 搴旇鍒涘缓浠诲姟鏃ュ織璁板綍 (2 ms)
    findByUserId
      脳 搴旇鏌ユ壘鐢ㄦ埛鐨勪换鍔℃棩蹇?(2 ms)
    countByStatus
      脳 搴旇鎸夌姸鎬佺粺璁′换鍔℃暟閲?(2 ms)
    getRecentLogs
      脳 搴旇鑾峰彇鏈€杩戠殑鏃ュ織 (5 ms)
  BatchUpdateService
    batchUpdateWeaknessPoints
      脳 搴旇鎵归噺鏇存柊钖勫急鐐?(2 ms)
    batchUpdateMastery
      脳 搴旇鎵归噺鏇存柊鎺屾彙搴?(1 ms)
    batchCreateExerciseRecords
      脳 搴旇鎵归噺鍒涘缓缁冧範璁板綍 (1 ms)

  鈼?AiGatewayService 鈥?MODEL_CONFIGS 鈥?搴旇浣跨敤鐜鍙橀噺閰嶇疆

    expect(received).toBe(expected) // Object.is equality

    Expected: "test-key"
    Received: undefined

    [0m [90m 37 |[39m       process[33m.[39menv[33m.[39m[33mQWEN_FLASH_URL[39m [33m=[39m [32m'https://test.
url'[39m[33m;[39m
     [90m 38 |[39m       
    [31m[1m>[22m[39m[90m 39 |[39m       expect([33mAiGatewayService[39m[33m.[39m[33mMODEL_CONFIGS[39m[[32m
'qwen-flash'[39m][33m.[39mapiKey)[33m.[39mtoBe([32m'test-key'[39m)[33m;[39m
     [90m    |[39m                                                                   [31m[1m^[22m[39m
     [90m 40 |[39m       expect([33mAiGatewayService[39m[33m.[39m[33mMODEL_CONFIGS[39m[[32m'qwen-flash'[39m]
[33m.[39murl)[33m.[39mtoBe([32m'https://test.url'[39m)[33m;[39m
     [90m 41 |[39m     })[33m;[39m
     [90m 42 |[39m   })[33m;[39m[0m

      at Object.toBe (tests/modules/ai-gateway.test.js:39:67)

  鈼?AiGatewayService 鈥?callModel 鈥?搴旇鎴愬姛璋冪敤 API 骞惰繑鍥炵粨鏋?
    expect(received).toBe(expected) // Object.is equality

    Expected: true
    Received: false

    [0m [90m 85 |[39m       [36mconst[39m result [33m=[39m [36mawait[39m [33mAiGatewayService[39m[33m.[39m
callModel([32m'qwen-flash'[39m[33m,[39m [32m'test prompt'[39m)[33m;[39m
     [90m 86 |[39m       
    [31m[1m>[22m[39m[90m 87 |[39m       expect(result[33m.[39msuccess)[33m.[39mtoBe([36mtrue[39m)[33m;[39
m
     [90m    |[39m                              [31m[1m^[22m[39m
     [90m 88 |[39m       expect(result[33m.[39mdata)[33m.[39mtoBe([32m'Test response'[39m)[33m;[39m
     [90m 89 |[39m       expect(axios[33m.[39mpost)[33m.[39mtoHaveBeenCalledTimes([35m1[39m)[33m;[39m
     [90m 90 |[39m     })[33m;[39m[0m

      at Object.toBe (tests/modules/ai-gateway.test.js:87:30)

  鈼?AiGatewayService 鈥?callModel 鈥?搴旇鍦?API 杩斿洖閿欒鏍煎紡鏃跺鐞嗛敊璇?
    expect(received).toContain(expected) // indexOf

    Expected substring: "API 杩斿洖鏁版嵁鏍煎紡涓嶆纭?
    Received string:    "妯″瀷 qwen-flash 鐨?API Key 鏈厤缃?

    [0m [90m 100 |[39m       
     [90m 101 |[39m       expect(result[33m.[39msuccess)[33m.[39mtoBe([36mfalse[39m)[33m;[39m
    [31m[1m>[22m[39m[90m 102 |[39m       expect(result[33m.[39merror)[33m.[39mtoContain([32m'API 杩斿洖鏁版嵁鏍煎紡涓嶆
纭?[39m)[33m;[39m
     [90m     |[39m                            [31m[1m^[22m[39m
     [90m 103 |[39m     })[33m;[39m
     [90m 104 |[39m
     [90m 105 |[39m     it([32m'搴旇鍦?AI 杩斿洖鍐呭涓虹┖鏃跺鐞嗛敊璇?[39m[33m,[39m [36masync[39m () [33m=>[39m {[0m

      at Object.toContain (tests/modules/ai-gateway.test.js:102:28)

  鈼?AiGatewayService 鈥?callModel 鈥?搴旇鍦?AI 杩斿洖鍐呭涓虹┖鏃跺鐞嗛敊璇?
    expect(received).toContain(expected) // indexOf

    Expected substring: "AI 杩斿洖鍐呭涓虹┖"
    Received string:    "妯″瀷 qwen-flash 鐨?API Key 鏈厤缃?

    [0m [90m 119 |[39m       
     [90m 120 |[39m       expect(result[33m.[39msuccess)[33m.[39mtoBe([36mfalse[39m)[33m;[39m
    [31m[1m>[22m[39m[90m 121 |[39m       expect(result[33m.[39merror)[33m.[39mtoContain([32m'AI 杩斿洖鍐呭涓虹┖'[
39m)[33m;[39m
     [90m     |[39m                            [31m[1m^[22m[39m
     [90m 122 |[39m     })[33m;[39m
     [90m 123 |[39m
     [90m 124 |[39m     it([32m'搴旇鍦ㄧ綉缁滈敊璇椂閲嶈瘯'[39m[33m,[39m [36masync[39m () [33m=>[39m {[0m

      at Object.toContain (tests/modules/ai-gateway.test.js:121:28)

  鈼?AiGatewayService 鈥?callModel 鈥?搴旇鍦ㄧ綉缁滈敊璇椂閲嶈瘯

    expect(received).toBe(expected) // Object.is equality

    Expected: true
    Received: false

    [0m [90m 138 |[39m       [36mconst[39m result [33m=[39m [36mawait[39m [33mAiGatewayService[39m[33m.[39
mcallModel([32m'qwen-flash'[39m[33m,[39m [32m'test prompt'[39m)[33m;[39m
     [90m 139 |[39m       
    [31m[1m>[22m[39m[90m 140 |[39m       expect(result[33m.[39msuccess)[33m.[39mtoBe([36mtrue[39m)[33m;[3
9m
     [90m     |[39m                              [31m[1m^[22m[39m
     [90m 141 |[39m       expect(axios[33m.[39mpost)[33m.[39mtoHaveBeenCalledTimes([35m3[39m)[33m;[39m
     [90m 142 |[39m     })[33m;[39m
     [90m 143 |[39m[0m

      at Object.toBe (tests/modules/ai-gateway.test.js:140:30)

  鈼?AiGatewayService 鈥?callModel 鈥?搴旇鍦ㄨ秴杩囨渶澶ч噸璇曟鏁板悗澶辫触

    expect(jest.fn()).toHaveBeenCalledTimes(expected)

    Expected number of calls: 4
    Received number of calls: 0

    [0m [90m 150 |[39m       
     [90m 151 |[39m       expect(result[33m.[39msuccess)[33m.[39mtoBe([36mfalse[39m)[33m;[39m
    [31m[1m>[22m[39m[90m 152 |[39m       expect(axios[33m.[39mpost)[33m.[39mtoHaveBeenCalledTimes([35m4[39m
)[33m;[39m [90m// Initial + 3 retries[39m
     [90m     |[39m                          [31m[1m^[22m[39m
     [90m 153 |[39m     })[33m;[39m
     [90m 154 |[39m
     [90m 155 |[39m     it([32m'搴旇澶勭悊 HTTP 閿欒鍝嶅簲'[39m[33m,[39m [36masync[39m () [33m=>[39m {[0m

      at Object.toHaveBeenCalledTimes (tests/modules/ai-gateway.test.js:152:26)

  鈼?AiGatewayService 鈥?callModel 鈥?搴旇澶勭悊 HTTP 閿欒鍝嶅簲

    expect(received).toContain(expected) // indexOf

    Expected substring: "429"
    Received string:    "妯″瀷 qwen-flash 鐨?API Key 鏈厤缃?

    [0m [90m 166 |[39m       
     [90m 167 |[39m       expect(result[33m.[39msuccess)[33m.[39mtoBe([36mfalse[39m)[33m;[39m
    [31m[1m>[22m[39m[90m 168 |[39m       expect(result[33m.[39merror)[33m.[39mtoContain([32m'429'[39m)[33m
;[39m
     [90m     |[39m                            [31m[1m^[22m[39m
     [90m 169 |[39m     })[33m;[39m
     [90m 170 |[39m   })[33m;[39m
     [90m 171 |[39m[0m

      at Object.toContain (tests/modules/ai-gateway.test.js:168:28)

  鈼?AiGatewayService 鈥?buildQuestionPrompt 鈥?搴旇鐢熸垚鍖呭惈鎵€鏈夊弬鏁扮殑鎻愮ず璇?
    expect(received).toContain(expected) // indexOf

    Expected substring: "3 閬?
    Received string:    "璇锋牴鎹互涓嬭鏈唴瀹圭敓鎴?閬撻€夋嫨棰橈紙4 涓€夐」锛屽崟閫夛級銆偮?    銆愯鏈俊鎭€?    - 骞寸骇锛氬叓骞寸骇
    - 绉戠洰锛氱墿鐞?    - 鍗曞厓锛氬姏瀛?    - 闅惧害瑕佹眰锛氫腑绛夐毦搴︼紝鑰冨療鐞嗚В鍜岀畝鍗曞簲鐢?    銆愯鏈唴瀹广€?    Newton 绗竴瀹氬緥路
    銆愯緭鍑鸿姹傘€?    璇蜂弗鏍兼寜鐓т互涓?JSON 鏍煎紡杈撳嚭锛堜笉瑕佸寘鍚换浣曞叾浠栨枃瀛楋級锛?    {
      \"questions\": [
        {
          \"id\": 1,
          \"type\": \"choice\",
          \"difficulty\": \"medium\",
          \"question\": \"棰樼洰棰樺共\",
          \"options\": [\"A. 閫夐」 1\", \"B. 閫夐」 2\", \"C. 閫夐」 3\", \"D. 閫夐」 4\"],
          \"answer\": \"A\",
          \"explanation\": \"绛旀瑙ｆ瀽\",
          \"knowledgePoint\": \"鑰冨療鐨勭煡璇嗙偣\",
          \"unit\": \"鍔涘\"
        }
      ]
    }路
    娉ㄦ剰锛?    1. 閫夋嫨棰樼殑 answer 蹇呴』鏄?A/B/C/D 涔嬩竴
    2. 濉┖棰樼殑 options 鍙互涓虹┖鏁扮粍锛宎nswer 涓烘纭瓟妗?    3. 姣忛亾棰樺繀椤绘湁璇︾粏鐨?explanation
    4. knowledgePoint 瑕佸噯纭爣娉ㄨ€冨療鐨勭煡璇嗙偣"

    [0m [90m 188 |[39m       expect(prompt)[33m.[39mtoContain([32m'鐗╃悊'[39m)[33m;[39m
     [90m 189 |[39m       expect(prompt)[33m.[39mtoContain([32m'鍔涘'[39m)[33m;[39m
    [31m[1m>[22m[39m[90m 190 |[39m       expect(prompt)[33m.[39mtoContain([32m'3 閬?[39m)[33m;[39m
     [90m     |[39m                      [31m[1m^[22m[39m
     [90m 191 |[39m     })[33m;[39m
     [90m 192 |[39m
     [90m 193 |[39m     it([32m'搴旇涓轰笉鍚岄毦搴︾敓鎴愭纭殑鎻忚堪'[39m[33m,[39m () [33m=>[39m {[0m

      at Object.toContain (tests/modules/ai-gateway.test.js:190:22)

  鈼?AiGatewayService 鈥?parseAndValidateQuestions 鈥?搴旇瑙ｆ瀽 questions 鏁扮粍

    expect(received).toHaveLength(expected)

    Expected length: 1
    Received length: 0
    Received array:  []

    [0m [90m 290 |[39m
     [90m 291 |[39m       [36mconst[39m result [33m=[39m [33mAiGatewayService[39m[33m.[39mparseAndValidateQue
stions(responseText)[33m;[39m
    [31m[1m>[22m[39m[90m 292 |[39m       expect(result)[33m.[39mtoHaveLength([35m1[39m)[33m;[39m
     [90m     |[39m                      [31m[1m^[22m[39m
     [90m 293 |[39m     })[33m;[39m
     [90m 294 |[39m
     [90m 295 |[39m     it([32m'搴旇浠庢枃鏈腑鎻愬彇 JSON'[39m[33m,[39m () [33m=>[39m {[0m

      at Object.toHaveLength (tests/modules/ai-gateway.test.js:292:22)

  鈼?AiGatewayService 鈥?repairAndParse 鈥?搴旇浠庢牸寮忓寲鏂囨湰涓彁鍙栭鐩?
    expect(received).toBeGreaterThan(expected)

    Expected: > 0
    Received:   0

    [0m [90m 320 |[39m
     [90m 321 |[39m       [36mconst[39m result [33m=[39m [33mAiGatewayService[39m[33m.[39mrepairAndParse(text
)[33m;[39m
    [31m[1m>[22m[39m[90m 322 |[39m       expect(result[33m.[39mlength)[33m.[39mtoBeGreaterThan([35m0[39m)[
33m;[39m
     [90m     |[39m                             [31m[1m^[22m[39m
     [90m 323 |[39m       expect(result[[35m0[39m][33m.[39mquestion)[33m.[39mtoContain([32m'绗竴棰橀鐩?[39m)[33
m;[39m
     [90m 324 |[39m     })[33m;[39m
     [90m 325 |[39m[0m

      at Object.toBeGreaterThan (tests/modules/ai-gateway.test.js:322:29)

  鈼?AiGatewayService 鈥?repairAndParse 鈥?搴旇澶勭悊澶氶亾棰樼洰

    expect(received).toBe(expected) // Object.is equality

    Expected: 2
    Received: 0

    [0m [90m 334 |[39m
     [90m 335 |[39m       [36mconst[39m result [33m=[39m [33mAiGatewayService[39m[33m.[39mrepairAndParse(text
)[33m;[39m
    [31m[1m>[22m[39m[90m 336 |[39m       expect(result[33m.[39mlength)[33m.[39mtoBe([35m2[39m)[33m;[39m
     [90m     |[39m                             [31m[1m^[22m[39m
     [90m 337 |[39m     })[33m;[39m
     [90m 338 |[39m   })[33m;[39m
     [90m 339 |[39m[0m

      at Object.toBe (tests/modules/ai-gateway.test.js:336:29)

  鈼?AiGatewayService 鈥?generateQuestions 鈥?搴旇鎴愬姛鐢熸垚棰樼洰

    棰樼洰鐢熸垚澶辫触锛氭ā鍨?qwen-max 鐨?API Key 鏈厤缃?
    [0m [90m 192 |[39m
     [90m 193 |[39m     [36mif[39m ([33m![39mresult[33m.[39msuccess) {
    [31m[1m>[22m[39m[90m 194 |[39m       [36mthrow[39m [36mnew[39m [33mError[39m([32m`棰樼洰鐢熸垚澶辫触锛?{result.e
rror}`[39m)[33m;[39m
     [90m     |[39m             [31m[1m^[22m[39m
     [90m 195 |[39m     }
     [90m 196 |[39m
     [90m 197 |[39m     [90m// 瑙ｆ瀽鍜屾牎楠?JSON 缁撴灉[39m[0m

      at AiGatewayService.generateQuestions (src/modules/ai-gateway/AiGatewayService.js:194:13)
      at Object.<anonymous> (tests/modules/ai-gateway.test.js:363:22)

  鈼?AiGatewayController 鈥?generateQuestions 鈥?搴旇澶勭悊棰樼洰鐢熸垚璇锋眰

    expect(jest.fn()).toHaveBeenCalledWith(...expected)

    Expected: 200
    Received: 500

    Number of calls: 1

    [0m [90m 414 |[39m       [36mawait[39m [33mAiGatewayController[39m[33m.[39mgenerateQuestions(mockReq[33m,
[39m mockRes)[33m;[39m
     [90m 415 |[39m
    [31m[1m>[22m[39m[90m 416 |[39m       expect(mockRes[33m.[39mstatus)[33m.[39mtoHaveBeenCalledWith([35m200
[39m)[33m;[39m
     [90m     |[39m                              [31m[1m^[22m[39m
     [90m 417 |[39m       expect(mockRes[33m.[39mjson)[33m.[39mtoHaveBeenCalledWith(
     [90m 418 |[39m         expect[33m.[39mobjectContaining({ success[33m:[39m [36mtrue[39m })
     [90m 419 |[39m       )[33m;[39m[0m

      at Object.toHaveBeenCalledWith (tests/modules/ai-gateway.test.js:416:30)

  鈼?AiGatewayController 鈥?generateQuestions 鈥?搴旇澶勭悊閿欒鎯呭喌

    expect(jest.fn()).toHaveBeenCalledWith(...expected)

    Expected: 500
    Received: 400

    Number of calls: 1

    [0m [90m 435 |[39m       [36mawait[39m [33mAiGatewayController[39m[33m.[39mgenerateQuestions(mockReq[33m,
[39m mockRes)[33m;[39m
     [90m 436 |[39m
    [31m[1m>[22m[39m[90m 437 |[39m       expect(mockRes[33m.[39mstatus)[33m.[39mtoHaveBeenCalledWith([35m500
[39m)[33m;[39m
     [90m     |[39m                              [31m[1m^[22m[39m
     [90m 438 |[39m     })[33m;[39m
     [90m 439 |[39m   })[33m;[39m
     [90m 440 |[39m })[33m;[39m[0m

      at Object.toHaveBeenCalledWith (tests/modules/ai-gateway.test.js:437:30)

  鈼?ResponseCacheService 鈥?generateCacheKey 鈥?搴旇鍩轰簬鍙傛暟鐢熸垚涓€鑷寸殑缂撳瓨閿?
    TypeError: Cannot convert undefined or null to object
        at Object.keys (<anonymous>)

    [0m [90m 61 |[39m   [36mstatic[39m generateCacheKey(type[33m,[39m params) {
     [90m 62 |[39m     [36mconst[39m hash [33m=[39m crypto[33m.[39mcreateHash([32m'sha256'[39m)
    [31m[1m>[22m[39m[90m 63 |[39m       [33m.[39mupdate([33mJSON[39m[33m.[39mstringify(params[33m,[39m [
33mObject[39m[33m.[39mkeys(params)[33m.[39msort()))
     [90m    |[39m                                             [31m[1m^[22m[39m
     [90m 64 |[39m       [33m.[39mdigest([32m'hex'[39m)[33m;[39m
     [90m 65 |[39m     [36mreturn[39m [32m`ai:cache:${type}:${hash}`[39m[33m;[39m
     [90m 66 |[39m   }[0m

      at ResponseCacheService.keys [as generateCacheKey] (src/modules/ai-gateway/ResponseCacheService.js:63:45)
      at Object.generateCacheKey (tests/modules/ai-gateway.test.js:452:41)

  鈼?ResponseCacheService 鈥?generateCacheKey 鈥?搴旇涓轰笉鍚屽弬鏁扮敓鎴愪笉鍚岀殑缂撳瓨閿?
    TypeError: Cannot convert undefined or null to object
        at Object.keys (<anonymous>)

    [0m [90m 61 |[39m   [36mstatic[39m generateCacheKey(type[33m,[39m params) {
     [90m 62 |[39m     [36mconst[39m hash [33m=[39m crypto[33m.[39mcreateHash([32m'sha256'[39m)
    [31m[1m>[22m[39m[90m 63 |[39m       [33m.[39mupdate([33mJSON[39m[33m.[39mstringify(params[33m,[39m [
33mObject[39m[33m.[39mkeys(params)[33m.[39msort()))
     [90m    |[39m                                             [31m[1m^[22m[39m
     [90m 64 |[39m       [33m.[39mdigest([32m'hex'[39m)[33m;[39m
     [90m 65 |[39m     [36mreturn[39m [32m`ai:cache:${type}:${hash}`[39m[33m;[39m
     [90m 66 |[39m   }[0m

      at ResponseCacheService.keys [as generateCacheKey] (src/modules/ai-gateway/ResponseCacheService.js:63:45)
      at Object.generateCacheKey (tests/modules/ai-gateway.test.js:462:41)

  鈼?ResponseCacheService 鈥?get/set cache 鈥?搴旇瀛樺偍鍜屾绱㈢紦瀛樻暟鎹?
    expect(received).toEqual(expected) // deep equality

    - Expected  - 6
    + Received  + 3

    - Object {
    -   "questions": Array [
    -     Object {
    -       "id": 1,
    -     },
    -   ],
    + Promise {
    +   Symbol(async_id_symbol): 91056,
    +   Symbol(trigger_async_id_symbol): 91043,
      }

    [0m [90m 475 |[39m       [36mconst[39m retrieved [33m=[39m [33mResponseCacheService[39m[33m.[39m[36mget
[39m(key)[33m;[39m
     [90m 476 |[39m
    [31m[1m>[22m[39m[90m 477 |[39m       expect(retrieved)[33m.[39mtoEqual(data)[33m;[39m
     [90m     |[39m                         [31m[1m^[22m[39m
     [90m 478 |[39m     })[33m;[39m
     [90m 479 |[39m
     [90m 480 |[39m     it([32m'搴旇瀵逛笉瀛樺湪鐨勯敭杩斿洖 null'[39m[33m,[39m () [33m=>[39m {[0m

      at Object.toEqual (tests/modules/ai-gateway.test.js:477:25)

  鈼?ResponseCacheService 鈥?get/set cache 鈥?搴旇瀵逛笉瀛樺湪鐨勯敭杩斿洖 null

    expect(received).toBeNull()

    Received: {Symbol(async_id_symbol): 91224, Symbol(trigger_async_id_symbol): 91212}

    [0m [90m 480 |[39m     it([32m'搴旇瀵逛笉瀛樺湪鐨勯敭杩斿洖 null'[39m[33m,[39m () [33m=>[39m {
     [90m 481 |[39m       [36mconst[39m result [33m=[39m [33mResponseCacheService[39m[33m.[39m[36mget[39m(
[32m'non-existent-key'[39m)[33m;[39m
    [31m[1m>[22m[39m[90m 482 |[39m       expect(result)[33m.[39mtoBeNull()[33m;[39m
     [90m     |[39m                      [31m[1m^[22m[39m
     [90m 483 |[39m     })[33m;[39m
     [90m 484 |[39m
     [90m 485 |[39m     it([32m'搴旇妫€鏌ョ紦瀛樻槸鍚﹁繃鏈?[39m[33m,[39m () [33m=>[39m {[0m

      at Object.toBeNull (tests/modules/ai-gateway.test.js:482:22)

  鈼?ResponseCacheService 鈥?get/set cache 鈥?搴旇妫€鏌ョ紦瀛樻槸鍚﹁繃鏈?
    expect(received).toBeNull()

    Received: {Symbol(async_id_symbol): 91393, Symbol(trigger_async_id_symbol): 91380}

    [0m [90m 491 |[39m       [36mconst[39m retrieved [33m=[39m [33mResponseCacheService[39m[33m.[39m[36mget
[39m(key)[33m;[39m
     [90m 492 |[39m
    [31m[1m>[22m[39m[90m 493 |[39m       expect(retrieved)[33m.[39mtoBeNull()[33m;[39m
     [90m     |[39m                         [31m[1m^[22m[39m
     [90m 494 |[39m     })[33m;[39m
     [90m 495 |[39m
     [90m 496 |[39m     it([32m'搴旇娓呴櫎缂撳瓨'[39m[33m,[39m () [33m=>[39m {[0m

      at Object.toBeNull (tests/modules/ai-gateway.test.js:493:25)

  鈼?ResponseCacheService 鈥?get/set cache 鈥?搴旇娓呴櫎缂撳瓨

    TypeError: ResponseCacheService.clear is not a function

    [0m [90m 498 |[39m       [33mResponseCacheService[39m[33m.[39m[36mset[39m(key[33m,[39m { data[33m:[39m
 [32m'test'[39m })[33m;[39m
     [90m 499 |[39m       
    [31m[1m>[22m[39m[90m 500 |[39m       [33mResponseCacheService[39m[33m.[39mclear(key)[33m;[39m
     [90m     |[39m                            [31m[1m^[22m[39m
     [90m 501 |[39m       [36mconst[39m retrieved [33m=[39m [33mResponseCacheService[39m[33m.[39m[36mget[39
m(key)[33m;[39m
     [90m 502 |[39m       
     [90m 503 |[39m       expect(retrieved)[33m.[39mtoBeNull()[33m;[39m[0m

      at Object.clear (tests/modules/ai-gateway.test.js:500:28)

  鈼?ResponseCacheService 鈥?get/set cache 鈥?搴旇娓呴櫎鎵€鏈夌紦瀛?
    TypeError: ResponseCacheService.clearAll is not a function

    [0m [90m 508 |[39m       [33mResponseCacheService[39m[33m.[39m[36mset[39m([32m'key2'[39m[33m,[39m [32
m'value2'[39m)[33m;[39m
     [90m 509 |[39m       
    [31m[1m>[22m[39m[90m 510 |[39m       [33mResponseCacheService[39m[33m.[39mclearAll()[33m;[39m
     [90m     |[39m                            [31m[1m^[22m[39m
     [90m 511 |[39m       
     [90m 512 |[39m       expect([33mResponseCacheService[39m[33m.[39m[36mget[39m([32m'key1'[39m))[33m.[39m
toBeNull()[33m;[39m
     [90m 513 |[39m       expect([33mResponseCacheService[39m[33m.[39m[36mget[39m([32m'key2'[39m))[33m.[39m
toBeNull()[33m;[39m[0m

      at Object.clearAll (tests/modules/ai-gateway.test.js:510:28)

  鈼?ResponseCacheService 鈥?getOrSet 鈥?搴旇鍦ㄧ紦瀛樺懡涓椂杩斿洖缂撳瓨鏁版嵁

    TypeError: ResponseCacheService.getOrSet is not a function

    [0m [90m 523 |[39m       
     [90m 524 |[39m       [36mconst[39m fetchFn [33m=[39m jest[33m.[39mfn()[33m;[39m
    [31m[1m>[22m[39m[90m 525 |[39m       [36mconst[39m result [33m=[39m [36mawait[39m [33mResponseCacheSer
vice[39m[33m.[39mgetOrSet(key[33m,[39m fetchFn)[33m;[39m
     [90m     |[39m                                                 [31m[1m^[22m[39m
     [90m 526 |[39m       
     [90m 527 |[39m       expect(result)[33m.[39mtoEqual(data)[33m;[39m
     [90m 528 |[39m       expect(fetchFn)[33m.[39mnot[33m.[39mtoHaveBeenCalled()[33m;[39m[0m

      at Object.getOrSet (tests/modules/ai-gateway.test.js:525:49)

  鈼?ResponseCacheService 鈥?getOrSet 鈥?搴旇鍦ㄧ紦瀛樻湭鍛戒腑鏃惰皟鐢?fetch 鍑芥暟

    TypeError: ResponseCacheService.getOrSet is not a function

    [0m [90m 534 |[39m       
     [90m 535 |[39m       [36mconst[39m fetchFn [33m=[39m jest[33m.[39mfn()[33m.[39mmockResolvedValue(data)[
33m;[39m
    [31m[1m>[22m[39m[90m 536 |[39m       [36mconst[39m result [33m=[39m [36mawait[39m [33mResponseCacheSer
vice[39m[33m.[39mgetOrSet(key[33m,[39m fetchFn)[33m;[39m
     [90m     |[39m                                                 [31m[1m^[22m[39m
     [90m 537 |[39m       
     [90m 538 |[39m       expect(result)[33m.[39mtoEqual(data)[33m;[39m
     [90m 539 |[39m       expect(fetchFn)[33m.[39mtoHaveBeenCalledTimes([35m1[39m)[33m;[39m[0m

      at Object.getOrSet (tests/modules/ai-gateway.test.js:536:49)

  鈼?ResponseCacheService 鈥?getStats 鈥?搴旇杩斿洖缂撳瓨缁熻淇℃伅

    expect(received).toBeGreaterThanOrEqual(expected)

    Matcher error: received value must be a number or bigint

    Received has value: undefined

    [0m [90m 548 |[39m       [36mconst[39m stats [33m=[39m [33mResponseCacheService[39m[33m.[39mgetStats()[
33m;[39m
     [90m 549 |[39m       
    [31m[1m>[22m[39m[90m 550 |[39m       expect(stats[33m.[39msize)[33m.[39mtoBeGreaterThanOrEqual([35m2[39
m)[33m;[39m
     [90m     |[39m                          [31m[1m^[22m[39m
     [90m 551 |[39m       expect(stats)[33m.[39mtoHaveProperty([32m'entries'[39m)[33m;[39m
     [90m 552 |[39m     })[33m;[39m
     [90m 553 |[39m   })[33m;[39m[0m

      at Object.toBeGreaterThanOrEqual (tests/modules/ai-gateway.test.js:550:26)

  鈼?AiTaskLogModel 鈥?create 鈥?搴旇鍒涘缓浠诲姟鏃ュ織璁板綍

    SqliteError: no such table: ai_task_logs

    [0m[0m

      at Database.prepare (node_modules/better-sqlite3/lib/methods/wrappers.js:5:21)
      at AiTaskLogModel.create (src/modules/ai-gateway/AiTaskLogModel.js:2290:33)
      at Object.<anonymous> (tests/modules/ai-gateway.test.js:522:37)

  鈼?AiTaskLogModel 鈥?findByUserId 鈥?搴旇鏌ユ壘鐢ㄦ埛鐨勪换鍔℃棩蹇?
    SqliteError: no such table: ai_task_logs

    [0m[0m

      at Database.prepare (node_modules/better-sqlite3/lib/methods/wrappers.js:5:21)
      at AiTaskLogModel.create (src/modules/ai-gateway/AiTaskLogModel.js:2290:33)
      at Object.<anonymous> (tests/modules/ai-gateway.test.js:532:22)

  鈼?AiTaskLogModel 鈥?countByStatus 鈥?搴旇鎸夌姸鎬佺粺璁′换鍔℃暟閲?
    SqliteError: no such table: ai_task_logs

    [0m[0m

      at Database.prepare (node_modules/better-sqlite3/lib/methods/wrappers.js:5:21)
      at AiTaskLogModel.create (src/modules/ai-gateway/AiTaskLogModel.js:2290:33)
      at Object.<anonymous> (tests/modules/ai-gateway.test.js:547:22)

  鈼?AiTaskLogModel 鈥?getRecentLogs 鈥?搴旇鑾峰彇鏈€杩戠殑鏃ュ織

    TypeError: AiTaskLogModel.getRecentLogs is not a function

    [0m [90m 612 |[39m   describe([32m'getRecentLogs'[39m[33m,[39m () [33m=>[39m {
     [90m 613 |[39m     it([32m'搴旇鑾峰彇鏈€杩戠殑鏃ュ織'[39m[33m,[39m () [33m=>[39m {
    [31m[1m>[22m[39m[90m 614 |[39m       [36mconst[39m logs [33m=[39m [33mAiTaskLogModel[39m[33m.[39mgetR
ecentLogs([35m10[39m)[33m;[39m
     [90m     |[39m                                   [31m[1m^[22m[39m
     [90m 615 |[39m       expect([33mArray[39m[33m.[39misArray(logs))[33m.[39mtoBe([36mtrue[39m)[33m;[39m
     [90m 616 |[39m     })[33m;[39m
     [90m 617 |[39m   })[33m;[39m[0m

      at Object.getRecentLogs (tests/modules/ai-gateway.test.js:614:35)

  鈼?BatchUpdateService 鈥?batchUpdateWeaknessPoints 鈥?搴旇鎵归噺鏇存柊钖勫急鐐?
    TypeError: BatchUpdateService.batchUpdateWeaknessPoints is not a function

    [0m [90m 626 |[39m       ][33m;[39m
     [90m 627 |[39m
    [31m[1m>[22m[39m[90m 628 |[39m       [36mconst[39m result [33m=[39m [36mawait[39m [33mBatchUpdateServi
ce[39m[33m.[39mbatchUpdateWeaknessPoints(updates)[33m;[39m
     [90m     |[39m                                               [31m[1m^[22m[39m
     [90m 629 |[39m       
     [90m 630 |[39m       expect(result)[33m.[39mtoBeDefined()[33m;[39m
     [90m 631 |[39m       expect(result[33m.[39msuccess)[33m.[39mtoBe([36mtrue[39m)[33m;[39m[0m

      at Object.batchUpdateWeaknessPoints (tests/modules/ai-gateway.test.js:628:47)

  鈼?BatchUpdateService 鈥?batchUpdateMastery 鈥?搴旇鎵归噺鏇存柊鎺屾彙搴?
    TypeError: BatchUpdateService.batchUpdateMastery is not a function

    [0m [90m 640 |[39m       ][33m;[39m
     [90m 641 |[39m
    [31m[1m>[22m[39m[90m 642 |[39m       [36mconst[39m result [33m=[39m [36mawait[39m [33mBatchUpdateServi
ce[39m[33m.[39mbatchUpdateMastery(updates)[33m;[39m
     [90m     |[39m                                               [31m[1m^[22m[39m
     [90m 643 |[39m       
     [90m 644 |[39m       expect(result)[33m.[39mtoBeDefined()[33m;[39m
     [90m 645 |[39m       expect(result[33m.[39msuccess)[33m.[39mtoBe([36mtrue[39m)[33m;[39m[0m

      at Object.batchUpdateMastery (tests/modules/ai-gateway.test.js:642:47)

  鈼?BatchUpdateService 鈥?batchCreateExerciseRecords 鈥?搴旇鎵归噺鍒涘缓缁冧範璁板綍

    TypeError: BatchUpdateService.batchCreateExerciseRecords is not a function

    [0m [90m 658 |[39m       ][33m;[39m
     [90m 659 |[39m
    [31m[1m>[22m[39m[90m 660 |[39m       [36mconst[39m result [33m=[39m [36mawait[39m [33mBatchUpdateServi
ce[39m[33m.[39mbatchCreateExerciseRecords(records)[33m;[39m
     [90m     |[39m                                               [31m[1m^[22m[39m
     [90m 661 |[39m       
     [90m 662 |[39m       expect(result)[33m.[39mtoBeDefined()[33m;[39m
     [90m 663 |[39m       expect(result[33m.[39msuccess)[33m.[39mtoBe([36mtrue[39m)[33m;[39m[0m

      at Object.batchCreateExerciseRecords (tests/modules/ai-gateway.test.js:660:47)

  console.log
    馃И 娴嬭瘯鐜宸查厤缃細TEST_MODE=true, DATABASE_PATH=E:\openclaw\workspace-studyass-mgr\backend\test-temp-19896.db

      at Object.<anonymous> (jest.setup.js:33:9)

  console.warn
    鏈煡瀹氫环锛歶nknown/unknown-model锛屼娇鐢ㄩ粯璁や环鏍?
    [0m [90m 147 |[39m     [36mconst[39m pricing [33m=[39m [36mthis[39m[33m.[39m[33mPRICING[39m[provider][33m?[39m[33m.[39m[model][33m;[39m
     [90m 148 |[39m     [36mif[39m ([33m![39mpricing) {
    [31m[1m>[22m[39m[90m 149 |[39m       console[33m.[39mwarn([32m`鏈煡瀹氫环锛?{provider}/${model}锛屼娇鐢ㄩ粯璁や环鏍糮[39m)[33m;[39m
     [90m     |[39m               [31m[1m^[22m[39m
     [90m 150 |[39m       [36mreturn[39m (promptTokens [33m+[39m completionTokens) [33m*[39m [35m0.00001[39m[33m;[39m [90m// 榛樿浣庝环[39m
     [90m 151 |[39m     }
     [90m 152 |[39m[0m

      at CostAnalysisService.warn [as calculateCost] (src/modules/cost-analysis/CostAnalysisService.js:149:15)
      at Object.calculateCost (tests/modules/cost-analysis.test.js:145:40)

FAIL tests/modules/cost-analysis.test.js
  CostAnalysisService
    PRICING
      鈭?搴旇鍖呭惈鎵€鏈夋彁渚涘晢鐨勫畾浠烽厤缃?(8 ms)
      鈭?搴旇鍖呭惈涓昏妯″瀷鐨勪环鏍?(4 ms)
      鈭?搴旇瀹氫箟 prompt 鍜?completion 浠锋牸 (3 ms)
    BUDGET_CONFIG
      鈭?搴旇鍖呭惈棰勭畻閰嶇疆 (6 ms)
      鈭?搴旇浣跨敤鐜鍙橀噺鎴栭粯璁ゅ€?(3 ms)
      鈭?搴旇鍖呭惈鍛婅闃堝€兼暟缁?(3 ms)
    init
      脳 搴旇鍒濆鍖?Redis 杩炴帴 (5 ms)
      脳 搴旇閲嶅浣跨敤宸叉湁鐨?Redis 杩炴帴 (6 ms)
      脳 搴旇浣跨敤鐜鍙橀噺閰嶇疆 Redis (4 ms)
    calculateCost
      鈭?搴旇璁＄畻闃块噷浜戞ā鍨嬬殑鎴愭湰 (14 ms)
      鈭?搴旇璁＄畻 OpenAI 妯″瀷鐨勬垚鏈?(4 ms)
      鈭?搴旇涓烘湭鐭ユā鍨嬩娇鐢ㄩ粯璁や环鏍?(18 ms)
      鈭?搴旇澶勭悊闆?tokens (2 ms)
      鈭?搴旇澶勭悊澶ч噺 tokens (3 ms)
    getWeekNumber
      鈭?搴旇璁＄畻鏃ユ湡鎵€鍦ㄧ殑鍛ㄦ暟 (3 ms)
      鈭?搴旇姝ｇ‘澶勭悊骞村垵 (2 ms)
      鈭?搴旇姝ｇ‘澶勭悊骞存湯 (3 ms)
    recordUsage
      脳 搴旇璁板綍 Token 浣跨敤鍙婃垚鏈?(4 ms)
      脳 搴旇鏇存柊鏃ョ粺璁?(2 ms)
      脳 搴旇鏇存柊鍛ㄧ粺璁?(4 ms)
      脳 搴旇鏇存柊鏈堢粺璁?(7 ms)
      脳 搴旇鏇存柊鐢ㄦ埛缁熻 (4 ms)
      脳 搴旇鏇存柊浠诲姟绫诲瀷缁熻 (6 ms)
      脳 搴旇璁剧疆姝ｇ‘鐨勮繃鏈熸椂闂?(4 ms)
      脳 搴旇鍦ㄦ病鏈?Redis 鏃朵笉鎶涘嚭閿欒 (5 ms)
      脳 搴旇澶勭悊璁板綍澶辫触鐨勬儏鍐?(5 ms)
    checkBudgetAlerts
      脳 搴旇妫€鏌ラ绠楀苟杩斿洖鍛婅 (6 ms)
      脳 搴旇鍦ㄨ揪鍒伴槇鍊兼椂瑙﹀彂鍛婅 (5 ms)
      脳 搴旇璁板綍鍛婅鍒?Redis (4 ms)
      脳 搴旇闄愬埗鍛婅鏁伴噺涓烘渶杩?100 鏉?(8 ms)
      脳 搴旇閬垮厤閲嶅鍙戦€佸悓涓€闃堝€肩殑鍛婅 (4 ms)
    shouldAlert
      脳 搴旇鍦ㄨ揪鍒伴槇鍊兼椂杩斿洖 true (3 ms)
      脳 搴旇鍦ㄦ病鏈夎揪鍒伴槇鍊兼椂杩斿洖 false (3 ms)
      脳 搴旇鍦ㄥ凡缁忓彂閫佽繃鍛婅鏃惰繑鍥?false (4 ms)
      脳 搴旇璁剧疆鍛婅鏍囪 (5 ms)
    getDailyTotal
      脳 搴旇鑾峰彇鏃ユ€绘垚鏈?(4 ms)
      脳 搴旇浣跨敤褰撳墠鏃ユ湡浣滀负榛樿鍊?(6 ms)
      脳 搴旇鍦ㄦ病鏈夋暟鎹椂杩斿洖 0 (2 ms)
      脳 搴旇鍦ㄦ病鏈?Redis 鏃惰繑鍥?0 (2 ms)
    getWeeklyTotal
      脳 搴旇鑾峰彇鍛ㄦ€绘垚鏈?(2 ms)
      脳 搴旇鍦ㄦ病鏈夋暟鎹椂杩斿洖 0 (3 ms)
    getMonthlyTotal
      脳 搴旇鑾峰彇鏈堟€绘垚鏈?(14 ms)
      脳 搴旇浣跨敤褰撳墠鏈堜唤浣滀负榛樿鍊?(2 ms)
    getCostStats
      脳 搴旇鑾峰彇鏃ユ垚鏈粺璁?(3 ms)
      脳 搴旇鑾峰彇鏈堟垚鏈粺璁?(3 ms)
      脳 搴旇鎸夋彁渚涘晢鑱氬悎鎴愭湰 (3 ms)
      脳 搴旇鎸夋ā鍨嬭仛鍚堟垚鏈?(3 ms)
      脳 搴旇鍦ㄦ病鏈?Redis 鏃惰繑鍥?null (4 ms)
      脳 搴旇澶勭悊鑾峰彇澶辫触鐨勬儏鍐?(3 ms)
    getUserCostStats
      脳 搴旇鑾峰彇鐢ㄦ埛鎴愭湰缁熻 (3 ms)
      脳 搴旇澶勭悊鐢ㄦ埛娌℃湁鏁版嵁鐨勬儏鍐?(4 ms)
      脳 搴旇鍦ㄦ病鏈?Redis 鏃惰繑鍥?null (3 ms)
    getBudgetUsage
      脳 搴旇鑾峰彇棰勭畻浣跨敤鎯呭喌 (4 ms)
      脳 搴旇鍖呭惈棰勭畻銆佽姳璐瑰拰鍓╀綑 (4 ms)
      脳 搴旇璁＄畻姝ｇ‘鐨勪娇鐢ㄧ櫨鍒嗘瘮 (4 ms)
    getRecentAlerts
      脳 搴旇鑾峰彇鏈€杩戠殑鍛婅璁板綍 (3 ms)
      脳 搴旇闄愬埗杩斿洖鏁伴噺 (4 ms)
      脳 搴旇鍦ㄦ病鏈?Redis 鏃惰繑鍥炵┖鏁扮粍 (2 ms)
    getOptimizationSuggestions
      脳 搴旇鐢熸垚浼樺寲寤鸿 (2 ms)
      脳 搴旇鍦ㄥ崟涓€鎻愪緵鍟嗗崰姣旇繃楂樻椂缁欏嚭寤鸿 (2 ms)
      脳 搴旇鍦ㄩ珮鎴愭湰妯″瀷鏃剁粰鍑哄缓璁?(3 ms)
      脳 搴旇鍦ㄦ垚鏈闀挎椂缁欏嚭寤鸿 (4 ms)
      脳 搴旇鍖呭惈娼滃湪鑺傜渷閲戦 (4 ms)
      脳 搴旇鍦ㄦ病鏈?Redis 鏃惰繑鍥炵┖鏁扮粍 (2 ms)

  鈼?CostAnalysisService 鈥?init 鈥?搴旇鍒濆鍖?Redis 杩炴帴

    TypeError: this.redis.on is not a function

    [0m [90m 64 |[39m     [36mthis[39m[33m.[39mredis [33m=[39m [36mnew[39m [33mRedis[39m(redisConfig)[33m
;[39m
     [90m 65 |[39m
    [31m[1m>[22m[39m[90m 66 |[39m     [36mthis[39m[33m.[39mredis[33m.[39mon([32m'error'[39m[33m,[39m (e
rr) [33m=>[39m {
     [90m    |[39m                [31m[1m^[22m[39m
     [90m 67 |[39m       console[33m.[39merror([32m'鉂?Cost Redis 杩炴帴閿欒:'[39m[33m,[39m err[33m.[39mmessage)[
33m;[39m
     [90m 68 |[39m     })[33m;[39m
     [90m 69 |[39m[0m

      at CostAnalysisService.on [as init] (src/modules/cost-analysis/CostAnalysisService.js:66:16)
      at Object.init (tests/modules/cost-analysis.test.js:90:47)

  鈼?CostAnalysisService 鈥?init 鈥?搴旇鍒濆鍖?Redis 杩炴帴

    TypeError: CostAnalysisService.redis.disconnect is not a function

    [0m [90m 37 |[39m   afterEach(() [33m=>[39m {
     [90m 38 |[39m     [36mif[39m ([33mCostAnalysisService[39m[33m.[39mredis) {
    [31m[1m>[22m[39m[90m 39 |[39m       [33mCostAnalysisService[39m[33m.[39mredis[33m.[39mdisconnect()[33m
;[39m
     [90m    |[39m                                 [31m[1m^[22m[39m
     [90m 40 |[39m       [33mCostAnalysisService[39m[33m.[39mredis [33m=[39m [36mnull[39m[33m;[39m
     [90m 41 |[39m     }
     [90m 42 |[39m   })[33m;[39m[0m

      at Object.disconnect (tests/modules/cost-analysis.test.js:39:33)

  鈼?CostAnalysisService 鈥?init 鈥?搴旇閲嶅浣跨敤宸叉湁鐨?Redis 杩炴帴

    TypeError: this.redis.on is not a function

    [0m [90m 64 |[39m     [36mthis[39m[33m.[39mredis [33m=[39m [36mnew[39m [33mRedis[39m(redisConfig)[33m
;[39m
     [90m 65 |[39m
    [31m[1m>[22m[39m[90m 66 |[39m     [36mthis[39m[33m.[39mredis[33m.[39mon([32m'error'[39m[33m,[39m (e
rr) [33m=>[39m {
     [90m    |[39m                [31m[1m^[22m[39m
     [90m 67 |[39m       console[33m.[39merror([32m'鉂?Cost Redis 杩炴帴閿欒:'[39m[33m,[39m err[33m.[39mmessage)[
33m;[39m
     [90m 68 |[39m     })[33m;[39m
     [90m 69 |[39m[0m

      at CostAnalysisService.on [as init] (src/modules/cost-analysis/CostAnalysisService.js:66:16)
      at Object.init (tests/modules/cost-analysis.test.js:98:33)

  鈼?CostAnalysisService 鈥?init 鈥?搴旇閲嶅浣跨敤宸叉湁鐨?Redis 杩炴帴

    TypeError: CostAnalysisService.redis.disconnect is not a function

    [0m [90m 37 |[39m   afterEach(() [33m=>[39m {
     [90m 38 |[39m     [36mif[39m ([33mCostAnalysisService[39m[33m.[39mredis) {
    [31m[1m>[22m[39m[90m 39 |[39m       [33mCostAnalysisService[39m[33m.[39mredis[33m.[39mdisconnect()[33m
;[39m
     [90m    |[39m                                 [31m[1m^[22m[39m
     [90m 40 |[39m       [33mCostAnalysisService[39m[33m.[39mredis [33m=[39m [36mnull[39m[33m;[39m
     [90m 41 |[39m     }
     [90m 42 |[39m   })[33m;[39m[0m

      at Object.disconnect (tests/modules/cost-analysis.test.js:39:33)

  鈼?CostAnalysisService 鈥?init 鈥?搴旇浣跨敤鐜鍙橀噺閰嶇疆 Redis

    TypeError: this.redis.on is not a function

    [0m [90m 64 |[39m     [36mthis[39m[33m.[39mredis [33m=[39m [36mnew[39m [33mRedis[39m(redisConfig)[33m
;[39m
     [90m 65 |[39m
    [31m[1m>[22m[39m[90m 66 |[39m     [36mthis[39m[33m.[39mredis[33m.[39mon([32m'error'[39m[33m,[39m (e
rr) [33m=>[39m {
     [90m    |[39m                [31m[1m^[22m[39m
     [90m 67 |[39m       console[33m.[39merror([32m'鉂?Cost Redis 杩炴帴閿欒:'[39m[33m,[39m err[33m.[39mmessage)[
33m;[39m
     [90m 68 |[39m     })[33m;[39m
     [90m 69 |[39m[0m

      at CostAnalysisService.on [as init] (src/modules/cost-analysis/CostAnalysisService.js:66:16)
      at Object.init (tests/modules/cost-analysis.test.js:112:33)

  鈼?CostAnalysisService 鈥?init 鈥?搴旇浣跨敤鐜鍙橀噺閰嶇疆 Redis

    TypeError: CostAnalysisService.redis.disconnect is not a function

    [0m [90m 37 |[39m   afterEach(() [33m=>[39m {
     [90m 38 |[39m     [36mif[39m ([33mCostAnalysisService[39m[33m.[39mredis) {
    [31m[1m>[22m[39m[90m 39 |[39m       [33mCostAnalysisService[39m[33m.[39mredis[33m.[39mdisconnect()[33m
;[39m
     [90m    |[39m                                 [31m[1m^[22m[39m
     [90m 40 |[39m       [33mCostAnalysisService[39m[33m.[39mredis [33m=[39m [36mnull[39m[33m;[39m
     [90m 41 |[39m     }
     [90m 42 |[39m   })[33m;[39m[0m

      at Object.disconnect (tests/modules/cost-analysis.test.js:39:33)

  鈼?CostAnalysisService 鈥?recordUsage 鈥?搴旇璁板綍 Token 浣跨敤鍙婃垚鏈?
    TypeError: this.redis.on is not a function

    [0m [90m 64 |[39m     [36mthis[39m[33m.[39mredis [33m=[39m [36mnew[39m [33mRedis[39m(redisConfig)[33m
;[39m
     [90m 65 |[39m
    [31m[1m>[22m[39m[90m 66 |[39m     [36mthis[39m[33m.[39mredis[33m.[39mon([32m'error'[39m[33m,[39m (e
rr) [33m=>[39m {
     [90m    |[39m                [31m[1m^[22m[39m
     [90m 67 |[39m       console[33m.[39merror([32m'鉂?Cost Redis 杩炴帴閿欒:'[39m[33m,[39m err[33m.[39mmessage)[
33m;[39m
     [90m 68 |[39m     })[33m;[39m
     [90m 69 |[39m[0m

      at CostAnalysisService.on [as init] (src/modules/cost-analysis/CostAnalysisService.js:66:16)
      at Object.init (tests/modules/cost-analysis.test.js:191:33)

  鈼?CostAnalysisService 鈥?recordUsage 鈥?搴旇璁板綍 Token 浣跨敤鍙婃垚鏈?
    TypeError: CostAnalysisService.redis.disconnect is not a function

    [0m [90m 37 |[39m   afterEach(() [33m=>[39m {
     [90m 38 |[39m     [36mif[39m ([33mCostAnalysisService[39m[33m.[39mredis) {
    [31m[1m>[22m[39m[90m 39 |[39m       [33mCostAnalysisService[39m[33m.[39mredis[33m.[39mdisconnect()[33m
;[39m
     [90m    |[39m                                 [31m[1m^[22m[39m
     [90m 40 |[39m       [33mCostAnalysisService[39m[33m.[39mredis [33m=[39m [36mnull[39m[33m;[39m
     [90m 41 |[39m     }
     [90m 42 |[39m   })[33m;[39m[0m

      at Object.disconnect (tests/modules/cost-analysis.test.js:39:33)

  鈼?CostAnalysisService 鈥?recordUsage 鈥?搴旇鏇存柊鏃ョ粺璁?
    TypeError: this.redis.on is not a function

    [0m [90m 64 |[39m     [36mthis[39m[33m.[39mredis [33m=[39m [36mnew[39m [33mRedis[39m(redisConfig)[33m
;[39m
     [90m 65 |[39m
    [31m[1m>[22m[39m[90m 66 |[39m     [36mthis[39m[33m.[39mredis[33m.[39mon([32m'error'[39m[33m,[39m (e
rr) [33m=>[39m {
     [90m    |[39m                [31m[1m^[22m[39m
     [90m 67 |[39m       console[33m.[39merror([32m'鉂?Cost Redis 杩炴帴閿欒:'[39m[33m,[39m err[33m.[39mmessage)[
33m;[39m
     [90m 68 |[39m     })[33m;[39m
     [90m 69 |[39m[0m

      at CostAnalysisService.on [as init] (src/modules/cost-analysis/CostAnalysisService.js:66:16)
      at Object.init (tests/modules/cost-analysis.test.js:191:33)

  鈼?CostAnalysisService 鈥?recordUsage 鈥?搴旇鏇存柊鏃ョ粺璁?
    TypeError: CostAnalysisService.redis.disconnect is not a function

    [0m [90m 37 |[39m   afterEach(() [33m=>[39m {
     [90m 38 |[39m     [36mif[39m ([33mCostAnalysisService[39m[33m.[39mredis) {
    [31m[1m>[22m[39m[90m 39 |[39m       [33mCostAnalysisService[39m[33m.[39mredis[33m.[39mdisconnect()[33m
;[39m
     [90m    |[39m                                 [31m[1m^[22m[39m
     [90m 40 |[39m       [33mCostAnalysisService[39m[33m.[39mredis [33m=[39m [36mnull[39m[33m;[39m
     [90m 41 |[39m     }
     [90m 42 |[39m   })[33m;[39m[0m

      at Object.disconnect (tests/modules/cost-analysis.test.js:39:33)

  鈼?CostAnalysisService 鈥?recordUsage 鈥?搴旇鏇存柊鍛ㄧ粺璁?
    TypeError: this.redis.on is not a function

    [0m [90m 64 |[39m     [36mthis[39m[33m.[39mredis [33m=[39m [36mnew[39m [33mRedis[39m(redisConfig)[33m
;[39m
     [90m 65 |[39m
    [31m[1m>[22m[39m[90m 66 |[39m     [36mthis[39m[33m.[39mredis[33m.[39mon([32m'error'[39m[33m,[39m (e
rr) [33m=>[39m {
     [90m    |[39m                [31m[1m^[22m[39m
     [90m 67 |[39m       console[33m.[39merror([32m'鉂?Cost Redis 杩炴帴閿欒:'[39m[33m,[39m err[33m.[39mmessage)[
33m;[39m
     [90m 68 |[39m     })[33m;[39m
     [90m 69 |[39m[0m

      at CostAnalysisService.on [as init] (src/modules/cost-analysis/CostAnalysisService.js:66:16)
      at Object.init (tests/modules/cost-analysis.test.js:191:33)

  鈼?CostAnalysisService 鈥?recordUsage 鈥?搴旇鏇存柊鍛ㄧ粺璁?
    TypeError: CostAnalysisService.redis.disconnect is not a function

    [0m [90m 37 |[39m   afterEach(() [33m=>[39m {
     [90m 38 |[39m     [36mif[39m ([33mCostAnalysisService[39m[33m.[39mredis) {
    [31m[1m>[22m[39m[90m 39 |[39m       [33mCostAnalysisService[39m[33m.[39mredis[33m.[39mdisconnect()[33m
;[39m
     [90m    |[39m                                 [31m[1m^[22m[39m
     [90m 40 |[39m       [33mCostAnalysisService[39m[33m.[39mredis [33m=[39m [36mnull[39m[33m;[39m
     [90m 41 |[39m     }
     [90m 42 |[39m   })[33m;[39m[0m

      at Object.disconnect (tests/modules/cost-analysis.test.js:39:33)

  鈼?CostAnalysisService 鈥?recordUsage 鈥?搴旇鏇存柊鏈堢粺璁?
    TypeError: this.redis.on is not a function

    [0m [90m 64 |[39m     [36mthis[39m[33m.[39mredis [33m=[39m [36mnew[39m [33mRedis[39m(redisConfig)[33m
;[39m
     [90m 65 |[39m
    [31m[1m>[22m[39m[90m 66 |[39m     [36mthis[39m[33m.[39mredis[33m.[39mon([32m'error'[39m[33m,[39m (e
rr) [33m=>[39m {
     [90m    |[39m                [31m[1m^[22m[39m
     [90m 67 |[39m       console[33m.[39merror([32m'鉂?Cost Redis 杩炴帴閿欒:'[39m[33m,[39m err[33m.[39mmessage)[
33m;[39m
     [90m 68 |[39m     })[33m;[39m
     [90m 69 |[39m[0m

      at CostAnalysisService.on [as init] (src/modules/cost-analysis/CostAnalysisService.js:66:16)
      at Object.init (tests/modules/cost-analysis.test.js:191:33)

  鈼?CostAnalysisService 鈥?recordUsage 鈥?搴旇鏇存柊鏈堢粺璁?
    TypeError: CostAnalysisService.redis.disconnect is not a function

    [0m [90m 37 |[39m   afterEach(() [33m=>[39m {
     [90m 38 |[39m     [36mif[39m ([33mCostAnalysisService[39m[33m.[39mredis) {
    [31m[1m>[22m[39m[90m 39 |[39m       [33mCostAnalysisService[39m[33m.[39mredis[33m.[39mdisconnect()[33m
;[39m
     [90m    |[39m                                 [31m[1m^[22m[39m
     [90m 40 |[39m       [33mCostAnalysisService[39m[33m.[39mredis [33m=[39m [36mnull[39m[33m;[39m
     [90m 41 |[39m     }
     [90m 42 |[39m   })[33m;[39m[0m

      at Object.disconnect (tests/modules/cost-analysis.test.js:39:33)

  鈼?CostAnalysisService 鈥?recordUsage 鈥?搴旇鏇存柊鐢ㄦ埛缁熻

    TypeError: this.redis.on is not a function

    [0m [90m 64 |[39m     [36mthis[39m[33m.[39mredis [33m=[39m [36mnew[39m [33mRedis[39m(redisConfig)[33m
;[39m
     [90m 65 |[39m
    [31m[1m>[22m[39m[90m 66 |[39m     [36mthis[39m[33m.[39mredis[33m.[39mon([32m'error'[39m[33m,[39m (e
rr) [33m=>[39m {
     [90m    |[39m                [31m[1m^[22m[39m
     [90m 67 |[39m       console[33m.[39merror([32m'鉂?Cost Redis 杩炴帴閿欒:'[39m[33m,[39m err[33m.[39mmessage)[
33m;[39m
     [90m 68 |[39m     })[33m;[39m
     [90m 69 |[39m[0m

      at CostAnalysisService.on [as init] (src/modules/cost-analysis/CostAnalysisService.js:66:16)
      at Object.init (tests/modules/cost-analysis.test.js:191:33)

  鈼?CostAnalysisService 鈥?recordUsage 鈥?搴旇鏇存柊鐢ㄦ埛缁熻

    TypeError: CostAnalysisService.redis.disconnect is not a function

    [0m [90m 37 |[39m   afterEach(() [33m=>[39m {
     [90m 38 |[39m     [36mif[39m ([33mCostAnalysisService[39m[33m.[39mredis) {
    [31m[1m>[22m[39m[90m 39 |[39m       [33mCostAnalysisService[39m[33m.[39mredis[33m.[39mdisconnect()[33m
;[39m
     [90m    |[39m                                 [31m[1m^[22m[39m
     [90m 40 |[39m       [33mCostAnalysisService[39m[33m.[39mredis [33m=[39m [36mnull[39m[33m;[39m
     [90m 41 |[39m     }
     [90m 42 |[39m   })[33m;[39m[0m

      at Object.disconnect (tests/modules/cost-analysis.test.js:39:33)

  鈼?CostAnalysisService 鈥?recordUsage 鈥?搴旇鏇存柊浠诲姟绫诲瀷缁熻

    TypeError: this.redis.on is not a function

    [0m [90m 64 |[39m     [36mthis[39m[33m.[39mredis [33m=[39m [36mnew[39m [33mRedis[39m(redisConfig)[33m
;[39m
     [90m 65 |[39m
    [31m[1m>[22m[39m[90m 66 |[39m     [36mthis[39m[33m.[39mredis[33m.[39mon([32m'error'[39m[33m,[39m (e
rr) [33m=>[39m {
     [90m    |[39m                [31m[1m^[22m[39m
     [90m 67 |[39m       console[33m.[39merror([32m'鉂?Cost Redis 杩炴帴閿欒:'[39m[33m,[39m err[33m.[39mmessage)[
33m;[39m
     [90m 68 |[39m     })[33m;[39m
     [90m 69 |[39m[0m

      at CostAnalysisService.on [as init] (src/modules/cost-analysis/CostAnalysisService.js:66:16)
      at Object.init (tests/modules/cost-analysis.test.js:191:33)

  鈼?CostAnalysisService 鈥?recordUsage 鈥?搴旇鏇存柊浠诲姟绫诲瀷缁熻

    TypeError: CostAnalysisService.redis.disconnect is not a function

    [0m [90m 37 |[39m   afterEach(() [33m=>[39m {
     [90m 38 |[39m     [36mif[39m ([33mCostAnalysisService[39m[33m.[39mredis) {
    [31m[1m>[22m[39m[90m 39 |[39m       [33mCostAnalysisService[39m[33m.[39mredis[33m.[39mdisconnect()[33m
;[39m
     [90m    |[39m                                 [31m[1m^[22m[39m
     [90m 40 |[39m       [33mCostAnalysisService[39m[33m.[39mredis [33m=[39m [36mnull[39m[33m;[39m
     [90m 41 |[39m     }
     [90m 42 |[39m   })[33m;[39m[0m

      at Object.disconnect (tests/modules/cost-analysis.test.js:39:33)

  鈼?CostAnalysisService 鈥?recordUsage 鈥?搴旇璁剧疆姝ｇ‘鐨勮繃鏈熸椂闂?
    TypeError: this.redis.on is not a function

    [0m [90m 64 |[39m     [36mthis[39m[33m.[39mredis [33m=[39m [36mnew[39m [33mRedis[39m(redisConfig)[33m
;[39m
     [90m 65 |[39m
    [31m[1m>[22m[39m[90m 66 |[39m     [36mthis[39m[33m.[39mredis[33m.[39mon([32m'error'[39m[33m,[39m (e
rr) [33m=>[39m {
     [90m    |[39m                [31m[1m^[22m[39m
     [90m 67 |[39m       console[33m.[39merror([32m'鉂?Cost Redis 杩炴帴閿欒:'[39m[33m,[39m err[33m.[39mmessage)[
33m;[39m
     [90m 68 |[39m     })[33m;[39m
     [90m 69 |[39m[0m

      at CostAnalysisService.on [as init] (src/modules/cost-analysis/CostAnalysisService.js:66:16)
      at Object.init (tests/modules/cost-analysis.test.js:191:33)

  鈼?CostAnalysisService 鈥?recordUsage 鈥?搴旇璁剧疆姝ｇ‘鐨勮繃鏈熸椂闂?
    TypeError: CostAnalysisService.redis.disconnect is not a function

    [0m [90m 37 |[39m   afterEach(() [33m=>[39m {
     [90m 38 |[39m     [36mif[39m ([33mCostAnalysisService[39m[33m.[39mredis) {
    [31m[1m>[22m[39m[90m 39 |[39m       [33mCostAnalysisService[39m[33m.[39mredis[33m.[39mdisconnect()[33m
;[39m
     [90m    |[39m                                 [31m[1m^[22m[39m
     [90m 40 |[39m       [33mCostAnalysisService[39m[33m.[39mredis [33m=[39m [36mnull[39m[33m;[39m
     [90m 41 |[39m     }
     [90m 42 |[39m   })[33m;[39m[0m

      at Object.disconnect (tests/modules/cost-analysis.test.js:39:33)

  鈼?CostAnalysisService 鈥?recordUsage 鈥?搴旇鍦ㄦ病鏈?Redis 鏃朵笉鎶涘嚭閿欒

    TypeError: this.redis.on is not a function

    [0m [90m 64 |[39m     [36mthis[39m[33m.[39mredis [33m=[39m [36mnew[39m [33mRedis[39m(redisConfig)[33m
;[39m
     [90m 65 |[39m
    [31m[1m>[22m[39m[90m 66 |[39m     [36mthis[39m[33m.[39mredis[33m.[39mon([32m'error'[39m[33m,[39m (e
rr) [33m=>[39m {
     [90m    |[39m                [31m[1m^[22m[39m
     [90m 67 |[39m       console[33m.[39merror([32m'鉂?Cost Redis 杩炴帴閿欒:'[39m[33m,[39m err[33m.[39mmessage)[
33m;[39m
     [90m 68 |[39m     })[33m;[39m
     [90m 69 |[39m[0m

      at CostAnalysisService.on [as init] (src/modules/cost-analysis/CostAnalysisService.js:66:16)
      at Object.init (tests/modules/cost-analysis.test.js:191:33)

  鈼?CostAnalysisService 鈥?recordUsage 鈥?搴旇鍦ㄦ病鏈?Redis 鏃朵笉鎶涘嚭閿欒

    TypeError: CostAnalysisService.redis.disconnect is not a function

    [0m [90m 37 |[39m   afterEach(() [33m=>[39m {
     [90m 38 |[39m     [36mif[39m ([33mCostAnalysisService[39m[33m.[39mredis) {
    [31m[1m>[22m[39m[90m 39 |[39m       [33mCostAnalysisService[39m[33m.[39mredis[33m.[39mdisconnect()[33m
;[39m
     [90m    |[39m                                 [31m[1m^[22m[39m
     [90m 40 |[39m       [33mCostAnalysisService[39m[33m.[39mredis [33m=[39m [36mnull[39m[33m;[39m
     [90m 41 |[39m     }
     [90m 42 |[39m   })[33m;[39m[0m

      at Object.disconnect (tests/modules/cost-analysis.test.js:39:33)

  鈼?CostAnalysisService 鈥?recordUsage 鈥?搴旇澶勭悊璁板綍澶辫触鐨勬儏鍐?
    TypeError: this.redis.on is not a function

    [0m [90m 64 |[39m     [36mthis[39m[33m.[39mredis [33m=[39m [36mnew[39m [33mRedis[39m(redisConfig)[33m
;[39m
     [90m 65 |[39m
    [31m[1m>[22m[39m[90m 66 |[39m     [36mthis[39m[33m.[39mredis[33m.[39mon([32m'error'[39m[33m,[39m (e
rr) [33m=>[39m {
     [90m    |[39m                [31m[1m^[22m[39m
     [90m 67 |[39m       console[33m.[39merror([32m'鉂?Cost Redis 杩炴帴閿欒:'[39m[33m,[39m err[33m.[39mmessage)[
33m;[39m
     [90m 68 |[39m     })[33m;[39m
     [90m 69 |[39m[0m

      at CostAnalysisService.on [as init] (src/modules/cost-analysis/CostAnalysisService.js:66:16)
      at Object.init (tests/modules/cost-analysis.test.js:191:33)

  鈼?CostAnalysisService 鈥?recordUsage 鈥?搴旇澶勭悊璁板綍澶辫触鐨勬儏鍐?
    TypeError: CostAnalysisService.redis.disconnect is not a function

    [0m [90m 37 |[39m   afterEach(() [33m=>[39m {
     [90m 38 |[39m     [36mif[39m ([33mCostAnalysisService[39m[33m.[39mredis) {
    [31m[1m>[22m[39m[90m 39 |[39m       [33mCostAnalysisService[39m[33m.[39mredis[33m.[39mdisconnect()[33m
;[39m
     [90m    |[39m                                 [31m[1m^[22m[39m
     [90m 40 |[39m       [33mCostAnalysisService[39m[33m.[39mredis [33m=[39m [36mnull[39m[33m;[39m
     [90m 41 |[39m     }
     [90m 42 |[39m   })[33m;[39m[0m

      at Object.disconnect (tests/modules/cost-analysis.test.js:39:33)

  鈼?CostAnalysisService 鈥?checkBudgetAlerts 鈥?搴旇妫€鏌ラ绠楀苟杩斿洖鍛婅

    TypeError: this.redis.on is not a function

    [0m [90m 64 |[39m     [36mthis[39m[33m.[39mredis [33m=[39m [36mnew[39m [33mRedis[39m(redisConfig)[33m
;[39m
     [90m 65 |[39m
    [31m[1m>[22m[39m[90m 66 |[39m     [36mthis[39m[33m.[39mredis[33m.[39mon([32m'error'[39m[33m,[39m (e
rr) [33m=>[39m {
     [90m    |[39m                [31m[1m^[22m[39m
     [90m 67 |[39m       console[33m.[39merror([32m'鉂?Cost Redis 杩炴帴閿欒:'[39m[33m,[39m err[33m.[39mmessage)[
33m;[39m
     [90m 68 |[39m     })[33m;[39m
     [90m 69 |[39m[0m

      at CostAnalysisService.on [as init] (src/modules/cost-analysis/CostAnalysisService.js:66:16)
      at Object.init (tests/modules/cost-analysis.test.js:348:33)

  鈼?CostAnalysisService 鈥?checkBudgetAlerts 鈥?搴旇妫€鏌ラ绠楀苟杩斿洖鍛婅

    TypeError: CostAnalysisService.redis.disconnect is not a function

    [0m [90m 37 |[39m   afterEach(() [33m=>[39m {
     [90m 38 |[39m     [36mif[39m ([33mCostAnalysisService[39m[33m.[39mredis) {
    [31m[1m>[22m[39m[90m 39 |[39m       [33mCostAnalysisService[39m[33m.[39mredis[33m.[39mdisconnect()[33m
;[39m
     [90m    |[39m                                 [31m[1m^[22m[39m
     [90m 40 |[39m       [33mCostAnalysisService[39m[33m.[39mredis [33m=[39m [36mnull[39m[33m;[39m
     [90m 41 |[39m     }
     [90m 42 |[39m   })[33m;[39m[0m

      at Object.disconnect (tests/modules/cost-analysis.test.js:39:33)

  鈼?CostAnalysisService 鈥?checkBudgetAlerts 鈥?搴旇鍦ㄨ揪鍒伴槇鍊兼椂瑙﹀彂鍛婅

    TypeError: this.redis.on is not a function

    [0m [90m 64 |[39m     [36mthis[39m[33m.[39mredis [33m=[39m [36mnew[39m [33mRedis[39m(redisConfig)[33m
;[39m
     [90m 65 |[39m
    [31m[1m>[22m[39m[90m 66 |[39m     [36mthis[39m[33m.[39mredis[33m.[39mon([32m'error'[39m[33m,[39m (e
rr) [33m=>[39m {
     [90m    |[39m                [31m[1m^[22m[39m
     [90m 67 |[39m       console[33m.[39merror([32m'鉂?Cost Redis 杩炴帴閿欒:'[39m[33m,[39m err[33m.[39mmessage)[
33m;[39m
     [90m 68 |[39m     })[33m;[39m
     [90m 69 |[39m[0m

      at CostAnalysisService.on [as init] (src/modules/cost-analysis/CostAnalysisService.js:66:16)
      at Object.init (tests/modules/cost-analysis.test.js:348:33)

  鈼?CostAnalysisService 鈥?checkBudgetAlerts 鈥?搴旇鍦ㄨ揪鍒伴槇鍊兼椂瑙﹀彂鍛婅

    TypeError: CostAnalysisService.redis.disconnect is not a function

    [0m [90m 37 |[39m   afterEach(() [33m=>[39m {
     [90m 38 |[39m     [36mif[39m ([33mCostAnalysisService[39m[33m.[39mredis) {
    [31m[1m>[22m[39m[90m 39 |[39m       [33mCostAnalysisService[39m[33m.[39mredis[33m.[39mdisconnect()[33m
;[39m
     [90m    |[39m                                 [31m[1m^[22m[39m
     [90m 40 |[39m       [33mCostAnalysisService[39m[33m.[39mredis [33m=[39m [36mnull[39m[33m;[39m
     [90m 41 |[39m     }
     [90m 42 |[39m   })[33m;[39m[0m

      at Object.disconnect (tests/modules/cost-analysis.test.js:39:33)

  鈼?CostAnalysisService 鈥?checkBudgetAlerts 鈥?搴旇璁板綍鍛婅鍒?Redis

    TypeError: this.redis.on is not a function

    [0m [90m 64 |[39m     [36mthis[39m[33m.[39mredis [33m=[39m [36mnew[39m [33mRedis[39m(redisConfig)[33m
;[39m
     [90m 65 |[39m
    [31m[1m>[22m[39m[90m 66 |[39m     [36mthis[39m[33m.[39mredis[33m.[39mon([32m'error'[39m[33m,[39m (e
rr) [33m=>[39m {
     [90m    |[39m                [31m[1m^[22m[39m
     [90m 67 |[39m       console[33m.[39merror([32m'鉂?Cost Redis 杩炴帴閿欒:'[39m[33m,[39m err[33m.[39mmessage)[
33m;[39m
     [90m 68 |[39m     })[33m;[39m
     [90m 69 |[39m[0m

      at CostAnalysisService.on [as init] (src/modules/cost-analysis/CostAnalysisService.js:66:16)
      at Object.init (tests/modules/cost-analysis.test.js:348:33)

  鈼?CostAnalysisService 鈥?checkBudgetAlerts 鈥?搴旇璁板綍鍛婅鍒?Redis

    TypeError: CostAnalysisService.redis.disconnect is not a function

    [0m [90m 37 |[39m   afterEach(() [33m=>[39m {
     [90m 38 |[39m     [36mif[39m ([33mCostAnalysisService[39m[33m.[39mredis) {
    [31m[1m>[22m[39m[90m 39 |[39m       [33mCostAnalysisService[39m[33m.[39mredis[33m.[39mdisconnect()[33m
;[39m
     [90m    |[39m                                 [31m[1m^[22m[39m
     [90m 40 |[39m       [33mCostAnalysisService[39m[33m.[39mredis [33m=[39m [36mnull[39m[33m;[39m
     [90m 41 |[39m     }
     [90m 42 |[39m   })[33m;[39m[0m

      at Object.disconnect (tests/modules/cost-analysis.test.js:39:33)

  鈼?CostAnalysisService 鈥?checkBudgetAlerts 鈥?搴旇闄愬埗鍛婅鏁伴噺涓烘渶杩?100 鏉?
    TypeError: this.redis.on is not a function

    [0m [90m 64 |[39m     [36mthis[39m[33m.[39mredis [33m=[39m [36mnew[39m [33mRedis[39m(redisConfig)[33m
;[39m
     [90m 65 |[39m
    [31m[1m>[22m[39m[90m 66 |[39m     [36mthis[39m[33m.[39mredis[33m.[39mon([32m'error'[39m[33m,[39m (e
rr) [33m=>[39m {
     [90m    |[39m                [31m[1m^[22m[39m
     [90m 67 |[39m       console[33m.[39merror([32m'鉂?Cost Redis 杩炴帴閿欒:'[39m[33m,[39m err[33m.[39mmessage)[
33m;[39m
     [90m 68 |[39m     })[33m;[39m
     [90m 69 |[39m[0m

      at CostAnalysisService.on [as init] (src/modules/cost-analysis/CostAnalysisService.js:66:16)
      at Object.init (tests/modules/cost-analysis.test.js:348:33)

  鈼?CostAnalysisService 鈥?checkBudgetAlerts 鈥?搴旇闄愬埗鍛婅鏁伴噺涓烘渶杩?100 鏉?
    TypeError: CostAnalysisService.redis.disconnect is not a function

    [0m [90m 37 |[39m   afterEach(() [33m=>[39m {
     [90m 38 |[39m     [36mif[39m ([33mCostAnalysisService[39m[33m.[39mredis) {
    [31m[1m>[22m[39m[90m 39 |[39m       [33mCostAnalysisService[39m[33m.[39mredis[33m.[39mdisconnect()[33m
;[39m
     [90m    |[39m                                 [31m[1m^[22m[39m
     [90m 40 |[39m       [33mCostAnalysisService[39m[33m.[39mredis [33m=[39m [36mnull[39m[33m;[39m
     [90m 41 |[39m     }
     [90m 42 |[39m   })[33m;[39m[0m

      at Object.disconnect (tests/modules/cost-analysis.test.js:39:33)

  鈼?CostAnalysisService 鈥?checkBudgetAlerts 鈥?搴旇閬垮厤閲嶅鍙戦€佸悓涓€闃堝€肩殑鍛婅

    TypeError: this.redis.on is not a function

    [0m [90m 64 |[39m     [36mthis[39m[33m.[39mredis [33m=[39m [36mnew[39m [33mRedis[39m(redisConfig)[33m
;[39m
     [90m 65 |[39m
    [31m[1m>[22m[39m[90m 66 |[39m     [36mthis[39m[33m.[39mredis[33m.[39mon([32m'error'[39m[33m,[39m (e
rr) [33m=>[39m {
     [90m    |[39m                [31m[1m^[22m[39m
     [90m 67 |[39m       console[33m.[39merror([32m'鉂?Cost Redis 杩炴帴閿欒:'[39m[33m,[39m err[33m.[39mmessage)[
33m;[39m
     [90m 68 |[39m     })[33m;[39m
     [90m 69 |[39m[0m

      at CostAnalysisService.on [as init] (src/modules/cost-analysis/CostAnalysisService.js:66:16)
      at Object.init (tests/modules/cost-analysis.test.js:348:33)

  鈼?CostAnalysisService 鈥?checkBudgetAlerts 鈥?搴旇閬垮厤閲嶅鍙戦€佸悓涓€闃堝€肩殑鍛婅

    TypeError: CostAnalysisService.redis.disconnect is not a function

    [0m [90m 37 |[39m   afterEach(() [33m=>[39m {
     [90m 38 |[39m     [36mif[39m ([33mCostAnalysisService[39m[33m.[39mredis) {
    [31m[1m>[22m[39m[90m 39 |[39m       [33mCostAnalysisService[39m[33m.[39mredis[33m.[39mdisconnect()[33m
;[39m
     [90m    |[39m                                 [31m[1m^[22m[39m
     [90m 40 |[39m       [33mCostAnalysisService[39m[33m.[39mredis [33m=[39m [36mnull[39m[33m;[39m
     [90m 41 |[39m     }
     [90m 42 |[39m   })[33m;[39m[0m

      at Object.disconnect (tests/modules/cost-analysis.test.js:39:33)

  鈼?CostAnalysisService 鈥?shouldAlert 鈥?搴旇鍦ㄨ揪鍒伴槇鍊兼椂杩斿洖 true

    TypeError: this.redis.on is not a function

    [0m [90m 64 |[39m     [36mthis[39m[33m.[39mredis [33m=[39m [36mnew[39m [33mRedis[39m(redisConfig)[33m
;[39m
     [90m 65 |[39m
    [31m[1m>[22m[39m[90m 66 |[39m     [36mthis[39m[33m.[39mredis[33m.[39mon([32m'error'[39m[33m,[39m (e
rr) [33m=>[39m {
     [90m    |[39m                [31m[1m^[22m[39m
     [90m 67 |[39m       console[33m.[39merror([32m'鉂?Cost Redis 杩炴帴閿欒:'[39m[33m,[39m err[33m.[39mmessage)[
33m;[39m
     [90m 68 |[39m     })[33m;[39m
     [90m 69 |[39m[0m

      at CostAnalysisService.on [as init] (src/modules/cost-analysis/CostAnalysisService.js:66:16)
      at Object.init (tests/modules/cost-analysis.test.js:403:33)

  鈼?CostAnalysisService 鈥?shouldAlert 鈥?搴旇鍦ㄨ揪鍒伴槇鍊兼椂杩斿洖 true

    TypeError: CostAnalysisService.redis.disconnect is not a function

    [0m [90m 37 |[39m   afterEach(() [33m=>[39m {
     [90m 38 |[39m     [36mif[39m ([33mCostAnalysisService[39m[33m.[39mredis) {
    [31m[1m>[22m[39m[90m 39 |[39m       [33mCostAnalysisService[39m[33m.[39mredis[33m.[39mdisconnect()[33m
;[39m
     [90m    |[39m                                 [31m[1m^[22m[39m
     [90m 40 |[39m       [33mCostAnalysisService[39m[33m.[39mredis [33m=[39m [36mnull[39m[33m;[39m
     [90m 41 |[39m     }
     [90m 42 |[39m   })[33m;[39m[0m

      at Object.disconnect (tests/modules/cost-analysis.test.js:39:33)

  鈼?CostAnalysisService 鈥?shouldAlert 鈥?搴旇鍦ㄦ病鏈夎揪鍒伴槇鍊兼椂杩斿洖 false

    TypeError: this.redis.on is not a function

    [0m [90m 64 |[39m     [36mthis[39m[33m.[39mredis [33m=[39m [36mnew[39m [33mRedis[39m(redisConfig)[33m
;[39m
     [90m 65 |[39m
    [31m[1m>[22m[39m[90m 66 |[39m     [36mthis[39m[33m.[39mredis[33m.[39mon([32m'error'[39m[33m,[39m (e
rr) [33m=>[39m {
     [90m    |[39m                [31m[1m^[22m[39m
     [90m 67 |[39m       console[33m.[39merror([32m'鉂?Cost Redis 杩炴帴閿欒:'[39m[33m,[39m err[33m.[39mmessage)[
33m;[39m
     [90m 68 |[39m     })[33m;[39m
     [90m 69 |[39m[0m

      at CostAnalysisService.on [as init] (src/modules/cost-analysis/CostAnalysisService.js:66:16)
      at Object.init (tests/modules/cost-analysis.test.js:403:33)

  鈼?CostAnalysisService 鈥?shouldAlert 鈥?搴旇鍦ㄦ病鏈夎揪鍒伴槇鍊兼椂杩斿洖 false

    TypeError: CostAnalysisService.redis.disconnect is not a function

    [0m [90m 37 |[39m   afterEach(() [33m=>[39m {
     [90m 38 |[39m     [36mif[39m ([33mCostAnalysisService[39m[33m.[39mredis) {
    [31m[1m>[22m[39m[90m 39 |[39m       [33mCostAnalysisService[39m[33m.[39mredis[33m.[39mdisconnect()[33m
;[39m
     [90m    |[39m                                 [31m[1m^[22m[39m
     [90m 40 |[39m       [33mCostAnalysisService[39m[33m.[39mredis [33m=[39m [36mnull[39m[33m;[39m
     [90m 41 |[39m     }
     [90m 42 |[39m   })[33m;[39m[0m

      at Object.disconnect (tests/modules/cost-analysis.test.js:39:33)

  鈼?CostAnalysisService 鈥?shouldAlert 鈥?搴旇鍦ㄥ凡缁忓彂閫佽繃鍛婅鏃惰繑鍥?false

    TypeError: this.redis.on is not a function

    [0m [90m 64 |[39m     [36mthis[39m[33m.[39mredis [33m=[39m [36mnew[39m [33mRedis[39m(redisConfig)[33m
;[39m
     [90m 65 |[39m
    [31m[1m>[22m[39m[90m 66 |[39m     [36mthis[39m[33m.[39mredis[33m.[39mon([32m'error'[39m[33m,[39m (e
rr) [33m=>[39m {
     [90m    |[39m                [31m[1m^[22m[39m
     [90m 67 |[39m       console[33m.[39merror([32m'鉂?Cost Redis 杩炴帴閿欒:'[39m[33m,[39m err[33m.[39mmessage)[
33m;[39m
     [90m 68 |[39m     })[33m;[39m
     [90m 69 |[39m[0m

      at CostAnalysisService.on [as init] (src/modules/cost-analysis/CostAnalysisService.js:66:16)
      at Object.init (tests/modules/cost-analysis.test.js:403:33)

  鈼?CostAnalysisService 鈥?shouldAlert 鈥?搴旇鍦ㄥ凡缁忓彂閫佽繃鍛婅鏃惰繑鍥?false

    TypeError: CostAnalysisService.redis.disconnect is not a function

    [0m [90m 37 |[39m   afterEach(() [33m=>[39m {
     [90m 38 |[39m     [36mif[39m ([33mCostAnalysisService[39m[33m.[39mredis) {
    [31m[1m>[22m[39m[90m 39 |[39m       [33mCostAnalysisService[39m[33m.[39mredis[33m.[39mdisconnect()[33m
;[39m
     [90m    |[39m                                 [31m[1m^[22m[39m
     [90m 40 |[39m       [33mCostAnalysisService[39m[33m.[39mredis [33m=[39m [36mnull[39m[33m;[39m
     [90m 41 |[39m     }
     [90m 42 |[39m   })[33m;[39m[0m

      at Object.disconnect (tests/modules/cost-analysis.test.js:39:33)

  鈼?CostAnalysisService 鈥?shouldAlert 鈥?搴旇璁剧疆鍛婅鏍囪

    TypeError: this.redis.on is not a function

    [0m [90m 64 |[39m     [36mthis[39m[33m.[39mredis [33m=[39m [36mnew[39m [33mRedis[39m(redisConfig)[33m
;[39m
     [90m 65 |[39m
    [31m[1m>[22m[39m[90m 66 |[39m     [36mthis[39m[33m.[39mredis[33m.[39mon([32m'error'[39m[33m,[39m (e
rr) [33m=>[39m {
     [90m    |[39m                [31m[1m^[22m[39m
     [90m 67 |[39m       console[33m.[39merror([32m'鉂?Cost Redis 杩炴帴閿欒:'[39m[33m,[39m err[33m.[39mmessage)[
33m;[39m
     [90m 68 |[39m     })[33m;[39m
     [90m 69 |[39m[0m

      at CostAnalysisService.on [as init] (src/modules/cost-analysis/CostAnalysisService.js:66:16)
      at Object.init (tests/modules/cost-analysis.test.js:403:33)

  鈼?CostAnalysisService 鈥?shouldAlert 鈥?搴旇璁剧疆鍛婅鏍囪

    TypeError: CostAnalysisService.redis.disconnect is not a function

    [0m [90m 37 |[39m   afterEach(() [33m=>[39m {
     [90m 38 |[39m     [36mif[39m ([33mCostAnalysisService[39m[33m.[39mredis) {
    [31m[1m>[22m[39m[90m 39 |[39m       [33mCostAnalysisService[39m[33m.[39mredis[33m.[39mdisconnect()[33m
;[39m
     [90m    |[39m                                 [31m[1m^[22m[39m
     [90m 40 |[39m       [33mCostAnalysisService[39m[33m.[39mredis [33m=[39m [36mnull[39m[33m;[39m
     [90m 41 |[39m     }
     [90m 42 |[39m   })[33m;[39m[0m

      at Object.disconnect (tests/modules/cost-analysis.test.js:39:33)

  鈼?CostAnalysisService 鈥?getDailyTotal 鈥?搴旇鑾峰彇鏃ユ€绘垚鏈?
    TypeError: this.redis.on is not a function

    [0m [90m 64 |[39m     [36mthis[39m[33m.[39mredis [33m=[39m [36mnew[39m [33mRedis[39m(redisConfig)[33m
;[39m
     [90m 65 |[39m
    [31m[1m>[22m[39m[90m 66 |[39m     [36mthis[39m[33m.[39mredis[33m.[39mon([32m'error'[39m[33m,[39m (e
rr) [33m=>[39m {
     [90m    |[39m                [31m[1m^[22m[39m
     [90m 67 |[39m       console[33m.[39merror([32m'鉂?Cost Redis 杩炴帴閿欒:'[39m[33m,[39m err[33m.[39mmessage)[
33m;[39m
     [90m 68 |[39m     })[33m;[39m
     [90m 69 |[39m[0m

      at CostAnalysisService.on [as init] (src/modules/cost-analysis/CostAnalysisService.js:66:16)
      at Object.init (tests/modules/cost-analysis.test.js:443:33)

  鈼?CostAnalysisService 鈥?getDailyTotal 鈥?搴旇鑾峰彇鏃ユ€绘垚鏈?
    TypeError: CostAnalysisService.redis.disconnect is not a function

    [0m [90m 37 |[39m   afterEach(() [33m=>[39m {
     [90m 38 |[39m     [36mif[39m ([33mCostAnalysisService[39m[33m.[39mredis) {
    [31m[1m>[22m[39m[90m 39 |[39m       [33mCostAnalysisService[39m[33m.[39mredis[33m.[39mdisconnect()[33m
;[39m
     [90m    |[39m                                 [31m[1m^[22m[39m
     [90m 40 |[39m       [33mCostAnalysisService[39m[33m.[39mredis [33m=[39m [36mnull[39m[33m;[39m
     [90m 41 |[39m     }
     [90m 42 |[39m   })[33m;[39m[0m

      at Object.disconnect (tests/modules/cost-analysis.test.js:39:33)

  鈼?CostAnalysisService 鈥?getDailyTotal 鈥?搴旇浣跨敤褰撳墠鏃ユ湡浣滀负榛樿鍊?
    TypeError: this.redis.on is not a function

    [0m [90m 64 |[39m     [36mthis[39m[33m.[39mredis [33m=[39m [36mnew[39m [33mRedis[39m(redisConfig)[33m
;[39m
     [90m 65 |[39m
    [31m[1m>[22m[39m[90m 66 |[39m     [36mthis[39m[33m.[39mredis[33m.[39mon([32m'error'[39m[33m,[39m (e
rr) [33m=>[39m {
     [90m    |[39m                [31m[1m^[22m[39m
     [90m 67 |[39m       console[33m.[39merror([32m'鉂?Cost Redis 杩炴帴閿欒:'[39m[33m,[39m err[33m.[39mmessage)[
33m;[39m
     [90m 68 |[39m     })[33m;[39m
     [90m 69 |[39m[0m

      at CostAnalysisService.on [as init] (src/modules/cost-analysis/CostAnalysisService.js:66:16)
      at Object.init (tests/modules/cost-analysis.test.js:443:33)

  鈼?CostAnalysisService 鈥?getDailyTotal 鈥?搴旇浣跨敤褰撳墠鏃ユ湡浣滀负榛樿鍊?
    TypeError: CostAnalysisService.redis.disconnect is not a function

    [0m [90m 37 |[39m   afterEach(() [33m=>[39m {
     [90m 38 |[39m     [36mif[39m ([33mCostAnalysisService[39m[33m.[39mredis) {
    [31m[1m>[22m[39m[90m 39 |[39m       [33mCostAnalysisService[39m[33m.[39mredis[33m.[39mdisconnect()[33m
;[39m
     [90m    |[39m                                 [31m[1m^[22m[39m
     [90m 40 |[39m       [33mCostAnalysisService[39m[33m.[39mredis [33m=[39m [36mnull[39m[33m;[39m
     [90m 41 |[39m     }
     [90m 42 |[39m   })[33m;[39m[0m

      at Object.disconnect (tests/modules/cost-analysis.test.js:39:33)

  鈼?CostAnalysisService 鈥?getDailyTotal 鈥?搴旇鍦ㄦ病鏈夋暟鎹椂杩斿洖 0

    TypeError: this.redis.on is not a function

    [0m [90m 64 |[39m     [36mthis[39m[33m.[39mredis [33m=[39m [36mnew[39m [33mRedis[39m(redisConfig)[33m
;[39m
     [90m 65 |[39m
    [31m[1m>[22m[39m[90m 66 |[39m     [36mthis[39m[33m.[39mredis[33m.[39mon([32m'error'[39m[33m,[39m (e
rr) [33m=>[39m {
     [90m    |[39m                [31m[1m^[22m[39m
     [90m 67 |[39m       console[33m.[39merror([32m'鉂?Cost Redis 杩炴帴閿欒:'[39m[33m,[39m err[33m.[39mmessage)[
33m;[39m
     [90m 68 |[39m     })[33m;[39m
     [90m 69 |[39m[0m

      at CostAnalysisService.on [as init] (src/modules/cost-analysis/CostAnalysisService.js:66:16)
      at Object.init (tests/modules/cost-analysis.test.js:443:33)

  鈼?CostAnalysisService 鈥?getDailyTotal 鈥?搴旇鍦ㄦ病鏈夋暟鎹椂杩斿洖 0

    TypeError: CostAnalysisService.redis.disconnect is not a function

    [0m [90m 37 |[39m   afterEach(() [33m=>[39m {
     [90m 38 |[39m     [36mif[39m ([33mCostAnalysisService[39m[33m.[39mredis) {
    [31m[1m>[22m[39m[90m 39 |[39m       [33mCostAnalysisService[39m[33m.[39mredis[33m.[39mdisconnect()[33m
;[39m
     [90m    |[39m                                 [31m[1m^[22m[39m
     [90m 40 |[39m       [33mCostAnalysisService[39m[33m.[39mredis [33m=[39m [36mnull[39m[33m;[39m
     [90m 41 |[39m     }
     [90m 42 |[39m   })[33m;[39m[0m

      at Object.disconnect (tests/modules/cost-analysis.test.js:39:33)

  鈼?CostAnalysisService 鈥?getDailyTotal 鈥?搴旇鍦ㄦ病鏈?Redis 鏃惰繑鍥?0

    TypeError: this.redis.on is not a function

    [0m [90m 64 |[39m     [36mthis[39m[33m.[39mredis [33m=[39m [36mnew[39m [33mRedis[39m(redisConfig)[33m
;[39m
     [90m 65 |[39m
    [31m[1m>[22m[39m[90m 66 |[39m     [36mthis[39m[33m.[39mredis[33m.[39mon([32m'error'[39m[33m,[39m (e
rr) [33m=>[39m {
     [90m    |[39m                [31m[1m^[22m[39m
     [90m 67 |[39m       console[33m.[39merror([32m'鉂?Cost Redis 杩炴帴閿欒:'[39m[33m,[39m err[33m.[39mmessage)[
33m;[39m
     [90m 68 |[39m     })[33m;[39m
     [90m 69 |[39m[0m

      at CostAnalysisService.on [as init] (src/modules/cost-analysis/CostAnalysisService.js:66:16)
      at Object.init (tests/modules/cost-analysis.test.js:443:33)

  鈼?CostAnalysisService 鈥?getDailyTotal 鈥?搴旇鍦ㄦ病鏈?Redis 鏃惰繑鍥?0

    TypeError: CostAnalysisService.redis.disconnect is not a function

    [0m [90m 37 |[39m   afterEach(() [33m=>[39m {
     [90m 38 |[39m     [36mif[39m ([33mCostAnalysisService[39m[33m.[39mredis) {
    [31m[1m>[22m[39m[90m 39 |[39m       [33mCostAnalysisService[39m[33m.[39mredis[33m.[39mdisconnect()[33m
;[39m
     [90m    |[39m                                 [31m[1m^[22m[39m
     [90m 40 |[39m       [33mCostAnalysisService[39m[33m.[39mredis [33m=[39m [36mnull[39m[33m;[39m
     [90m 41 |[39m     }
     [90m 42 |[39m   })[33m;[39m[0m

      at Object.disconnect (tests/modules/cost-analysis.test.js:39:33)

  鈼?CostAnalysisService 鈥?getWeeklyTotal 鈥?搴旇鑾峰彇鍛ㄦ€绘垚鏈?
    TypeError: this.redis.on is not a function

    [0m [90m 64 |[39m     [36mthis[39m[33m.[39mredis [33m=[39m [36mnew[39m [33mRedis[39m(redisConfig)[33m
;[39m
     [90m 65 |[39m
    [31m[1m>[22m[39m[90m 66 |[39m     [36mthis[39m[33m.[39mredis[33m.[39mon([32m'error'[39m[33m,[39m (e
rr) [33m=>[39m {
     [90m    |[39m                [31m[1m^[22m[39m
     [90m 67 |[39m       console[33m.[39merror([32m'鉂?Cost Redis 杩炴帴閿欒:'[39m[33m,[39m err[33m.[39mmessage)[
33m;[39m
     [90m 68 |[39m     })[33m;[39m
     [90m 69 |[39m[0m

      at CostAnalysisService.on [as init] (src/modules/cost-analysis/CostAnalysisService.js:66:16)
      at Object.init (tests/modules/cost-analysis.test.js:484:33)

  鈼?CostAnalysisService 鈥?getWeeklyTotal 鈥?搴旇鑾峰彇鍛ㄦ€绘垚鏈?
    TypeError: CostAnalysisService.redis.disconnect is not a function

    [0m [90m 37 |[39m   afterEach(() [33m=>[39m {
     [90m 38 |[39m     [36mif[39m ([33mCostAnalysisService[39m[33m.[39mredis) {
    [31m[1m>[22m[39m[90m 39 |[39m       [33mCostAnalysisService[39m[33m.[39mredis[33m.[39mdisconnect()[33m
;[39m
     [90m    |[39m                                 [31m[1m^[22m[39m
     [90m 40 |[39m       [33mCostAnalysisService[39m[33m.[39mredis [33m=[39m [36mnull[39m[33m;[39m
     [90m 41 |[39m     }
     [90m 42 |[39m   })[33m;[39m[0m

      at Object.disconnect (tests/modules/cost-analysis.test.js:39:33)

  鈼?CostAnalysisService 鈥?getWeeklyTotal 鈥?搴旇鍦ㄦ病鏈夋暟鎹椂杩斿洖 0

    TypeError: this.redis.on is not a function

    [0m [90m 64 |[39m     [36mthis[39m[33m.[39mredis [33m=[39m [36mnew[39m [33mRedis[39m(redisConfig)[33m
;[39m
     [90m 65 |[39m
    [31m[1m>[22m[39m[90m 66 |[39m     [36mthis[39m[33m.[39mredis[33m.[39mon([32m'error'[39m[33m,[39m (e
rr) [33m=>[39m {
     [90m    |[39m                [31m[1m^[22m[39m
     [90m 67 |[39m       console[33m.[39merror([32m'鉂?Cost Redis 杩炴帴閿欒:'[39m[33m,[39m err[33m.[39mmessage)[
33m;[39m
     [90m 68 |[39m     })[33m;[39m
     [90m 69 |[39m[0m

      at CostAnalysisService.on [as init] (src/modules/cost-analysis/CostAnalysisService.js:66:16)
      at Object.init (tests/modules/cost-analysis.test.js:484:33)

  鈼?CostAnalysisService 鈥?getWeeklyTotal 鈥?搴旇鍦ㄦ病鏈夋暟鎹椂杩斿洖 0

    TypeError: CostAnalysisService.redis.disconnect is not a function

    [0m [90m 37 |[39m   afterEach(() [33m=>[39m {
     [90m 38 |[39m     [36mif[39m ([33mCostAnalysisService[39m[33m.[39mredis) {
    [31m[1m>[22m[39m[90m 39 |[39m       [33mCostAnalysisService[39m[33m.[39mredis[33m.[39mdisconnect()[33m
;[39m
     [90m    |[39m                                 [31m[1m^[22m[39m
     [90m 40 |[39m       [33mCostAnalysisService[39m[33m.[39mredis [33m=[39m [36mnull[39m[33m;[39m
     [90m 41 |[39m     }
     [90m 42 |[39m   })[33m;[39m[0m

      at Object.disconnect (tests/modules/cost-analysis.test.js:39:33)

  鈼?CostAnalysisService 鈥?getMonthlyTotal 鈥?搴旇鑾峰彇鏈堟€绘垚鏈?
    TypeError: this.redis.on is not a function

    [0m [90m 64 |[39m     [36mthis[39m[33m.[39mredis [33m=[39m [36mnew[39m [33mRedis[39m(redisConfig)[33m
;[39m
     [90m 65 |[39m
    [31m[1m>[22m[39m[90m 66 |[39m     [36mthis[39m[33m.[39mredis[33m.[39mon([32m'error'[39m[33m,[39m (e
rr) [33m=>[39m {
     [90m    |[39m                [31m[1m^[22m[39m
     [90m 67 |[39m       console[33m.[39merror([32m'鉂?Cost Redis 杩炴帴閿欒:'[39m[33m,[39m err[33m.[39mmessage)[
33m;[39m
     [90m 68 |[39m     })[33m;[39m
     [90m 69 |[39m[0m

      at CostAnalysisService.on [as init] (src/modules/cost-analysis/CostAnalysisService.js:66:16)
      at Object.init (tests/modules/cost-analysis.test.js:506:33)

  鈼?CostAnalysisService 鈥?getMonthlyTotal 鈥?搴旇鑾峰彇鏈堟€绘垚鏈?
    TypeError: CostAnalysisService.redis.disconnect is not a function

    [0m [90m 37 |[39m   afterEach(() [33m=>[39m {
     [90m 38 |[39m     [36mif[39m ([33mCostAnalysisService[39m[33m.[39mredis) {
    [31m[1m>[22m[39m[90m 39 |[39m       [33mCostAnalysisService[39m[33m.[39mredis[33m.[39mdisconnect()[33m
;[39m
     [90m    |[39m                                 [31m[1m^[22m[39m
     [90m 40 |[39m       [33mCostAnalysisService[39m[33m.[39mredis [33m=[39m [36mnull[39m[33m;[39m
     [90m 41 |[39m     }
     [90m 42 |[39m   })[33m;[39m[0m

      at Object.disconnect (tests/modules/cost-analysis.test.js:39:33)

  鈼?CostAnalysisService 鈥?getMonthlyTotal 鈥?搴旇浣跨敤褰撳墠鏈堜唤浣滀负榛樿鍊?
    TypeError: this.redis.on is not a function

    [0m [90m 64 |[39m     [36mthis[39m[33m.[39mredis [33m=[39m [36mnew[39m [33mRedis[39m(redisConfig)[33m
;[39m
     [90m 65 |[39m
    [31m[1m>[22m[39m[90m 66 |[39m     [36mthis[39m[33m.[39mredis[33m.[39mon([32m'error'[39m[33m,[39m (e
rr) [33m=>[39m {
     [90m    |[39m                [31m[1m^[22m[39m
     [90m 67 |[39m       console[33m.[39merror([32m'鉂?Cost Redis 杩炴帴閿欒:'[39m[33m,[39m err[33m.[39mmessage)[
33m;[39m
     [90m 68 |[39m     })[33m;[39m
     [90m 69 |[39m[0m

      at CostAnalysisService.on [as init] (src/modules/cost-analysis/CostAnalysisService.js:66:16)
      at Object.init (tests/modules/cost-analysis.test.js:506:33)

  鈼?CostAnalysisService 鈥?getMonthlyTotal 鈥?搴旇浣跨敤褰撳墠鏈堜唤浣滀负榛樿鍊?
    TypeError: CostAnalysisService.redis.disconnect is not a function

    [0m [90m 37 |[39m   afterEach(() [33m=>[39m {
     [90m 38 |[39m     [36mif[39m ([33mCostAnalysisService[39m[33m.[39mredis) {
    [31m[1m>[22m[39m[90m 39 |[39m       [33mCostAnalysisService[39m[33m.[39mredis[33m.[39mdisconnect()[33m
;[39m
     [90m    |[39m                                 [31m[1m^[22m[39m
     [90m 40 |[39m       [33mCostAnalysisService[39m[33m.[39mredis [33m=[39m [36mnull[39m[33m;[39m
     [90m 41 |[39m     }
     [90m 42 |[39m   })[33m;[39m[0m

      at Object.disconnect (tests/modules/cost-analysis.test.js:39:33)

  鈼?CostAnalysisService 鈥?getCostStats 鈥?搴旇鑾峰彇鏃ユ垚鏈粺璁?
    TypeError: this.redis.on is not a function

    [0m [90m 64 |[39m     [36mthis[39m[33m.[39mredis [33m=[39m [36mnew[39m [33mRedis[39m(redisConfig)[33m
;[39m
     [90m 65 |[39m
    [31m[1m>[22m[39m[90m 66 |[39m     [36mthis[39m[33m.[39mredis[33m.[39mon([32m'error'[39m[33m,[39m (e
rr) [33m=>[39m {
     [90m    |[39m                [31m[1m^[22m[39m
     [90m 67 |[39m       console[33m.[39merror([32m'鉂?Cost Redis 杩炴帴閿欒:'[39m[33m,[39m err[33m.[39mmessage)[
33m;[39m
     [90m 68 |[39m     })[33m;[39m
     [90m 69 |[39m[0m

      at CostAnalysisService.on [as init] (src/modules/cost-analysis/CostAnalysisService.js:66:16)
      at Object.init (tests/modules/cost-analysis.test.js:528:33)

  鈼?CostAnalysisService 鈥?getCostStats 鈥?搴旇鑾峰彇鏃ユ垚鏈粺璁?
    TypeError: CostAnalysisService.redis.disconnect is not a function

    [0m [90m 37 |[39m   afterEach(() [33m=>[39m {
     [90m 38 |[39m     [36mif[39m ([33mCostAnalysisService[39m[33m.[39mredis) {
    [31m[1m>[22m[39m[90m 39 |[39m       [33mCostAnalysisService[39m[33m.[39mredis[33m.[39mdisconnect()[33m
;[39m
     [90m    |[39m                                 [31m[1m^[22m[39m
     [90m 40 |[39m       [33mCostAnalysisService[39m[33m.[39mredis [33m=[39m [36mnull[39m[33m;[39m
     [90m 41 |[39m     }
     [90m 42 |[39m   })[33m;[39m[0m

      at Object.disconnect (tests/modules/cost-analysis.test.js:39:33)

  鈼?CostAnalysisService 鈥?getCostStats 鈥?搴旇鑾峰彇鏈堟垚鏈粺璁?
    TypeError: this.redis.on is not a function

    [0m [90m 64 |[39m     [36mthis[39m[33m.[39mredis [33m=[39m [36mnew[39m [33mRedis[39m(redisConfig)[33m
;[39m
     [90m 65 |[39m
    [31m[1m>[22m[39m[90m 66 |[39m     [36mthis[39m[33m.[39mredis[33m.[39mon([32m'error'[39m[33m,[39m (e
rr) [33m=>[39m {
     [90m    |[39m                [31m[1m^[22m[39m
     [90m 67 |[39m       console[33m.[39merror([32m'鉂?Cost Redis 杩炴帴閿欒:'[39m[33m,[39m err[33m.[39mmessage)[
33m;[39m
     [90m 68 |[39m     })[33m;[39m
     [90m 69 |[39m[0m

      at CostAnalysisService.on [as init] (src/modules/cost-analysis/CostAnalysisService.js:66:16)
      at Object.init (tests/modules/cost-analysis.test.js:528:33)

  鈼?CostAnalysisService 鈥?getCostStats 鈥?搴旇鑾峰彇鏈堟垚鏈粺璁?
    TypeError: CostAnalysisService.redis.disconnect is not a function

    [0m [90m 37 |[39m   afterEach(() [33m=>[39m {
     [90m 38 |[39m     [36mif[39m ([33mCostAnalysisService[39m[33m.[39mredis) {
    [31m[1m>[22m[39m[90m 39 |[39m       [33mCostAnalysisService[39m[33m.[39mredis[33m.[39mdisconnect()[33m
;[39m
     [90m    |[39m                                 [31m[1m^[22m[39m
     [90m 40 |[39m       [33mCostAnalysisService[39m[33m.[39mredis [33m=[39m [36mnull[39m[33m;[39m
     [90m 41 |[39m     }
     [90m 42 |[39m   })[33m;[39m[0m

      at Object.disconnect (tests/modules/cost-analysis.test.js:39:33)

  鈼?CostAnalysisService 鈥?getCostStats 鈥?搴旇鎸夋彁渚涘晢鑱氬悎鎴愭湰

    TypeError: this.redis.on is not a function

    [0m [90m 64 |[39m     [36mthis[39m[33m.[39mredis [33m=[39m [36mnew[39m [33mRedis[39m(redisConfig)[33m
;[39m
     [90m 65 |[39m
    [31m[1m>[22m[39m[90m 66 |[39m     [36mthis[39m[33m.[39mredis[33m.[39mon([32m'error'[39m[33m,[39m (e
rr) [33m=>[39m {
     [90m    |[39m                [31m[1m^[22m[39m
     [90m 67 |[39m       console[33m.[39merror([32m'鉂?Cost Redis 杩炴帴閿欒:'[39m[33m,[39m err[33m.[39mmessage)[
33m;[39m
     [90m 68 |[39m     })[33m;[39m
     [90m 69 |[39m[0m

      at CostAnalysisService.on [as init] (src/modules/cost-analysis/CostAnalysisService.js:66:16)
      at Object.init (tests/modules/cost-analysis.test.js:528:33)

  鈼?CostAnalysisService 鈥?getCostStats 鈥?搴旇鎸夋彁渚涘晢鑱氬悎鎴愭湰

    TypeError: CostAnalysisService.redis.disconnect is not a function

    [0m [90m 37 |[39m   afterEach(() [33m=>[39m {
     [90m 38 |[39m     [36mif[39m ([33mCostAnalysisService[39m[33m.[39mredis) {
    [31m[1m>[22m[39m[90m 39 |[39m       [33mCostAnalysisService[39m[33m.[39mredis[33m.[39mdisconnect()[33m
;[39m
     [90m    |[39m                                 [31m[1m^[22m[39m
     [90m 40 |[39m       [33mCostAnalysisService[39m[33m.[39mredis [33m=[39m [36mnull[39m[33m;[39m
     [90m 41 |[39m     }
     [90m 42 |[39m   })[33m;[39m[0m

      at Object.disconnect (tests/modules/cost-analysis.test.js:39:33)

  鈼?CostAnalysisService 鈥?getCostStats 鈥?搴旇鎸夋ā鍨嬭仛鍚堟垚鏈?
    TypeError: this.redis.on is not a function

    [0m [90m 64 |[39m     [36mthis[39m[33m.[39mredis [33m=[39m [36mnew[39m [33mRedis[39m(redisConfig)[33m
;[39m
     [90m 65 |[39m
    [31m[1m>[22m[39m[90m 66 |[39m     [36mthis[39m[33m.[39mredis[33m.[39mon([32m'error'[39m[33m,[39m (e
rr) [33m=>[39m {
     [90m    |[39m                [31m[1m^[22m[39m
     [90m 67 |[39m       console[33m.[39merror([32m'鉂?Cost Redis 杩炴帴閿欒:'[39m[33m,[39m err[33m.[39mmessage)[
33m;[39m
     [90m 68 |[39m     })[33m;[39m
     [90m 69 |[39m[0m

      at CostAnalysisService.on [as init] (src/modules/cost-analysis/CostAnalysisService.js:66:16)
      at Object.init (tests/modules/cost-analysis.test.js:528:33)

  鈼?CostAnalysisService 鈥?getCostStats 鈥?搴旇鎸夋ā鍨嬭仛鍚堟垚鏈?
    TypeError: CostAnalysisService.redis.disconnect is not a function

    [0m [90m 37 |[39m   afterEach(() [33m=>[39m {
     [90m 38 |[39m     [36mif[39m ([33mCostAnalysisService[39m[33m.[39mredis) {
    [31m[1m>[22m[39m[90m 39 |[39m       [33mCostAnalysisService[39m[33m.[39mredis[33m.[39mdisconnect()[33m
;[39m
     [90m    |[39m                                 [31m[1m^[22m[39m
     [90m 40 |[39m       [33mCostAnalysisService[39m[33m.[39mredis [33m=[39m [36mnull[39m[33m;[39m
     [90m 41 |[39m     }
     [90m 42 |[39m   })[33m;[39m[0m

      at Object.disconnect (tests/modules/cost-analysis.test.js:39:33)

  鈼?CostAnalysisService 鈥?getCostStats 鈥?搴旇鍦ㄦ病鏈?Redis 鏃惰繑鍥?null

    TypeError: this.redis.on is not a function

    [0m [90m 64 |[39m     [36mthis[39m[33m.[39mredis [33m=[39m [36mnew[39m [33mRedis[39m(redisConfig)[33m
;[39m
     [90m 65 |[39m
    [31m[1m>[22m[39m[90m 66 |[39m     [36mthis[39m[33m.[39mredis[33m.[39mon([32m'error'[39m[33m,[39m (e
rr) [33m=>[39m {
     [90m    |[39m                [31m[1m^[22m[39m
     [90m 67 |[39m       console[33m.[39merror([32m'鉂?Cost Redis 杩炴帴閿欒:'[39m[33m,[39m err[33m.[39mmessage)[
33m;[39m
     [90m 68 |[39m     })[33m;[39m
     [90m 69 |[39m[0m

      at CostAnalysisService.on [as init] (src/modules/cost-analysis/CostAnalysisService.js:66:16)
      at Object.init (tests/modules/cost-analysis.test.js:528:33)

  鈼?CostAnalysisService 鈥?getCostStats 鈥?搴旇鍦ㄦ病鏈?Redis 鏃惰繑鍥?null

    TypeError: CostAnalysisService.redis.disconnect is not a function

    [0m [90m 37 |[39m   afterEach(() [33m=>[39m {
     [90m 38 |[39m     [36mif[39m ([33mCostAnalysisService[39m[33m.[39mredis) {
    [31m[1m>[22m[39m[90m 39 |[39m       [33mCostAnalysisService[39m[33m.[39mredis[33m.[39mdisconnect()[33m
;[39m
     [90m    |[39m                                 [31m[1m^[22m[39m
     [90m 40 |[39m       [33mCostAnalysisService[39m[33m.[39mredis [33m=[39m [36mnull[39m[33m;[39m
     [90m 41 |[39m     }
     [90m 42 |[39m   })[33m;[39m[0m

      at Object.disconnect (tests/modules/cost-analysis.test.js:39:33)

  鈼?CostAnalysisService 鈥?getCostStats 鈥?搴旇澶勭悊鑾峰彇澶辫触鐨勬儏鍐?
    TypeError: this.redis.on is not a function

    [0m [90m 64 |[39m     [36mthis[39m[33m.[39mredis [33m=[39m [36mnew[39m [33mRedis[39m(redisConfig)[33m
;[39m
     [90m 65 |[39m
    [31m[1m>[22m[39m[90m 66 |[39m     [36mthis[39m[33m.[39mredis[33m.[39mon([32m'error'[39m[33m,[39m (e
rr) [33m=>[39m {
     [90m    |[39m                [31m[1m^[22m[39m
     [90m 67 |[39m       console[33m.[39merror([32m'鉂?Cost Redis 杩炴帴閿欒:'[39m[33m,[39m err[33m.[39mmessage)[
33m;[39m
     [90m 68 |[39m     })[33m;[39m
     [90m 69 |[39m[0m

      at CostAnalysisService.on [as init] (src/modules/cost-analysis/CostAnalysisService.js:66:16)
      at Object.init (tests/modules/cost-analysis.test.js:528:33)

  鈼?CostAnalysisService 鈥?getCostStats 鈥?搴旇澶勭悊鑾峰彇澶辫触鐨勬儏鍐?
    TypeError: CostAnalysisService.redis.disconnect is not a function

    [0m [90m 37 |[39m   afterEach(() [33m=>[39m {
     [90m 38 |[39m     [36mif[39m ([33mCostAnalysisService[39m[33m.[39mredis) {
    [31m[1m>[22m[39m[90m 39 |[39m       [33mCostAnalysisService[39m[33m.[39mredis[33m.[39mdisconnect()[33m
;[39m
     [90m    |[39m                                 [31m[1m^[22m[39m
     [90m 40 |[39m       [33mCostAnalysisService[39m[33m.[39mredis [33m=[39m [36mnull[39m[33m;[39m
     [90m 41 |[39m     }
     [90m 42 |[39m   })[33m;[39m[0m

      at Object.disconnect (tests/modules/cost-analysis.test.js:39:33)

  鈼?CostAnalysisService 鈥?getUserCostStats 鈥?搴旇鑾峰彇鐢ㄦ埛鎴愭湰缁熻

    TypeError: this.redis.on is not a function

    [0m [90m 64 |[39m     [36mthis[39m[33m.[39mredis [33m=[39m [36mnew[39m [33mRedis[39m(redisConfig)[33m
;[39m
     [90m 65 |[39m
    [31m[1m>[22m[39m[90m 66 |[39m     [36mthis[39m[33m.[39mredis[33m.[39mon([32m'error'[39m[33m,[39m (e
rr) [33m=>[39m {
     [90m    |[39m                [31m[1m^[22m[39m
     [90m 67 |[39m       console[33m.[39merror([32m'鉂?Cost Redis 杩炴帴閿欒:'[39m[33m,[39m err[33m.[39mmessage)[
33m;[39m
     [90m 68 |[39m     })[33m;[39m
     [90m 69 |[39m[0m

      at CostAnalysisService.on [as init] (src/modules/cost-analysis/CostAnalysisService.js:66:16)
      at Object.init (tests/modules/cost-analysis.test.js:599:33)

  鈼?CostAnalysisService 鈥?getUserCostStats 鈥?搴旇鑾峰彇鐢ㄦ埛鎴愭湰缁熻

    TypeError: CostAnalysisService.redis.disconnect is not a function

    [0m [90m 37 |[39m   afterEach(() [33m=>[39m {
     [90m 38 |[39m     [36mif[39m ([33mCostAnalysisService[39m[33m.[39mredis) {
    [31m[1m>[22m[39m[90m 39 |[39m       [33mCostAnalysisService[39m[33m.[39mredis[33m.[39mdisconnect()[33m
;[39m
     [90m    |[39m                                 [31m[1m^[22m[39m
     [90m 40 |[39m       [33mCostAnalysisService[39m[33m.[39mredis [33m=[39m [36mnull[39m[33m;[39m
     [90m 41 |[39m     }
     [90m 42 |[39m   })[33m;[39m[0m

      at Object.disconnect (tests/modules/cost-analysis.test.js:39:33)

  鈼?CostAnalysisService 鈥?getUserCostStats 鈥?搴旇澶勭悊鐢ㄦ埛娌℃湁鏁版嵁鐨勬儏鍐?
    TypeError: this.redis.on is not a function

    [0m [90m 64 |[39m     [36mthis[39m[33m.[39mredis [33m=[39m [36mnew[39m [33mRedis[39m(redisConfig)[33m
;[39m
     [90m 65 |[39m
    [31m[1m>[22m[39m[90m 66 |[39m     [36mthis[39m[33m.[39mredis[33m.[39mon([32m'error'[39m[33m,[39m (e
rr) [33m=>[39m {
     [90m    |[39m                [31m[1m^[22m[39m
     [90m 67 |[39m       console[33m.[39merror([32m'鉂?Cost Redis 杩炴帴閿欒:'[39m[33m,[39m err[33m.[39mmessage)[
33m;[39m
     [90m 68 |[39m     })[33m;[39m
     [90m 69 |[39m[0m

      at CostAnalysisService.on [as init] (src/modules/cost-analysis/CostAnalysisService.js:66:16)
      at Object.init (tests/modules/cost-analysis.test.js:599:33)

  鈼?CostAnalysisService 鈥?getUserCostStats 鈥?搴旇澶勭悊鐢ㄦ埛娌℃湁鏁版嵁鐨勬儏鍐?
    TypeError: CostAnalysisService.redis.disconnect is not a function

    [0m [90m 37 |[39m   afterEach(() [33m=>[39m {
     [90m 38 |[39m     [36mif[39m ([33mCostAnalysisService[39m[33m.[39mredis) {
    [31m[1m>[22m[39m[90m 39 |[39m       [33mCostAnalysisService[39m[33m.[39mredis[33m.[39mdisconnect()[33m
;[39m
     [90m    |[39m                                 [31m[1m^[22m[39m
     [90m 40 |[39m       [33mCostAnalysisService[39m[33m.[39mredis [33m=[39m [36mnull[39m[33m;[39m
     [90m 41 |[39m     }
     [90m 42 |[39m   })[33m;[39m[0m

      at Object.disconnect (tests/modules/cost-analysis.test.js:39:33)

  鈼?CostAnalysisService 鈥?getUserCostStats 鈥?搴旇鍦ㄦ病鏈?Redis 鏃惰繑鍥?null

    TypeError: this.redis.on is not a function

    [0m [90m 64 |[39m     [36mthis[39m[33m.[39mredis [33m=[39m [36mnew[39m [33mRedis[39m(redisConfig)[33m
;[39m
     [90m 65 |[39m
    [31m[1m>[22m[39m[90m 66 |[39m     [36mthis[39m[33m.[39mredis[33m.[39mon([32m'error'[39m[33m,[39m (e
rr) [33m=>[39m {
     [90m    |[39m                [31m[1m^[22m[39m
     [90m 67 |[39m       console[33m.[39merror([32m'鉂?Cost Redis 杩炴帴閿欒:'[39m[33m,[39m err[33m.[39mmessage)[
33m;[39m
     [90m 68 |[39m     })[33m;[39m
     [90m 69 |[39m[0m

      at CostAnalysisService.on [as init] (src/modules/cost-analysis/CostAnalysisService.js:66:16)
      at Object.init (tests/modules/cost-analysis.test.js:599:33)

  鈼?CostAnalysisService 鈥?getUserCostStats 鈥?搴旇鍦ㄦ病鏈?Redis 鏃惰繑鍥?null

    TypeError: CostAnalysisService.redis.disconnect is not a function

    [0m [90m 37 |[39m   afterEach(() [33m=>[39m {
     [90m 38 |[39m     [36mif[39m ([33mCostAnalysisService[39m[33m.[39mredis) {
    [31m[1m>[22m[39m[90m 39 |[39m       [33mCostAnalysisService[39m[33m.[39mredis[33m.[39mdisconnect()[33m
;[39m
     [90m    |[39m                                 [31m[1m^[22m[39m
     [90m 40 |[39m       [33mCostAnalysisService[39m[33m.[39mredis [33m=[39m [36mnull[39m[33m;[39m
     [90m 41 |[39m     }
     [90m 42 |[39m   })[33m;[39m[0m

      at Object.disconnect (tests/modules/cost-analysis.test.js:39:33)

  鈼?CostAnalysisService 鈥?getBudgetUsage 鈥?搴旇鑾峰彇棰勭畻浣跨敤鎯呭喌

    TypeError: this.redis.on is not a function

    [0m [90m 64 |[39m     [36mthis[39m[33m.[39mredis [33m=[39m [36mnew[39m [33mRedis[39m(redisConfig)[33m
;[39m
     [90m 65 |[39m
    [31m[1m>[22m[39m[90m 66 |[39m     [36mthis[39m[33m.[39mredis[33m.[39mon([32m'error'[39m[33m,[39m (e
rr) [33m=>[39m {
     [90m    |[39m                [31m[1m^[22m[39m
     [90m 67 |[39m       console[33m.[39merror([32m'鉂?Cost Redis 杩炴帴閿欒:'[39m[33m,[39m err[33m.[39mmessage)[
33m;[39m
     [90m 68 |[39m     })[33m;[39m
     [90m 69 |[39m[0m

      at CostAnalysisService.on [as init] (src/modules/cost-analysis/CostAnalysisService.js:66:16)
      at Object.init (tests/modules/cost-analysis.test.js:635:33)

  鈼?CostAnalysisService 鈥?getBudgetUsage 鈥?搴旇鑾峰彇棰勭畻浣跨敤鎯呭喌

    TypeError: CostAnalysisService.redis.disconnect is not a function

    [0m [90m 37 |[39m   afterEach(() [33m=>[39m {
     [90m 38 |[39m     [36mif[39m ([33mCostAnalysisService[39m[33m.[39mredis) {
    [31m[1m>[22m[39m[90m 39 |[39m       [33mCostAnalysisService[39m[33m.[39mredis[33m.[39mdisconnect()[33m
;[39m
     [90m    |[39m                                 [31m[1m^[22m[39m
     [90m 40 |[39m       [33mCostAnalysisService[39m[33m.[39mredis [33m=[39m [36mnull[39m[33m;[39m
     [90m 41 |[39m     }
     [90m 42 |[39m   })[33m;[39m[0m

      at Object.disconnect (tests/modules/cost-analysis.test.js:39:33)

  鈼?CostAnalysisService 鈥?getBudgetUsage 鈥?搴旇鍖呭惈棰勭畻銆佽姳璐瑰拰鍓╀綑

    TypeError: this.redis.on is not a function

    [0m [90m 64 |[39m     [36mthis[39m[33m.[39mredis [33m=[39m [36mnew[39m [33mRedis[39m(redisConfig)[33m
;[39m
     [90m 65 |[39m
    [31m[1m>[22m[39m[90m 66 |[39m     [36mthis[39m[33m.[39mredis[33m.[39mon([32m'error'[39m[33m,[39m (e
rr) [33m=>[39m {
     [90m    |[39m                [31m[1m^[22m[39m
     [90m 67 |[39m       console[33m.[39merror([32m'鉂?Cost Redis 杩炴帴閿欒:'[39m[33m,[39m err[33m.[39mmessage)[
33m;[39m
     [90m 68 |[39m     })[33m;[39m
     [90m 69 |[39m[0m

      at CostAnalysisService.on [as init] (src/modules/cost-analysis/CostAnalysisService.js:66:16)
      at Object.init (tests/modules/cost-analysis.test.js:635:33)

  鈼?CostAnalysisService 鈥?getBudgetUsage 鈥?搴旇鍖呭惈棰勭畻銆佽姳璐瑰拰鍓╀綑

    TypeError: CostAnalysisService.redis.disconnect is not a function

    [0m [90m 37 |[39m   afterEach(() [33m=>[39m {
     [90m 38 |[39m     [36mif[39m ([33mCostAnalysisService[39m[33m.[39mredis) {
    [31m[1m>[22m[39m[90m 39 |[39m       [33mCostAnalysisService[39m[33m.[39mredis[33m.[39mdisconnect()[33m
;[39m
     [90m    |[39m                                 [31m[1m^[22m[39m
     [90m 40 |[39m       [33mCostAnalysisService[39m[33m.[39mredis [33m=[39m [36mnull[39m[33m;[39m
     [90m 41 |[39m     }
     [90m 42 |[39m   })[33m;[39m[0m

      at Object.disconnect (tests/modules/cost-analysis.test.js:39:33)

  鈼?CostAnalysisService 鈥?getBudgetUsage 鈥?搴旇璁＄畻姝ｇ‘鐨勪娇鐢ㄧ櫨鍒嗘瘮

    TypeError: this.redis.on is not a function

    [0m [90m 64 |[39m     [36mthis[39m[33m.[39mredis [33m=[39m [36mnew[39m [33mRedis[39m(redisConfig)[33m
;[39m
     [90m 65 |[39m
    [31m[1m>[22m[39m[90m 66 |[39m     [36mthis[39m[33m.[39mredis[33m.[39mon([32m'error'[39m[33m,[39m (e
rr) [33m=>[39m {
     [90m    |[39m                [31m[1m^[22m[39m
     [90m 67 |[39m       console[33m.[39merror([32m'鉂?Cost Redis 杩炴帴閿欒:'[39m[33m,[39m err[33m.[39mmessage)[
33m;[39m
     [90m 68 |[39m     })[33m;[39m
     [90m 69 |[39m[0m

      at CostAnalysisService.on [as init] (src/modules/cost-analysis/CostAnalysisService.js:66:16)
      at Object.init (tests/modules/cost-analysis.test.js:635:33)

  鈼?CostAnalysisService 鈥?getBudgetUsage 鈥?搴旇璁＄畻姝ｇ‘鐨勪娇鐢ㄧ櫨鍒嗘瘮

    TypeError: CostAnalysisService.redis.disconnect is not a function

    [0m [90m 37 |[39m   afterEach(() [33m=>[39m {
     [90m 38 |[39m     [36mif[39m ([33mCostAnalysisService[39m[33m.[39mredis) {
    [31m[1m>[22m[39m[90m 39 |[39m       [33mCostAnalysisService[39m[33m.[39mredis[33m.[39mdisconnect()[33m
;[39m
     [90m    |[39m                                 [31m[1m^[22m[39m
     [90m 40 |[39m       [33mCostAnalysisService[39m[33m.[39mredis [33m=[39m [36mnull[39m[33m;[39m
     [90m 41 |[39m     }
     [90m 42 |[39m   })[33m;[39m[0m

      at Object.disconnect (tests/modules/cost-analysis.test.js:39:33)

  鈼?CostAnalysisService 鈥?getRecentAlerts 鈥?搴旇鑾峰彇鏈€杩戠殑鍛婅璁板綍

    TypeError: this.redis.on is not a function

    [0m [90m 64 |[39m     [36mthis[39m[33m.[39mredis [33m=[39m [36mnew[39m [33mRedis[39m(redisConfig)[33m
;[39m
     [90m 65 |[39m
    [31m[1m>[22m[39m[90m 66 |[39m     [36mthis[39m[33m.[39mredis[33m.[39mon([32m'error'[39m[33m,[39m (e
rr) [33m=>[39m {
     [90m    |[39m                [31m[1m^[22m[39m
     [90m 67 |[39m       console[33m.[39merror([32m'鉂?Cost Redis 杩炴帴閿欒:'[39m[33m,[39m err[33m.[39mmessage)[
33m;[39m
     [90m 68 |[39m     })[33m;[39m
     [90m 69 |[39m[0m

      at CostAnalysisService.on [as init] (src/modules/cost-analysis/CostAnalysisService.js:66:16)
      at Object.init (tests/modules/cost-analysis.test.js:670:33)

  鈼?CostAnalysisService 鈥?getRecentAlerts 鈥?搴旇鑾峰彇鏈€杩戠殑鍛婅璁板綍

    TypeError: CostAnalysisService.redis.disconnect is not a function

    [0m [90m 37 |[39m   afterEach(() [33m=>[39m {
     [90m 38 |[39m     [36mif[39m ([33mCostAnalysisService[39m[33m.[39mredis) {
    [31m[1m>[22m[39m[90m 39 |[39m       [33mCostAnalysisService[39m[33m.[39mredis[33m.[39mdisconnect()[33m
;[39m
     [90m    |[39m                                 [31m[1m^[22m[39m
     [90m 40 |[39m       [33mCostAnalysisService[39m[33m.[39mredis [33m=[39m [36mnull[39m[33m;[39m
     [90m 41 |[39m     }
     [90m 42 |[39m   })[33m;[39m[0m

      at Object.disconnect (tests/modules/cost-analysis.test.js:39:33)

  鈼?CostAnalysisService 鈥?getRecentAlerts 鈥?搴旇闄愬埗杩斿洖鏁伴噺

    TypeError: this.redis.on is not a function

    [0m [90m 64 |[39m     [36mthis[39m[33m.[39mredis [33m=[39m [36mnew[39m [33mRedis[39m(redisConfig)[33m
;[39m
     [90m 65 |[39m
    [31m[1m>[22m[39m[90m 66 |[39m     [36mthis[39m[33m.[39mredis[33m.[39mon([32m'error'[39m[33m,[39m (e
rr) [33m=>[39m {
     [90m    |[39m                [31m[1m^[22m[39m
     [90m 67 |[39m       console[33m.[39merror([32m'鉂?Cost Redis 杩炴帴閿欒:'[39m[33m,[39m err[33m.[39mmessage)[
33m;[39m
     [90m 68 |[39m     })[33m;[39m
     [90m 69 |[39m[0m

      at CostAnalysisService.on [as init] (src/modules/cost-analysis/CostAnalysisService.js:66:16)
      at Object.init (tests/modules/cost-analysis.test.js:670:33)

  鈼?CostAnalysisService 鈥?getRecentAlerts 鈥?搴旇闄愬埗杩斿洖鏁伴噺

    TypeError: CostAnalysisService.redis.disconnect is not a function

    [0m [90m 37 |[39m   afterEach(() [33m=>[39m {
     [90m 38 |[39m     [36mif[39m ([33mCostAnalysisService[39m[33m.[39mredis) {
    [31m[1m>[22m[39m[90m 39 |[39m       [33mCostAnalysisService[39m[33m.[39mredis[33m.[39mdisconnect()[33m
;[39m
     [90m    |[39m                                 [31m[1m^[22m[39m
     [90m 40 |[39m       [33mCostAnalysisService[39m[33m.[39mredis [33m=[39m [36mnull[39m[33m;[39m
     [90m 41 |[39m     }
     [90m 42 |[39m   })[33m;[39m[0m

      at Object.disconnect (tests/modules/cost-analysis.test.js:39:33)

  鈼?CostAnalysisService 鈥?getRecentAlerts 鈥?搴旇鍦ㄦ病鏈?Redis 鏃惰繑鍥炵┖鏁扮粍

    TypeError: this.redis.on is not a function

    [0m [90m 64 |[39m     [36mthis[39m[33m.[39mredis [33m=[39m [36mnew[39m [33mRedis[39m(redisConfig)[33m
;[39m
     [90m 65 |[39m
    [31m[1m>[22m[39m[90m 66 |[39m     [36mthis[39m[33m.[39mredis[33m.[39mon([32m'error'[39m[33m,[39m (e
rr) [33m=>[39m {
     [90m    |[39m                [31m[1m^[22m[39m
     [90m 67 |[39m       console[33m.[39merror([32m'鉂?Cost Redis 杩炴帴閿欒:'[39m[33m,[39m err[33m.[39mmessage)[
33m;[39m
     [90m 68 |[39m     })[33m;[39m
     [90m 69 |[39m[0m

      at CostAnalysisService.on [as init] (src/modules/cost-analysis/CostAnalysisService.js:66:16)
      at Object.init (tests/modules/cost-analysis.test.js:670:33)

  鈼?CostAnalysisService 鈥?getRecentAlerts 鈥?搴旇鍦ㄦ病鏈?Redis 鏃惰繑鍥炵┖鏁扮粍

    TypeError: CostAnalysisService.redis.disconnect is not a function

    [0m [90m 37 |[39m   afterEach(() [33m=>[39m {
     [90m 38 |[39m     [36mif[39m ([33mCostAnalysisService[39m[33m.[39mredis) {
    [31m[1m>[22m[39m[90m 39 |[39m       [33mCostAnalysisService[39m[33m.[39mredis[33m.[39mdisconnect()[33m
;[39m
     [90m    |[39m                                 [31m[1m^[22m[39m
     [90m 40 |[39m       [33mCostAnalysisService[39m[33m.[39mredis [33m=[39m [36mnull[39m[33m;[39m
     [90m 41 |[39m     }
     [90m 42 |[39m   })[33m;[39m[0m

      at Object.disconnect (tests/modules/cost-analysis.test.js:39:33)

  鈼?CostAnalysisService 鈥?getOptimizationSuggestions 鈥?搴旇鐢熸垚浼樺寲寤鸿

    TypeError: this.redis.on is not a function

    [0m [90m 64 |[39m     [36mthis[39m[33m.[39mredis [33m=[39m [36mnew[39m [33mRedis[39m(redisConfig)[33m
;[39m
     [90m 65 |[39m
    [31m[1m>[22m[39m[90m 66 |[39m     [36mthis[39m[33m.[39mredis[33m.[39mon([32m'error'[39m[33m,[39m (e
rr) [33m=>[39m {
     [90m    |[39m                [31m[1m^[22m[39m
     [90m 67 |[39m       console[33m.[39merror([32m'鉂?Cost Redis 杩炴帴閿欒:'[39m[33m,[39m err[33m.[39mmessage)[
33m;[39m
     [90m 68 |[39m     })[33m;[39m
     [90m 69 |[39m[0m

      at CostAnalysisService.on [as init] (src/modules/cost-analysis/CostAnalysisService.js:66:16)
      at Object.init (tests/modules/cost-analysis.test.js:701:33)

  鈼?CostAnalysisService 鈥?getOptimizationSuggestions 鈥?搴旇鐢熸垚浼樺寲寤鸿

    TypeError: CostAnalysisService.redis.disconnect is not a function

    [0m [90m 37 |[39m   afterEach(() [33m=>[39m {
     [90m 38 |[39m     [36mif[39m ([33mCostAnalysisService[39m[33m.[39mredis) {
    [31m[1m>[22m[39m[90m 39 |[39m       [33mCostAnalysisService[39m[33m.[39mredis[33m.[39mdisconnect()[33m
;[39m
     [90m    |[39m                                 [31m[1m^[22m[39m
     [90m 40 |[39m       [33mCostAnalysisService[39m[33m.[39mredis [33m=[39m [36mnull[39m[33m;[39m
     [90m 41 |[39m     }
     [90m 42 |[39m   })[33m;[39m[0m

      at Object.disconnect (tests/modules/cost-analysis.test.js:39:33)

  鈼?CostAnalysisService 鈥?getOptimizationSuggestions 鈥?搴旇鍦ㄥ崟涓€鎻愪緵鍟嗗崰姣旇繃楂樻椂缁欏嚭寤鸿

    TypeError: this.redis.on is not a function

    [0m [90m 64 |[39m     [36mthis[39m[33m.[39mredis [33m=[39m [36mnew[39m [33mRedis[39m(redisConfig)[33m
;[39m
     [90m 65 |[39m
    [31m[1m>[22m[39m[90m 66 |[39m     [36mthis[39m[33m.[39mredis[33m.[39mon([32m'error'[39m[33m,[39m (e
rr) [33m=>[39m {
     [90m    |[39m                [31m[1m^[22m[39m
     [90m 67 |[39m       console[33m.[39merror([32m'鉂?Cost Redis 杩炴帴閿欒:'[39m[33m,[39m err[33m.[39mmessage)[
33m;[39m
     [90m 68 |[39m     })[33m;[39m
     [90m 69 |[39m[0m

      at CostAnalysisService.on [as init] (src/modules/cost-analysis/CostAnalysisService.js:66:16)
      at Object.init (tests/modules/cost-analysis.test.js:701:33)

  鈼?CostAnalysisService 鈥?getOptimizationSuggestions 鈥?搴旇鍦ㄥ崟涓€鎻愪緵鍟嗗崰姣旇繃楂樻椂缁欏嚭寤鸿

    TypeError: CostAnalysisService.redis.disconnect is not a function

    [0m [90m 37 |[39m   afterEach(() [33m=>[39m {
     [90m 38 |[39m     [36mif[39m ([33mCostAnalysisService[39m[33m.[39mredis) {
    [31m[1m>[22m[39m[90m 39 |[39m       [33mCostAnalysisService[39m[33m.[39mredis[33m.[39mdisconnect()[33m
;[39m
     [90m    |[39m                                 [31m[1m^[22m[39m
     [90m 40 |[39m       [33mCostAnalysisService[39m[33m.[39mredis [33m=[39m [36mnull[39m[33m;[39m
     [90m 41 |[39m     }
     [90m 42 |[39m   })[33m;[39m[0m

      at Object.disconnect (tests/modules/cost-analysis.test.js:39:33)

  鈼?CostAnalysisService 鈥?getOptimizationSuggestions 鈥?搴旇鍦ㄩ珮鎴愭湰妯″瀷鏃剁粰鍑哄缓璁?
    TypeError: this.redis.on is not a function

    [0m [90m 64 |[39m     [36mthis[39m[33m.[39mredis [33m=[39m [36mnew[39m [33mRedis[39m(redisConfig)[33m
;[39m
     [90m 65 |[39m
    [31m[1m>[22m[39m[90m 66 |[39m     [36mthis[39m[33m.[39mredis[33m.[39mon([32m'error'[39m[33m,[39m (e
rr) [33m=>[39m {
     [90m    |[39m                [31m[1m^[22m[39m
     [90m 67 |[39m       console[33m.[39merror([32m'鉂?Cost Redis 杩炴帴閿欒:'[39m[33m,[39m err[33m.[39mmessage)[
33m;[39m
     [90m 68 |[39m     })[33m;[39m
     [90m 69 |[39m[0m

      at CostAnalysisService.on [as init] (src/modules/cost-analysis/CostAnalysisService.js:66:16)
      at Object.init (tests/modules/cost-analysis.test.js:701:33)

  鈼?CostAnalysisService 鈥?getOptimizationSuggestions 鈥?搴旇鍦ㄩ珮鎴愭湰妯″瀷鏃剁粰鍑哄缓璁?
    TypeError: CostAnalysisService.redis.disconnect is not a function

    [0m [90m 37 |[39m   afterEach(() [33m=>[39m {
     [90m 38 |[39m     [36mif[39m ([33mCostAnalysisService[39m[33m.[39mredis) {
    [31m[1m>[22m[39m[90m 39 |[39m       [33mCostAnalysisService[39m[33m.[39mredis[33m.[39mdisconnect()[33m
;[39m
     [90m    |[39m                                 [31m[1m^[22m[39m
     [90m 40 |[39m       [33mCostAnalysisService[39m[33m.[39mredis [33m=[39m [36mnull[39m[33m;[39m
     [90m 41 |[39m     }
     [90m 42 |[39m   })[33m;[39m[0m

      at Object.disconnect (tests/modules/cost-analysis.test.js:39:33)

  鈼?CostAnalysisService 鈥?getOptimizationSuggestions 鈥?搴旇鍦ㄦ垚鏈闀挎椂缁欏嚭寤鸿

    TypeError: this.redis.on is not a function

    [0m [90m 64 |[39m     [36mthis[39m[33m.[39mredis [33m=[39m [36mnew[39m [33mRedis[39m(redisConfig)[33m
;[39m
     [90m 65 |[39m
    [31m[1m>[22m[39m[90m 66 |[39m     [36mthis[39m[33m.[39mredis[33m.[39mon([32m'error'[39m[33m,[39m (e
rr) [33m=>[39m {
     [90m    |[39m                [31m[1m^[22m[39m
     [90m 67 |[39m       console[33m.[39merror([32m'鉂?Cost Redis 杩炴帴閿欒:'[39m[33m,[39m err[33m.[39mmessage)[
33m;[39m
     [90m 68 |[39m     })[33m;[39m
     [90m 69 |[39m[0m

      at CostAnalysisService.on [as init] (src/modules/cost-analysis/CostAnalysisService.js:66:16)
      at Object.init (tests/modules/cost-analysis.test.js:701:33)

  鈼?CostAnalysisService 鈥?getOptimizationSuggestions 鈥?搴旇鍦ㄦ垚鏈闀挎椂缁欏嚭寤鸿

    TypeError: CostAnalysisService.redis.disconnect is not a function

    [0m [90m 37 |[39m   afterEach(() [33m=>[39m {
     [90m 38 |[39m     [36mif[39m ([33mCostAnalysisService[39m[33m.[39mredis) {
    [31m[1m>[22m[39m[90m 39 |[39m       [33mCostAnalysisService[39m[33m.[39mredis[33m.[39mdisconnect()[33m
;[39m
     [90m    |[39m                                 [31m[1m^[22m[39m
     [90m 40 |[39m       [33mCostAnalysisService[39m[33m.[39mredis [33m=[39m [36mnull[39m[33m;[39m
     [90m 41 |[39m     }
     [90m 42 |[39m   })[33m;[39m[0m

      at Object.disconnect (tests/modules/cost-analysis.test.js:39:33)

  鈼?CostAnalysisService 鈥?getOptimizationSuggestions 鈥?搴旇鍖呭惈娼滃湪鑺傜渷閲戦

    TypeError: this.redis.on is not a function

    [0m [90m 64 |[39m     [36mthis[39m[33m.[39mredis [33m=[39m [36mnew[39m [33mRedis[39m(redisConfig)[33m
;[39m
     [90m 65 |[39m
    [31m[1m>[22m[39m[90m 66 |[39m     [36mthis[39m[33m.[39mredis[33m.[39mon([32m'error'[39m[33m,[39m (e
rr) [33m=>[39m {
     [90m    |[39m                [31m[1m^[22m[39m
     [90m 67 |[39m       console[33m.[39merror([32m'鉂?Cost Redis 杩炴帴閿欒:'[39m[33m,[39m err[33m.[39mmessage)[
33m;[39m
     [90m 68 |[39m     })[33m;[39m
     [90m 69 |[39m[0m

      at CostAnalysisService.on [as init] (src/modules/cost-analysis/CostAnalysisService.js:66:16)
      at Object.init (tests/modules/cost-analysis.test.js:701:33)

  鈼?CostAnalysisService 鈥?getOptimizationSuggestions 鈥?搴旇鍖呭惈娼滃湪鑺傜渷閲戦

    TypeError: CostAnalysisService.redis.disconnect is not a function

    [0m [90m 37 |[39m   afterEach(() [33m=>[39m {
     [90m 38 |[39m     [36mif[39m ([33mCostAnalysisService[39m[33m.[39mredis) {
    [31m[1m>[22m[39m[90m 39 |[39m       [33mCostAnalysisService[39m[33m.[39mredis[33m.[39mdisconnect()[33m
;[39m
     [90m    |[39m                                 [31m[1m^[22m[39m
     [90m 40 |[39m       [33mCostAnalysisService[39m[33m.[39mredis [33m=[39m [36mnull[39m[33m;[39m
     [90m 41 |[39m     }
     [90m 42 |[39m   })[33m;[39m[0m

      at Object.disconnect (tests/modules/cost-analysis.test.js:39:33)

  鈼?CostAnalysisService 鈥?getOptimizationSuggestions 鈥?搴旇鍦ㄦ病鏈?Redis 鏃惰繑鍥炵┖鏁扮粍

    TypeError: this.redis.on is not a function

    [0m [90m 64 |[39m     [36mthis[39m[33m.[39mredis [33m=[39m [36mnew[39m [33mRedis[39m(redisConfig)[33m
;[39m
     [90m 65 |[39m
    [31m[1m>[22m[39m[90m 66 |[39m     [36mthis[39m[33m.[39mredis[33m.[39mon([32m'error'[39m[33m,[39m (e
rr) [33m=>[39m {
     [90m    |[39m                [31m[1m^[22m[39m
     [90m 67 |[39m       console[33m.[39merror([32m'鉂?Cost Redis 杩炴帴閿欒:'[39m[33m,[39m err[33m.[39mmessage)[
33m;[39m
     [90m 68 |[39m     })[33m;[39m
     [90m 69 |[39m[0m

      at CostAnalysisService.on [as init] (src/modules/cost-analysis/CostAnalysisService.js:66:16)
      at Object.init (tests/modules/cost-analysis.test.js:701:33)

  鈼?CostAnalysisService 鈥?getOptimizationSuggestions 鈥?搴旇鍦ㄦ病鏈?Redis 鏃惰繑鍥炵┖鏁扮粍

    TypeError: CostAnalysisService.redis.disconnect is not a function

    [0m [90m 37 |[39m   afterEach(() [33m=>[39m {
     [90m 38 |[39m     [36mif[39m ([33mCostAnalysisService[39m[33m.[39mredis) {
    [31m[1m>[22m[39m[90m 39 |[39m       [33mCostAnalysisService[39m[33m.[39mredis[33m.[39mdisconnect()[33m
;[39m
     [90m    |[39m                                 [31m[1m^[22m[39m
     [90m 40 |[39m       [33mCostAnalysisService[39m[33m.[39mredis [33m=[39m [36mnull[39m[33m;[39m
     [90m 41 |[39m     }
     [90m 42 |[39m   })[33m;[39m[0m

      at Object.disconnect (tests/modules/cost-analysis.test.js:39:33)

  console.log
    馃И 娴嬭瘯鐜宸查厤缃細TEST_MODE=true, DATABASE_PATH=E:\openclaw\workspace-studyass-mgr\backend\test-temp-19896.db

      at Object.<anonymous> (jest.setup.js:33:9)

  console.error
    [Cache] 缂撳瓨鎿嶄綔澶辫触: cache.get is not a function

    [0m [90m 66 |[39m       next()[33m;[39m
     [90m 67 |[39m     } [36mcatch[39m (err) {
    [31m[1m>[22m[39m[90m 68 |[39m       console[33m.[39merror([32m'[Cache] 缂撳瓨鎿嶄綔澶辫触:'[39m[33m,[39m err[33m.[39mmessage)[33m;[39m
     [90m    |[39m               [31m[1m^[22m[39m
     [90m 69 |[39m       next()[33m;[39m [90m// 缂撳瓨澶辫触涓嶅奖鍝嶆甯歌姹?[39m
     [90m 70 |[39m     }
     [90m 71 |[39m   }[33m;[39m[0m

      at error (src/middleware/cache.js:68:15)
      at Object.middleware (tests/cache-middleware.test.js:62:13)

  console.error
    [Cache] 缂撳瓨鎿嶄綔澶辫触: cache.get is not a function

    [0m [90m 66 |[39m       next()[33m;[39m
     [90m 67 |[39m     } [36mcatch[39m (err) {
    [31m[1m>[22m[39m[90m 68 |[39m       console[33m.[39merror([32m'[Cache] 缂撳瓨鎿嶄綔澶辫触:'[39m[33m,[39m err[33m.[39mmessage)[33m;[39m
     [90m    |[39m               [31m[1m^[22m[39m
     [90m 69 |[39m       next()[33m;[39m [90m// 缂撳瓨澶辫触涓嶅奖鍝嶆甯歌姹?[39m
     [90m 70 |[39m     }
     [90m 71 |[39m   }[33m;[39m[0m

      at error (src/middleware/cache.js:68:15)
      at Object.middleware (tests/cache-middleware.test.js:86:13)

  console.error
    [Cache] 缂撳瓨鎿嶄綔澶辫触: cache.get is not a function

    [0m [90m 66 |[39m       next()[33m;[39m
     [90m 67 |[39m     } [36mcatch[39m (err) {
    [31m[1m>[22m[39m[90m 68 |[39m       console[33m.[39merror([32m'[Cache] 缂撳瓨鎿嶄綔澶辫触:'[39m[33m,[39m err[33m.[39mmessage)[33m;[39m
     [90m    |[39m               [31m[1m^[22m[39m
     [90m 69 |[39m       next()[33m;[39m [90m// 缂撳瓨澶辫触涓嶅奖鍝嶆甯歌姹?[39m
     [90m 70 |[39m     }
     [90m 71 |[39m   }[33m;[39m[0m

      at error (src/middleware/cache.js:68:15)
      at Object.middleware (tests/cache-middleware.test.js:108:13)

  console.error
    [Cache] 缂撳瓨鎿嶄綔澶辫触: cache.get is not a function

    [0m [90m 66 |[39m       next()[33m;[39m
     [90m 67 |[39m     } [36mcatch[39m (err) {
    [31m[1m>[22m[39m[90m 68 |[39m       console[33m.[39merror([32m'[Cache] 缂撳瓨鎿嶄綔澶辫触:'[39m[33m,[39m err[33m.[39mmessage)[33m;[39m
     [90m    |[39m               [31m[1m^[22m[39m
     [90m 69 |[39m       next()[33m;[39m [90m// 缂撳瓨澶辫触涓嶅奖鍝嶆甯歌姹?[39m
     [90m 70 |[39m     }
     [90m 71 |[39m   }[33m;[39m[0m

      at error (src/middleware/cache.js:68:15)
      at Object.middleware (tests/cache-middleware.test.js:136:13)

  console.error
    [Cache] 缂撳瓨鎿嶄綔澶辫触: cache.get is not a function

    [0m [90m 66 |[39m       next()[33m;[39m
     [90m 67 |[39m     } [36mcatch[39m (err) {
    [31m[1m>[22m[39m[90m 68 |[39m       console[33m.[39merror([32m'[Cache] 缂撳瓨鎿嶄綔澶辫触:'[39m[33m,[39m err[33m.[39mmessage)[33m;[39m
     [90m    |[39m               [31m[1m^[22m[39m
     [90m 69 |[39m       next()[33m;[39m [90m// 缂撳瓨澶辫触涓嶅奖鍝嶆甯歌姹?[39m
     [90m 70 |[39m     }
     [90m 71 |[39m   }[33m;[39m[0m

      at error (src/middleware/cache.js:68:15)
      at Object.middleware (tests/cache-middleware.test.js:159:13)

  console.error
    [Cache] 娓呴櫎缂撳瓨澶辫触: cache.keys is not a function

    [0m [90m 85 |[39m     }
     [90m 86 |[39m   } [36mcatch[39m (err) {
    [31m[1m>[22m[39m[90m 87 |[39m     console[33m.[39merror([32m'[Cache] 娓呴櫎缂撳瓨澶辫触:'[39m[33m,[39m err[33m.[39mmessage)[33m;[39m
     [90m    |[39m             [31m[1m^[22m[39m
     [90m 88 |[39m   }
     [90m 89 |[39m }
     [90m 90 |[39m[0m

      at error (src/middleware/cache.js:87:13)
      at Object.invalidateCache (tests/cache-middleware.test.js:242:13)

  console.error
    [Cache] 娓呴櫎缂撳瓨澶辫触: cache.keys is not a function

    [0m [90m 85 |[39m     }
     [90m 86 |[39m   } [36mcatch[39m (err) {
    [31m[1m>[22m[39m[90m 87 |[39m     console[33m.[39merror([32m'[Cache] 娓呴櫎缂撳瓨澶辫触:'[39m[33m,[39m err[33m.[39mmessage)[33m;[39m
     [90m    |[39m             [31m[1m^[22m[39m
     [90m 88 |[39m   }
     [90m 89 |[39m }
     [90m 90 |[39m[0m

      at error (src/middleware/cache.js:87:13)
      at Object.invalidateCache (tests/cache-middleware.test.js:251:13)

  console.error
    [Cache] 娓呴櫎缂撳瓨澶辫触: cache.keys is not a function

    [0m [90m 85 |[39m     }
     [90m 86 |[39m   } [36mcatch[39m (err) {
    [31m[1m>[22m[39m[90m 87 |[39m     console[33m.[39merror([32m'[Cache] 娓呴櫎缂撳瓨澶辫触:'[39m[33m,[39m err[33m.[39mmessage)[33m;[39m
     [90m    |[39m             [31m[1m^[22m[39m
     [90m 88 |[39m   }
     [90m 89 |[39m }
     [90m 90 |[39m[0m

      at error (src/middleware/cache.js:87:13)
      at Object.invalidateCache (tests/cache-middleware.test.js:261:20)

  console.error
    [Cache] 缂撳瓨棰勭儹澶辫触: cache.setex is not a function

    [0m [90m 101 |[39m     console[33m.[39mlog([32m`[Cache] 缂撳瓨棰勭儹鎴愬姛: ${key}`[39m)[33m;[39m
     [90m 102 |[39m   } [36mcatch[39m (err) {
    [31m[1m>[22m[39m[90m 103 |[39m     console[33m.[39merror([32m'[Cache] 缂撳瓨棰勭儹澶辫触:'[39m[33m,[39m err[33m.[39mmessage)[33m;[39m
     [90m     |[39m             [31m[1m^[22m[39m
     [90m 104 |[39m   }
     [90m 105 |[39m }
     [90m 106 |[39m[0m

      at error (src/middleware/cache.js:103:13)
      at Object.warmCache (tests/cache-middleware.test.js:274:13)

  console.error
    [Cache] 缂撳瓨棰勭儹澶辫触: cache.setex is not a function

    [0m [90m 101 |[39m     console[33m.[39mlog([32m`[Cache] 缂撳瓨棰勭儹鎴愬姛: ${key}`[39m)[33m;[39m
     [90m 102 |[39m   } [36mcatch[39m (err) {
    [31m[1m>[22m[39m[90m 103 |[39m     console[33m.[39merror([32m'[Cache] 缂撳瓨棰勭儹澶辫触:'[39m[33m,[39m err[33m.[39mmessage)[33m;[39m
     [90m     |[39m             [31m[1m^[22m[39m
     [90m 104 |[39m   }
     [90m 105 |[39m }
     [90m 106 |[39m[0m

      at error (src/middleware/cache.js:103:13)
      at Object.warmCache (tests/cache-middleware.test.js:286:13)

  console.error
    [Cache] 缂撳瓨棰勭儹澶辫触: cache.setex is not a function

    [0m [90m 101 |[39m     console[33m.[39mlog([32m`[Cache] 缂撳瓨棰勭儹鎴愬姛: ${key}`[39m)[33m;[39m
     [90m 102 |[39m   } [36mcatch[39m (err) {
    [31m[1m>[22m[39m[90m 103 |[39m     console[33m.[39merror([32m'[Cache] 缂撳瓨棰勭儹澶辫触:'[39m[33m,[39m err[33m.[39mmessage)[33m;[39m
     [90m     |[39m             [31m[1m^[22m[39m
     [90m 104 |[39m   }
     [90m 105 |[39m }
     [90m 106 |[39m[0m

      at error (src/middleware/cache.js:103:13)
      at Object.warmCache (tests/cache-middleware.test.js:298:20)

  console.error
    [Cache] 鑾峰彇缁熻澶辫触: cache.info is not a function

    [0m [90m 127 |[39m     }[33m;[39m
     [90m 128 |[39m   } [36mcatch[39m (err) {
    [31m[1m>[22m[39m[90m 129 |[39m     console[33m.[39merror([32m'[Cache] 鑾峰彇缁熻澶辫触:'[39m[33m,[39m err[33m.[39mmessage)[33m;[39m
     [90m     |[39m             [31m[1m^[22m[39m
     [90m 130 |[39m     [36mreturn[39m [36mnull[39m[33m;[39m
     [90m 131 |[39m   }
     [90m 132 |[39m }[0m

      at error (src/middleware/cache.js:129:13)
      at Object.getCacheStats (tests/cache-middleware.test.js:315:27)

  console.error
    [Cache] 鑾峰彇缁熻澶辫触: cache.info is not a function

    [0m [90m 127 |[39m     }[33m;[39m
     [90m 128 |[39m   } [36mcatch[39m (err) {
    [31m[1m>[22m[39m[90m 129 |[39m     console[33m.[39merror([32m'[Cache] 鑾峰彇缁熻澶辫触:'[39m[33m,[39m err[33m.[39mmessage)[33m;[39m
     [90m     |[39m             [31m[1m^[22m[39m
     [90m 130 |[39m     [36mreturn[39m [36mnull[39m[33m;[39m
     [90m 131 |[39m   }
     [90m 132 |[39m }[0m

      at error (src/middleware/cache.js:129:13)
      at Object.getCacheStats (tests/cache-middleware.test.js:327:27)

  console.error
    [Cache] 鑾峰彇缁熻澶辫触: cache.info is not a function

    [0m [90m 127 |[39m     }[33m;[39m
     [90m 128 |[39m   } [36mcatch[39m (err) {
    [31m[1m>[22m[39m[90m 129 |[39m     console[33m.[39merror([32m'[Cache] 鑾峰彇缁熻澶辫触:'[39m[33m,[39m err[33m.[39mmessage)[33m;[39m
     [90m     |[39m             [31m[1m^[22m[39m
     [90m 130 |[39m     [36mreturn[39m [36mnull[39m[33m;[39m
     [90m 131 |[39m   }
     [90m 132 |[39m }[0m

      at error (src/middleware/cache.js:129:13)
      at Object.getCacheStats (tests/cache-middleware.test.js:336:27)

  console.error
    [Cache] 缂撳瓨鎿嶄綔澶辫触: cache.get is not a function

    [0m [90m 66 |[39m       next()[33m;[39m
     [90m 67 |[39m     } [36mcatch[39m (err) {
    [31m[1m>[22m[39m[90m 68 |[39m       console[33m.[39merror([32m'[Cache] 缂撳瓨鎿嶄綔澶辫触:'[39m[33m,[39m err[33m.[39mmessage)[33m;[39m
     [90m    |[39m               [31m[1m^[22m[39m
     [90m 69 |[39m       next()[33m;[39m [90m// 缂撳瓨澶辫触涓嶅奖鍝嶆甯歌姹?[39m
     [90m 70 |[39m     }
     [90m 71 |[39m   }[33m;[39m[0m

      at error (src/middleware/cache.js:68:15)
      at Object.middleware (tests/cache-middleware.test.js:364:13)

  console.error
    [Cache] 缂撳瓨鎿嶄綔澶辫触: cache.get is not a function

    [0m [90m 66 |[39m       next()[33m;[39m
     [90m 67 |[39m     } [36mcatch[39m (err) {
    [31m[1m>[22m[39m[90m 68 |[39m       console[33m.[39merror([32m'[Cache] 缂撳瓨鎿嶄綔澶辫触:'[39m[33m,[39m err[33m.[39mmessage)[33m;[39m
     [90m    |[39m               [31m[1m^[22m[39m
     [90m 69 |[39m       next()[33m;[39m [90m// 缂撳瓨澶辫触涓嶅奖鍝嶆甯歌姹?[39m
     [90m 70 |[39m     }
     [90m 71 |[39m   }[33m;[39m[0m

      at error (src/middleware/cache.js:68:15)
      at Object.middleware (tests/cache-middleware.test.js:387:20)

FAIL tests/cache-middleware.test.js
  Cache Middleware Tests
    缂撳瓨鍛戒腑鍦烘櫙
      脳 搴旇浠庣紦瀛樹腑杩斿洖 GET 璇锋眰鐨勬暟鎹?(17 ms)
      脳 搴旇浣跨敤鑷畾涔夊懡鍚嶇┖闂?(6 ms)
      脳 搴旇浣跨敤鑷畾涔?key 鐢熸垚鍣?(5 ms)
    缂撳瓨鏈懡涓満鏅?      脳 搴旇缁х画澶勭悊鏈懡涓殑 GET 璇锋眰 (4 ms)
      鈭?搴旇鍙紦瀛?200 鐘舵€佺爜鐨勫搷搴?(5 ms)
    闈?GET 璇锋眰澶勭悊
      鈭?搴旇璺宠繃 POST 璇锋眰鐨勭紦瀛?(2 ms)
      鈭?搴旇璺宠繃 PUT 璇锋眰鐨勭紦瀛?(2 ms)
      鈭?搴旇璺宠繃 DELETE 璇锋眰鐨勭紦瀛?(1 ms)
    缂撳瓨娓呴櫎鍔熻兘
      脳 搴旇娓呴櫎鍖归厤妯″紡鐨勭紦瀛?(5 ms)
      脳 搴旇澶勭悊娌℃湁鍖归厤閿殑鎯呭喌 (5 ms)
      鈭?搴旇澶勭悊 Redis 閿欒 (5 ms)
    缂撳瓨棰勭儹鍔熻兘
      脳 搴旇棰勭儹鎸囧畾鐨勭紦瀛橀敭 (4 ms)
      脳 搴旇浣跨敤榛樿 TTL (8 ms)
      鈭?搴旇澶勭悊 Redis 閿欒 (6 ms)
    缂撳瓨缁熻鍔熻兘
      脳 搴旇鑾峰彇缂撳瓨缁熻淇℃伅 (5 ms)
      脳 搴旇澶勭悊缂哄皯缁熻淇℃伅鐨勬儏鍐?(4 ms)
      鈭?搴旇澶勭悊 Redis 閿欒 (4 ms)
    杈圭晫娴嬭瘯
      鈭?搴旇澶勭悊绌?URL (5 ms)
      鈭?搴旇澶勭悊缂撳瓨鏁版嵁瑙ｆ瀽閿欒 (4 ms)
    Redis 瀹㈡埛绔鐞?      鈭?搴旇澶嶇敤 Redis 瀹㈡埛绔疄渚?(2 ms)

  鈼?Cache Middleware Tests 鈥?缂撳瓨鍛戒腑鍦烘櫙 鈥?搴旇浠庣紦瀛樹腑杩斿洖 GET 璇锋眰鐨勬暟鎹?
    expect(jest.fn()).toHaveBeenCalledWith(...expected)

    Expected: "api:/api/test"

    Number of calls: 0

    [0m [90m 62 |[39m       [36mawait[39m middleware(req[33m,[39m res[33m,[39m next)[33m;[39m
     [90m 63 |[39m       
    [31m[1m>[22m[39m[90m 64 |[39m       expect(mockRedisInstance[33m.[39m[36mget[39m)[33m.[39mtoHaveBeenCal
ledWith([32m'api:/api/test'[39m)[33m;[39m
     [90m    |[39m                                     [31m[1m^[22m[39m
     [90m 65 |[39m       expect(res[33m.[39m[36mset[39m)[33m.[39mtoHaveBeenCalledWith([32m'X-Cache'[39m[33m,
[39m [32m'HIT'[39m)[33m;[39m
     [90m 66 |[39m       expect(res[33m.[39m[36mset[39m)[33m.[39mtoHaveBeenCalledWith([32m'X-Cache-TTL'[39m[
33m,[39m [32m'300'[39m)[33m;[39m
     [90m 67 |[39m       expect(res[33m.[39mjson)[33m.[39mtoHaveBeenCalledWith(cachedData)[33m;[39m[0m

      at Object.toHaveBeenCalledWith (tests/cache-middleware.test.js:64:37)

  鈼?Cache Middleware Tests 鈥?缂撳瓨鍛戒腑鍦烘櫙 鈥?搴旇浣跨敤鑷畾涔夊懡鍚嶇┖闂?
    expect(jest.fn()).toHaveBeenCalledWith(...expected)

    Expected: "users:/api/users"

    Number of calls: 0

    [0m [90m 86 |[39m       [36mawait[39m middleware(req[33m,[39m res[33m,[39m jest[33m.[39mfn())[33m;[39m
     [90m 87 |[39m       
    [31m[1m>[22m[39m[90m 88 |[39m       expect(mockRedisInstance[33m.[39m[36mget[39m)[33m.[39mtoHaveBeenCal
ledWith([32m'users:/api/users'[39m)[33m;[39m
     [90m    |[39m                                     [31m[1m^[22m[39m
     [90m 89 |[39m     })[33m;[39m
     [90m 90 |[39m
     [90m 91 |[39m     it([32m'搴旇浣跨敤鑷畾涔?key 鐢熸垚鍣?[39m[33m,[39m [36masync[39m () [33m=>[39m {[0m

      at Object.toHaveBeenCalledWith (tests/cache-middleware.test.js:88:37)

  鈼?Cache Middleware Tests 鈥?缂撳瓨鍛戒腑鍦烘櫙 鈥?搴旇浣跨敤鑷畾涔?key 鐢熸垚鍣?
    expect(jest.fn()).toHaveBeenCalledWith(...expected)

    Expected: "api:1-10"

    Number of calls: 0

    [0m [90m 108 |[39m       [36mawait[39m middleware(req[33m,[39m res[33m,[39m jest[33m.[39mfn())[33m;[39
m
     [90m 109 |[39m       
    [31m[1m>[22m[39m[90m 110 |[39m       expect(mockRedisInstance[33m.[39m[36mget[39m)[33m.[39mtoHaveBeenCa
lledWith([32m'api:1-10'[39m)[33m;[39m
     [90m     |[39m                                     [31m[1m^[22m[39m
     [90m 111 |[39m     })[33m;[39m
     [90m 112 |[39m   })[33m;[39m
     [90m 113 |[39m[0m

      at Object.toHaveBeenCalledWith (tests/cache-middleware.test.js:110:37)

  鈼?Cache Middleware Tests 鈥?缂撳瓨鏈懡涓満鏅?鈥?搴旇缁х画澶勭悊鏈懡涓殑 GET 璇锋眰

    expect(jest.fn()).toHaveBeenCalledWith(...expected)

    Expected: "X-Cache", "MISS"

    Number of calls: 0

    [0m [90m 136 |[39m       [36mawait[39m middleware(req[33m,[39m res[33m,[39m next)[33m;[39m
     [90m 137 |[39m       
    [31m[1m>[22m[39m[90m 138 |[39m       expect(res[33m.[39m[36mset[39m)[33m.[39mtoHaveBeenCalledWith([32m
'X-Cache'[39m[33m,[39m [32m'MISS'[39m)[33m;[39m
     [90m     |[39m                       [31m[1m^[22m[39m
     [90m 139 |[39m       expect(next)[33m.[39mtoHaveBeenCalled()[33m;[39m
     [90m 140 |[39m     })[33m;[39m
     [90m 141 |[39m[0m

      at Object.toHaveBeenCalledWith (tests/cache-middleware.test.js:138:23)

  鈼?Cache Middleware Tests 鈥?缂撳瓨娓呴櫎鍔熻兘 鈥?搴旇娓呴櫎鍖归厤妯″紡鐨勭紦瀛?
    expect(jest.fn()).toHaveBeenCalledWith(...expected)

    Expected: "api:/api/test*"

    Number of calls: 0

    [0m [90m 242 |[39m       [36mawait[39m invalidateCache([32m'api:/api/test*'[39m)[33m;[39m
     [90m 243 |[39m       
    [31m[1m>[22m[39m[90m 244 |[39m       expect(mockRedisInstance[33m.[39mkeys)[33m.[39mtoHaveBeenCalledWith(
[32m'api:/api/test*'[39m)[33m;[39m
     [90m     |[39m                                      [31m[1m^[22m[39m
     [90m 245 |[39m       expect(mockRedisInstance[33m.[39mdel)[33m.[39mtoHaveBeenCalledWith([32m'api:/api/test1
'[39m[33m,[39m [32m'api:/api/test2'[39m)[33m;[39m
     [90m 246 |[39m     })[33m;[39m
     [90m 247 |[39m[0m

      at Object.toHaveBeenCalledWith (tests/cache-middleware.test.js:244:38)

  鈼?Cache Middleware Tests 鈥?缂撳瓨娓呴櫎鍔熻兘 鈥?搴旇澶勭悊娌℃湁鍖归厤閿殑鎯呭喌

    expect(jest.fn()).toHaveBeenCalledWith(...expected)

    Expected: "api:/api/nonexistent*"

    Number of calls: 0

    [0m [90m 251 |[39m       [36mawait[39m invalidateCache([32m'api:/api/nonexistent*'[39m)[33m;[39m
     [90m 252 |[39m       
    [31m[1m>[22m[39m[90m 253 |[39m       expect(mockRedisInstance[33m.[39mkeys)[33m.[39mtoHaveBeenCalledWith(
[32m'api:/api/nonexistent*'[39m)[33m;[39m
     [90m     |[39m                                      [31m[1m^[22m[39m
     [90m 254 |[39m       expect(mockRedisInstance[33m.[39mdel)[33m.[39mnot[33m.[39mtoHaveBeenCalled()[33m;[3
9m
     [90m 255 |[39m     })[33m;[39m
     [90m 256 |[39m[0m

      at Object.toHaveBeenCalledWith (tests/cache-middleware.test.js:253:38)

  鈼?Cache Middleware Tests 鈥?缂撳瓨棰勭儹鍔熻兘 鈥?搴旇棰勭儹鎸囧畾鐨勭紦瀛橀敭

    expect(jest.fn()).toHaveBeenCalledWith(...expected)

    Expected: "api:/api/preload", 3600, "{\"id\":1,\"name\":\"棰勭儹鏁版嵁\"}"

    Number of calls: 0

    [0m [90m 274 |[39m       [36mawait[39m warmCache([32m'api:/api/preload'[39m[33m,[39m data[33m,[39m [35m
3600[39m)[33m;[39m
     [90m 275 |[39m       
    [31m[1m>[22m[39m[90m 276 |[39m       expect(mockRedisInstance[33m.[39msetex)[33m.[39mtoHaveBeenCalledWith
(
     [90m     |[39m                                       [31m[1m^[22m[39m
     [90m 277 |[39m         [32m'api:/api/preload'[39m[33m,[39m
     [90m 278 |[39m         [35m3600[39m[33m,[39m
     [90m 279 |[39m         [33mJSON[39m[33m.[39mstringify(data)[0m

      at Object.toHaveBeenCalledWith (tests/cache-middleware.test.js:276:39)

  鈼?Cache Middleware Tests 鈥?缂撳瓨棰勭儹鍔熻兘 鈥?搴旇浣跨敤榛樿 TTL

    expect(jest.fn()).toHaveBeenCalledWith(...expected)

    Expected: "api:/api/default", 3600, Any<String>

    Number of calls: 0

    [0m [90m 286 |[39m       [36mawait[39m warmCache([32m'api:/api/default'[39m[33m,[39m { data[33m:[39m [3
2m'test'[39m })[33m;[39m
     [90m 287 |[39m       
    [31m[1m>[22m[39m[90m 288 |[39m       expect(mockRedisInstance[33m.[39msetex)[33m.[39mtoHaveBeenCalledWith
(
     [90m     |[39m                                       [31m[1m^[22m[39m
     [90m 289 |[39m         [32m'api:/api/default'[39m[33m,[39m
     [90m 290 |[39m         [35m3600[39m[33m,[39m
     [90m 291 |[39m         expect[33m.[39many([33mString[39m)[0m

      at Object.toHaveBeenCalledWith (tests/cache-middleware.test.js:288:39)

  鈼?Cache Middleware Tests 鈥?缂撳瓨缁熻鍔熻兘 鈥?搴旇鑾峰彇缂撳瓨缁熻淇℃伅

    TypeError: Cannot read properties of null (reading 'keysCount')

    [0m [90m 316 |[39m       
     [90m 317 |[39m       expect(stats)[33m.[39mtoBeDefined()[33m;[39m
    [31m[1m>[22m[39m[90m 318 |[39m       expect(stats[33m.[39mkeysCount)[33m.[39mtoBe([35m150[39m)[33m;[3
9m
     [90m     |[39m                    [31m[1m^[22m[39m
     [90m 319 |[39m       expect(stats[33m.[39mhits)[33m.[39mtoBe([35m100[39m)[33m;[39m
     [90m 320 |[39m       expect(stats[33m.[39mmisses)[33m.[39mtoBe([35m50[39m)[33m;[39m
     [90m 321 |[39m     })[33m;[39m[0m

      at Object.keysCount (tests/cache-middleware.test.js:318:20)

  鈼?Cache Middleware Tests 鈥?缂撳瓨缁熻鍔熻兘 鈥?搴旇澶勭悊缂哄皯缁熻淇℃伅鐨勬儏鍐?
    TypeError: Cannot read properties of null (reading 'hits')

    [0m [90m 327 |[39m       [36mconst[39m stats [33m=[39m [36mawait[39m getCacheStats()[33m;[39m
     [90m 328 |[39m       
    [31m[1m>[22m[39m[90m 329 |[39m       expect(stats[33m.[39mhits)[33m.[39mtoBe([35m0[39m)[33m;[39m
     [90m     |[39m                    [31m[1m^[22m[39m
     [90m 330 |[39m       expect(stats[33m.[39mmisses)[33m.[39mtoBe([35m0[39m)[33m;[39m
     [90m 331 |[39m     })[33m;[39m
     [90m 332 |[39m[0m

      at Object.hits (tests/cache-middleware.test.js:329:20)

  console.log
    馃И 娴嬭瘯鐜宸查厤缃細TEST_MODE=true, DATABASE_PATH=E:\openclaw\workspace-studyass-mgr\backend\test-temp-19896.db

      at Object.<anonymous> (jest.setup.js:33:9)

  console.error
    [DB] 鍒涘缓绱㈠紩澶辫触: CREATE INDEX IF NOT EXISTS idx_points_ledger_user ON points_ledger(user_id) no such table: main.points_ledger

    [0m [90m 150 |[39m       db[33m.[39mexec(sql)[33m;[39m
     [90m 151 |[39m     } [36mcatch[39m (err) {
    [31m[1m>[22m[39m[90m 152 |[39m       console[33m.[39merror([32m'[DB] 鍒涘缓绱㈠紩澶辫触:'[39m[33m,[39m sql[33m,[39m err[33m.[39mmessage)[33m;[39m
     [90m     |[39m               [31m[1m^[22m[39m
     [90m 153 |[39m     }
     [90m 154 |[39m   }
     [90m 155 |[39m[0m

      at error (src/database/optimized-queries.js:152:15)
      at Object.createOptimizedIndexes (src/server.js:58:3)
      at Object.require (tests/routes.test.js:16:9)

  console.error
    [DB] 鍒涘缓绱㈠紩澶辫触: CREATE INDEX IF NOT EXISTS idx_points_ledger_created ON points_ledger(created_at) no such table: main.points_ledger

    [0m [90m 150 |[39m       db[33m.[39mexec(sql)[33m;[39m
     [90m 151 |[39m     } [36mcatch[39m (err) {
    [31m[1m>[22m[39m[90m 152 |[39m       console[33m.[39merror([32m'[DB] 鍒涘缓绱㈠紩澶辫触:'[39m[33m,[39m sql[33m,[39m err[33m.[39mmessage)[33m;[39m
     [90m     |[39m               [31m[1m^[22m[39m
     [90m 153 |[39m     }
     [90m 154 |[39m   }
     [90m 155 |[39m[0m

      at error (src/database/optimized-queries.js:152:15)
      at Object.createOptimizedIndexes (src/server.js:58:3)
      at Object.require (tests/routes.test.js:16:9)

  console.error
    [DB] 鍒涘缓绱㈠紩澶辫触: CREATE INDEX IF NOT EXISTS idx_practice_sessions_user ON practice_sessions(user_id) no such table: main.practice_sessions

    [0m [90m 150 |[39m       db[33m.[39mexec(sql)[33m;[39m
     [90m 151 |[39m     } [36mcatch[39m (err) {
    [31m[1m>[22m[39m[90m 152 |[39m       console[33m.[39merror([32m'[DB] 鍒涘缓绱㈠紩澶辫触:'[39m[33m,[39m sql[33m,[39m err[33m.[39mmessage)[33m;[39m
     [90m     |[39m               [31m[1m^[22m[39m
     [90m 153 |[39m     }
     [90m 154 |[39m   }
     [90m 155 |[39m[0m

      at error (src/database/optimized-queries.js:152:15)
      at Object.createOptimizedIndexes (src/server.js:58:3)
      at Object.require (tests/routes.test.js:16:9)

  console.error
    [DB] 鍒涘缓绱㈠紩澶辫触: CREATE INDEX IF NOT EXISTS idx_practice_sessions_status ON practice_sessions(status) no such table: main.practice_sessions

    [0m [90m 150 |[39m       db[33m.[39mexec(sql)[33m;[39m
     [90m 151 |[39m     } [36mcatch[39m (err) {
    [31m[1m>[22m[39m[90m 152 |[39m       console[33m.[39merror([32m'[DB] 鍒涘缓绱㈠紩澶辫触:'[39m[33m,[39m sql[33m,[39m err[33m.[39mmessage)[33m;[39m
     [90m     |[39m               [31m[1m^[22m[39m
     [90m 153 |[39m     }
     [90m 154 |[39m   }
     [90m 155 |[39m[0m

      at error (src/database/optimized-queries.js:152:15)
      at Object.createOptimizedIndexes (src/server.js:58:3)
      at Object.require (tests/routes.test.js:16:9)

  console.error
    [DB] 鍒涘缓绱㈠紩澶辫触: CREATE INDEX IF NOT EXISTS idx_points_ledger_user_created ON points_ledger(user_id, created_at) no such table: main.points_ledger

    [0m [90m 150 |[39m       db[33m.[39mexec(sql)[33m;[39m
     [90m 151 |[39m     } [36mcatch[39m (err) {
    [31m[1m>[22m[39m[90m 152 |[39m       console[33m.[39merror([32m'[DB] 鍒涘缓绱㈠紩澶辫触:'[39m[33m,[39m sql[33m,[39m err[33m.[39mmessage)[33m;[39m
     [90m     |[39m               [31m[1m^[22m[39m
     [90m 153 |[39m     }
     [90m 154 |[39m   }
     [90m 155 |[39m[0m

      at error (src/database/optimized-queries.js:152:15)
      at Object.createOptimizedIndexes (src/server.js:58:3)
      at Object.require (tests/routes.test.js:16:9)

  console.log
    [DB] 鏁版嵁搴撶储寮曚紭鍖栧畬鎴?
      at log (src/database/optimized-queries.js:156:11)

  console.log
    馃搳 Prometheus 鎸囨爣宸插垵濮嬪寲 (port=9090, path=/metrics)

      at PrometheusExporter.log [as init] (src/modules/monitoring/PrometheusExporter.js:51:13)

  console.error
    鉂?Prometheus 鏈嶅姟鍣ㄩ敊璇? listen EADDRINUSE: address already in use :::9090

    [0m [90m 171 |[39m
     [90m 172 |[39m     [36mthis[39m[33m.[39mserver[33m.[39mon([32m'error'[39m[33m,[39m (error) [33m=>[39m {
    [31m[1m>[22m[39m[90m 173 |[39m       console[33m.[39merror([32m'鉂?Prometheus 鏈嶅姟鍣ㄩ敊璇?'[39m[33m,[39m error[33m.[39mmessage)[33m;[39m
     [90m     |[39m               [31m[1m^[22m[39m
     [90m 174 |[39m     })[33m;[39m
     [90m 175 |[39m   }
     [90m 176 |[39m[0m

      at Server.error (src/modules/monitoring/PrometheusExporter.js:173:15)


  鈼? Cannot log after tests are done. Did you forget to wait for something async in your test?
    Attempted to log "鉁?Redis 鎺掕姒滅紦瀛樺凡杩炴帴".

    [0m [90m 21 |[39m
     [90m 22 |[39m     [36mthis[39m[33m.[39mredis[33m.[39mon([32m'connect'[39m[33m,[39m () [33m=>[39m {
    [31m[1m>[22m[39m[90m 23 |[39m       console[33m.[39mlog([32m'鉁?Redis 鎺掕姒滅紦瀛樺凡杩炴帴'[39m)[33m;[39m
     [90m    |[39m               [31m[1m^[22m[39m
     [90m 24 |[39m     })[33m;[39m
     [90m 25 |[39m
     [90m 26 |[39m     [90m// 缂撳瓨杩囨湡鏃堕棿锛堢锛?[39m[0m

      at console.log (node_modules/@jest/console/build/CustomConsole.js:141:10)
      at EventEmitter.log (src/modules/leaderboard/LeaderboardCache.js:23:15)

  console.warn
    [WARN] This Redis server's `default` user does not require a password, but a password was supplied

      at node_modules/ioredis/built/redis/event_handler.js:28:33
      at tryCatcher (node_modules/standard-as-callback/built/utils.js:12:23)
      at node_modules/standard-as-callback/built/index.js:33:51

  console.warn
    [WARN] This Redis server's `default` user does not require a password, but a password was supplied

      at node_modules/ioredis/built/redis/event_handler.js:28:33
      at tryCatcher (node_modules/standard-as-callback/built/utils.js:12:23)
      at node_modules/standard-as-callback/built/index.js:33:51

FAIL tests/routes.test.js
  Routes Layer Tests
    Knowledge Routes
      POST /api/knowledge-points - 鍒涘缓鐭ヨ瘑鐐?        脳 搴旇鎴愬姛鍒涘缓鐭ヨ瘑鐐?(4 ms)
        脳 搴旇鎷掔粷绌烘爣棰?(2 ms)
        脳 搴旇鎷掔粷缂哄皯鏍囬 (2 ms)
      GET /api/knowledge-points - 鑾峰彇鐭ヨ瘑鐐瑰垪琛?        脳 搴旇鎴愬姛鑾峰彇鍒楄〃 (2 ms)
        脳 搴旇鏀寔鍒嗙被绛涢€?(5 ms)
        脳 搴旇鏀寔鍒嗛〉 (2 ms)
      GET /api/knowledge-points/:id - 鑾峰彇鐭ヨ瘑鐐硅鎯?        脳 搴旇鎴愬姛鑾峰彇璇︽儏 (1 ms)
        脳 搴旇杩斿洖 404 瀵逛簬涓嶅瓨鍦ㄧ殑 ID (2 ms)
      PUT /api/knowledge-points/:id - 鏇存柊鐭ヨ瘑鐐?        脳 搴旇鎴愬姛鏇存柊 (2 ms)
        脳 搴旇鎷掔粷鏇存柊涓嶅瓨鍦ㄧ殑鐭ヨ瘑鐐?(1 ms)
      DELETE /api/knowledge-points/:id - 鍒犻櫎鐭ヨ瘑鐐?        脳 搴旇鎴愬姛鍒犻櫎 (1 ms)
      GET /api/knowledge-points/search - 鎼滅储鐭ヨ瘑鐐?        脳 搴旇鎴愬姛鎼滅储 (2 ms)
        脳 搴旇鏀寔绌烘煡璇?(2 ms)
    Progress Routes
      GET /api/progress - 鑾峰彇瀛︿範杩涘害
        脳 搴旇鎴愬姛鑾峰彇杩涘害 (2 ms)
      POST /api/progress/log - 璁板綍瀛︿範杩涘害
        脳 搴旇鎴愬姛璁板綍 (3 ms)
        脳 搴旇鎷掔粷绌烘暟鎹?(2 ms)
      GET /api/progress/stats - 鑾峰彇杩涘害缁熻
        脳 搴旇鎴愬姛鑾峰彇缁熻 (2 ms)
    Upload Routes
      POST /api/upload/textbook - 涓婁紶鏁欐潗
        脳 搴旇鎷掔粷娌℃湁鏂囦欢鐨勮姹?(2 ms)
      POST /api/upload/avatar - 涓婁紶澶村儚
        脳 搴旇鎷掔粷娌℃湁鏂囦欢鐨勮姹?(2 ms)
      POST /api/upload/attachment - 涓婁紶闄勪欢
        脳 搴旇鎷掔粷娌℃湁鏂囦欢鐨勮姹?(3 ms)
    Weakness Analysis Routes
      GET /api/weakness/analysis - 鑾峰彇钖勫急鐐瑰垎鏋?        脳 搴旇鎴愬姛鑾峰彇鍒嗘瀽 (2 ms)
      GET /api/weakness/recommendations - 鑾峰彇鎺ㄨ崘
        脳 搴旇鎴愬姛鑾峰彇鎺ㄨ崘 (1 ms)
      POST /api/weakness/practice - 寮€濮嬭杽寮辩偣缁冧範
        脳 搴旇寮€濮嬬粌涔?(2 ms)
      GET /api/weakness/stats - 鑾峰彇钖勫急鐐圭粺璁?        脳 搴旇鎴愬姛鑾峰彇缁熻 (1 ms)
    Leaderboard Routes
      GET /api/leaderboards/total - 鎬绘帓琛屾
        脳 搴旇鎴愬姛鑾峰彇鎺掕姒?(1 ms)
      GET /api/leaderboards/weekly - 鍛ㄦ帓琛屾
        脳 搴旇鎴愬姛鑾峰彇鎺掕姒?(4 ms)
      GET /api/leaderboards/monthly - 鏈堟帓琛屾
        脳 搴旇鎴愬姛鑾峰彇鎺掕姒?(2 ms)
      GET /api/leaderboards/subject/:subject - 绉戠洰鎺掕姒?        脳 搴旇鎴愬姛鑾峰彇鎺掕姒?(2 ms)
    Points Routes
      GET /api/points/balance - 鑾峰彇绉垎浣欓
        脳 搴旇鎴愬姛鑾峰彇浣欓 (2 ms)
      GET /api/points/ledger - 鑾峰彇绉垎鏄庣粏
        脳 搴旇鎴愬姛鑾峰彇鏄庣粏 (1 ms)
      POST /api/points/earn - 鑾峰緱绉垎
        脳 搴旇鑾峰緱绉垎 (2 ms)
      GET /api/points/rank - 鑾峰彇绉垎鎺掑悕
        脳 搴旇鎴愬姛鑾峰彇鎺掑悕 (3 ms)
    AI Gateway Routes
      POST /api/ai-gateway/generate - 鐢熸垚鍐呭
        脳 搴旇鐢熸垚鍐呭 (2 ms)
      POST /api/ai-gateway/parse - 瑙ｆ瀽鍐呭
        脳 搴旇瑙ｆ瀽鍐呭 (1 ms)
      POST /api/ai-gateway/analyze - 鍒嗘瀽鍐呭
        脳 搴旇鍒嗘瀽鍐呭 (1 ms)
      GET /api/ai-gateway/models - 鑾峰彇鍙敤妯″瀷
        脳 搴旇鑾峰彇妯″瀷鍒楄〃 (2 ms)

  鈼?Routes Layer Tests 鈥?Knowledge Routes 鈥?POST /api/knowledge-points - 鍒涘缓鐭ヨ瘑鐐?鈥?搴旇鎴愬姛鍒涘缓鐭ヨ瘑鐐?
    TypeError: Cannot read properties of undefined (reading 'address')

    [0m [90m 344 |[39m     [90m// 鍙戦€侀獙璇佺爜[39m
     [90m 345 |[39m     [36mawait[39m request([36mthis[39m[33m.[39mserver)
    [31m[1m>[22m[39m[90m 346 |[39m       [33m.[39mpost([32m'/api/auth/send-code'[39m)
     [90m     |[39m        [31m[1m^[22m[39m
     [90m 347 |[39m       [33m.[39msend({ phone })[33m;[39m
     [90m 348 |[39m
     [90m 349 |[39m     [90m// 灏濊瘯鐧诲綍锛堝鏋滅敤鎴峰凡瀛樺湪锛?[39m[0m

      at Test.serverAddress (node_modules/supertest/lib/test.js:61:22)
      at new Test (node_modules/supertest/lib/test.js:49:14)
      at Object.obj.<computed> [as post] (node_modules/supertest/index.js:40:18)
      at AuthHelper.post [as createAndLogin] (tests/test-utils.js:346:8)
      at Object.createAndLogin (tests/routes.test.js:38:37)

  鈼?Routes Layer Tests 鈥?Knowledge Routes 鈥?POST /api/knowledge-points - 鍒涘缓鐭ヨ瘑鐐?鈥?搴旇鎷掔粷绌烘爣棰?
    TypeError: Cannot read properties of undefined (reading 'address')

    [0m [90m 344 |[39m     [90m// 鍙戦€侀獙璇佺爜[39m
     [90m 345 |[39m     [36mawait[39m request([36mthis[39m[33m.[39mserver)
    [31m[1m>[22m[39m[90m 346 |[39m       [33m.[39mpost([32m'/api/auth/send-code'[39m)
     [90m     |[39m        [31m[1m^[22m[39m
     [90m 347 |[39m       [33m.[39msend({ phone })[33m;[39m
     [90m 348 |[39m
     [90m 349 |[39m     [90m// 灏濊瘯鐧诲綍锛堝鏋滅敤鎴峰凡瀛樺湪锛?[39m[0m

      at Test.serverAddress (node_modules/supertest/lib/test.js:61:22)
      at new Test (node_modules/supertest/lib/test.js:49:14)
      at Object.obj.<computed> [as post] (node_modules/supertest/index.js:40:18)
      at AuthHelper.post [as createAndLogin] (tests/test-utils.js:346:8)
      at Object.createAndLogin (tests/routes.test.js:38:37)

  鈼?Routes Layer Tests 鈥?Knowledge Routes 鈥?POST /api/knowledge-points - 鍒涘缓鐭ヨ瘑鐐?鈥?搴旇鎷掔粷缂哄皯鏍囬

    TypeError: Cannot read properties of undefined (reading 'address')

    [0m [90m 344 |[39m     [90m// 鍙戦€侀獙璇佺爜[39m
     [90m 345 |[39m     [36mawait[39m request([36mthis[39m[33m.[39mserver)
    [31m[1m>[22m[39m[90m 346 |[39m       [33m.[39mpost([32m'/api/auth/send-code'[39m)
     [90m     |[39m        [31m[1m^[22m[39m
     [90m 347 |[39m       [33m.[39msend({ phone })[33m;[39m
     [90m 348 |[39m
     [90m 349 |[39m     [90m// 灏濊瘯鐧诲綍锛堝鏋滅敤鎴峰凡瀛樺湪锛?[39m[0m

      at Test.serverAddress (node_modules/supertest/lib/test.js:61:22)
      at new Test (node_modules/supertest/lib/test.js:49:14)
      at Object.obj.<computed> [as post] (node_modules/supertest/index.js:40:18)
      at AuthHelper.post [as createAndLogin] (tests/test-utils.js:346:8)
      at Object.createAndLogin (tests/routes.test.js:38:37)

  鈼?Routes Layer Tests 鈥?Knowledge Routes 鈥?GET /api/knowledge-points - 鑾峰彇鐭ヨ瘑鐐瑰垪琛?鈥?搴旇鎴愬姛鑾峰彇鍒楄〃

    TypeError: Cannot read properties of undefined (reading 'address')

    [0m [90m 344 |[39m     [90m// 鍙戦€侀獙璇佺爜[39m
     [90m 345 |[39m     [36mawait[39m request([36mthis[39m[33m.[39mserver)
    [31m[1m>[22m[39m[90m 346 |[39m       [33m.[39mpost([32m'/api/auth/send-code'[39m)
     [90m     |[39m        [31m[1m^[22m[39m
     [90m 347 |[39m       [33m.[39msend({ phone })[33m;[39m
     [90m 348 |[39m
     [90m 349 |[39m     [90m// 灏濊瘯鐧诲綍锛堝鏋滅敤鎴峰凡瀛樺湪锛?[39m[0m

      at Test.serverAddress (node_modules/supertest/lib/test.js:61:22)
      at new Test (node_modules/supertest/lib/test.js:49:14)
      at Object.obj.<computed> [as post] (node_modules/supertest/index.js:40:18)
      at AuthHelper.post [as createAndLogin] (tests/test-utils.js:346:8)
      at Object.createAndLogin (tests/routes.test.js:38:37)

  鈼?Routes Layer Tests 鈥?Knowledge Routes 鈥?GET /api/knowledge-points - 鑾峰彇鐭ヨ瘑鐐瑰垪琛?鈥?搴旇鏀寔鍒嗙被绛涢€?
    TypeError: Cannot read properties of undefined (reading 'address')

    [0m [90m 344 |[39m     [90m// 鍙戦€侀獙璇佺爜[39m
     [90m 345 |[39m     [36mawait[39m request([36mthis[39m[33m.[39mserver)
    [31m[1m>[22m[39m[90m 346 |[39m       [33m.[39mpost([32m'/api/auth/send-code'[39m)
     [90m     |[39m        [31m[1m^[22m[39m
     [90m 347 |[39m       [33m.[39msend({ phone })[33m;[39m
     [90m 348 |[39m
     [90m 349 |[39m     [90m// 灏濊瘯鐧诲綍锛堝鏋滅敤鎴峰凡瀛樺湪锛?[39m[0m

      at Test.serverAddress (node_modules/supertest/lib/test.js:61:22)
      at new Test (node_modules/supertest/lib/test.js:49:14)
      at Object.obj.<computed> [as post] (node_modules/supertest/index.js:40:18)
      at AuthHelper.post [as createAndLogin] (tests/test-utils.js:346:8)
      at Object.createAndLogin (tests/routes.test.js:38:37)

  鈼?Routes Layer Tests 鈥?Knowledge Routes 鈥?GET /api/knowledge-points - 鑾峰彇鐭ヨ瘑鐐瑰垪琛?鈥?搴旇鏀寔鍒嗛〉

    TypeError: Cannot read properties of undefined (reading 'address')

    [0m [90m 344 |[39m     [90m// 鍙戦€侀獙璇佺爜[39m
     [90m 345 |[39m     [36mawait[39m request([36mthis[39m[33m.[39mserver)
    [31m[1m>[22m[39m[90m 346 |[39m       [33m.[39mpost([32m'/api/auth/send-code'[39m)
     [90m     |[39m        [31m[1m^[22m[39m
     [90m 347 |[39m       [33m.[39msend({ phone })[33m;[39m
     [90m 348 |[39m
     [90m 349 |[39m     [90m// 灏濊瘯鐧诲綍锛堝鏋滅敤鎴峰凡瀛樺湪锛?[39m[0m

      at Test.serverAddress (node_modules/supertest/lib/test.js:61:22)
      at new Test (node_modules/supertest/lib/test.js:49:14)
      at Object.obj.<computed> [as post] (node_modules/supertest/index.js:40:18)
      at AuthHelper.post [as createAndLogin] (tests/test-utils.js:346:8)
      at Object.createAndLogin (tests/routes.test.js:38:37)

  鈼?Routes Layer Tests 鈥?Knowledge Routes 鈥?GET /api/knowledge-points/:id - 鑾峰彇鐭ヨ瘑鐐硅鎯?鈥?搴旇鎴愬姛鑾峰彇璇︽儏

    TypeError: Cannot read properties of undefined (reading 'address')

    [0m [90m 344 |[39m     [90m// 鍙戦€侀獙璇佺爜[39m
     [90m 345 |[39m     [36mawait[39m request([36mthis[39m[33m.[39mserver)
    [31m[1m>[22m[39m[90m 346 |[39m       [33m.[39mpost([32m'/api/auth/send-code'[39m)
     [90m     |[39m        [31m[1m^[22m[39m
     [90m 347 |[39m       [33m.[39msend({ phone })[33m;[39m
     [90m 348 |[39m
     [90m 349 |[39m     [90m// 灏濊瘯鐧诲綍锛堝鏋滅敤鎴峰凡瀛樺湪锛?[39m[0m

      at Test.serverAddress (node_modules/supertest/lib/test.js:61:22)
      at new Test (node_modules/supertest/lib/test.js:49:14)
      at Object.obj.<computed> [as post] (node_modules/supertest/index.js:40:18)
      at AuthHelper.post [as createAndLogin] (tests/test-utils.js:346:8)
      at Object.createAndLogin (tests/routes.test.js:38:37)

  鈼?Routes Layer Tests 鈥?Knowledge Routes 鈥?GET /api/knowledge-points/:id - 鑾峰彇鐭ヨ瘑鐐硅鎯?鈥?搴旇杩斿洖 404 瀵逛簬涓嶅瓨鍦ㄧ殑 ID

    TypeError: Cannot read properties of undefined (reading 'address')

    [0m [90m 344 |[39m     [90m// 鍙戦€侀獙璇佺爜[39m
     [90m 345 |[39m     [36mawait[39m request([36mthis[39m[33m.[39mserver)
    [31m[1m>[22m[39m[90m 346 |[39m       [33m.[39mpost([32m'/api/auth/send-code'[39m)
     [90m     |[39m        [31m[1m^[22m[39m
     [90m 347 |[39m       [33m.[39msend({ phone })[33m;[39m
     [90m 348 |[39m
     [90m 349 |[39m     [90m// 灏濊瘯鐧诲綍锛堝鏋滅敤鎴峰凡瀛樺湪锛?[39m[0m

      at Test.serverAddress (node_modules/supertest/lib/test.js:61:22)
      at new Test (node_modules/supertest/lib/test.js:49:14)
      at Object.obj.<computed> [as post] (node_modules/supertest/index.js:40:18)
      at AuthHelper.post [as createAndLogin] (tests/test-utils.js:346:8)
      at Object.createAndLogin (tests/routes.test.js:38:37)

  鈼?Routes Layer Tests 鈥?Knowledge Routes 鈥?PUT /api/knowledge-points/:id - 鏇存柊鐭ヨ瘑鐐?鈥?搴旇鎴愬姛鏇存柊

    TypeError: Cannot read properties of undefined (reading 'address')

    [0m [90m 344 |[39m     [90m// 鍙戦€侀獙璇佺爜[39m
     [90m 345 |[39m     [36mawait[39m request([36mthis[39m[33m.[39mserver)
    [31m[1m>[22m[39m[90m 346 |[39m       [33m.[39mpost([32m'/api/auth/send-code'[39m)
     [90m     |[39m        [31m[1m^[22m[39m
     [90m 347 |[39m       [33m.[39msend({ phone })[33m;[39m
     [90m 348 |[39m
     [90m 349 |[39m     [90m// 灏濊瘯鐧诲綍锛堝鏋滅敤鎴峰凡瀛樺湪锛?[39m[0m

      at Test.serverAddress (node_modules/supertest/lib/test.js:61:22)
      at new Test (node_modules/supertest/lib/test.js:49:14)
      at Object.obj.<computed> [as post] (node_modules/supertest/index.js:40:18)
      at AuthHelper.post [as createAndLogin] (tests/test-utils.js:346:8)
      at Object.createAndLogin (tests/routes.test.js:38:37)

  鈼?Routes Layer Tests 鈥?Knowledge Routes 鈥?PUT /api/knowledge-points/:id - 鏇存柊鐭ヨ瘑鐐?鈥?搴旇鎷掔粷鏇存柊涓嶅瓨鍦ㄧ殑鐭ヨ瘑鐐?
    TypeError: Cannot read properties of undefined (reading 'address')

    [0m [90m 344 |[39m     [90m// 鍙戦€侀獙璇佺爜[39m
     [90m 345 |[39m     [36mawait[39m request([36mthis[39m[33m.[39mserver)
    [31m[1m>[22m[39m[90m 346 |[39m       [33m.[39mpost([32m'/api/auth/send-code'[39m)
     [90m     |[39m        [31m[1m^[22m[39m
     [90m 347 |[39m       [33m.[39msend({ phone })[33m;[39m
     [90m 348 |[39m
     [90m 349 |[39m     [90m// 灏濊瘯鐧诲綍锛堝鏋滅敤鎴峰凡瀛樺湪锛?[39m[0m

      at Test.serverAddress (node_modules/supertest/lib/test.js:61:22)
      at new Test (node_modules/supertest/lib/test.js:49:14)
      at Object.obj.<computed> [as post] (node_modules/supertest/index.js:40:18)
      at AuthHelper.post [as createAndLogin] (tests/test-utils.js:346:8)
      at Object.createAndLogin (tests/routes.test.js:38:37)

  鈼?Routes Layer Tests 鈥?Knowledge Routes 鈥?DELETE /api/knowledge-points/:id - 鍒犻櫎鐭ヨ瘑鐐?鈥?搴旇鎴愬姛鍒犻櫎

    TypeError: Cannot read properties of undefined (reading 'address')

    [0m [90m 344 |[39m     [90m// 鍙戦€侀獙璇佺爜[39m
     [90m 345 |[39m     [36mawait[39m request([36mthis[39m[33m.[39mserver)
    [31m[1m>[22m[39m[90m 346 |[39m       [33m.[39mpost([32m'/api/auth/send-code'[39m)
     [90m     |[39m        [31m[1m^[22m[39m
     [90m 347 |[39m       [33m.[39msend({ phone })[33m;[39m
     [90m 348 |[39m
     [90m 349 |[39m     [90m// 灏濊瘯鐧诲綍锛堝鏋滅敤鎴峰凡瀛樺湪锛?[39m[0m

      at Test.serverAddress (node_modules/supertest/lib/test.js:61:22)
      at new Test (node_modules/supertest/lib/test.js:49:14)
      at Object.obj.<computed> [as post] (node_modules/supertest/index.js:40:18)
      at AuthHelper.post [as createAndLogin] (tests/test-utils.js:346:8)
      at Object.createAndLogin (tests/routes.test.js:38:37)

  鈼?Routes Layer Tests 鈥?Knowledge Routes 鈥?GET /api/knowledge-points/search - 鎼滅储鐭ヨ瘑鐐?鈥?搴旇鎴愬姛鎼滅储

    TypeError: Cannot read properties of undefined (reading 'address')

    [0m [90m 344 |[39m     [90m// 鍙戦€侀獙璇佺爜[39m
     [90m 345 |[39m     [36mawait[39m request([36mthis[39m[33m.[39mserver)
    [31m[1m>[22m[39m[90m 346 |[39m       [33m.[39mpost([32m'/api/auth/send-code'[39m)
     [90m     |[39m        [31m[1m^[22m[39m
     [90m 347 |[39m       [33m.[39msend({ phone })[33m;[39m
     [90m 348 |[39m
     [90m 349 |[39m     [90m// 灏濊瘯鐧诲綍锛堝鏋滅敤鎴峰凡瀛樺湪锛?[39m[0m

      at Test.serverAddress (node_modules/supertest/lib/test.js:61:22)
      at new Test (node_modules/supertest/lib/test.js:49:14)
      at Object.obj.<computed> [as post] (node_modules/supertest/index.js:40:18)
      at AuthHelper.post [as createAndLogin] (tests/test-utils.js:346:8)
      at Object.createAndLogin (tests/routes.test.js:38:37)

  鈼?Routes Layer Tests 鈥?Knowledge Routes 鈥?GET /api/knowledge-points/search - 鎼滅储鐭ヨ瘑鐐?鈥?搴旇鏀寔绌烘煡璇?
    TypeError: Cannot read properties of undefined (reading 'address')

    [0m [90m 344 |[39m     [90m// 鍙戦€侀獙璇佺爜[39m
     [90m 345 |[39m     [36mawait[39m request([36mthis[39m[33m.[39mserver)
    [31m[1m>[22m[39m[90m 346 |[39m       [33m.[39mpost([32m'/api/auth/send-code'[39m)
     [90m     |[39m        [31m[1m^[22m[39m
     [90m 347 |[39m       [33m.[39msend({ phone })[33m;[39m
     [90m 348 |[39m
     [90m 349 |[39m     [90m// 灏濊瘯鐧诲綍锛堝鏋滅敤鎴峰凡瀛樺湪锛?[39m[0m

      at Test.serverAddress (node_modules/supertest/lib/test.js:61:22)
      at new Test (node_modules/supertest/lib/test.js:49:14)
      at Object.obj.<computed> [as post] (node_modules/supertest/index.js:40:18)
      at AuthHelper.post [as createAndLogin] (tests/test-utils.js:346:8)
      at Object.createAndLogin (tests/routes.test.js:38:37)

  鈼?Routes Layer Tests 鈥?Progress Routes 鈥?GET /api/progress - 鑾峰彇瀛︿範杩涘害 鈥?搴旇鎴愬姛鑾峰彇杩涘害

    TypeError: Cannot read properties of undefined (reading 'address')

    [0m [90m 344 |[39m     [90m// 鍙戦€侀獙璇佺爜[39m
     [90m 345 |[39m     [36mawait[39m request([36mthis[39m[33m.[39mserver)
    [31m[1m>[22m[39m[90m 346 |[39m       [33m.[39mpost([32m'/api/auth/send-code'[39m)
     [90m     |[39m        [31m[1m^[22m[39m
     [90m 347 |[39m       [33m.[39msend({ phone })[33m;[39m
     [90m 348 |[39m
     [90m 349 |[39m     [90m// 灏濊瘯鐧诲綍锛堝鏋滅敤鎴峰凡瀛樺湪锛?[39m[0m

      at Test.serverAddress (node_modules/supertest/lib/test.js:61:22)
      at new Test (node_modules/supertest/lib/test.js:49:14)
      at Object.obj.<computed> [as post] (node_modules/supertest/index.js:40:18)
      at AuthHelper.post [as createAndLogin] (tests/test-utils.js:346:8)
      at Object.createAndLogin (tests/routes.test.js:229:37)

  鈼?Routes Layer Tests 鈥?Progress Routes 鈥?POST /api/progress/log - 璁板綍瀛︿範杩涘害 鈥?搴旇鎴愬姛璁板綍

    TypeError: Cannot read properties of undefined (reading 'address')

    [0m [90m 344 |[39m     [90m// 鍙戦€侀獙璇佺爜[39m
     [90m 345 |[39m     [36mawait[39m request([36mthis[39m[33m.[39mserver)
    [31m[1m>[22m[39m[90m 346 |[39m       [33m.[39mpost([32m'/api/auth/send-code'[39m)
     [90m     |[39m        [31m[1m^[22m[39m
     [90m 347 |[39m       [33m.[39msend({ phone })[33m;[39m
     [90m 348 |[39m
     [90m 349 |[39m     [90m// 灏濊瘯鐧诲綍锛堝鏋滅敤鎴峰凡瀛樺湪锛?[39m[0m

      at Test.serverAddress (node_modules/supertest/lib/test.js:61:22)
      at new Test (node_modules/supertest/lib/test.js:49:14)
      at Object.obj.<computed> [as post] (node_modules/supertest/index.js:40:18)
      at AuthHelper.post [as createAndLogin] (tests/test-utils.js:346:8)
      at Object.createAndLogin (tests/routes.test.js:229:37)

  鈼?Routes Layer Tests 鈥?Progress Routes 鈥?POST /api/progress/log - 璁板綍瀛︿範杩涘害 鈥?搴旇鎷掔粷绌烘暟鎹?
    TypeError: Cannot read properties of undefined (reading 'address')

    [0m [90m 344 |[39m     [90m// 鍙戦€侀獙璇佺爜[39m
     [90m 345 |[39m     [36mawait[39m request([36mthis[39m[33m.[39mserver)
    [31m[1m>[22m[39m[90m 346 |[39m       [33m.[39mpost([32m'/api/auth/send-code'[39m)
     [90m     |[39m        [31m[1m^[22m[39m
     [90m 347 |[39m       [33m.[39msend({ phone })[33m;[39m
     [90m 348 |[39m
     [90m 349 |[39m     [90m// 灏濊瘯鐧诲綍锛堝鏋滅敤鎴峰凡瀛樺湪锛?[39m[0m

      at Test.serverAddress (node_modules/supertest/lib/test.js:61:22)
      at new Test (node_modules/supertest/lib/test.js:49:14)
      at Object.obj.<computed> [as post] (node_modules/supertest/index.js:40:18)
      at AuthHelper.post [as createAndLogin] (tests/test-utils.js:346:8)
      at Object.createAndLogin (tests/routes.test.js:229:37)

  鈼?Routes Layer Tests 鈥?Progress Routes 鈥?GET /api/progress/stats - 鑾峰彇杩涘害缁熻 鈥?搴旇鎴愬姛鑾峰彇缁熻

    TypeError: Cannot read properties of undefined (reading 'address')

    [0m [90m 344 |[39m     [90m// 鍙戦€侀獙璇佺爜[39m
     [90m 345 |[39m     [36mawait[39m request([36mthis[39m[33m.[39mserver)
    [31m[1m>[22m[39m[90m 346 |[39m       [33m.[39mpost([32m'/api/auth/send-code'[39m)
     [90m     |[39m        [31m[1m^[22m[39m
     [90m 347 |[39m       [33m.[39msend({ phone })[33m;[39m
     [90m 348 |[39m
     [90m 349 |[39m     [90m// 灏濊瘯鐧诲綍锛堝鏋滅敤鎴峰凡瀛樺湪锛?[39m[0m

      at Test.serverAddress (node_modules/supertest/lib/test.js:61:22)
      at new Test (node_modules/supertest/lib/test.js:49:14)
      at Object.obj.<computed> [as post] (node_modules/supertest/index.js:40:18)
      at AuthHelper.post [as createAndLogin] (tests/test-utils.js:346:8)
      at Object.createAndLogin (tests/routes.test.js:229:37)

  鈼?Routes Layer Tests 鈥?Upload Routes 鈥?POST /api/upload/textbook - 涓婁紶鏁欐潗 鈥?搴旇鎷掔粷娌℃湁鏂囦欢鐨勮姹?
    TypeError: Cannot read properties of undefined (reading 'address')

    [0m [90m 344 |[39m     [90m// 鍙戦€侀獙璇佺爜[39m
     [90m 345 |[39m     [36mawait[39m request([36mthis[39m[33m.[39mserver)
    [31m[1m>[22m[39m[90m 346 |[39m       [33m.[39mpost([32m'/api/auth/send-code'[39m)
     [90m     |[39m        [31m[1m^[22m[39m
     [90m 347 |[39m       [33m.[39msend({ phone })[33m;[39m
     [90m 348 |[39m
     [90m 349 |[39m     [90m// 灏濊瘯鐧诲綍锛堝鏋滅敤鎴峰凡瀛樺湪锛?[39m[0m

      at Test.serverAddress (node_modules/supertest/lib/test.js:61:22)
      at new Test (node_modules/supertest/lib/test.js:49:14)
      at Object.obj.<computed> [as post] (node_modules/supertest/index.js:40:18)
      at AuthHelper.post [as createAndLogin] (tests/test-utils.js:346:8)
      at Object.createAndLogin (tests/routes.test.js:282:37)

  鈼?Routes Layer Tests 鈥?Upload Routes 鈥?POST /api/upload/avatar - 涓婁紶澶村儚 鈥?搴旇鎷掔粷娌℃湁鏂囦欢鐨勮姹?
    TypeError: Cannot read properties of undefined (reading 'address')

    [0m [90m 344 |[39m     [90m// 鍙戦€侀獙璇佺爜[39m
     [90m 345 |[39m     [36mawait[39m request([36mthis[39m[33m.[39mserver)
    [31m[1m>[22m[39m[90m 346 |[39m       [33m.[39mpost([32m'/api/auth/send-code'[39m)
     [90m     |[39m        [31m[1m^[22m[39m
     [90m 347 |[39m       [33m.[39msend({ phone })[33m;[39m
     [90m 348 |[39m
     [90m 349 |[39m     [90m// 灏濊瘯鐧诲綍锛堝鏋滅敤鎴峰凡瀛樺湪锛?[39m[0m

      at Test.serverAddress (node_modules/supertest/lib/test.js:61:22)
      at new Test (node_modules/supertest/lib/test.js:49:14)
      at Object.obj.<computed> [as post] (node_modules/supertest/index.js:40:18)
      at AuthHelper.post [as createAndLogin] (tests/test-utils.js:346:8)
      at Object.createAndLogin (tests/routes.test.js:282:37)

  鈼?Routes Layer Tests 鈥?Upload Routes 鈥?POST /api/upload/attachment - 涓婁紶闄勪欢 鈥?搴旇鎷掔粷娌℃湁鏂囦欢鐨勮姹?
    TypeError: Cannot read properties of undefined (reading 'address')

    [0m [90m 344 |[39m     [90m// 鍙戦€侀獙璇佺爜[39m
     [90m 345 |[39m     [36mawait[39m request([36mthis[39m[33m.[39mserver)
    [31m[1m>[22m[39m[90m 346 |[39m       [33m.[39mpost([32m'/api/auth/send-code'[39m)
     [90m     |[39m        [31m[1m^[22m[39m
     [90m 347 |[39m       [33m.[39msend({ phone })[33m;[39m
     [90m 348 |[39m
     [90m 349 |[39m     [90m// 灏濊瘯鐧诲綍锛堝鏋滅敤鎴峰凡瀛樺湪锛?[39m[0m

      at Test.serverAddress (node_modules/supertest/lib/test.js:61:22)
      at new Test (node_modules/supertest/lib/test.js:49:14)
      at Object.obj.<computed> [as post] (node_modules/supertest/index.js:40:18)
      at AuthHelper.post [as createAndLogin] (tests/test-utils.js:346:8)
      at Object.createAndLogin (tests/routes.test.js:282:37)

  鈼?Routes Layer Tests 鈥?Weakness Analysis Routes 鈥?GET /api/weakness/analysis - 鑾峰彇钖勫急鐐瑰垎鏋?鈥?搴旇鎴愬姛鑾峰彇鍒嗘瀽

    TypeError: Cannot read properties of undefined (reading 'address')

    [0m [90m 344 |[39m     [90m// 鍙戦€侀獙璇佺爜[39m
     [90m 345 |[39m     [36mawait[39m request([36mthis[39m[33m.[39mserver)
    [31m[1m>[22m[39m[90m 346 |[39m       [33m.[39mpost([32m'/api/auth/send-code'[39m)
     [90m     |[39m        [31m[1m^[22m[39m
     [90m 347 |[39m       [33m.[39msend({ phone })[33m;[39m
     [90m 348 |[39m
     [90m 349 |[39m     [90m// 灏濊瘯鐧诲綍锛堝鏋滅敤鎴峰凡瀛樺湪锛?[39m[0m

      at Test.serverAddress (node_modules/supertest/lib/test.js:61:22)
      at new Test (node_modules/supertest/lib/test.js:49:14)
      at Object.obj.<computed> [as post] (node_modules/supertest/index.js:40:18)
      at AuthHelper.post [as createAndLogin] (tests/test-utils.js:346:8)
      at Object.createAndLogin (tests/routes.test.js:321:37)

  鈼?Routes Layer Tests 鈥?Weakness Analysis Routes 鈥?GET /api/weakness/recommendations - 鑾峰彇鎺ㄨ崘 鈥?搴旇鎴愬姛鑾峰彇鎺ㄨ崘

    TypeError: Cannot read properties of undefined (reading 'address')

    [0m [90m 344 |[39m     [90m// 鍙戦€侀獙璇佺爜[39m
     [90m 345 |[39m     [36mawait[39m request([36mthis[39m[33m.[39mserver)
    [31m[1m>[22m[39m[90m 346 |[39m       [33m.[39mpost([32m'/api/auth/send-code'[39m)
     [90m     |[39m        [31m[1m^[22m[39m
     [90m 347 |[39m       [33m.[39msend({ phone })[33m;[39m
     [90m 348 |[39m
     [90m 349 |[39m     [90m// 灏濊瘯鐧诲綍锛堝鏋滅敤鎴峰凡瀛樺湪锛?[39m[0m

      at Test.serverAddress (node_modules/supertest/lib/test.js:61:22)
      at new Test (node_modules/supertest/lib/test.js:49:14)
      at Object.obj.<computed> [as post] (node_modules/supertest/index.js:40:18)
      at AuthHelper.post [as createAndLogin] (tests/test-utils.js:346:8)
      at Object.createAndLogin (tests/routes.test.js:321:37)

  鈼?Routes Layer Tests 鈥?Weakness Analysis Routes 鈥?POST /api/weakness/practice - 寮€濮嬭杽寮辩偣缁冧範 鈥?搴旇寮€濮嬬粌涔?
    TypeError: Cannot read properties of undefined (reading 'address')

    [0m [90m 344 |[39m     [90m// 鍙戦€侀獙璇佺爜[39m
     [90m 345 |[39m     [36mawait[39m request([36mthis[39m[33m.[39mserver)
    [31m[1m>[22m[39m[90m 346 |[39m       [33m.[39mpost([32m'/api/auth/send-code'[39m)
     [90m     |[39m        [31m[1m^[22m[39m
     [90m 347 |[39m       [33m.[39msend({ phone })[33m;[39m
     [90m 348 |[39m
     [90m 349 |[39m     [90m// 灏濊瘯鐧诲綍锛堝鏋滅敤鎴峰凡瀛樺湪锛?[39m[0m

      at Test.serverAddress (node_modules/supertest/lib/test.js:61:22)
      at new Test (node_modules/supertest/lib/test.js:49:14)
      at Object.obj.<computed> [as post] (node_modules/supertest/index.js:40:18)
      at AuthHelper.post [as createAndLogin] (tests/test-utils.js:346:8)
      at Object.createAndLogin (tests/routes.test.js:321:37)

  鈼?Routes Layer Tests 鈥?Weakness Analysis Routes 鈥?GET /api/weakness/stats - 鑾峰彇钖勫急鐐圭粺璁?鈥?搴旇鎴愬姛鑾峰彇缁熻

    TypeError: Cannot read properties of undefined (reading 'address')

    [0m [90m 344 |[39m     [90m// 鍙戦€侀獙璇佺爜[39m
     [90m 345 |[39m     [36mawait[39m request([36mthis[39m[33m.[39mserver)
    [31m[1m>[22m[39m[90m 346 |[39m       [33m.[39mpost([32m'/api/auth/send-code'[39m)
     [90m     |[39m        [31m[1m^[22m[39m
     [90m 347 |[39m       [33m.[39msend({ phone })[33m;[39m
     [90m 348 |[39m
     [90m 349 |[39m     [90m// 灏濊瘯鐧诲綍锛堝鏋滅敤鎴峰凡瀛樺湪锛?[39m[0m

      at Test.serverAddress (node_modules/supertest/lib/test.js:61:22)
      at new Test (node_modules/supertest/lib/test.js:49:14)
      at Object.obj.<computed> [as post] (node_modules/supertest/index.js:40:18)
      at AuthHelper.post [as createAndLogin] (tests/test-utils.js:346:8)
      at Object.createAndLogin (tests/routes.test.js:321:37)

  鈼?Routes Layer Tests 鈥?Leaderboard Routes 鈥?GET /api/leaderboards/total - 鎬绘帓琛屾 鈥?搴旇鎴愬姛鑾峰彇鎺掕姒?
    TypeError: Cannot read properties of undefined (reading 'address')

    [0m [90m 369 |[39m       it([32m'搴旇鎴愬姛鑾峰彇鎺掕姒?[39m[33m,[39m [36masync[39m () [33m=>[39m {
     [90m 370 |[39m         [36mconst[39m res [33m=[39m [36mawait[39m request(server)
    [31m[1m>[22m[39m[90m 371 |[39m           [33m.[39m[36mget[39m([32m'/api/leaderboards/total'[39m)[33m;
[39m
     [90m     |[39m            [31m[1m^[22m[39m
     [90m 372 |[39m
     [90m 373 |[39m         expect([[35m200[39m[33m,[39m [35m404[39m[33m,[39m [35m500[39m])[33m.[39mtoCon
tain(res[33m.[39mstatusCode)[33m;[39m
     [90m 374 |[39m       })[33m;[39m[0m

      at Test.serverAddress (node_modules/supertest/lib/test.js:61:22)
      at new Test (node_modules/supertest/lib/test.js:49:14)
      at Object.obj.<computed> [as get] (node_modules/supertest/index.js:40:18)
      at Object.get (tests/routes.test.js:371:12)

  鈼?Routes Layer Tests 鈥?Leaderboard Routes 鈥?GET /api/leaderboards/weekly - 鍛ㄦ帓琛屾 鈥?搴旇鎴愬姛鑾峰彇鎺掕姒?
    TypeError: Cannot read properties of undefined (reading 'address')

    [0m [90m 378 |[39m       it([32m'搴旇鎴愬姛鑾峰彇鎺掕姒?[39m[33m,[39m [36masync[39m () [33m=>[39m {
     [90m 379 |[39m         [36mconst[39m res [33m=[39m [36mawait[39m request(server)
    [31m[1m>[22m[39m[90m 380 |[39m           [33m.[39m[36mget[39m([32m'/api/leaderboards/weekly'[39m)[33m;
[39m
     [90m     |[39m            [31m[1m^[22m[39m
     [90m 381 |[39m
     [90m 382 |[39m         expect([[35m200[39m[33m,[39m [35m404[39m[33m,[39m [35m500[39m])[33m.[39mtoCon
tain(res[33m.[39mstatusCode)[33m;[39m
     [90m 383 |[39m       })[33m;[39m[0m

      at Test.serverAddress (node_modules/supertest/lib/test.js:61:22)
      at new Test (node_modules/supertest/lib/test.js:49:14)
      at Object.obj.<computed> [as get] (node_modules/supertest/index.js:40:18)
      at Object.get (tests/routes.test.js:380:12)

  鈼?Routes Layer Tests 鈥?Leaderboard Routes 鈥?GET /api/leaderboards/monthly - 鏈堟帓琛屾 鈥?搴旇鎴愬姛鑾峰彇鎺掕姒?
    TypeError: Cannot read properties of undefined (reading 'address')

    [0m [90m 387 |[39m       it([32m'搴旇鎴愬姛鑾峰彇鎺掕姒?[39m[33m,[39m [36masync[39m () [33m=>[39m {
     [90m 388 |[39m         [36mconst[39m res [33m=[39m [36mawait[39m request(server)
    [31m[1m>[22m[39m[90m 389 |[39m           [33m.[39m[36mget[39m([32m'/api/leaderboards/monthly'[39m)[33m
;[39m
     [90m     |[39m            [31m[1m^[22m[39m
     [90m 390 |[39m
     [90m 391 |[39m         expect([[35m200[39m[33m,[39m [35m404[39m[33m,[39m [35m500[39m])[33m.[39mtoCon
tain(res[33m.[39mstatusCode)[33m;[39m
     [90m 392 |[39m       })[33m;[39m[0m

      at Test.serverAddress (node_modules/supertest/lib/test.js:61:22)
      at new Test (node_modules/supertest/lib/test.js:49:14)
      at Object.obj.<computed> [as get] (node_modules/supertest/index.js:40:18)
      at Object.get (tests/routes.test.js:389:12)

  鈼?Routes Layer Tests 鈥?Leaderboard Routes 鈥?GET /api/leaderboards/subject/:subject - 绉戠洰鎺掕姒?鈥?搴旇鎴愬姛鑾峰彇鎺掕姒?
    TypeError: Cannot read properties of undefined (reading 'address')

    [0m [90m 396 |[39m       it([32m'搴旇鎴愬姛鑾峰彇鎺掕姒?[39m[33m,[39m [36masync[39m () [33m=>[39m {
     [90m 397 |[39m         [36mconst[39m res [33m=[39m [36mawait[39m request(server)
    [31m[1m>[22m[39m[90m 398 |[39m           [33m.[39m[36mget[39m([32m'/api/leaderboards/subject/math'[39m)
[33m;[39m
     [90m     |[39m            [31m[1m^[22m[39m
     [90m 399 |[39m
     [90m 400 |[39m         expect([[35m200[39m[33m,[39m [35m404[39m[33m,[39m [35m500[39m])[33m.[39mtoCon
tain(res[33m.[39mstatusCode)[33m;[39m
     [90m 401 |[39m       })[33m;[39m[0m

      at Test.serverAddress (node_modules/supertest/lib/test.js:61:22)
      at new Test (node_modules/supertest/lib/test.js:49:14)
      at Object.obj.<computed> [as get] (node_modules/supertest/index.js:40:18)
      at Object.get (tests/routes.test.js:398:12)

  鈼?Routes Layer Tests 鈥?Points Routes 鈥?GET /api/points/balance - 鑾峰彇绉垎浣欓 鈥?搴旇鎴愬姛鑾峰彇浣欓

    TypeError: Cannot read properties of undefined (reading 'address')

    [0m [90m 344 |[39m     [90m// 鍙戦€侀獙璇佺爜[39m
     [90m 345 |[39m     [36mawait[39m request([36mthis[39m[33m.[39mserver)
    [31m[1m>[22m[39m[90m 346 |[39m       [33m.[39mpost([32m'/api/auth/send-code'[39m)
     [90m     |[39m        [31m[1m^[22m[39m
     [90m 347 |[39m       [33m.[39msend({ phone })[33m;[39m
     [90m 348 |[39m
     [90m 349 |[39m     [90m// 灏濊瘯鐧诲綍锛堝鏋滅敤鎴峰凡瀛樺湪锛?[39m[0m

      at Test.serverAddress (node_modules/supertest/lib/test.js:61:22)
      at new Test (node_modules/supertest/lib/test.js:49:14)
      at Object.obj.<computed> [as post] (node_modules/supertest/index.js:40:18)
      at AuthHelper.post [as createAndLogin] (tests/test-utils.js:346:8)
      at Object.createAndLogin (tests/routes.test.js:409:37)

  鈼?Routes Layer Tests 鈥?Points Routes 鈥?GET /api/points/ledger - 鑾峰彇绉垎鏄庣粏 鈥?搴旇鎴愬姛鑾峰彇鏄庣粏

    TypeError: Cannot read properties of undefined (reading 'address')

    [0m [90m 344 |[39m     [90m// 鍙戦€侀獙璇佺爜[39m
     [90m 345 |[39m     [36mawait[39m request([36mthis[39m[33m.[39mserver)
    [31m[1m>[22m[39m[90m 346 |[39m       [33m.[39mpost([32m'/api/auth/send-code'[39m)
     [90m     |[39m        [31m[1m^[22m[39m
     [90m 347 |[39m       [33m.[39msend({ phone })[33m;[39m
     [90m 348 |[39m
     [90m 349 |[39m     [90m// 灏濊瘯鐧诲綍锛堝鏋滅敤鎴峰凡瀛樺湪锛?[39m[0m

      at Test.serverAddress (node_modules/supertest/lib/test.js:61:22)
      at new Test (node_modules/supertest/lib/test.js:49:14)
      at Object.obj.<computed> [as post] (node_modules/supertest/index.js:40:18)
      at AuthHelper.post [as createAndLogin] (tests/test-utils.js:346:8)
      at Object.createAndLogin (tests/routes.test.js:409:37)

  鈼?Routes Layer Tests 鈥?Points Routes 鈥?POST /api/points/earn - 鑾峰緱绉垎 鈥?搴旇鑾峰緱绉垎

    TypeError: Cannot read properties of undefined (reading 'address')

    [0m [90m 344 |[39m     [90m// 鍙戦€侀獙璇佺爜[39m
     [90m 345 |[39m     [36mawait[39m request([36mthis[39m[33m.[39mserver)
    [31m[1m>[22m[39m[90m 346 |[39m       [33m.[39mpost([32m'/api/auth/send-code'[39m)
     [90m     |[39m        [31m[1m^[22m[39m
     [90m 347 |[39m       [33m.[39msend({ phone })[33m;[39m
     [90m 348 |[39m
     [90m 349 |[39m     [90m// 灏濊瘯鐧诲綍锛堝鏋滅敤鎴峰凡瀛樺湪锛?[39m[0m

      at Test.serverAddress (node_modules/supertest/lib/test.js:61:22)
      at new Test (node_modules/supertest/lib/test.js:49:14)
      at Object.obj.<computed> [as post] (node_modules/supertest/index.js:40:18)
      at AuthHelper.post [as createAndLogin] (tests/test-utils.js:346:8)
      at Object.createAndLogin (tests/routes.test.js:409:37)

  鈼?Routes Layer Tests 鈥?Points Routes 鈥?GET /api/points/rank - 鑾峰彇绉垎鎺掑悕 鈥?搴旇鎴愬姛鑾峰彇鎺掑悕

    TypeError: Cannot read properties of undefined (reading 'address')

    [0m [90m 344 |[39m     [90m// 鍙戦€侀獙璇佺爜[39m
     [90m 345 |[39m     [36mawait[39m request([36mthis[39m[33m.[39mserver)
    [31m[1m>[22m[39m[90m 346 |[39m       [33m.[39mpost([32m'/api/auth/send-code'[39m)
     [90m     |[39m        [31m[1m^[22m[39m
     [90m 347 |[39m       [33m.[39msend({ phone })[33m;[39m
     [90m 348 |[39m
     [90m 349 |[39m     [90m// 灏濊瘯鐧诲綍锛堝鏋滅敤鎴峰凡瀛樺湪锛?[39m[0m

      at Test.serverAddress (node_modules/supertest/lib/test.js:61:22)
      at new Test (node_modules/supertest/lib/test.js:49:14)
      at Object.obj.<computed> [as post] (node_modules/supertest/index.js:40:18)
      at AuthHelper.post [as createAndLogin] (tests/test-utils.js:346:8)
      at Object.createAndLogin (tests/routes.test.js:409:37)

  鈼?Routes Layer Tests 鈥?AI Gateway Routes 鈥?POST /api/ai-gateway/generate - 鐢熸垚鍐呭 鈥?搴旇鐢熸垚鍐呭

    TypeError: Cannot read properties of undefined (reading 'address')

    [0m [90m 344 |[39m     [90m// 鍙戦€侀獙璇佺爜[39m
     [90m 345 |[39m     [36mawait[39m request([36mthis[39m[33m.[39mserver)
    [31m[1m>[22m[39m[90m 346 |[39m       [33m.[39mpost([32m'/api/auth/send-code'[39m)
     [90m     |[39m        [31m[1m^[22m[39m
     [90m 347 |[39m       [33m.[39msend({ phone })[33m;[39m
     [90m 348 |[39m
     [90m 349 |[39m     [90m// 灏濊瘯鐧诲綍锛堝鏋滅敤鎴峰凡瀛樺湪锛?[39m[0m

      at Test.serverAddress (node_modules/supertest/lib/test.js:61:22)
      at new Test (node_modules/supertest/lib/test.js:49:14)
      at Object.obj.<computed> [as post] (node_modules/supertest/index.js:40:18)
      at AuthHelper.post [as createAndLogin] (tests/test-utils.js:346:8)
      at Object.createAndLogin (tests/routes.test.js:462:37)

  鈼?Routes Layer Tests 鈥?AI Gateway Routes 鈥?POST /api/ai-gateway/parse - 瑙ｆ瀽鍐呭 鈥?搴旇瑙ｆ瀽鍐呭

    TypeError: Cannot read properties of undefined (reading 'address')

    [0m [90m 344 |[39m     [90m// 鍙戦€侀獙璇佺爜[39m
     [90m 345 |[39m     [36mawait[39m request([36mthis[39m[33m.[39mserver)
    [31m[1m>[22m[39m[90m 346 |[39m       [33m.[39mpost([32m'/api/auth/send-code'[39m)
     [90m     |[39m        [31m[1m^[22m[39m
     [90m 347 |[39m       [33m.[39msend({ phone })[33m;[39m
     [90m 348 |[39m
     [90m 349 |[39m     [90m// 灏濊瘯鐧诲綍锛堝鏋滅敤鎴峰凡瀛樺湪锛?[39m[0m

      at Test.serverAddress (node_modules/supertest/lib/test.js:61:22)
      at new Test (node_modules/supertest/lib/test.js:49:14)
      at Object.obj.<computed> [as post] (node_modules/supertest/index.js:40:18)
      at AuthHelper.post [as createAndLogin] (tests/test-utils.js:346:8)
      at Object.createAndLogin (tests/routes.test.js:462:37)

  鈼?Routes Layer Tests 鈥?AI Gateway Routes 鈥?POST /api/ai-gateway/analyze - 鍒嗘瀽鍐呭 鈥?搴旇鍒嗘瀽鍐呭

    TypeError: Cannot read properties of undefined (reading 'address')

    [0m [90m 344 |[39m     [90m// 鍙戦€侀獙璇佺爜[39m
     [90m 345 |[39m     [36mawait[39m request([36mthis[39m[33m.[39mserver)
    [31m[1m>[22m[39m[90m 346 |[39m       [33m.[39mpost([32m'/api/auth/send-code'[39m)
     [90m     |[39m        [31m[1m^[22m[39m
     [90m 347 |[39m       [33m.[39msend({ phone })[33m;[39m
     [90m 348 |[39m
     [90m 349 |[39m     [90m// 灏濊瘯鐧诲綍锛堝鏋滅敤鎴峰凡瀛樺湪锛?[39m[0m

      at Test.serverAddress (node_modules/supertest/lib/test.js:61:22)
      at new Test (node_modules/supertest/lib/test.js:49:14)
      at Object.obj.<computed> [as post] (node_modules/supertest/index.js:40:18)
      at AuthHelper.post [as createAndLogin] (tests/test-utils.js:346:8)
      at Object.createAndLogin (tests/routes.test.js:462:37)

  鈼?Routes Layer Tests 鈥?AI Gateway Routes 鈥?GET /api/ai-gateway/models - 鑾峰彇鍙敤妯″瀷 鈥?搴旇鑾峰彇妯″瀷鍒楄〃

    TypeError: Cannot read properties of undefined (reading 'address')

    [0m [90m 344 |[39m     [90m// 鍙戦€侀獙璇佺爜[39m
     [90m 345 |[39m     [36mawait[39m request([36mthis[39m[33m.[39mserver)
    [31m[1m>[22m[39m[90m 346 |[39m       [33m.[39mpost([32m'/api/auth/send-code'[39m)
     [90m     |[39m        [31m[1m^[22m[39m
     [90m 347 |[39m       [33m.[39msend({ phone })[33m;[39m
     [90m 348 |[39m
     [90m 349 |[39m     [90m// 灏濊瘯鐧诲綍锛堝鏋滅敤鎴峰凡瀛樺湪锛?[39m[0m

      at Test.serverAddress (node_modules/supertest/lib/test.js:61:22)
      at new Test (node_modules/supertest/lib/test.js:49:14)
      at Object.obj.<computed> [as post] (node_modules/supertest/index.js:40:18)
      at AuthHelper.post [as createAndLogin] (tests/test-utils.js:346:8)
      at Object.createAndLogin (tests/routes.test.js:462:37)

  console.log
    馃И 娴嬭瘯鐜宸查厤缃細TEST_MODE=true, DATABASE_PATH=E:\openclaw\workspace-studyass-mgr\backend\test-temp-19896.db

      at Object.<anonymous> (jest.setup.js:33:9)

  console.error
    [DB] 鍒涘缓绱㈠紩澶辫触: CREATE INDEX IF NOT EXISTS idx_points_ledger_user ON points_ledger(user_id) no such table: main.points_ledger

    [0m [90m 150 |[39m       db[33m.[39mexec(sql)[33m;[39m
     [90m 151 |[39m     } [36mcatch[39m (err) {
    [31m[1m>[22m[39m[90m 152 |[39m       console[33m.[39merror([32m'[DB] 鍒涘缓绱㈠紩澶辫触:'[39m[33m,[39m sql[33m,[39m err[33m.[39mmessage)[33m;[39m
     [90m     |[39m               [31m[1m^[22m[39m
     [90m 153 |[39m     }
     [90m 154 |[39m   }
     [90m 155 |[39m[0m

      at error (src/database/optimized-queries.js:152:15)
      at Object.createOptimizedIndexes (src/server.js:58:3)
      at Object.require (tests/authController-enhanced.test.js:16:9)

  console.error
    [DB] 鍒涘缓绱㈠紩澶辫触: CREATE INDEX IF NOT EXISTS idx_points_ledger_created ON points_ledger(created_at) no such table: main.points_ledger

    [0m [90m 150 |[39m       db[33m.[39mexec(sql)[33m;[39m
     [90m 151 |[39m     } [36mcatch[39m (err) {
    [31m[1m>[22m[39m[90m 152 |[39m       console[33m.[39merror([32m'[DB] 鍒涘缓绱㈠紩澶辫触:'[39m[33m,[39m sql[33m,[39m err[33m.[39mmessage)[33m;[39m
     [90m     |[39m               [31m[1m^[22m[39m
     [90m 153 |[39m     }
     [90m 154 |[39m   }
     [90m 155 |[39m[0m

      at error (src/database/optimized-queries.js:152:15)
      at Object.createOptimizedIndexes (src/server.js:58:3)
      at Object.require (tests/authController-enhanced.test.js:16:9)

  console.error
    [DB] 鍒涘缓绱㈠紩澶辫触: CREATE INDEX IF NOT EXISTS idx_practice_sessions_user ON practice_sessions(user_id) no such table: main.practice_sessions

    [0m [90m 150 |[39m       db[33m.[39mexec(sql)[33m;[39m
     [90m 151 |[39m     } [36mcatch[39m (err) {
    [31m[1m>[22m[39m[90m 152 |[39m       console[33m.[39merror([32m'[DB] 鍒涘缓绱㈠紩澶辫触:'[39m[33m,[39m sql[33m,[39m err[33m.[39mmessage)[33m;[39m
     [90m     |[39m               [31m[1m^[22m[39m
     [90m 153 |[39m     }
     [90m 154 |[39m   }
     [90m 155 |[39m[0m

      at error (src/database/optimized-queries.js:152:15)
      at Object.createOptimizedIndexes (src/server.js:58:3)
      at Object.require (tests/authController-enhanced.test.js:16:9)

  console.error
    [DB] 鍒涘缓绱㈠紩澶辫触: CREATE INDEX IF NOT EXISTS idx_practice_sessions_status ON practice_sessions(status) no such table: main.practice_sessions

    [0m [90m 150 |[39m       db[33m.[39mexec(sql)[33m;[39m
     [90m 151 |[39m     } [36mcatch[39m (err) {
    [31m[1m>[22m[39m[90m 152 |[39m       console[33m.[39merror([32m'[DB] 鍒涘缓绱㈠紩澶辫触:'[39m[33m,[39m sql[33m,[39m err[33m.[39mmessage)[33m;[39m
     [90m     |[39m               [31m[1m^[22m[39m
     [90m 153 |[39m     }
     [90m 154 |[39m   }
     [90m 155 |[39m[0m

      at error (src/database/optimized-queries.js:152:15)
      at Object.createOptimizedIndexes (src/server.js:58:3)
      at Object.require (tests/authController-enhanced.test.js:16:9)

  console.error
    [DB] 鍒涘缓绱㈠紩澶辫触: CREATE INDEX IF NOT EXISTS idx_points_ledger_user_created ON points_ledger(user_id, created_at) no such table: main.points_ledger

    [0m [90m 150 |[39m       db[33m.[39mexec(sql)[33m;[39m
     [90m 151 |[39m     } [36mcatch[39m (err) {
    [31m[1m>[22m[39m[90m 152 |[39m       console[33m.[39merror([32m'[DB] 鍒涘缓绱㈠紩澶辫触:'[39m[33m,[39m sql[33m,[39m err[33m.[39mmessage)[33m;[39m
     [90m     |[39m               [31m[1m^[22m[39m
     [90m 153 |[39m     }
     [90m 154 |[39m   }
     [90m 155 |[39m[0m

      at error (src/database/optimized-queries.js:152:15)
      at Object.createOptimizedIndexes (src/server.js:58:3)
      at Object.require (tests/authController-enhanced.test.js:16:9)

  console.log
    [DB] 鏁版嵁搴撶储寮曚紭鍖栧畬鎴?
      at log (src/database/optimized-queries.js:156:11)

  console.log
    馃搳 Prometheus 鎸囨爣宸插垵濮嬪寲 (port=9090, path=/metrics)

      at PrometheusExporter.log [as init] (src/modules/monitoring/PrometheusExporter.js:51:13)

  console.error
    鉂?Prometheus 鏈嶅姟鍣ㄩ敊璇? listen EADDRINUSE: address already in use :::9090

    [0m [90m 171 |[39m
     [90m 172 |[39m     [36mthis[39m[33m.[39mserver[33m.[39mon([32m'error'[39m[33m,[39m (error) [33m=>[39m {
    [31m[1m>[22m[39m[90m 173 |[39m       console[33m.[39merror([32m'鉂?Prometheus 鏈嶅姟鍣ㄩ敊璇?'[39m[33m,[39m error[33m.[39mmessage)[33m;[39m
     [90m     |[39m               [31m[1m^[22m[39m
     [90m 174 |[39m     })[33m;[39m
     [90m 175 |[39m   }
     [90m 176 |[39m[0m

      at Server.error (src/modules/monitoring/PrometheusExporter.js:173:15)


  鈼? Cannot log after tests are done. Did you forget to wait for something async in your test?
    Attempted to log "鉁?Redis 鎺掕姒滅紦瀛樺凡杩炴帴".

    [0m [90m 21 |[39m
     [90m 22 |[39m     [36mthis[39m[33m.[39mredis[33m.[39mon([32m'connect'[39m[33m,[39m () [33m=>[39m {
    [31m[1m>[22m[39m[90m 23 |[39m       console[33m.[39mlog([32m'鉁?Redis 鎺掕姒滅紦瀛樺凡杩炴帴'[39m)[33m;[39m
     [90m    |[39m               [31m[1m^[22m[39m
     [90m 24 |[39m     })[33m;[39m
     [90m 25 |[39m
     [90m 26 |[39m     [90m// 缂撳瓨杩囨湡鏃堕棿锛堢锛?[39m[0m

      at console.log (node_modules/@jest/console/build/CustomConsole.js:141:10)
      at EventEmitter.log (src/modules/leaderboard/LeaderboardCache.js:23:15)

  console.warn
    [WARN] This Redis server's `default` user does not require a password, but a password was supplied

      at node_modules/ioredis/built/redis/event_handler.js:28:33
      at tryCatcher (node_modules/standard-as-callback/built/utils.js:12:23)
      at node_modules/standard-as-callback/built/index.js:33:51

  console.warn
    [WARN] This Redis server's `default` user does not require a password, but a password was supplied

      at node_modules/ioredis/built/redis/event_handler.js:28:33
      at tryCatcher (node_modules/standard-as-callback/built/utils.js:12:23)
      at node_modules/standard-as-callback/built/index.js:33:51

FAIL tests/authController-enhanced.test.js
  Auth Controller Enhanced Tests
    POST /api/auth/send-code - 鍙戦€侀獙璇佺爜
      脳 搴旇鎴愬姛鍙戦€佺櫥褰曢獙璇佺爜 (2 ms)
      脳 搴旇鎴愬姛鍙戦€佹敞鍐岄獙璇佺爜 (2 ms)
      脳 搴旇鎴愬姛鍙戦€侀噸缃瘑鐮侀獙璇佺爜 (1 ms)
      脳 搴旇鎷掔粷鏃犳晥鎵嬫満鍙?(1 ms)
      脳 搴旇鎷掔粷绌烘墜鏈哄彿 (1 ms)
      脳 搴旇鎷掔粷缂哄皯鎵嬫満鍙?(2 ms)
      脳 搴旇澶勭悊杩囬暱鐨勬墜鏈哄彿 (2 ms)
    POST /api/auth/register - 鐢ㄦ埛娉ㄥ唽
      脳 搴旇鎴愬姛娉ㄥ唽瀛︾敓鐢ㄦ埛 (1 ms)
      脳 搴旇鎴愬姛娉ㄥ唽瀹堕暱鐢ㄦ埛 (15 ms)
      脳 搴旇鎷掔粷閲嶅娉ㄥ唽 (1 ms)
      脳 搴旇鎷掔粷鏃犳晥楠岃瘉鐮?(1 ms)
      脳 搴旇鎷掔粷缂哄皯蹇呭～瀛楁 (1 ms)
      脳 搴旇鎷掔粷鏃犳晥瑙掕壊 (2 ms)
      脳 搴旇澶勭悊杩囬暱鐨勬樀绉?(1 ms)
    POST /api/auth/login - 鐢ㄦ埛鐧诲綍
      脳 搴旇鎴愬姛鐧诲綍 (1 ms)
      脳 搴旇鎷掔粷閿欒楠岃瘉鐮?(2 ms)
      脳 搴旇鎷掔粷涓嶅瓨鍦ㄧ殑鐢ㄦ埛 (2 ms)
      脳 搴旇鎷掔粷绌烘墜鏈哄彿 (2 ms)
      脳 搴旇鎷掔粷绌洪獙璇佺爜 (2 ms)
    POST /api/auth/refresh - 鍒锋柊 Token
      脳 搴旇鎴愬姛鍒锋柊 token (2 ms)
      脳 搴旇鎷掔粷鏃犳晥鐨?token (2 ms)
      脳 搴旇鎷掔粷娌℃湁 token 鐨勮姹?(2 ms)
    POST /api/auth/logout - 鐢ㄦ埛鐧诲嚭
      脳 搴旇鎴愬姛鐧诲嚭 (1 ms)
      脳 搴旇浣?token 澶辨晥 (1 ms)
    GET /api/auth/me - 鑾峰彇褰撳墠鐢ㄦ埛淇℃伅
      脳 搴旇鎴愬姛鑾峰彇鐢ㄦ埛淇℃伅 (1 ms)
      脳 搴旇鍖呭惈鐢ㄦ埛瀹屾暣淇℃伅 (2 ms)
      脳 搴旇鎷掔粷鏈璇佺殑璇锋眰 (1 ms)
    杈圭晫鍦烘櫙娴嬭瘯
      脳 搴旇澶勭悊骞跺彂鍙戦€侀獙璇佺爜璇锋眰 (3 ms)
      脳 搴旇澶勭悊 SQL 娉ㄥ叆灏濊瘯 (1 ms)
      脳 搴旇澶勭悊 XSS 灏濊瘯 (1 ms)
      脳 搴旇澶勭悊 Unicode 瀛楃 (2 ms)
      脳 搴旇澶勭悊澶у皬鍐欐贩鍚堢殑瑙掕壊 (1 ms)
    楠岃瘉鐮佽繃鏈熸祴璇?      脳 搴旇鎷掔粷杩囨湡鐨勯獙璇佺爜 (1 ms)
    瀹堕暱 - 瀛╁瓙鍏宠仈娴嬭瘯
      脳 搴旇鎴愬姛娉ㄥ唽瀹堕暱骞跺叧鑱斿瀛?(2 ms)
      脳 搴旇鎷掔粷鍏宠仈涓嶅瓨鍦ㄧ殑瀛╁瓙 (3 ms)

  鈼?Auth Controller Enhanced Tests 鈥?POST /api/auth/send-code - 鍙戦€侀獙璇佺爜 鈥?搴旇鎴愬姛鍙戦€佺櫥褰曢獙璇佺爜

    TypeError: Cannot read properties of undefined (reading 'address')

    [0m [90m 37 |[39m       
     [90m 38 |[39m       [36mconst[39m res [33m=[39m [36mawait[39m request(server)
    [31m[1m>[22m[39m[90m 39 |[39m         [33m.[39mpost([32m'/api/auth/send-code'[39m)
     [90m    |[39m          [31m[1m^[22m[39m
     [90m 40 |[39m         [33m.[39msend({ phone[33m,[39m purpose[33m:[39m [32m'login'[39m })[33m;[39m
     [90m 41 |[39m
     [90m 42 |[39m       assertions[33m.[39massertSuccessResponse(res)[33m;[39m[0m

      at Test.serverAddress (node_modules/supertest/lib/test.js:61:22)
      at new Test (node_modules/supertest/lib/test.js:49:14)
      at Object.obj.<computed> [as post] (node_modules/supertest/index.js:40:18)
      at Object.post (tests/authController-enhanced.test.js:39:10)

  鈼?Auth Controller Enhanced Tests 鈥?POST /api/auth/send-code - 鍙戦€侀獙璇佺爜 鈥?搴旇鎴愬姛鍙戦€佹敞鍐岄獙璇佺爜

    TypeError: Cannot read properties of undefined (reading 'address')

    [0m [90m 48 |[39m       
     [90m 49 |[39m       [36mconst[39m res [33m=[39m [36mawait[39m request(server)
    [31m[1m>[22m[39m[90m 50 |[39m         [33m.[39mpost([32m'/api/auth/send-code'[39m)
     [90m    |[39m          [31m[1m^[22m[39m
     [90m 51 |[39m         [33m.[39msend({ phone[33m,[39m purpose[33m:[39m [32m'register'[39m })[33m;[39m
     [90m 52 |[39m
     [90m 53 |[39m       assertions[33m.[39massertSuccessResponse(res)[33m;[39m[0m

      at Test.serverAddress (node_modules/supertest/lib/test.js:61:22)
      at new Test (node_modules/supertest/lib/test.js:49:14)
      at Object.obj.<computed> [as post] (node_modules/supertest/index.js:40:18)
      at Object.post (tests/authController-enhanced.test.js:50:10)

  鈼?Auth Controller Enhanced Tests 鈥?POST /api/auth/send-code - 鍙戦€侀獙璇佺爜 鈥?搴旇鎴愬姛鍙戦€侀噸缃瘑鐮侀獙璇佺爜

    TypeError: Cannot read properties of undefined (reading 'address')

    [0m [90m 58 |[39m       
     [90m 59 |[39m       [36mconst[39m res [33m=[39m [36mawait[39m request(server)
    [31m[1m>[22m[39m[90m 60 |[39m         [33m.[39mpost([32m'/api/auth/send-code'[39m)
     [90m    |[39m          [31m[1m^[22m[39m
     [90m 61 |[39m         [33m.[39msend({ phone[33m,[39m purpose[33m:[39m [32m'reset'[39m })[33m;[39m
     [90m 62 |[39m
     [90m 63 |[39m       assertions[33m.[39massertSuccessResponse(res)[33m;[39m[0m

      at Test.serverAddress (node_modules/supertest/lib/test.js:61:22)
      at new Test (node_modules/supertest/lib/test.js:49:14)
      at Object.obj.<computed> [as post] (node_modules/supertest/index.js:40:18)
      at Object.post (tests/authController-enhanced.test.js:60:10)

  鈼?Auth Controller Enhanced Tests 鈥?POST /api/auth/send-code - 鍙戦€侀獙璇佺爜 鈥?搴旇鎷掔粷鏃犳晥鎵嬫満鍙?
    TypeError: Cannot read properties of undefined (reading 'address')

    [0m [90m 66 |[39m     it([32m'搴旇鎷掔粷鏃犳晥鎵嬫満鍙?[39m[33m,[39m [36masync[39m () [33m=>[39m {
     [90m 67 |[39m       [36mconst[39m res [33m=[39m [36mawait[39m request(server)
    [31m[1m>[22m[39m[90m 68 |[39m         [33m.[39mpost([32m'/api/auth/send-code'[39m)
     [90m    |[39m          [31m[1m^[22m[39m
     [90m 69 |[39m         [33m.[39msend({ phone[33m:[39m [32m'invalid'[39m })[33m;[39m
     [90m 70 |[39m
     [90m 71 |[39m       assertions[33m.[39massertErrorResponse(res[33m,[39m [35m400[39m)[33m;[39m[0m

      at Test.serverAddress (node_modules/supertest/lib/test.js:61:22)
      at new Test (node_modules/supertest/lib/test.js:49:14)
      at Object.obj.<computed> [as post] (node_modules/supertest/index.js:40:18)
      at Object.post (tests/authController-enhanced.test.js:68:10)

  鈼?Auth Controller Enhanced Tests 鈥?POST /api/auth/send-code - 鍙戦€侀獙璇佺爜 鈥?搴旇鎷掔粷绌烘墜鏈哄彿

    TypeError: Cannot read properties of undefined (reading 'address')

    [0m [90m 74 |[39m     it([32m'搴旇鎷掔粷绌烘墜鏈哄彿'[39m[33m,[39m [36masync[39m () [33m=>[39m {
     [90m 75 |[39m       [36mconst[39m res [33m=[39m [36mawait[39m request(server)
    [31m[1m>[22m[39m[90m 76 |[39m         [33m.[39mpost([32m'/api/auth/send-code'[39m)
     [90m    |[39m          [31m[1m^[22m[39m
     [90m 77 |[39m         [33m.[39msend({ phone[33m:[39m [32m''[39m })[33m;[39m
     [90m 78 |[39m
     [90m 79 |[39m       assertions[33m.[39massertErrorResponse(res[33m,[39m [35m400[39m)[33m;[39m[0m

      at Test.serverAddress (node_modules/supertest/lib/test.js:61:22)
      at new Test (node_modules/supertest/lib/test.js:49:14)
      at Object.obj.<computed> [as post] (node_modules/supertest/index.js:40:18)
      at Object.post (tests/authController-enhanced.test.js:76:10)

  鈼?Auth Controller Enhanced Tests 鈥?POST /api/auth/send-code - 鍙戦€侀獙璇佺爜 鈥?搴旇鎷掔粷缂哄皯鎵嬫満鍙?
    TypeError: Cannot read properties of undefined (reading 'address')

    [0m [90m 82 |[39m     it([32m'搴旇鎷掔粷缂哄皯鎵嬫満鍙?[39m[33m,[39m [36masync[39m () [33m=>[39m {
     [90m 83 |[39m       [36mconst[39m res [33m=[39m [36mawait[39m request(server)
    [31m[1m>[22m[39m[90m 84 |[39m         [33m.[39mpost([32m'/api/auth/send-code'[39m)
     [90m    |[39m          [31m[1m^[22m[39m
     [90m 85 |[39m         [33m.[39msend({})[33m;[39m
     [90m 86 |[39m
     [90m 87 |[39m       assertions[33m.[39massertErrorResponse(res[33m,[39m [35m400[39m)[33m;[39m[0m

      at Test.serverAddress (node_modules/supertest/lib/test.js:61:22)
      at new Test (node_modules/supertest/lib/test.js:49:14)
      at Object.obj.<computed> [as post] (node_modules/supertest/index.js:40:18)
      at Object.post (tests/authController-enhanced.test.js:84:10)

  鈼?Auth Controller Enhanced Tests 鈥?POST /api/auth/send-code - 鍙戦€侀獙璇佺爜 鈥?搴旇澶勭悊杩囬暱鐨勬墜鏈哄彿

    TypeError: Cannot read properties of undefined (reading 'address')

    [0m [90m 90 |[39m     it([32m'搴旇澶勭悊杩囬暱鐨勬墜鏈哄彿'[39m[33m,[39m [36masync[39m () [33m=>[39m {
     [90m 91 |[39m       [36mconst[39m res [33m=[39m [36mawait[39m request(server)
    [31m[1m>[22m[39m[90m 92 |[39m         [33m.[39mpost([32m'/api/auth/send-code'[39m)
     [90m    |[39m          [31m[1m^[22m[39m
     [90m 93 |[39m         [33m.[39msend({ phone[33m:[39m [32m'1'[39m[33m.[39mrepeat([35m50[39m) })[33m;[
39m
     [90m 94 |[39m
     [90m 95 |[39m       assertions[33m.[39massertErrorResponse(res[33m,[39m [35m400[39m)[33m;[39m[0m

      at Test.serverAddress (node_modules/supertest/lib/test.js:61:22)
      at new Test (node_modules/supertest/lib/test.js:49:14)
      at Object.obj.<computed> [as post] (node_modules/supertest/index.js:40:18)
      at Object.post (tests/authController-enhanced.test.js:92:10)

  鈼?Auth Controller Enhanced Tests 鈥?POST /api/auth/register - 鐢ㄦ埛娉ㄥ唽 鈥?搴旇鎴愬姛娉ㄥ唽瀛︾敓鐢ㄦ埛

    TypeError: Cannot read properties of undefined (reading 'address')

    [0m [90m 103 |[39m       
     [90m 104 |[39m       [36mconst[39m res [33m=[39m [36mawait[39m request(server)
    [31m[1m>[22m[39m[90m 105 |[39m         [33m.[39mpost([32m'/api/auth/register'[39m)
     [90m     |[39m          [31m[1m^[22m[39m
     [90m 106 |[39m         [33m.[39msend({
     [90m 107 |[39m           phone[33m,[39m
     [90m 108 |[39m           code[33m,[39m[0m

      at Test.serverAddress (node_modules/supertest/lib/test.js:61:22)
      at new Test (node_modules/supertest/lib/test.js:49:14)
      at Object.obj.<computed> [as post] (node_modules/supertest/index.js:40:18)
      at Object.post (tests/authController-enhanced.test.js:105:10)

  鈼?Auth Controller Enhanced Tests 鈥?POST /api/auth/register - 鐢ㄦ埛娉ㄥ唽 鈥?搴旇鎴愬姛娉ㄥ唽瀹堕暱鐢ㄦ埛

    TypeError: Cannot read properties of undefined (reading 'address')

    [0m [90m 124 |[39m       
     [90m 125 |[39m       [36mconst[39m res [33m=[39m [36mawait[39m request(server)
    [31m[1m>[22m[39m[90m 126 |[39m         [33m.[39mpost([32m'/api/auth/register'[39m)
     [90m     |[39m          [31m[1m^[22m[39m
     [90m 127 |[39m         [33m.[39msend({
     [90m 128 |[39m           phone[33m,[39m
     [90m 129 |[39m           code[33m,[39m[0m

      at Test.serverAddress (node_modules/supertest/lib/test.js:61:22)
      at new Test (node_modules/supertest/lib/test.js:49:14)
      at Object.obj.<computed> [as post] (node_modules/supertest/index.js:40:18)
      at Object.post (tests/authController-enhanced.test.js:126:10)

  鈼?Auth Controller Enhanced Tests 鈥?POST /api/auth/register - 鐢ㄦ埛娉ㄥ唽 鈥?搴旇鎷掔粷閲嶅娉ㄥ唽

    TypeError: Cannot read properties of undefined (reading 'address')

    [0m [90m 144 |[39m       [90m// 绗竴娆℃敞鍐?[39m
     [90m 145 |[39m       [36mawait[39m request(server)
    [31m[1m>[22m[39m[90m 146 |[39m         [33m.[39mpost([32m'/api/auth/register'[39m)
     [90m     |[39m          [31m[1m^[22m[39m
     [90m 147 |[39m         [33m.[39msend({
     [90m 148 |[39m           phone[33m,[39m
     [90m 149 |[39m           code[33m,[39m[0m

      at Test.serverAddress (node_modules/supertest/lib/test.js:61:22)
      at new Test (node_modules/supertest/lib/test.js:49:14)
      at Object.obj.<computed> [as post] (node_modules/supertest/index.js:40:18)
      at Object.post (tests/authController-enhanced.test.js:146:10)

  鈼?Auth Controller Enhanced Tests 鈥?POST /api/auth/register - 鐢ㄦ埛娉ㄥ唽 鈥?搴旇鎷掔粷鏃犳晥楠岃瘉鐮?
    TypeError: Cannot read properties of undefined (reading 'address')

    [0m [90m 174 |[39m       
     [90m 175 |[39m       [36mconst[39m res [33m=[39m [36mawait[39m request(server)
    [31m[1m>[22m[39m[90m 176 |[39m         [33m.[39mpost([32m'/api/auth/register'[39m)
     [90m     |[39m          [31m[1m^[22m[39m
     [90m 177 |[39m         [33m.[39msend({
     [90m 178 |[39m           phone[33m,[39m
     [90m 179 |[39m           code[33m:[39m [32m'wrong-code'[39m[33m,[39m[0m

      at Test.serverAddress (node_modules/supertest/lib/test.js:61:22)
      at new Test (node_modules/supertest/lib/test.js:49:14)
      at Object.obj.<computed> [as post] (node_modules/supertest/index.js:40:18)
      at Object.post (tests/authController-enhanced.test.js:176:10)

  鈼?Auth Controller Enhanced Tests 鈥?POST /api/auth/register - 鐢ㄦ埛娉ㄥ唽 鈥?搴旇鎷掔粷缂哄皯蹇呭～瀛楁

    TypeError: Cannot read properties of undefined (reading 'address')

    [0m [90m 191 |[39m       
     [90m 192 |[39m       [36mconst[39m res [33m=[39m [36mawait[39m request(server)
    [31m[1m>[22m[39m[90m 193 |[39m         [33m.[39mpost([32m'/api/auth/register'[39m)
     [90m     |[39m          [31m[1m^[22m[39m
     [90m 194 |[39m         [33m.[39msend({
     [90m 195 |[39m           phone[33m,[39m
     [90m 196 |[39m           code[33m:[39m [32m'123456'[39m[0m

      at Test.serverAddress (node_modules/supertest/lib/test.js:61:22)
      at new Test (node_modules/supertest/lib/test.js:49:14)
      at Object.obj.<computed> [as post] (node_modules/supertest/index.js:40:18)
      at Object.post (tests/authController-enhanced.test.js:193:10)

  鈼?Auth Controller Enhanced Tests 鈥?POST /api/auth/register - 鐢ㄦ埛娉ㄥ唽 鈥?搴旇鎷掔粷鏃犳晥瑙掕壊

    TypeError: Cannot read properties of undefined (reading 'address')

    [0m [90m 205 |[39m       
     [90m 206 |[39m       [36mconst[39m res [33m=[39m [36mawait[39m request(server)
    [31m[1m>[22m[39m[90m 207 |[39m         [33m.[39mpost([32m'/api/auth/register'[39m)
     [90m     |[39m          [31m[1m^[22m[39m
     [90m 208 |[39m         [33m.[39msend({
     [90m 209 |[39m           phone[33m,[39m
     [90m 210 |[39m           code[33m:[39m [32m'123456'[39m[33m,[39m[0m

      at Test.serverAddress (node_modules/supertest/lib/test.js:61:22)
      at new Test (node_modules/supertest/lib/test.js:49:14)
      at Object.obj.<computed> [as post] (node_modules/supertest/index.js:40:18)
      at Object.post (tests/authController-enhanced.test.js:207:10)

  鈼?Auth Controller Enhanced Tests 鈥?POST /api/auth/register - 鐢ㄦ埛娉ㄥ唽 鈥?搴旇澶勭悊杩囬暱鐨勬樀绉?
    TypeError: Cannot read properties of undefined (reading 'address')

    [0m [90m 220 |[39m       
     [90m 221 |[39m       [36mconst[39m res [33m=[39m [36mawait[39m request(server)
    [31m[1m>[22m[39m[90m 222 |[39m         [33m.[39mpost([32m'/api/auth/register'[39m)
     [90m     |[39m          [31m[1m^[22m[39m
     [90m 223 |[39m         [33m.[39msend({
     [90m 224 |[39m           phone[33m,[39m
     [90m 225 |[39m           code[33m:[39m [32m'123456'[39m[33m,[39m[0m

      at Test.serverAddress (node_modules/supertest/lib/test.js:61:22)
      at new Test (node_modules/supertest/lib/test.js:49:14)
      at Object.obj.<computed> [as post] (node_modules/supertest/index.js:40:18)
      at Object.post (tests/authController-enhanced.test.js:222:10)

  鈼?Auth Controller Enhanced Tests 鈥?POST /api/auth/login - 鐢ㄦ埛鐧诲綍 鈥?搴旇鎴愬姛鐧诲綍

    TypeError: Cannot read properties of undefined (reading 'address')

    [0m [90m 240 |[39m       [36mconst[39m phone [33m=[39m generatePhone()[33m;[39m
     [90m 241 |[39m       [36mawait[39m request(server)
    [31m[1m>[22m[39m[90m 242 |[39m         [33m.[39mpost([32m'/api/auth/register'[39m)
     [90m     |[39m          [31m[1m^[22m[39m
     [90m 243 |[39m         [33m.[39msend({
     [90m 244 |[39m           phone[33m,[39m
     [90m 245 |[39m           code[33m:[39m [32m'123456'[39m[33m,[39m[0m

      at Test.serverAddress (node_modules/supertest/lib/test.js:61:22)
      at new Test (node_modules/supertest/lib/test.js:49:14)
      at Object.obj.<computed> [as post] (node_modules/supertest/index.js:40:18)
      at Object.post (tests/authController-enhanced.test.js:242:10)

  鈼?Auth Controller Enhanced Tests 鈥?POST /api/auth/login - 鐢ㄦ埛鐧诲綍 鈥?搴旇鎷掔粷閿欒楠岃瘉鐮?
    TypeError: Cannot read properties of undefined (reading 'address')

    [0m [90m 240 |[39m       [36mconst[39m phone [33m=[39m generatePhone()[33m;[39m
     [90m 241 |[39m       [36mawait[39m request(server)
    [31m[1m>[22m[39m[90m 242 |[39m         [33m.[39mpost([32m'/api/auth/register'[39m)
     [90m     |[39m          [31m[1m^[22m[39m
     [90m 243 |[39m         [33m.[39msend({
     [90m 244 |[39m           phone[33m,[39m
     [90m 245 |[39m           code[33m:[39m [32m'123456'[39m[33m,[39m[0m

      at Test.serverAddress (node_modules/supertest/lib/test.js:61:22)
      at new Test (node_modules/supertest/lib/test.js:49:14)
      at Object.obj.<computed> [as post] (node_modules/supertest/index.js:40:18)
      at Object.post (tests/authController-enhanced.test.js:242:10)

  鈼?Auth Controller Enhanced Tests 鈥?POST /api/auth/login - 鐢ㄦ埛鐧诲綍 鈥?搴旇鎷掔粷涓嶅瓨鍦ㄧ殑鐢ㄦ埛

    TypeError: Cannot read properties of undefined (reading 'address')

    [0m [90m 240 |[39m       [36mconst[39m phone [33m=[39m generatePhone()[33m;[39m
     [90m 241 |[39m       [36mawait[39m request(server)
    [31m[1m>[22m[39m[90m 242 |[39m         [33m.[39mpost([32m'/api/auth/register'[39m)
     [90m     |[39m          [31m[1m^[22m[39m
     [90m 243 |[39m         [33m.[39msend({
     [90m 244 |[39m           phone[33m,[39m
     [90m 245 |[39m           code[33m:[39m [32m'123456'[39m[33m,[39m[0m

      at Test.serverAddress (node_modules/supertest/lib/test.js:61:22)
      at new Test (node_modules/supertest/lib/test.js:49:14)
      at Object.obj.<computed> [as post] (node_modules/supertest/index.js:40:18)
      at Object.post (tests/authController-enhanced.test.js:242:10)

  鈼?Auth Controller Enhanced Tests 鈥?POST /api/auth/login - 鐢ㄦ埛鐧诲綍 鈥?搴旇鎷掔粷绌烘墜鏈哄彿

    TypeError: Cannot read properties of undefined (reading 'address')

    [0m [90m 240 |[39m       [36mconst[39m phone [33m=[39m generatePhone()[33m;[39m
     [90m 241 |[39m       [36mawait[39m request(server)
    [31m[1m>[22m[39m[90m 242 |[39m         [33m.[39mpost([32m'/api/auth/register'[39m)
     [90m     |[39m          [31m[1m^[22m[39m
     [90m 243 |[39m         [33m.[39msend({
     [90m 244 |[39m           phone[33m,[39m
     [90m 245 |[39m           code[33m:[39m [32m'123456'[39m[33m,[39m[0m

      at Test.serverAddress (node_modules/supertest/lib/test.js:61:22)
      at new Test (node_modules/supertest/lib/test.js:49:14)
      at Object.obj.<computed> [as post] (node_modules/supertest/index.js:40:18)
      at Object.post (tests/authController-enhanced.test.js:242:10)

  鈼?Auth Controller Enhanced Tests 鈥?POST /api/auth/login - 鐢ㄦ埛鐧诲綍 鈥?搴旇鎷掔粷绌洪獙璇佺爜

    TypeError: Cannot read properties of undefined (reading 'address')

    [0m [90m 240 |[39m       [36mconst[39m phone [33m=[39m generatePhone()[33m;[39m
     [90m 241 |[39m       [36mawait[39m request(server)
    [31m[1m>[22m[39m[90m 242 |[39m         [33m.[39mpost([32m'/api/auth/register'[39m)
     [90m     |[39m          [31m[1m^[22m[39m
     [90m 243 |[39m         [33m.[39msend({
     [90m 244 |[39m           phone[33m,[39m
     [90m 245 |[39m           code[33m:[39m [32m'123456'[39m[33m,[39m[0m

      at Test.serverAddress (node_modules/supertest/lib/test.js:61:22)
      at new Test (node_modules/supertest/lib/test.js:49:14)
      at Object.obj.<computed> [as post] (node_modules/supertest/index.js:40:18)
      at Object.post (tests/authController-enhanced.test.js:242:10)

  鈼?Auth Controller Enhanced Tests 鈥?POST /api/auth/refresh - 鍒锋柊 Token 鈥?搴旇鎴愬姛鍒锋柊 token

    TypeError: Cannot read properties of undefined (reading 'address')

    [0m [90m 344 |[39m     [90m// 鍙戦€侀獙璇佺爜[39m
     [90m 345 |[39m     [36mawait[39m request([36mthis[39m[33m.[39mserver)
    [31m[1m>[22m[39m[90m 346 |[39m       [33m.[39mpost([32m'/api/auth/send-code'[39m)
     [90m     |[39m        [31m[1m^[22m[39m
     [90m 347 |[39m       [33m.[39msend({ phone })[33m;[39m
     [90m 348 |[39m
     [90m 349 |[39m     [90m// 灏濊瘯鐧诲綍锛堝鏋滅敤鎴峰凡瀛樺湪锛?[39m[0m

      at Test.serverAddress (node_modules/supertest/lib/test.js:61:22)
      at new Test (node_modules/supertest/lib/test.js:49:14)
      at Object.obj.<computed> [as post] (node_modules/supertest/index.js:40:18)
      at AuthHelper.post [as createAndLogin] (tests/test-utils.js:346:8)
      at Object.createAndLogin (tests/authController-enhanced.test.js:326:37)

  鈼?Auth Controller Enhanced Tests 鈥?POST /api/auth/refresh - 鍒锋柊 Token 鈥?搴旇鎷掔粷鏃犳晥鐨?token

    TypeError: Cannot read properties of undefined (reading 'address')

    [0m [90m 344 |[39m     [90m// 鍙戦€侀獙璇佺爜[39m
     [90m 345 |[39m     [36mawait[39m request([36mthis[39m[33m.[39mserver)
    [31m[1m>[22m[39m[90m 346 |[39m       [33m.[39mpost([32m'/api/auth/send-code'[39m)
     [90m     |[39m        [31m[1m^[22m[39m
     [90m 347 |[39m       [33m.[39msend({ phone })[33m;[39m
     [90m 348 |[39m
     [90m 349 |[39m     [90m// 灏濊瘯鐧诲綍锛堝鏋滅敤鎴峰凡瀛樺湪锛?[39m[0m

      at Test.serverAddress (node_modules/supertest/lib/test.js:61:22)
      at new Test (node_modules/supertest/lib/test.js:49:14)
      at Object.obj.<computed> [as post] (node_modules/supertest/index.js:40:18)
      at AuthHelper.post [as createAndLogin] (tests/test-utils.js:346:8)
      at Object.createAndLogin (tests/authController-enhanced.test.js:326:37)

  鈼?Auth Controller Enhanced Tests 鈥?POST /api/auth/refresh - 鍒锋柊 Token 鈥?搴旇鎷掔粷娌℃湁 token 鐨勮姹?
    TypeError: Cannot read properties of undefined (reading 'address')

    [0m [90m 344 |[39m     [90m// 鍙戦€侀獙璇佺爜[39m
     [90m 345 |[39m     [36mawait[39m request([36mthis[39m[33m.[39mserver)
    [31m[1m>[22m[39m[90m 346 |[39m       [33m.[39mpost([32m'/api/auth/send-code'[39m)
     [90m     |[39m        [31m[1m^[22m[39m
     [90m 347 |[39m       [33m.[39msend({ phone })[33m;[39m
     [90m 348 |[39m
     [90m 349 |[39m     [90m// 灏濊瘯鐧诲綍锛堝鏋滅敤鎴峰凡瀛樺湪锛?[39m[0m

      at Test.serverAddress (node_modules/supertest/lib/test.js:61:22)
      at new Test (node_modules/supertest/lib/test.js:49:14)
      at Object.obj.<computed> [as post] (node_modules/supertest/index.js:40:18)
      at AuthHelper.post [as createAndLogin] (tests/test-utils.js:346:8)
      at Object.createAndLogin (tests/authController-enhanced.test.js:326:37)

  鈼?Auth Controller Enhanced Tests 鈥?POST /api/auth/logout - 鐢ㄦ埛鐧诲嚭 鈥?搴旇鎴愬姛鐧诲嚭

    TypeError: Cannot read properties of undefined (reading 'address')

    [0m [90m 344 |[39m     [90m// 鍙戦€侀獙璇佺爜[39m
     [90m 345 |[39m     [36mawait[39m request([36mthis[39m[33m.[39mserver)
    [31m[1m>[22m[39m[90m 346 |[39m       [33m.[39mpost([32m'/api/auth/send-code'[39m)
     [90m     |[39m        [31m[1m^[22m[39m
     [90m 347 |[39m       [33m.[39msend({ phone })[33m;[39m
     [90m 348 |[39m
     [90m 349 |[39m     [90m// 灏濊瘯鐧诲綍锛堝鏋滅敤鎴峰凡瀛樺湪锛?[39m[0m

      at Test.serverAddress (node_modules/supertest/lib/test.js:61:22)
      at new Test (node_modules/supertest/lib/test.js:49:14)
      at Object.obj.<computed> [as post] (node_modules/supertest/index.js:40:18)
      at AuthHelper.post [as createAndLogin] (tests/test-utils.js:346:8)
      at Object.createAndLogin (tests/authController-enhanced.test.js:359:37)

  鈼?Auth Controller Enhanced Tests 鈥?POST /api/auth/logout - 鐢ㄦ埛鐧诲嚭 鈥?搴旇浣?token 澶辨晥

    TypeError: Cannot read properties of undefined (reading 'address')

    [0m [90m 344 |[39m     [90m// 鍙戦€侀獙璇佺爜[39m
     [90m 345 |[39m     [36mawait[39m request([36mthis[39m[33m.[39mserver)
    [31m[1m>[22m[39m[90m 346 |[39m       [33m.[39mpost([32m'/api/auth/send-code'[39m)
     [90m     |[39m        [31m[1m^[22m[39m
     [90m 347 |[39m       [33m.[39msend({ phone })[33m;[39m
     [90m 348 |[39m
     [90m 349 |[39m     [90m// 灏濊瘯鐧诲綍锛堝鏋滅敤鎴峰凡瀛樺湪锛?[39m[0m

      at Test.serverAddress (node_modules/supertest/lib/test.js:61:22)
      at new Test (node_modules/supertest/lib/test.js:49:14)
      at Object.obj.<computed> [as post] (node_modules/supertest/index.js:40:18)
      at AuthHelper.post [as createAndLogin] (tests/test-utils.js:346:8)
      at Object.createAndLogin (tests/authController-enhanced.test.js:359:37)

  鈼?Auth Controller Enhanced Tests 鈥?GET /api/auth/me - 鑾峰彇褰撳墠鐢ㄦ埛淇℃伅 鈥?搴旇鎴愬姛鑾峰彇鐢ㄦ埛淇℃伅

    TypeError: Cannot read properties of undefined (reading 'address')

    [0m [90m 344 |[39m     [90m// 鍙戦€侀獙璇佺爜[39m
     [90m 345 |[39m     [36mawait[39m request([36mthis[39m[33m.[39mserver)
    [31m[1m>[22m[39m[90m 346 |[39m       [33m.[39mpost([32m'/api/auth/send-code'[39m)
     [90m     |[39m        [31m[1m^[22m[39m
     [90m 347 |[39m       [33m.[39msend({ phone })[33m;[39m
     [90m 348 |[39m
     [90m 349 |[39m     [90m// 灏濊瘯鐧诲綍锛堝鏋滅敤鎴峰凡瀛樺湪锛?[39m[0m

      at Test.serverAddress (node_modules/supertest/lib/test.js:61:22)
      at new Test (node_modules/supertest/lib/test.js:49:14)
      at Object.obj.<computed> [as post] (node_modules/supertest/index.js:40:18)
      at AuthHelper.post [as createAndLogin] (tests/test-utils.js:346:8)
      at Object.createAndLogin (tests/authController-enhanced.test.js:392:37)

  鈼?Auth Controller Enhanced Tests 鈥?GET /api/auth/me - 鑾峰彇褰撳墠鐢ㄦ埛淇℃伅 鈥?搴旇鍖呭惈鐢ㄦ埛瀹屾暣淇℃伅

    TypeError: Cannot read properties of undefined (reading 'address')

    [0m [90m 344 |[39m     [90m// 鍙戦€侀獙璇佺爜[39m
     [90m 345 |[39m     [36mawait[39m request([36mthis[39m[33m.[39mserver)
    [31m[1m>[22m[39m[90m 346 |[39m       [33m.[39mpost([32m'/api/auth/send-code'[39m)
     [90m     |[39m        [31m[1m^[22m[39m
     [90m 347 |[39m       [33m.[39msend({ phone })[33m;[39m
     [90m 348 |[39m
     [90m 349 |[39m     [90m// 灏濊瘯鐧诲綍锛堝鏋滅敤鎴峰凡瀛樺湪锛?[39m[0m

      at Test.serverAddress (node_modules/supertest/lib/test.js:61:22)
      at new Test (node_modules/supertest/lib/test.js:49:14)
      at Object.obj.<computed> [as post] (node_modules/supertest/index.js:40:18)
      at AuthHelper.post [as createAndLogin] (tests/test-utils.js:346:8)
      at Object.createAndLogin (tests/authController-enhanced.test.js:392:37)

  鈼?Auth Controller Enhanced Tests 鈥?GET /api/auth/me - 鑾峰彇褰撳墠鐢ㄦ埛淇℃伅 鈥?搴旇鎷掔粷鏈璇佺殑璇锋眰

    TypeError: Cannot read properties of undefined (reading 'address')

    [0m [90m 344 |[39m     [90m// 鍙戦€侀獙璇佺爜[39m
     [90m 345 |[39m     [36mawait[39m request([36mthis[39m[33m.[39mserver)
    [31m[1m>[22m[39m[90m 346 |[39m       [33m.[39mpost([32m'/api/auth/send-code'[39m)
     [90m     |[39m        [31m[1m^[22m[39m
     [90m 347 |[39m       [33m.[39msend({ phone })[33m;[39m
     [90m 348 |[39m
     [90m 349 |[39m     [90m// 灏濊瘯鐧诲綍锛堝鏋滅敤鎴峰凡瀛樺湪锛?[39m[0m

      at Test.serverAddress (node_modules/supertest/lib/test.js:61:22)
      at new Test (node_modules/supertest/lib/test.js:49:14)
      at Object.obj.<computed> [as post] (node_modules/supertest/index.js:40:18)
      at AuthHelper.post [as createAndLogin] (tests/test-utils.js:346:8)
      at Object.createAndLogin (tests/authController-enhanced.test.js:392:37)

  鈼?Auth Controller Enhanced Tests 鈥?杈圭晫鍦烘櫙娴嬭瘯 鈥?搴旇澶勭悊骞跺彂鍙戦€侀獙璇佺爜璇锋眰

    TypeError: Cannot read properties of undefined (reading 'address')

    [0m [90m 430 |[39m       [36mconst[39m promises [33m=[39m [33mArray[39m([35m5[39m)[33m.[39mfill([36mn
ull[39m)[33m.[39mmap(() [33m=>[39m
     [90m 431 |[39m         request(server)
    [31m[1m>[22m[39m[90m 432 |[39m           [33m.[39mpost([32m'/api/auth/send-code'[39m)
     [90m     |[39m            [31m[1m^[22m[39m
     [90m 433 |[39m           [33m.[39msend({ phone[33m,[39m purpose[33m:[39m [32m'login'[39m })
     [90m 434 |[39m       )[33m;[39m
     [90m 435 |[39m[0m

      at Test.serverAddress (node_modules/supertest/lib/test.js:61:22)
      at new Test (node_modules/supertest/lib/test.js:49:14)
      at Object.obj.<computed> [as post] (node_modules/supertest/index.js:40:18)
      at post (tests/authController-enhanced.test.js:432:12)
          at Array.map (<anonymous>)
      at Object.map (tests/authController-enhanced.test.js:430:44)

  鈼?Auth Controller Enhanced Tests 鈥?杈圭晫鍦烘櫙娴嬭瘯 鈥?搴旇澶勭悊 SQL 娉ㄥ叆灏濊瘯

    TypeError: Cannot read properties of undefined (reading 'address')

    [0m [90m 446 |[39m       
     [90m 447 |[39m       [36mconst[39m res [33m=[39m [36mawait[39m request(server)
    [31m[1m>[22m[39m[90m 448 |[39m         [33m.[39mpost([32m'/api/auth/send-code'[39m)
     [90m     |[39m          [31m[1m^[22m[39m
     [90m 449 |[39m         [33m.[39msend({ phone[33m:[39m maliciousPhone })[33m;[39m
     [90m 450 |[39m
     [90m 451 |[39m       [90m// 搴旇琚獙璇佹嫆缁?[39m[0m

      at Test.serverAddress (node_modules/supertest/lib/test.js:61:22)
      at new Test (node_modules/supertest/lib/test.js:49:14)
      at Object.obj.<computed> [as post] (node_modules/supertest/index.js:40:18)
      at Object.post (tests/authController-enhanced.test.js:448:10)

  鈼?Auth Controller Enhanced Tests 鈥?杈圭晫鍦烘櫙娴嬭瘯 鈥?搴旇澶勭悊 XSS 灏濊瘯

    TypeError: Cannot read properties of undefined (reading 'address')

    [0m [90m 458 |[39m       
     [90m 459 |[39m       [36mconst[39m res [33m=[39m [36mawait[39m request(server)
    [31m[1m>[22m[39m[90m 460 |[39m         [33m.[39mpost([32m'/api/auth/register'[39m)
     [90m     |[39m          [31m[1m^[22m[39m
     [90m 461 |[39m         [33m.[39msend({
     [90m 462 |[39m           phone[33m,[39m
     [90m 463 |[39m           code[33m:[39m [32m'123456'[39m[33m,[39m[0m

      at Test.serverAddress (node_modules/supertest/lib/test.js:61:22)
      at new Test (node_modules/supertest/lib/test.js:49:14)
      at Object.obj.<computed> [as post] (node_modules/supertest/index.js:40:18)
      at Object.post (tests/authController-enhanced.test.js:460:10)

  鈼?Auth Controller Enhanced Tests 鈥?杈圭晫鍦烘櫙娴嬭瘯 鈥?搴旇澶勭悊 Unicode 瀛楃

    TypeError: Cannot read properties of undefined (reading 'address')

    [0m [90m 476 |[39m       
     [90m 477 |[39m       [36mconst[39m res [33m=[39m [36mawait[39m request(server)
    [31m[1m>[22m[39m[90m 478 |[39m         [33m.[39mpost([32m'/api/auth/register'[39m)
     [90m     |[39m          [31m[1m^[22m[39m
     [90m 479 |[39m         [33m.[39msend({
     [90m 480 |[39m           phone[33m,[39m
     [90m 481 |[39m           code[33m:[39m [32m'123456'[39m[33m,[39m[0m

      at Test.serverAddress (node_modules/supertest/lib/test.js:61:22)
      at new Test (node_modules/supertest/lib/test.js:49:14)
      at Object.obj.<computed> [as post] (node_modules/supertest/index.js:40:18)
      at Object.post (tests/authController-enhanced.test.js:478:10)

  鈼?Auth Controller Enhanced Tests 鈥?杈圭晫鍦烘櫙娴嬭瘯 鈥?搴旇澶勭悊澶у皬鍐欐贩鍚堢殑瑙掕壊

    TypeError: Cannot read properties of undefined (reading 'address')

    [0m [90m 493 |[39m       
     [90m 494 |[39m       [36mconst[39m res [33m=[39m [36mawait[39m request(server)
    [31m[1m>[22m[39m[90m 495 |[39m         [33m.[39mpost([32m'/api/auth/register'[39m)
     [90m     |[39m          [31m[1m^[22m[39m
     [90m 496 |[39m         [33m.[39msend({
     [90m 497 |[39m           phone[33m,[39m
     [90m 498 |[39m           code[33m:[39m [32m'123456'[39m[33m,[39m[0m

      at Test.serverAddress (node_modules/supertest/lib/test.js:61:22)
      at new Test (node_modules/supertest/lib/test.js:49:14)
      at Object.obj.<computed> [as post] (node_modules/supertest/index.js:40:18)
      at Object.post (tests/authController-enhanced.test.js:495:10)

  鈼?Auth Controller Enhanced Tests 鈥?楠岃瘉鐮佽繃鏈熸祴璇?鈥?搴旇鎷掔粷杩囨湡鐨勯獙璇佺爜

    TypeError: Cannot read properties of undefined (reading 'address')

    [0m [90m 514 |[39m       [90m// 鍙戦€侀獙璇佺爜[39m
     [90m 515 |[39m       [36mawait[39m request(server)
    [31m[1m>[22m[39m[90m 516 |[39m         [33m.[39mpost([32m'/api/auth/send-code'[39m)
     [90m     |[39m          [31m[1m^[22m[39m
     [90m 517 |[39m         [33m.[39msend({ phone[33m,[39m purpose[33m:[39m [32m'login'[39m })[33m;[39m
     [90m 518 |[39m
     [90m 519 |[39m       [90m// 绛夊緟楠岃瘉鐮佽繃鏈燂紙娴嬭瘯妯″紡涓嬪彲鑳戒笉浼氱湡姝ｈ繃鏈燂級[39m[0m

      at Test.serverAddress (node_modules/supertest/lib/test.js:61:22)
      at new Test (node_modules/supertest/lib/test.js:49:14)
      at Object.obj.<computed> [as post] (node_modules/supertest/index.js:40:18)
      at Object.post (tests/authController-enhanced.test.js:516:10)

  鈼?Auth Controller Enhanced Tests 鈥?瀹堕暱 - 瀛╁瓙鍏宠仈娴嬭瘯 鈥?搴旇鎴愬姛娉ㄥ唽瀹堕暱骞跺叧鑱斿瀛?
    TypeError: Cannot read properties of undefined (reading 'address')

    [0m [90m 534 |[39m       [36mconst[39m childPhone [33m=[39m generatePhone()[33m;[39m
     [90m 535 |[39m       [36mawait[39m request(server)
    [31m[1m>[22m[39m[90m 536 |[39m         [33m.[39mpost([32m'/api/auth/register'[39m)
     [90m     |[39m          [31m[1m^[22m[39m
     [90m 537 |[39m         [33m.[39msend({
     [90m 538 |[39m           phone[33m:[39m childPhone[33m,[39m
     [90m 539 |[39m           code[33m:[39m [32m'123456'[39m[33m,[39m[0m

      at Test.serverAddress (node_modules/supertest/lib/test.js:61:22)
      at new Test (node_modules/supertest/lib/test.js:49:14)
      at Object.obj.<computed> [as post] (node_modules/supertest/index.js:40:18)
      at Object.post (tests/authController-enhanced.test.js:536:10)

  鈼?Auth Controller Enhanced Tests 鈥?瀹堕暱 - 瀛╁瓙鍏宠仈娴嬭瘯 鈥?搴旇鎷掔粷鍏宠仈涓嶅瓨鍦ㄧ殑瀛╁瓙

    TypeError: Cannot read properties of undefined (reading 'address')

    [0m [90m 565 |[39m       
     [90m 566 |[39m       [36mconst[39m res [33m=[39m [36mawait[39m request(server)
    [31m[1m>[22m[39m[90m 567 |[39m         [33m.[39mpost([32m'/api/auth/register'[39m)
     [90m     |[39m          [31m[1m^[22m[39m
     [90m 568 |[39m         [33m.[39msend({
     [90m 569 |[39m           phone[33m:[39m parentPhone[33m,[39m
     [90m 570 |[39m           code[33m:[39m [32m'123456'[39m[33m,[39m[0m

      at Test.serverAddress (node_modules/supertest/lib/test.js:61:22)
      at new Test (node_modules/supertest/lib/test.js:49:14)
      at Object.obj.<computed> [as post] (node_modules/supertest/index.js:40:18)
      at Object.post (tests/authController-enhanced.test.js:567:10)

  console.log
    馃И 娴嬭瘯鐜宸查厤缃細TEST_MODE=true, DATABASE_PATH=E:\openclaw\workspace-studyass-mgr\backend\test-temp-19896.db

      at Object.<anonymous> (jest.setup.js:33:9)

  console.error
    [DB] 鍒涘缓绱㈠紩澶辫触: CREATE INDEX IF NOT EXISTS idx_points_ledger_user ON points_ledger(user_id) no such table: main.points_ledger

    [0m [90m 150 |[39m       db[33m.[39mexec(sql)[33m;[39m
     [90m 151 |[39m     } [36mcatch[39m (err) {
    [31m[1m>[22m[39m[90m 152 |[39m       console[33m.[39merror([32m'[DB] 鍒涘缓绱㈠紩澶辫触:'[39m[33m,[39m sql[33m,[39m err[33m.[39mmessage)[33m;[39m
     [90m     |[39m               [31m[1m^[22m[39m
     [90m 153 |[39m     }
     [90m 154 |[39m   }
     [90m 155 |[39m[0m

      at error (src/database/optimized-queries.js:152:15)
      at Object.createOptimizedIndexes (src/server.js:58:3)
      at Object.require (tests/aiController-enhanced.test.js:16:9)

  console.error
    [DB] 鍒涘缓绱㈠紩澶辫触: CREATE INDEX IF NOT EXISTS idx_points_ledger_created ON points_ledger(created_at) no such table: main.points_ledger

    [0m [90m 150 |[39m       db[33m.[39mexec(sql)[33m;[39m
     [90m 151 |[39m     } [36mcatch[39m (err) {
    [31m[1m>[22m[39m[90m 152 |[39m       console[33m.[39merror([32m'[DB] 鍒涘缓绱㈠紩澶辫触:'[39m[33m,[39m sql[33m,[39m err[33m.[39mmessage)[33m;[39m
     [90m     |[39m               [31m[1m^[22m[39m
     [90m 153 |[39m     }
     [90m 154 |[39m   }
     [90m 155 |[39m[0m

      at error (src/database/optimized-queries.js:152:15)
      at Object.createOptimizedIndexes (src/server.js:58:3)
      at Object.require (tests/aiController-enhanced.test.js:16:9)

  console.error
    [DB] 鍒涘缓绱㈠紩澶辫触: CREATE INDEX IF NOT EXISTS idx_practice_sessions_user ON practice_sessions(user_id) no such table: main.practice_sessions

    [0m [90m 150 |[39m       db[33m.[39mexec(sql)[33m;[39m
     [90m 151 |[39m     } [36mcatch[39m (err) {
    [31m[1m>[22m[39m[90m 152 |[39m       console[33m.[39merror([32m'[DB] 鍒涘缓绱㈠紩澶辫触:'[39m[33m,[39m sql[33m,[39m err[33m.[39mmessage)[33m;[39m
     [90m     |[39m               [31m[1m^[22m[39m
     [90m 153 |[39m     }
     [90m 154 |[39m   }
     [90m 155 |[39m[0m

      at error (src/database/optimized-queries.js:152:15)
      at Object.createOptimizedIndexes (src/server.js:58:3)
      at Object.require (tests/aiController-enhanced.test.js:16:9)

  console.error
    [DB] 鍒涘缓绱㈠紩澶辫触: CREATE INDEX IF NOT EXISTS idx_practice_sessions_status ON practice_sessions(status) no such table: main.practice_sessions

    [0m [90m 150 |[39m       db[33m.[39mexec(sql)[33m;[39m
     [90m 151 |[39m     } [36mcatch[39m (err) {
    [31m[1m>[22m[39m[90m 152 |[39m       console[33m.[39merror([32m'[DB] 鍒涘缓绱㈠紩澶辫触:'[39m[33m,[39m sql[33m,[39m err[33m.[39mmessage)[33m;[39m
     [90m     |[39m               [31m[1m^[22m[39m
     [90m 153 |[39m     }
     [90m 154 |[39m   }
     [90m 155 |[39m[0m

      at error (src/database/optimized-queries.js:152:15)
      at Object.createOptimizedIndexes (src/server.js:58:3)
      at Object.require (tests/aiController-enhanced.test.js:16:9)

  console.error
    [DB] 鍒涘缓绱㈠紩澶辫触: CREATE INDEX IF NOT EXISTS idx_points_ledger_user_created ON points_ledger(user_id, created_at) no such table: main.points_ledger

    [0m [90m 150 |[39m       db[33m.[39mexec(sql)[33m;[39m
     [90m 151 |[39m     } [36mcatch[39m (err) {
    [31m[1m>[22m[39m[90m 152 |[39m       console[33m.[39merror([32m'[DB] 鍒涘缓绱㈠紩澶辫触:'[39m[33m,[39m sql[33m,[39m err[33m.[39mmessage)[33m;[39m
     [90m     |[39m               [31m[1m^[22m[39m
     [90m 153 |[39m     }
     [90m 154 |[39m   }
     [90m 155 |[39m[0m

      at error (src/database/optimized-queries.js:152:15)
      at Object.createOptimizedIndexes (src/server.js:58:3)
      at Object.require (tests/aiController-enhanced.test.js:16:9)

  console.log
    [DB] 鏁版嵁搴撶储寮曚紭鍖栧畬鎴?
      at log (src/database/optimized-queries.js:156:11)

  console.log
    馃搳 Prometheus 鎸囨爣宸插垵濮嬪寲 (port=9090, path=/metrics)

      at PrometheusExporter.log [as init] (src/modules/monitoring/PrometheusExporter.js:51:13)

  console.error
    鉂?Prometheus 鏈嶅姟鍣ㄩ敊璇? listen EADDRINUSE: address already in use :::9090

    [0m [90m 171 |[39m
     [90m 172 |[39m     [36mthis[39m[33m.[39mserver[33m.[39mon([32m'error'[39m[33m,[39m (error) [33m=>[39m {
    [31m[1m>[22m[39m[90m 173 |[39m       console[33m.[39merror([32m'鉂?Prometheus 鏈嶅姟鍣ㄩ敊璇?'[39m[33m,[39m error[33m.[39mmessage)[33m;[39m
     [90m     |[39m               [31m[1m^[22m[39m
     [90m 174 |[39m     })[33m;[39m
     [90m 175 |[39m   }
     [90m 176 |[39m[0m

      at Server.error (src/modules/monitoring/PrometheusExporter.js:173:15)


  鈼? Cannot log after tests are done. Did you forget to wait for something async in your test?
    Attempted to log "鉁?Redis 鎺掕姒滅紦瀛樺凡杩炴帴".

    [0m [90m 21 |[39m
     [90m 22 |[39m     [36mthis[39m[33m.[39mredis[33m.[39mon([32m'connect'[39m[33m,[39m () [33m=>[39m {
    [31m[1m>[22m[39m[90m 23 |[39m       console[33m.[39mlog([32m'鉁?Redis 鎺掕姒滅紦瀛樺凡杩炴帴'[39m)[33m;[39m
     [90m    |[39m               [31m[1m^[22m[39m
     [90m 24 |[39m     })[33m;[39m
     [90m 25 |[39m
     [90m 26 |[39m     [90m// 缂撳瓨杩囨湡鏃堕棿锛堢锛?[39m[0m

      at console.log (node_modules/@jest/console/build/CustomConsole.js:141:10)
      at EventEmitter.log (src/modules/leaderboard/LeaderboardCache.js:23:15)

  console.warn
    [WARN] This Redis server's `default` user does not require a password, but a password was supplied

      at node_modules/ioredis/built/redis/event_handler.js:28:33
      at tryCatcher (node_modules/standard-as-callback/built/utils.js:12:23)
      at node_modules/standard-as-callback/built/index.js:33:51

  console.warn
    [WARN] This Redis server's `default` user does not require a password, but a password was supplied

      at node_modules/ioredis/built/redis/event_handler.js:28:33
      at tryCatcher (node_modules/standard-as-callback/built/utils.js:12:23)
      at node_modules/standard-as-callback/built/index.js:33:51

FAIL tests/aiController-enhanced.test.js
  AI Controller Enhanced Tests
    POST /api/ai/ask - AI 闂瓟
      脳 搴旇鎴愬姛杩涜 AI 闂瓟 (4 ms)
      脳 搴旇鎷掔粷绌洪棶棰?(3 ms)
      脳 搴旇鎷掔粷缂哄皯闂瀛楁 (1 ms)
      脳 搴旇澶勭悊杩囬暱鐨勯棶棰?(1 ms)
      脳 搴旇鏀寔涓嶅悓绉戠洰 (1 ms)
      脳 搴旇鎷掔粷鏈璇佺殑璇锋眰 (2 ms)
    GET /api/ai/history - 鑾峰彇闂瓟鍘嗗彶
      脳 搴旇鎴愬姛鑾峰彇闂瓟鍘嗗彶 (1 ms)
      脳 搴旇鏀寔鍒嗛〉鍙傛暟 (1 ms)
      脳 搴旇鏀寔鎸夌鐩瓫閫?(2 ms)
      脳 搴旇鏀寔鎸夋椂闂磋寖鍥寸瓫閫?(3 ms)
      脳 搴旇鎷掔粷鏈璇佺殑璇锋眰 (2 ms)
    GET /api/ai/search - 鎼滅储闂瓟璁板綍
      脳 搴旇鎴愬姛鎼滅储闂瓟璁板綍 (2 ms)
      脳 搴旇鏀寔绌烘煡璇㈣繑鍥炴墍鏈夎褰?(2 ms)
      脳 搴旇鏀寔鍒嗛〉 (2 ms)
      脳 搴旇鎷掔粷鏈璇佺殑璇锋眰 (3 ms)
    DELETE /api/ai/:id - 鍒犻櫎闂瓟璁板綍
      脳 搴旇鎴愬姛鍒犻櫎闂瓟璁板綍 (2 ms)
      脳 搴旇鎷掔粷鍒犻櫎涓嶅瓨鍦ㄧ殑璁板綍 (2 ms)
      脳 搴旇鎷掔粷鏈璇佺殑璇锋眰 (3 ms)
    杈圭晫鍦烘櫙娴嬭瘯
      脳 搴旇澶勭悊鐗规畩瀛楃 (3 ms)
      脳 搴旇澶勭悊 Unicode 瀛楃 (3 ms)
      脳 搴旇澶勭悊 SQL 娉ㄥ叆灏濊瘯 (4 ms)
      脳 搴旇澶勭悊骞跺彂璇锋眰 (2 ms)
    鏁版嵁楠岃瘉娴嬭瘯
      脳 搴旇鎷掔粷鏃犳晥绉戠洰 (3 ms)
      脳 搴旇澶勭悊 null 鍊?(3 ms)
      脳 搴旇澶勭悊 undefined 鍊?(2 ms)

  鈼?AI Controller Enhanced Tests 鈥?POST /api/ai/ask - AI 闂瓟 鈥?搴旇鎴愬姛杩涜 AI 闂瓟

    TypeError: Cannot read properties of undefined (reading 'address')

    [0m [90m 344 |[39m     [90m// 鍙戦€侀獙璇佺爜[39m
     [90m 345 |[39m     [36mawait[39m request([36mthis[39m[33m.[39mserver)
    [31m[1m>[22m[39m[90m 346 |[39m       [33m.[39mpost([32m'/api/auth/send-code'[39m)
     [90m     |[39m        [31m[1m^[22m[39m
     [90m 347 |[39m       [33m.[39msend({ phone })[33m;[39m
     [90m 348 |[39m
     [90m 349 |[39m     [90m// 灏濊瘯鐧诲綍锛堝鏋滅敤鎴峰凡瀛樺湪锛?[39m[0m

      at Test.serverAddress (node_modules/supertest/lib/test.js:61:22)
      at new Test (node_modules/supertest/lib/test.js:49:14)
      at Object.obj.<computed> [as post] (node_modules/supertest/index.js:40:18)
      at AuthHelper.post [as createAndLogin] (tests/test-utils.js:346:8)
      at Object.createAndLogin (tests/aiController-enhanced.test.js:38:37)

  鈼?AI Controller Enhanced Tests 鈥?POST /api/ai/ask - AI 闂瓟 鈥?搴旇鎷掔粷绌洪棶棰?
    TypeError: Cannot read properties of undefined (reading 'address')

    [0m [90m 344 |[39m     [90m// 鍙戦€侀獙璇佺爜[39m
     [90m 345 |[39m     [36mawait[39m request([36mthis[39m[33m.[39mserver)
    [31m[1m>[22m[39m[90m 346 |[39m       [33m.[39mpost([32m'/api/auth/send-code'[39m)
     [90m     |[39m        [31m[1m^[22m[39m
     [90m 347 |[39m       [33m.[39msend({ phone })[33m;[39m
     [90m 348 |[39m
     [90m 349 |[39m     [90m// 灏濊瘯鐧诲綍锛堝鏋滅敤鎴峰凡瀛樺湪锛?[39m[0m

      at Test.serverAddress (node_modules/supertest/lib/test.js:61:22)
      at new Test (node_modules/supertest/lib/test.js:49:14)
      at Object.obj.<computed> [as post] (node_modules/supertest/index.js:40:18)
      at AuthHelper.post [as createAndLogin] (tests/test-utils.js:346:8)
      at Object.createAndLogin (tests/aiController-enhanced.test.js:38:37)

  鈼?AI Controller Enhanced Tests 鈥?POST /api/ai/ask - AI 闂瓟 鈥?搴旇鎷掔粷缂哄皯闂瀛楁

    TypeError: Cannot read properties of undefined (reading 'address')

    [0m [90m 344 |[39m     [90m// 鍙戦€侀獙璇佺爜[39m
     [90m 345 |[39m     [36mawait[39m request([36mthis[39m[33m.[39mserver)
    [31m[1m>[22m[39m[90m 346 |[39m       [33m.[39mpost([32m'/api/auth/send-code'[39m)
     [90m     |[39m        [31m[1m^[22m[39m
     [90m 347 |[39m       [33m.[39msend({ phone })[33m;[39m
     [90m 348 |[39m
     [90m 349 |[39m     [90m// 灏濊瘯鐧诲綍锛堝鏋滅敤鎴峰凡瀛樺湪锛?[39m[0m

      at Test.serverAddress (node_modules/supertest/lib/test.js:61:22)
      at new Test (node_modules/supertest/lib/test.js:49:14)
      at Object.obj.<computed> [as post] (node_modules/supertest/index.js:40:18)
      at AuthHelper.post [as createAndLogin] (tests/test-utils.js:346:8)
      at Object.createAndLogin (tests/aiController-enhanced.test.js:38:37)

  鈼?AI Controller Enhanced Tests 鈥?POST /api/ai/ask - AI 闂瓟 鈥?搴旇澶勭悊杩囬暱鐨勯棶棰?
    TypeError: Cannot read properties of undefined (reading 'address')

    [0m [90m 344 |[39m     [90m// 鍙戦€侀獙璇佺爜[39m
     [90m 345 |[39m     [36mawait[39m request([36mthis[39m[33m.[39mserver)
    [31m[1m>[22m[39m[90m 346 |[39m       [33m.[39mpost([32m'/api/auth/send-code'[39m)
     [90m     |[39m        [31m[1m^[22m[39m
     [90m 347 |[39m       [33m.[39msend({ phone })[33m;[39m
     [90m 348 |[39m
     [90m 349 |[39m     [90m// 灏濊瘯鐧诲綍锛堝鏋滅敤鎴峰凡瀛樺湪锛?[39m[0m

      at Test.serverAddress (node_modules/supertest/lib/test.js:61:22)
      at new Test (node_modules/supertest/lib/test.js:49:14)
      at Object.obj.<computed> [as post] (node_modules/supertest/index.js:40:18)
      at AuthHelper.post [as createAndLogin] (tests/test-utils.js:346:8)
      at Object.createAndLogin (tests/aiController-enhanced.test.js:38:37)

  鈼?AI Controller Enhanced Tests 鈥?POST /api/ai/ask - AI 闂瓟 鈥?搴旇鏀寔涓嶅悓绉戠洰

    TypeError: Cannot read properties of undefined (reading 'address')

    [0m [90m 344 |[39m     [90m// 鍙戦€侀獙璇佺爜[39m
     [90m 345 |[39m     [36mawait[39m request([36mthis[39m[33m.[39mserver)
    [31m[1m>[22m[39m[90m 346 |[39m       [33m.[39mpost([32m'/api/auth/send-code'[39m)
     [90m     |[39m        [31m[1m^[22m[39m
     [90m 347 |[39m       [33m.[39msend({ phone })[33m;[39m
     [90m 348 |[39m
     [90m 349 |[39m     [90m// 灏濊瘯鐧诲綍锛堝鏋滅敤鎴峰凡瀛樺湪锛?[39m[0m

      at Test.serverAddress (node_modules/supertest/lib/test.js:61:22)
      at new Test (node_modules/supertest/lib/test.js:49:14)
      at Object.obj.<computed> [as post] (node_modules/supertest/index.js:40:18)
      at AuthHelper.post [as createAndLogin] (tests/test-utils.js:346:8)
      at Object.createAndLogin (tests/aiController-enhanced.test.js:38:37)

  鈼?AI Controller Enhanced Tests 鈥?POST /api/ai/ask - AI 闂瓟 鈥?搴旇鎷掔粷鏈璇佺殑璇锋眰

    TypeError: Cannot read properties of undefined (reading 'address')

    [0m [90m 344 |[39m     [90m// 鍙戦€侀獙璇佺爜[39m
     [90m 345 |[39m     [36mawait[39m request([36mthis[39m[33m.[39mserver)
    [31m[1m>[22m[39m[90m 346 |[39m       [33m.[39mpost([32m'/api/auth/send-code'[39m)
     [90m     |[39m        [31m[1m^[22m[39m
     [90m 347 |[39m       [33m.[39msend({ phone })[33m;[39m
     [90m 348 |[39m
     [90m 349 |[39m     [90m// 灏濊瘯鐧诲綍锛堝鏋滅敤鎴峰凡瀛樺湪锛?[39m[0m

      at Test.serverAddress (node_modules/supertest/lib/test.js:61:22)
      at new Test (node_modules/supertest/lib/test.js:49:14)
      at Object.obj.<computed> [as post] (node_modules/supertest/index.js:40:18)
      at AuthHelper.post [as createAndLogin] (tests/test-utils.js:346:8)
      at Object.createAndLogin (tests/aiController-enhanced.test.js:38:37)

  鈼?AI Controller Enhanced Tests 鈥?GET /api/ai/history - 鑾峰彇闂瓟鍘嗗彶 鈥?搴旇鎴愬姛鑾峰彇闂瓟鍘嗗彶

    TypeError: Cannot read properties of undefined (reading 'address')

    [0m [90m 344 |[39m     [90m// 鍙戦€侀獙璇佺爜[39m
     [90m 345 |[39m     [36mawait[39m request([36mthis[39m[33m.[39mserver)
    [31m[1m>[22m[39m[90m 346 |[39m       [33m.[39mpost([32m'/api/auth/send-code'[39m)
     [90m     |[39m        [31m[1m^[22m[39m
     [90m 347 |[39m       [33m.[39msend({ phone })[33m;[39m
     [90m 348 |[39m
     [90m 349 |[39m     [90m// 灏濊瘯鐧诲綍锛堝鏋滅敤鎴峰凡瀛樺湪锛?[39m[0m

      at Test.serverAddress (node_modules/supertest/lib/test.js:61:22)
      at new Test (node_modules/supertest/lib/test.js:49:14)
      at Object.obj.<computed> [as post] (node_modules/supertest/index.js:40:18)
      at AuthHelper.post [as createAndLogin] (tests/test-utils.js:346:8)
      at Object.createAndLogin (tests/aiController-enhanced.test.js:125:37)

  鈼?AI Controller Enhanced Tests 鈥?GET /api/ai/history - 鑾峰彇闂瓟鍘嗗彶 鈥?搴旇鏀寔鍒嗛〉鍙傛暟

    TypeError: Cannot read properties of undefined (reading 'address')

    [0m [90m 344 |[39m     [90m// 鍙戦€侀獙璇佺爜[39m
     [90m 345 |[39m     [36mawait[39m request([36mthis[39m[33m.[39mserver)
    [31m[1m>[22m[39m[90m 346 |[39m       [33m.[39mpost([32m'/api/auth/send-code'[39m)
     [90m     |[39m        [31m[1m^[22m[39m
     [90m 347 |[39m       [33m.[39msend({ phone })[33m;[39m
     [90m 348 |[39m
     [90m 349 |[39m     [90m// 灏濊瘯鐧诲綍锛堝鏋滅敤鎴峰凡瀛樺湪锛?[39m[0m

      at Test.serverAddress (node_modules/supertest/lib/test.js:61:22)
      at new Test (node_modules/supertest/lib/test.js:49:14)
      at Object.obj.<computed> [as post] (node_modules/supertest/index.js:40:18)
      at AuthHelper.post [as createAndLogin] (tests/test-utils.js:346:8)
      at Object.createAndLogin (tests/aiController-enhanced.test.js:125:37)

  鈼?AI Controller Enhanced Tests 鈥?GET /api/ai/history - 鑾峰彇闂瓟鍘嗗彶 鈥?搴旇鏀寔鎸夌鐩瓫閫?
    TypeError: Cannot read properties of undefined (reading 'address')

    [0m [90m 344 |[39m     [90m// 鍙戦€侀獙璇佺爜[39m
     [90m 345 |[39m     [36mawait[39m request([36mthis[39m[33m.[39mserver)
    [31m[1m>[22m[39m[90m 346 |[39m       [33m.[39mpost([32m'/api/auth/send-code'[39m)
     [90m     |[39m        [31m[1m^[22m[39m
     [90m 347 |[39m       [33m.[39msend({ phone })[33m;[39m
     [90m 348 |[39m
     [90m 349 |[39m     [90m// 灏濊瘯鐧诲綍锛堝鏋滅敤鎴峰凡瀛樺湪锛?[39m[0m

      at Test.serverAddress (node_modules/supertest/lib/test.js:61:22)
      at new Test (node_modules/supertest/lib/test.js:49:14)
      at Object.obj.<computed> [as post] (node_modules/supertest/index.js:40:18)
      at AuthHelper.post [as createAndLogin] (tests/test-utils.js:346:8)
      at Object.createAndLogin (tests/aiController-enhanced.test.js:125:37)

  鈼?AI Controller Enhanced Tests 鈥?GET /api/ai/history - 鑾峰彇闂瓟鍘嗗彶 鈥?搴旇鏀寔鎸夋椂闂磋寖鍥寸瓫閫?
    TypeError: Cannot read properties of undefined (reading 'address')

    [0m [90m 344 |[39m     [90m// 鍙戦€侀獙璇佺爜[39m
     [90m 345 |[39m     [36mawait[39m request([36mthis[39m[33m.[39mserver)
    [31m[1m>[22m[39m[90m 346 |[39m       [33m.[39mpost([32m'/api/auth/send-code'[39m)
     [90m     |[39m        [31m[1m^[22m[39m
     [90m 347 |[39m       [33m.[39msend({ phone })[33m;[39m
     [90m 348 |[39m
     [90m 349 |[39m     [90m// 灏濊瘯鐧诲綍锛堝鏋滅敤鎴峰凡瀛樺湪锛?[39m[0m

      at Test.serverAddress (node_modules/supertest/lib/test.js:61:22)
      at new Test (node_modules/supertest/lib/test.js:49:14)
      at Object.obj.<computed> [as post] (node_modules/supertest/index.js:40:18)
      at AuthHelper.post [as createAndLogin] (tests/test-utils.js:346:8)
      at Object.createAndLogin (tests/aiController-enhanced.test.js:125:37)

  鈼?AI Controller Enhanced Tests 鈥?GET /api/ai/history - 鑾峰彇闂瓟鍘嗗彶 鈥?搴旇鎷掔粷鏈璇佺殑璇锋眰

    TypeError: Cannot read properties of undefined (reading 'address')

    [0m [90m 344 |[39m     [90m// 鍙戦€侀獙璇佺爜[39m
     [90m 345 |[39m     [36mawait[39m request([36mthis[39m[33m.[39mserver)
    [31m[1m>[22m[39m[90m 346 |[39m       [33m.[39mpost([32m'/api/auth/send-code'[39m)
     [90m     |[39m        [31m[1m^[22m[39m
     [90m 347 |[39m       [33m.[39msend({ phone })[33m;[39m
     [90m 348 |[39m
     [90m 349 |[39m     [90m// 灏濊瘯鐧诲綍锛堝鏋滅敤鎴峰凡瀛樺湪锛?[39m[0m

      at Test.serverAddress (node_modules/supertest/lib/test.js:61:22)
      at new Test (node_modules/supertest/lib/test.js:49:14)
      at Object.obj.<computed> [as post] (node_modules/supertest/index.js:40:18)
      at AuthHelper.post [as createAndLogin] (tests/test-utils.js:346:8)
      at Object.createAndLogin (tests/aiController-enhanced.test.js:125:37)

  鈼?AI Controller Enhanced Tests 鈥?GET /api/ai/search - 鎼滅储闂瓟璁板綍 鈥?搴旇鎴愬姛鎼滅储闂瓟璁板綍

    TypeError: Cannot read properties of undefined (reading 'address')

    [0m [90m 344 |[39m     [90m// 鍙戦€侀獙璇佺爜[39m
     [90m 345 |[39m     [36mawait[39m request([36mthis[39m[33m.[39mserver)
    [31m[1m>[22m[39m[90m 346 |[39m       [33m.[39mpost([32m'/api/auth/send-code'[39m)
     [90m     |[39m        [31m[1m^[22m[39m
     [90m 347 |[39m       [33m.[39msend({ phone })[33m;[39m
     [90m 348 |[39m
     [90m 349 |[39m     [90m// 灏濊瘯鐧诲綍锛堝鏋滅敤鎴峰凡瀛樺湪锛?[39m[0m

      at Test.serverAddress (node_modules/supertest/lib/test.js:61:22)
      at new Test (node_modules/supertest/lib/test.js:49:14)
      at Object.obj.<computed> [as post] (node_modules/supertest/index.js:40:18)
      at AuthHelper.post [as createAndLogin] (tests/test-utils.js:346:8)
      at Object.createAndLogin (tests/aiController-enhanced.test.js:179:37)

  鈼?AI Controller Enhanced Tests 鈥?GET /api/ai/search - 鎼滅储闂瓟璁板綍 鈥?搴旇鏀寔绌烘煡璇㈣繑鍥炴墍鏈夎褰?
    TypeError: Cannot read properties of undefined (reading 'address')

    [0m [90m 344 |[39m     [90m// 鍙戦€侀獙璇佺爜[39m
     [90m 345 |[39m     [36mawait[39m request([36mthis[39m[33m.[39mserver)
    [31m[1m>[22m[39m[90m 346 |[39m       [33m.[39mpost([32m'/api/auth/send-code'[39m)
     [90m     |[39m        [31m[1m^[22m[39m
     [90m 347 |[39m       [33m.[39msend({ phone })[33m;[39m
     [90m 348 |[39m
     [90m 349 |[39m     [90m// 灏濊瘯鐧诲綍锛堝鏋滅敤鎴峰凡瀛樺湪锛?[39m[0m

      at Test.serverAddress (node_modules/supertest/lib/test.js:61:22)
      at new Test (node_modules/supertest/lib/test.js:49:14)
      at Object.obj.<computed> [as post] (node_modules/supertest/index.js:40:18)
      at AuthHelper.post [as createAndLogin] (tests/test-utils.js:346:8)
      at Object.createAndLogin (tests/aiController-enhanced.test.js:179:37)

  鈼?AI Controller Enhanced Tests 鈥?GET /api/ai/search - 鎼滅储闂瓟璁板綍 鈥?搴旇鏀寔鍒嗛〉

    TypeError: Cannot read properties of undefined (reading 'address')

    [0m [90m 344 |[39m     [90m// 鍙戦€侀獙璇佺爜[39m
     [90m 345 |[39m     [36mawait[39m request([36mthis[39m[33m.[39mserver)
    [31m[1m>[22m[39m[90m 346 |[39m       [33m.[39mpost([32m'/api/auth/send-code'[39m)
     [90m     |[39m        [31m[1m^[22m[39m
     [90m 347 |[39m       [33m.[39msend({ phone })[33m;[39m
     [90m 348 |[39m
     [90m 349 |[39m     [90m// 灏濊瘯鐧诲綍锛堝鏋滅敤鎴峰凡瀛樺湪锛?[39m[0m

      at Test.serverAddress (node_modules/supertest/lib/test.js:61:22)
      at new Test (node_modules/supertest/lib/test.js:49:14)
      at Object.obj.<computed> [as post] (node_modules/supertest/index.js:40:18)
      at AuthHelper.post [as createAndLogin] (tests/test-utils.js:346:8)
      at Object.createAndLogin (tests/aiController-enhanced.test.js:179:37)

  鈼?AI Controller Enhanced Tests 鈥?GET /api/ai/search - 鎼滅储闂瓟璁板綍 鈥?搴旇鎷掔粷鏈璇佺殑璇锋眰

    TypeError: Cannot read properties of undefined (reading 'address')

    [0m [90m 344 |[39m     [90m// 鍙戦€侀獙璇佺爜[39m
     [90m 345 |[39m     [36mawait[39m request([36mthis[39m[33m.[39mserver)
    [31m[1m>[22m[39m[90m 346 |[39m       [33m.[39mpost([32m'/api/auth/send-code'[39m)
     [90m     |[39m        [31m[1m^[22m[39m
     [90m 347 |[39m       [33m.[39msend({ phone })[33m;[39m
     [90m 348 |[39m
     [90m 349 |[39m     [90m// 灏濊瘯鐧诲綍锛堝鏋滅敤鎴峰凡瀛樺湪锛?[39m[0m

      at Test.serverAddress (node_modules/supertest/lib/test.js:61:22)
      at new Test (node_modules/supertest/lib/test.js:49:14)
      at Object.obj.<computed> [as post] (node_modules/supertest/index.js:40:18)
      at AuthHelper.post [as createAndLogin] (tests/test-utils.js:346:8)
      at Object.createAndLogin (tests/aiController-enhanced.test.js:179:37)

  鈼?AI Controller Enhanced Tests 鈥?DELETE /api/ai/:id - 鍒犻櫎闂瓟璁板綍 鈥?搴旇鎴愬姛鍒犻櫎闂瓟璁板綍

    TypeError: Cannot read properties of undefined (reading 'address')

    [0m [90m 344 |[39m     [90m// 鍙戦€侀獙璇佺爜[39m
     [90m 345 |[39m     [36mawait[39m request([36mthis[39m[33m.[39mserver)
    [31m[1m>[22m[39m[90m 346 |[39m       [33m.[39mpost([32m'/api/auth/send-code'[39m)
     [90m     |[39m        [31m[1m^[22m[39m
     [90m 347 |[39m       [33m.[39msend({ phone })[33m;[39m
     [90m 348 |[39m
     [90m 349 |[39m     [90m// 灏濊瘯鐧诲綍锛堝鏋滅敤鎴峰凡瀛樺湪锛?[39m[0m

      at Test.serverAddress (node_modules/supertest/lib/test.js:61:22)
      at new Test (node_modules/supertest/lib/test.js:49:14)
      at Object.obj.<computed> [as post] (node_modules/supertest/index.js:40:18)
      at AuthHelper.post [as createAndLogin] (tests/test-utils.js:346:8)
      at Object.createAndLogin (tests/aiController-enhanced.test.js:221:37)

  鈼?AI Controller Enhanced Tests 鈥?DELETE /api/ai/:id - 鍒犻櫎闂瓟璁板綍 鈥?搴旇鎷掔粷鍒犻櫎涓嶅瓨鍦ㄧ殑璁板綍

    TypeError: Cannot read properties of undefined (reading 'address')

    [0m [90m 344 |[39m     [90m// 鍙戦€侀獙璇佺爜[39m
     [90m 345 |[39m     [36mawait[39m request([36mthis[39m[33m.[39mserver)
    [31m[1m>[22m[39m[90m 346 |[39m       [33m.[39mpost([32m'/api/auth/send-code'[39m)
     [90m     |[39m        [31m[1m^[22m[39m
     [90m 347 |[39m       [33m.[39msend({ phone })[33m;[39m
     [90m 348 |[39m
     [90m 349 |[39m     [90m// 灏濊瘯鐧诲綍锛堝鏋滅敤鎴峰凡瀛樺湪锛?[39m[0m

      at Test.serverAddress (node_modules/supertest/lib/test.js:61:22)
      at new Test (node_modules/supertest/lib/test.js:49:14)
      at Object.obj.<computed> [as post] (node_modules/supertest/index.js:40:18)
      at AuthHelper.post [as createAndLogin] (tests/test-utils.js:346:8)
      at Object.createAndLogin (tests/aiController-enhanced.test.js:221:37)

  鈼?AI Controller Enhanced Tests 鈥?DELETE /api/ai/:id - 鍒犻櫎闂瓟璁板綍 鈥?搴旇鎷掔粷鏈璇佺殑璇锋眰

    TypeError: Cannot read properties of undefined (reading 'address')

    [0m [90m 344 |[39m     [90m// 鍙戦€侀獙璇佺爜[39m
     [90m 345 |[39m     [36mawait[39m request([36mthis[39m[33m.[39mserver)
    [31m[1m>[22m[39m[90m 346 |[39m       [33m.[39mpost([32m'/api/auth/send-code'[39m)
     [90m     |[39m        [31m[1m^[22m[39m
     [90m 347 |[39m       [33m.[39msend({ phone })[33m;[39m
     [90m 348 |[39m
     [90m 349 |[39m     [90m// 灏濊瘯鐧诲綍锛堝鏋滅敤鎴峰凡瀛樺湪锛?[39m[0m

      at Test.serverAddress (node_modules/supertest/lib/test.js:61:22)
      at new Test (node_modules/supertest/lib/test.js:49:14)
      at Object.obj.<computed> [as post] (node_modules/supertest/index.js:40:18)
      at AuthHelper.post [as createAndLogin] (tests/test-utils.js:346:8)
      at Object.createAndLogin (tests/aiController-enhanced.test.js:221:37)

  鈼?AI Controller Enhanced Tests 鈥?杈圭晫鍦烘櫙娴嬭瘯 鈥?搴旇澶勭悊鐗规畩瀛楃

    TypeError: Cannot read properties of undefined (reading 'address')

    [0m [90m 344 |[39m     [90m// 鍙戦€侀獙璇佺爜[39m
     [90m 345 |[39m     [36mawait[39m request([36mthis[39m[33m.[39mserver)
    [31m[1m>[22m[39m[90m 346 |[39m       [33m.[39mpost([32m'/api/auth/send-code'[39m)
     [90m     |[39m        [31m[1m^[22m[39m
     [90m 347 |[39m       [33m.[39msend({ phone })[33m;[39m
     [90m 348 |[39m
     [90m 349 |[39m     [90m// 灏濊瘯鐧诲綍锛堝鏋滅敤鎴峰凡瀛樺湪锛?[39m[0m

      at Test.serverAddress (node_modules/supertest/lib/test.js:61:22)
      at new Test (node_modules/supertest/lib/test.js:49:14)
      at Object.obj.<computed> [as post] (node_modules/supertest/index.js:40:18)
      at AuthHelper.post [as createAndLogin] (tests/test-utils.js:346:8)
      at Object.createAndLogin (tests/aiController-enhanced.test.js:272:37)

  鈼?AI Controller Enhanced Tests 鈥?杈圭晫鍦烘櫙娴嬭瘯 鈥?搴旇澶勭悊 Unicode 瀛楃

    TypeError: Cannot read properties of undefined (reading 'address')

    [0m [90m 344 |[39m     [90m// 鍙戦€侀獙璇佺爜[39m
     [90m 345 |[39m     [36mawait[39m request([36mthis[39m[33m.[39mserver)
    [31m[1m>[22m[39m[90m 346 |[39m       [33m.[39mpost([32m'/api/auth/send-code'[39m)
     [90m     |[39m        [31m[1m^[22m[39m
     [90m 347 |[39m       [33m.[39msend({ phone })[33m;[39m
     [90m 348 |[39m
     [90m 349 |[39m     [90m// 灏濊瘯鐧诲綍锛堝鏋滅敤鎴峰凡瀛樺湪锛?[39m[0m

      at Test.serverAddress (node_modules/supertest/lib/test.js:61:22)
      at new Test (node_modules/supertest/lib/test.js:49:14)
      at Object.obj.<computed> [as post] (node_modules/supertest/index.js:40:18)
      at AuthHelper.post [as createAndLogin] (tests/test-utils.js:346:8)
      at Object.createAndLogin (tests/aiController-enhanced.test.js:272:37)

  鈼?AI Controller Enhanced Tests 鈥?杈圭晫鍦烘櫙娴嬭瘯 鈥?搴旇澶勭悊 SQL 娉ㄥ叆灏濊瘯

    TypeError: Cannot read properties of undefined (reading 'address')

    [0m [90m 344 |[39m     [90m// 鍙戦€侀獙璇佺爜[39m
     [90m 345 |[39m     [36mawait[39m request([36mthis[39m[33m.[39mserver)
    [31m[1m>[22m[39m[90m 346 |[39m       [33m.[39mpost([32m'/api/auth/send-code'[39m)
     [90m     |[39m        [31m[1m^[22m[39m
     [90m 347 |[39m       [33m.[39msend({ phone })[33m;[39m
     [90m 348 |[39m
     [90m 349 |[39m     [90m// 灏濊瘯鐧诲綍锛堝鏋滅敤鎴峰凡瀛樺湪锛?[39m[0m

      at Test.serverAddress (node_modules/supertest/lib/test.js:61:22)
      at new Test (node_modules/supertest/lib/test.js:49:14)
      at Object.obj.<computed> [as post] (node_modules/supertest/index.js:40:18)
      at AuthHelper.post [as createAndLogin] (tests/test-utils.js:346:8)
      at Object.createAndLogin (tests/aiController-enhanced.test.js:272:37)

  鈼?AI Controller Enhanced Tests 鈥?杈圭晫鍦烘櫙娴嬭瘯 鈥?搴旇澶勭悊骞跺彂璇锋眰

    TypeError: Cannot read properties of undefined (reading 'address')

    [0m [90m 344 |[39m     [90m// 鍙戦€侀獙璇佺爜[39m
     [90m 345 |[39m     [36mawait[39m request([36mthis[39m[33m.[39mserver)
    [31m[1m>[22m[39m[90m 346 |[39m       [33m.[39mpost([32m'/api/auth/send-code'[39m)
     [90m     |[39m        [31m[1m^[22m[39m
     [90m 347 |[39m       [33m.[39msend({ phone })[33m;[39m
     [90m 348 |[39m
     [90m 349 |[39m     [90m// 灏濊瘯鐧诲綍锛堝鏋滅敤鎴峰凡瀛樺湪锛?[39m[0m

      at Test.serverAddress (node_modules/supertest/lib/test.js:61:22)
      at new Test (node_modules/supertest/lib/test.js:49:14)
      at Object.obj.<computed> [as post] (node_modules/supertest/index.js:40:18)
      at AuthHelper.post [as createAndLogin] (tests/test-utils.js:346:8)
      at Object.createAndLogin (tests/aiController-enhanced.test.js:272:37)

  鈼?AI Controller Enhanced Tests 鈥?鏁版嵁楠岃瘉娴嬭瘯 鈥?搴旇鎷掔粷鏃犳晥绉戠洰

    TypeError: Cannot read properties of undefined (reading 'address')

    [0m [90m 344 |[39m     [90m// 鍙戦€侀獙璇佺爜[39m
     [90m 345 |[39m     [36mawait[39m request([36mthis[39m[33m.[39mserver)
    [31m[1m>[22m[39m[90m 346 |[39m       [33m.[39mpost([32m'/api/auth/send-code'[39m)
     [90m     |[39m        [31m[1m^[22m[39m
     [90m 347 |[39m       [33m.[39msend({ phone })[33m;[39m
     [90m 348 |[39m
     [90m 349 |[39m     [90m// 灏濊瘯鐧诲綍锛堝鏋滅敤鎴峰凡瀛樺湪锛?[39m[0m

      at Test.serverAddress (node_modules/supertest/lib/test.js:61:22)
      at new Test (node_modules/supertest/lib/test.js:49:14)
      at Object.obj.<computed> [as post] (node_modules/supertest/index.js:40:18)
      at AuthHelper.post [as createAndLogin] (tests/test-utils.js:346:8)
      at Object.createAndLogin (tests/aiController-enhanced.test.js:335:37)

  鈼?AI Controller Enhanced Tests 鈥?鏁版嵁楠岃瘉娴嬭瘯 鈥?搴旇澶勭悊 null 鍊?
    TypeError: Cannot read properties of undefined (reading 'address')

    [0m [90m 344 |[39m     [90m// 鍙戦€侀獙璇佺爜[39m
     [90m 345 |[39m     [36mawait[39m request([36mthis[39m[33m.[39mserver)
    [31m[1m>[22m[39m[90m 346 |[39m       [33m.[39mpost([32m'/api/auth/send-code'[39m)
     [90m     |[39m        [31m[1m^[22m[39m
     [90m 347 |[39m       [33m.[39msend({ phone })[33m;[39m
     [90m 348 |[39m
     [90m 349 |[39m     [90m// 灏濊瘯鐧诲綍锛堝鏋滅敤鎴峰凡瀛樺湪锛?[39m[0m

      at Test.serverAddress (node_modules/supertest/lib/test.js:61:22)
      at new Test (node_modules/supertest/lib/test.js:49:14)
      at Object.obj.<computed> [as post] (node_modules/supertest/index.js:40:18)
      at AuthHelper.post [as createAndLogin] (tests/test-utils.js:346:8)
      at Object.createAndLogin (tests/aiController-enhanced.test.js:335:37)

  鈼?AI Controller Enhanced Tests 鈥?鏁版嵁楠岃瘉娴嬭瘯 鈥?搴旇澶勭悊 undefined 鍊?
    TypeError: Cannot read properties of undefined (reading 'address')

    [0m [90m 344 |[39m     [90m// 鍙戦€侀獙璇佺爜[39m
     [90m 345 |[39m     [36mawait[39m request([36mthis[39m[33m.[39mserver)
    [31m[1m>[22m[39m[90m 346 |[39m       [33m.[39mpost([32m'/api/auth/send-code'[39m)
     [90m     |[39m        [31m[1m^[22m[39m
     [90m 347 |[39m       [33m.[39msend({ phone })[33m;[39m
     [90m 348 |[39m
     [90m 349 |[39m     [90m// 灏濊瘯鐧诲綍锛堝鏋滅敤鎴峰凡瀛樺湪锛?[39m[0m

      at Test.serverAddress (node_modules/supertest/lib/test.js:61:22)
      at new Test (node_modules/supertest/lib/test.js:49:14)
      at Object.obj.<computed> [as post] (node_modules/supertest/index.js:40:18)
      at AuthHelper.post [as createAndLogin] (tests/test-utils.js:346:8)
      at Object.createAndLogin (tests/aiController-enhanced.test.js:335:37)

  console.log
    馃И 娴嬭瘯鐜宸查厤缃細TEST_MODE=true, DATABASE_PATH=E:\openclaw\workspace-studyass-mgr\backend\test-temp-19896.db

      at Object.<anonymous> (jest.setup.js:33:9)

  console.error
    [DB] 鍒涘缓绱㈠紩澶辫触: CREATE INDEX IF NOT EXISTS idx_points_ledger_user ON points_ledger(user_id) no such table: main.points_ledger

    [0m [90m 150 |[39m       db[33m.[39mexec(sql)[33m;[39m
     [90m 151 |[39m     } [36mcatch[39m (err) {
    [31m[1m>[22m[39m[90m 152 |[39m       console[33m.[39merror([32m'[DB] 鍒涘缓绱㈠紩澶辫触:'[39m[33m,[39m sql[33m,[39m err[33m.[39mmessage)[33m;[39m
     [90m     |[39m               [31m[1m^[22m[39m
     [90m 153 |[39m     }
     [90m 154 |[39m   }
     [90m 155 |[39m[0m

      at error (src/database/optimized-queries.js:152:15)
      at Object.createOptimizedIndexes (src/server.js:58:3)
      at Object.require (tests/edge-cases.test.js:16:9)

  console.error
    [DB] 鍒涘缓绱㈠紩澶辫触: CREATE INDEX IF NOT EXISTS idx_points_ledger_created ON points_ledger(created_at) no such table: main.points_ledger

    [0m [90m 150 |[39m       db[33m.[39mexec(sql)[33m;[39m
     [90m 151 |[39m     } [36mcatch[39m (err) {
    [31m[1m>[22m[39m[90m 152 |[39m       console[33m.[39merror([32m'[DB] 鍒涘缓绱㈠紩澶辫触:'[39m[33m,[39m sql[33m,[39m err[33m.[39mmessage)[33m;[39m
     [90m     |[39m               [31m[1m^[22m[39m
     [90m 153 |[39m     }
     [90m 154 |[39m   }
     [90m 155 |[39m[0m

      at error (src/database/optimized-queries.js:152:15)
      at Object.createOptimizedIndexes (src/server.js:58:3)
      at Object.require (tests/edge-cases.test.js:16:9)

  console.error
    [DB] 鍒涘缓绱㈠紩澶辫触: CREATE INDEX IF NOT EXISTS idx_practice_sessions_user ON practice_sessions(user_id) no such table: main.practice_sessions

    [0m [90m 150 |[39m       db[33m.[39mexec(sql)[33m;[39m
     [90m 151 |[39m     } [36mcatch[39m (err) {
    [31m[1m>[22m[39m[90m 152 |[39m       console[33m.[39merror([32m'[DB] 鍒涘缓绱㈠紩澶辫触:'[39m[33m,[39m sql[33m,[39m err[33m.[39mmessage)[33m;[39m
     [90m     |[39m               [31m[1m^[22m[39m
     [90m 153 |[39m     }
     [90m 154 |[39m   }
     [90m 155 |[39m[0m

      at error (src/database/optimized-queries.js:152:15)
      at Object.createOptimizedIndexes (src/server.js:58:3)
      at Object.require (tests/edge-cases.test.js:16:9)

  console.error
    [DB] 鍒涘缓绱㈠紩澶辫触: CREATE INDEX IF NOT EXISTS idx_practice_sessions_status ON practice_sessions(status) no such table: main.practice_sessions

    [0m [90m 150 |[39m       db[33m.[39mexec(sql)[33m;[39m
     [90m 151 |[39m     } [36mcatch[39m (err) {
    [31m[1m>[22m[39m[90m 152 |[39m       console[33m.[39merror([32m'[DB] 鍒涘缓绱㈠紩澶辫触:'[39m[33m,[39m sql[33m,[39m err[33m.[39mmessage)[33m;[39m
     [90m     |[39m               [31m[1m^[22m[39m
     [90m 153 |[39m     }
     [90m 154 |[39m   }
     [90m 155 |[39m[0m

      at error (src/database/optimized-queries.js:152:15)
      at Object.createOptimizedIndexes (src/server.js:58:3)
      at Object.require (tests/edge-cases.test.js:16:9)

  console.error
    [DB] 鍒涘缓绱㈠紩澶辫触: CREATE INDEX IF NOT EXISTS idx_points_ledger_user_created ON points_ledger(user_id, created_at) no such table: main.points_ledger

    [0m [90m 150 |[39m       db[33m.[39mexec(sql)[33m;[39m
     [90m 151 |[39m     } [36mcatch[39m (err) {
    [31m[1m>[22m[39m[90m 152 |[39m       console[33m.[39merror([32m'[DB] 鍒涘缓绱㈠紩澶辫触:'[39m[33m,[39m sql[33m,[39m err[33m.[39mmessage)[33m;[39m
     [90m     |[39m               [31m[1m^[22m[39m
     [90m 153 |[39m     }
     [90m 154 |[39m   }
     [90m 155 |[39m[0m

      at error (src/database/optimized-queries.js:152:15)
      at Object.createOptimizedIndexes (src/server.js:58:3)
      at Object.require (tests/edge-cases.test.js:16:9)

  console.log
    [DB] 鏁版嵁搴撶储寮曚紭鍖栧畬鎴?
      at log (src/database/optimized-queries.js:156:11)

  console.log
    馃搳 Prometheus 鎸囨爣宸插垵濮嬪寲 (port=9090, path=/metrics)

      at PrometheusExporter.log [as init] (src/modules/monitoring/PrometheusExporter.js:51:13)

  console.error
    鉂?Prometheus 鏈嶅姟鍣ㄩ敊璇? listen EADDRINUSE: address already in use :::9090

    [0m [90m 171 |[39m
     [90m 172 |[39m     [36mthis[39m[33m.[39mserver[33m.[39mon([32m'error'[39m[33m,[39m (error) [33m=>[39m {
    [31m[1m>[22m[39m[90m 173 |[39m       console[33m.[39merror([32m'鉂?Prometheus 鏈嶅姟鍣ㄩ敊璇?'[39m[33m,[39m error[33m.[39mmessage)[33m;[39m
     [90m     |[39m               [31m[1m^[22m[39m
     [90m 174 |[39m     })[33m;[39m
     [90m 175 |[39m   }
     [90m 176 |[39m[0m

      at Server.error (src/modules/monitoring/PrometheusExporter.js:173:15)


  鈼? Cannot log after tests are done. Did you forget to wait for something async in your test?
    Attempted to log "鉁?Redis 鎺掕姒滅紦瀛樺凡杩炴帴".

    [0m [90m 21 |[39m
     [90m 22 |[39m     [36mthis[39m[33m.[39mredis[33m.[39mon([32m'connect'[39m[33m,[39m () [33m=>[39m {
    [31m[1m>[22m[39m[90m 23 |[39m       console[33m.[39mlog([32m'鉁?Redis 鎺掕姒滅紦瀛樺凡杩炴帴'[39m)[33m;[39m
     [90m    |[39m               [31m[1m^[22m[39m
     [90m 24 |[39m     })[33m;[39m
     [90m 25 |[39m
     [90m 26 |[39m     [90m// 缂撳瓨杩囨湡鏃堕棿锛堢锛?[39m[0m

      at console.log (node_modules/@jest/console/build/CustomConsole.js:141:10)
      at EventEmitter.log (src/modules/leaderboard/LeaderboardCache.js:23:15)

  console.warn
    [WARN] This Redis server's `default` user does not require a password, but a password was supplied

      at node_modules/ioredis/built/redis/event_handler.js:28:33
      at tryCatcher (node_modules/standard-as-callback/built/utils.js:12:23)
      at node_modules/standard-as-callback/built/index.js:33:51

  console.warn
    [WARN] This Redis server's `default` user does not require a password, but a password was supplied

      at node_modules/ioredis/built/redis/event_handler.js:28:33
      at tryCatcher (node_modules/standard-as-callback/built/utils.js:12:23)
      at node_modules/standard-as-callback/built/index.js:33:51

FAIL tests/edge-cases.test.js
  Edge Cases and Boundary Tests
    HTTP 鏂规硶娴嬭瘯
      脳 搴旇鎷掔粷涓嶆敮鎸佺殑 HTTP 鏂规硶 (6 ms)
      脳 搴旇澶勭悊 OPTIONS 棰勬璇锋眰 (14 ms)
      脳 搴旇澶勭悊 HEAD 璇锋眰 (6 ms)
    Content-Type 娴嬭瘯
      脳 搴旇鎺ュ彈 application/json (5 ms)
      脳 搴旇鎷掔粷閿欒鐨?Content-Type (2 ms)
    璇锋眰澶у皬娴嬭瘯
      脳 搴旇澶勭悊澶ц姹備綋 (4 ms)
      脳 搴旇澶勭悊瓒呭ぇ璇锋眰浣?(4 ms)
    骞跺彂璇锋眰娴嬭瘯
      脳 搴旇澶勭悊骞跺彂鐧诲綍璇锋眰 (2 ms)
      脳 搴旇澶勭悊骞跺彂鏁版嵁鍒涘缓 (3 ms)
    璁よ瘉杈圭晫娴嬭瘯
      脳 搴旇澶勭悊鏍煎紡閿欒鐨?Bearer token (5 ms)
      脳 搴旇澶勭悊缂哄皯 Bearer 鍓嶇紑 (5 ms)
      脳 搴旇澶勭悊澶氫釜 Authorization 澶?(3 ms)
      脳 搴旇澶勭悊绌?Authorization 澶?(25 ms)
    璺敱娴嬭瘯
      脳 搴旇杩斿洖 404 瀵逛簬涓嶅瓨鍦ㄧ殑璺敱 (5 ms)
      脳 搴旇杩斿洖 404 瀵逛簬娣卞眰涓嶅瓨鍦ㄧ殑璺敱 (6 ms)
      脳 搴旇澶勭悊鏍硅矾寰?(3 ms)
      脳 搴旇澶勭悊甯﹀熬闅忔枩鏉犵殑璺敱 (14 ms)
    鍙傛暟楠岃瘉娴嬭瘯
      脳 搴旇澶勭悊璐熸暟鍒嗛〉鍙傛暟 (3 ms)
      脳 搴旇澶勭悊闆跺垎椤靛弬鏁?(4 ms)
      脳 搴旇澶勭悊瓒呭ぇ鍒嗛〉鍙傛暟 (3 ms)
      脳 搴旇澶勭悊闈炴暟瀛楀垎椤靛弬鏁?(8 ms)
    鍋ュ悍妫€鏌ョ鐐?      脳 搴旇杩斿洖鍋ュ悍鐘舵€?(5 ms)
      脳 搴旇鍖呭惈鏈嶅姟淇℃伅 (26 ms)
    CORS 娴嬭瘯
      脳 搴旇鍖呭惈 CORS 澶?(5 ms)

  鈼?Edge Cases and Boundary Tests 鈥?HTTP 鏂规硶娴嬭瘯 鈥?搴旇鎷掔粷涓嶆敮鎸佺殑 HTTP 鏂规硶

    TypeError: Cannot read properties of undefined (reading 'address')

    [0m [90m 344 |[39m     [90m// 鍙戦€侀獙璇佺爜[39m
     [90m 345 |[39m     [36mawait[39m request([36mthis[39m[33m.[39mserver)
    [31m[1m>[22m[39m[90m 346 |[39m       [33m.[39mpost([32m'/api/auth/send-code'[39m)
     [90m     |[39m        [31m[1m^[22m[39m
     [90m 347 |[39m       [33m.[39msend({ phone })[33m;[39m
     [90m 348 |[39m
     [90m 349 |[39m     [90m// 灏濊瘯鐧诲綍锛堝鏋滅敤鎴峰凡瀛樺湪锛?[39m[0m

      at Test.serverAddress (node_modules/supertest/lib/test.js:61:22)
      at new Test (node_modules/supertest/lib/test.js:49:14)
      at Object.obj.<computed> [as post] (node_modules/supertest/index.js:40:18)
      at AuthHelper.post [as createAndLogin] (tests/test-utils.js:346:8)
      at Object.createAndLogin (tests/edge-cases.test.js:38:37)

  鈼?Edge Cases and Boundary Tests 鈥?HTTP 鏂规硶娴嬭瘯 鈥?搴旇澶勭悊 OPTIONS 棰勬璇锋眰

    TypeError: Cannot read properties of undefined (reading 'address')

    [0m [90m 344 |[39m     [90m// 鍙戦€侀獙璇佺爜[39m
     [90m 345 |[39m     [36mawait[39m request([36mthis[39m[33m.[39mserver)
    [31m[1m>[22m[39m[90m 346 |[39m       [33m.[39mpost([32m'/api/auth/send-code'[39m)
     [90m     |[39m        [31m[1m^[22m[39m
     [90m 347 |[39m       [33m.[39msend({ phone })[33m;[39m
     [90m 348 |[39m
     [90m 349 |[39m     [90m// 灏濊瘯鐧诲綍锛堝鏋滅敤鎴峰凡瀛樺湪锛?[39m[0m

      at Test.serverAddress (node_modules/supertest/lib/test.js:61:22)
      at new Test (node_modules/supertest/lib/test.js:49:14)
      at Object.obj.<computed> [as post] (node_modules/supertest/index.js:40:18)
      at AuthHelper.post [as createAndLogin] (tests/test-utils.js:346:8)
      at Object.createAndLogin (tests/edge-cases.test.js:38:37)

  鈼?Edge Cases and Boundary Tests 鈥?HTTP 鏂规硶娴嬭瘯 鈥?搴旇澶勭悊 HEAD 璇锋眰

    TypeError: Cannot read properties of undefined (reading 'address')

    [0m [90m 344 |[39m     [90m// 鍙戦€侀獙璇佺爜[39m
     [90m 345 |[39m     [36mawait[39m request([36mthis[39m[33m.[39mserver)
    [31m[1m>[22m[39m[90m 346 |[39m       [33m.[39mpost([32m'/api/auth/send-code'[39m)
     [90m     |[39m        [31m[1m^[22m[39m
     [90m 347 |[39m       [33m.[39msend({ phone })[33m;[39m
     [90m 348 |[39m
     [90m 349 |[39m     [90m// 灏濊瘯鐧诲綍锛堝鏋滅敤鎴峰凡瀛樺湪锛?[39m[0m

      at Test.serverAddress (node_modules/supertest/lib/test.js:61:22)
      at new Test (node_modules/supertest/lib/test.js:49:14)
      at Object.obj.<computed> [as post] (node_modules/supertest/index.js:40:18)
      at AuthHelper.post [as createAndLogin] (tests/test-utils.js:346:8)
      at Object.createAndLogin (tests/edge-cases.test.js:38:37)

  鈼?Edge Cases and Boundary Tests 鈥?Content-Type 娴嬭瘯 鈥?搴旇鎺ュ彈 application/json

    TypeError: Cannot read properties of undefined (reading 'address')

    [0m [90m 344 |[39m     [90m// 鍙戦€侀獙璇佺爜[39m
     [90m 345 |[39m     [36mawait[39m request([36mthis[39m[33m.[39mserver)
    [31m[1m>[22m[39m[90m 346 |[39m       [33m.[39mpost([32m'/api/auth/send-code'[39m)
     [90m     |[39m        [31m[1m^[22m[39m
     [90m 347 |[39m       [33m.[39msend({ phone })[33m;[39m
     [90m 348 |[39m
     [90m 349 |[39m     [90m// 灏濊瘯鐧诲綍锛堝鏋滅敤鎴峰凡瀛樺湪锛?[39m[0m

      at Test.serverAddress (node_modules/supertest/lib/test.js:61:22)
      at new Test (node_modules/supertest/lib/test.js:49:14)
      at Object.obj.<computed> [as post] (node_modules/supertest/index.js:40:18)
      at AuthHelper.post [as createAndLogin] (tests/test-utils.js:346:8)
      at Object.createAndLogin (tests/edge-cases.test.js:70:37)

  鈼?Edge Cases and Boundary Tests 鈥?Content-Type 娴嬭瘯 鈥?搴旇鎷掔粷閿欒鐨?Content-Type

    TypeError: Cannot read properties of undefined (reading 'address')

    [0m [90m 344 |[39m     [90m// 鍙戦€侀獙璇佺爜[39m
     [90m 345 |[39m     [36mawait[39m request([36mthis[39m[33m.[39mserver)
    [31m[1m>[22m[39m[90m 346 |[39m       [33m.[39mpost([32m'/api/auth/send-code'[39m)
     [90m     |[39m        [31m[1m^[22m[39m
     [90m 347 |[39m       [33m.[39msend({ phone })[33m;[39m
     [90m 348 |[39m
     [90m 349 |[39m     [90m// 灏濊瘯鐧诲綍锛堝鏋滅敤鎴峰凡瀛樺湪锛?[39m[0m

      at Test.serverAddress (node_modules/supertest/lib/test.js:61:22)
      at new Test (node_modules/supertest/lib/test.js:49:14)
      at Object.obj.<computed> [as post] (node_modules/supertest/index.js:40:18)
      at AuthHelper.post [as createAndLogin] (tests/test-utils.js:346:8)
      at Object.createAndLogin (tests/edge-cases.test.js:70:37)

  鈼?Edge Cases and Boundary Tests 鈥?璇锋眰澶у皬娴嬭瘯 鈥?搴旇澶勭悊澶ц姹備綋

    TypeError: Cannot read properties of undefined (reading 'address')

    [0m [90m 344 |[39m     [90m// 鍙戦€侀獙璇佺爜[39m
     [90m 345 |[39m     [36mawait[39m request([36mthis[39m[33m.[39mserver)
    [31m[1m>[22m[39m[90m 346 |[39m       [33m.[39mpost([32m'/api/auth/send-code'[39m)
     [90m     |[39m        [31m[1m^[22m[39m
     [90m 347 |[39m       [33m.[39msend({ phone })[33m;[39m
     [90m 348 |[39m
     [90m 349 |[39m     [90m// 灏濊瘯鐧诲綍锛堝鏋滅敤鎴峰凡瀛樺湪锛?[39m[0m

      at Test.serverAddress (node_modules/supertest/lib/test.js:61:22)
      at new Test (node_modules/supertest/lib/test.js:49:14)
      at Object.obj.<computed> [as post] (node_modules/supertest/index.js:40:18)
      at AuthHelper.post [as createAndLogin] (tests/test-utils.js:346:8)
      at Object.createAndLogin (tests/edge-cases.test.js:97:37)

  鈼?Edge Cases and Boundary Tests 鈥?璇锋眰澶у皬娴嬭瘯 鈥?搴旇澶勭悊瓒呭ぇ璇锋眰浣?
    TypeError: Cannot read properties of undefined (reading 'address')

    [0m [90m 344 |[39m     [90m// 鍙戦€侀獙璇佺爜[39m
     [90m 345 |[39m     [36mawait[39m request([36mthis[39m[33m.[39mserver)
    [31m[1m>[22m[39m[90m 346 |[39m       [33m.[39mpost([32m'/api/auth/send-code'[39m)
     [90m     |[39m        [31m[1m^[22m[39m
     [90m 347 |[39m       [33m.[39msend({ phone })[33m;[39m
     [90m 348 |[39m
     [90m 349 |[39m     [90m// 灏濊瘯鐧诲綍锛堝鏋滅敤鎴峰凡瀛樺湪锛?[39m[0m

      at Test.serverAddress (node_modules/supertest/lib/test.js:61:22)
      at new Test (node_modules/supertest/lib/test.js:49:14)
      at Object.obj.<computed> [as post] (node_modules/supertest/index.js:40:18)
      at AuthHelper.post [as createAndLogin] (tests/test-utils.js:346:8)
      at Object.createAndLogin (tests/edge-cases.test.js:97:37)

  鈼?Edge Cases and Boundary Tests 鈥?骞跺彂璇锋眰娴嬭瘯 鈥?搴旇澶勭悊骞跺彂鐧诲綍璇锋眰

    TypeError: Cannot read properties of undefined (reading 'address')

    [0m [90m 344 |[39m     [90m// 鍙戦€侀獙璇佺爜[39m
     [90m 345 |[39m     [36mawait[39m request([36mthis[39m[33m.[39mserver)
    [31m[1m>[22m[39m[90m 346 |[39m       [33m.[39mpost([32m'/api/auth/send-code'[39m)
     [90m     |[39m        [31m[1m^[22m[39m
     [90m 347 |[39m       [33m.[39msend({ phone })[33m;[39m
     [90m 348 |[39m
     [90m 349 |[39m     [90m// 灏濊瘯鐧诲綍锛堝鏋滅敤鎴峰凡瀛樺湪锛?[39m[0m

      at Test.serverAddress (node_modules/supertest/lib/test.js:61:22)
      at new Test (node_modules/supertest/lib/test.js:49:14)
      at Object.obj.<computed> [as post] (node_modules/supertest/index.js:40:18)
      at AuthHelper.post [as createAndLogin] (tests/test-utils.js:346:8)
      at Object.createAndLogin (tests/edge-cases.test.js:136:37)

  鈼?Edge Cases and Boundary Tests 鈥?骞跺彂璇锋眰娴嬭瘯 鈥?搴旇澶勭悊骞跺彂鏁版嵁鍒涘缓

    TypeError: Cannot read properties of undefined (reading 'address')

    [0m [90m 344 |[39m     [90m// 鍙戦€侀獙璇佺爜[39m
     [90m 345 |[39m     [36mawait[39m request([36mthis[39m[33m.[39mserver)
    [31m[1m>[22m[39m[90m 346 |[39m       [33m.[39mpost([32m'/api/auth/send-code'[39m)
     [90m     |[39m        [31m[1m^[22m[39m
     [90m 347 |[39m       [33m.[39msend({ phone })[33m;[39m
     [90m 348 |[39m
     [90m 349 |[39m     [90m// 灏濊瘯鐧诲綍锛堝鏋滅敤鎴峰凡瀛樺湪锛?[39m[0m

      at Test.serverAddress (node_modules/supertest/lib/test.js:61:22)
      at new Test (node_modules/supertest/lib/test.js:49:14)
      at Object.obj.<computed> [as post] (node_modules/supertest/index.js:40:18)
      at AuthHelper.post [as createAndLogin] (tests/test-utils.js:346:8)
      at Object.createAndLogin (tests/edge-cases.test.js:136:37)

  鈼?Edge Cases and Boundary Tests 鈥?璁よ瘉杈圭晫娴嬭瘯 鈥?搴旇澶勭悊鏍煎紡閿欒鐨?Bearer token

    TypeError: Cannot read properties of undefined (reading 'address')

    [0m [90m 192 |[39m     it([32m'搴旇澶勭悊鏍煎紡閿欒鐨?Bearer token'[39m[33m,[39m [36masync[39m () [33m=>[39m {
     [90m 193 |[39m       [36mconst[39m res [33m=[39m [36mawait[39m request(server)
    [31m[1m>[22m[39m[90m 194 |[39m         [33m.[39m[36mget[39m([32m'/api/user/profile'[39m)
     [90m     |[39m          [31m[1m^[22m[39m
     [90m 195 |[39m         [33m.[39m[36mset[39m([32m'Authorization'[39m[33m,[39m [32m'Bearer'[39m)[33m;[
39m
     [90m 196 |[39m
     [90m 197 |[39m       assertions[33m.[39massertErrorResponse(res[33m,[39m [35m401[39m)[33m;[39m[0m

      at Test.serverAddress (node_modules/supertest/lib/test.js:61:22)
      at new Test (node_modules/supertest/lib/test.js:49:14)
      at Object.obj.<computed> [as get] (node_modules/supertest/index.js:40:18)
      at Object.get (tests/edge-cases.test.js:194:10)

  鈼?Edge Cases and Boundary Tests 鈥?璁よ瘉杈圭晫娴嬭瘯 鈥?搴旇澶勭悊缂哄皯 Bearer 鍓嶇紑

    TypeError: Cannot read properties of undefined (reading 'address')

    [0m [90m 200 |[39m     it([32m'搴旇澶勭悊缂哄皯 Bearer 鍓嶇紑'[39m[33m,[39m [36masync[39m () [33m=>[39m {
     [90m 201 |[39m       [36mconst[39m res [33m=[39m [36mawait[39m request(server)
    [31m[1m>[22m[39m[90m 202 |[39m         [33m.[39m[36mget[39m([32m'/api/user/profile'[39m)
     [90m     |[39m          [31m[1m^[22m[39m
     [90m 203 |[39m         [33m.[39m[36mset[39m([32m'Authorization'[39m[33m,[39m [32m'some-token'[39m)[33
m;[39m
     [90m 204 |[39m
     [90m 205 |[39m       assertions[33m.[39massertErrorResponse(res[33m,[39m [35m401[39m)[33m;[39m[0m

      at Test.serverAddress (node_modules/supertest/lib/test.js:61:22)
      at new Test (node_modules/supertest/lib/test.js:49:14)
      at Object.obj.<computed> [as get] (node_modules/supertest/index.js:40:18)
      at Object.get (tests/edge-cases.test.js:202:10)

  鈼?Edge Cases and Boundary Tests 鈥?璁よ瘉杈圭晫娴嬭瘯 鈥?搴旇澶勭悊澶氫釜 Authorization 澶?
    TypeError: Cannot read properties of undefined (reading 'address')

    [0m [90m 208 |[39m     it([32m'搴旇澶勭悊澶氫釜 Authorization 澶?[39m[33m,[39m [36masync[39m () [33m=>[39m {
     [90m 209 |[39m       [36mconst[39m res [33m=[39m [36mawait[39m request(server)
    [31m[1m>[22m[39m[90m 210 |[39m         [33m.[39m[36mget[39m([32m'/api/user/profile'[39m)
     [90m     |[39m          [31m[1m^[22m[39m
     [90m 211 |[39m         [33m.[39m[36mset[39m([32m'Authorization'[39m[33m,[39m [32m'Bearer token1'[39m)
     [90m 212 |[39m         [33m.[39m[36mset[39m([32m'Authorization'[39m[33m,[39m [32m'Bearer token2'[39m)
[33m;[39m
     [90m 213 |[39m[0m

      at Test.serverAddress (node_modules/supertest/lib/test.js:61:22)
      at new Test (node_modules/supertest/lib/test.js:49:14)
      at Object.obj.<computed> [as get] (node_modules/supertest/index.js:40:18)
      at Object.get (tests/edge-cases.test.js:210:10)

  鈼?Edge Cases and Boundary Tests 鈥?璁よ瘉杈圭晫娴嬭瘯 鈥?搴旇澶勭悊绌?Authorization 澶?
    TypeError: Cannot read properties of undefined (reading 'address')

    [0m [90m 217 |[39m     it([32m'搴旇澶勭悊绌?Authorization 澶?[39m[33m,[39m [36masync[39m () [33m=>[39m {
     [90m 218 |[39m       [36mconst[39m res [33m=[39m [36mawait[39m request(server)
    [31m[1m>[22m[39m[90m 219 |[39m         [33m.[39m[36mget[39m([32m'/api/user/profile'[39m)
     [90m     |[39m          [31m[1m^[22m[39m
     [90m 220 |[39m         [33m.[39m[36mset[39m([32m'Authorization'[39m[33m,[39m [32m''[39m)[33m;[39m
     [90m 221 |[39m
     [90m 222 |[39m       assertions[33m.[39massertErrorResponse(res[33m,[39m [35m401[39m)[33m;[39m[0m

      at Test.serverAddress (node_modules/supertest/lib/test.js:61:22)
      at new Test (node_modules/supertest/lib/test.js:49:14)
      at Object.obj.<computed> [as get] (node_modules/supertest/index.js:40:18)
      at Object.get (tests/edge-cases.test.js:219:10)

  鈼?Edge Cases and Boundary Tests 鈥?璺敱娴嬭瘯 鈥?搴旇杩斿洖 404 瀵逛簬涓嶅瓨鍦ㄧ殑璺敱

    TypeError: Cannot read properties of undefined (reading 'address')

    [0m [90m 227 |[39m     it([32m'搴旇杩斿洖 404 瀵逛簬涓嶅瓨鍦ㄧ殑璺敱'[39m[33m,[39m [36masync[39m () [33m=>[39m {
     [90m 228 |[39m       [36mconst[39m res [33m=[39m [36mawait[39m request(server)
    [31m[1m>[22m[39m[90m 229 |[39m         [33m.[39m[36mget[39m([32m'/api/non-existent-route'[39m)[33m;[3
9m
     [90m     |[39m          [31m[1m^[22m[39m
     [90m 230 |[39m
     [90m 231 |[39m       expect(res[33m.[39mstatusCode)[33m.[39mtoBe([35m404[39m)[33m;[39m
     [90m 232 |[39m     })[33m;[39m[0m

      at Test.serverAddress (node_modules/supertest/lib/test.js:61:22)
      at new Test (node_modules/supertest/lib/test.js:49:14)
      at Object.obj.<computed> [as get] (node_modules/supertest/index.js:40:18)
      at Object.get (tests/edge-cases.test.js:229:10)

  鈼?Edge Cases and Boundary Tests 鈥?璺敱娴嬭瘯 鈥?搴旇杩斿洖 404 瀵逛簬娣卞眰涓嶅瓨鍦ㄧ殑璺敱

    TypeError: Cannot read properties of undefined (reading 'address')

    [0m [90m 234 |[39m     it([32m'搴旇杩斿洖 404 瀵逛簬娣卞眰涓嶅瓨鍦ㄧ殑璺敱'[39m[33m,[39m [36masync[39m () [33m=>[39m {
     [90m 235 |[39m       [36mconst[39m res [33m=[39m [36mawait[39m request(server)
    [31m[1m>[22m[39m[90m 236 |[39m         [33m.[39m[36mget[39m([32m'/api/v2/non-existent/deep/route'[39m)
[33m;[39m
     [90m     |[39m          [31m[1m^[22m[39m
     [90m 237 |[39m
     [90m 238 |[39m       expect(res[33m.[39mstatusCode)[33m.[39mtoBe([35m404[39m)[33m;[39m
     [90m 239 |[39m     })[33m;[39m[0m

      at Test.serverAddress (node_modules/supertest/lib/test.js:61:22)
      at new Test (node_modules/supertest/lib/test.js:49:14)
      at Object.obj.<computed> [as get] (node_modules/supertest/index.js:40:18)
      at Object.get (tests/edge-cases.test.js:236:10)

  鈼?Edge Cases and Boundary Tests 鈥?璺敱娴嬭瘯 鈥?搴旇澶勭悊鏍硅矾寰?
    TypeError: Cannot read properties of undefined (reading 'address')

    [0m [90m 241 |[39m     it([32m'搴旇澶勭悊鏍硅矾寰?[39m[33m,[39m [36masync[39m () [33m=>[39m {
     [90m 242 |[39m       [36mconst[39m res [33m=[39m [36mawait[39m request(server)
    [31m[1m>[22m[39m[90m 243 |[39m         [33m.[39m[36mget[39m([32m'/'[39m)[33m;[39m
     [90m     |[39m          [31m[1m^[22m[39m
     [90m 244 |[39m
     [90m 245 |[39m       expect([[35m200[39m[33m,[39m [35m404[39m])[33m.[39mtoContain(res[33m.[39mstatusCo
de)[33m;[39m
     [90m 246 |[39m     })[33m;[39m[0m

      at Test.serverAddress (node_modules/supertest/lib/test.js:61:22)
      at new Test (node_modules/supertest/lib/test.js:49:14)
      at Object.obj.<computed> [as get] (node_modules/supertest/index.js:40:18)
      at Object.get (tests/edge-cases.test.js:243:10)

  鈼?Edge Cases and Boundary Tests 鈥?璺敱娴嬭瘯 鈥?搴旇澶勭悊甯﹀熬闅忔枩鏉犵殑璺敱

    TypeError: Cannot read properties of undefined (reading 'address')

    [0m [90m 248 |[39m     it([32m'搴旇澶勭悊甯﹀熬闅忔枩鏉犵殑璺敱'[39m[33m,[39m [36masync[39m () [33m=>[39m {
     [90m 249 |[39m       [36mconst[39m res1 [33m=[39m [36mawait[39m request(server)
    [31m[1m>[22m[39m[90m 250 |[39m         [33m.[39m[36mget[39m([32m'/api/health'[39m)[33m;[39m
     [90m     |[39m          [31m[1m^[22m[39m
     [90m 251 |[39m       
     [90m 252 |[39m       [36mconst[39m res2 [33m=[39m [36mawait[39m request(server)
     [90m 253 |[39m         [33m.[39m[36mget[39m([32m'/api/health/'[39m)[33m;[39m[0m

      at Test.serverAddress (node_modules/supertest/lib/test.js:61:22)
      at new Test (node_modules/supertest/lib/test.js:49:14)
      at Object.obj.<computed> [as get] (node_modules/supertest/index.js:40:18)
      at Object.get (tests/edge-cases.test.js:250:10)

  鈼?Edge Cases and Boundary Tests 鈥?鍙傛暟楠岃瘉娴嬭瘯 鈥?搴旇澶勭悊璐熸暟鍒嗛〉鍙傛暟

    TypeError: Cannot read properties of undefined (reading 'address')

    [0m [90m 344 |[39m     [90m// 鍙戦€侀獙璇佺爜[39m
     [90m 345 |[39m     [36mawait[39m request([36mthis[39m[33m.[39mserver)
    [31m[1m>[22m[39m[90m 346 |[39m       [33m.[39mpost([32m'/api/auth/send-code'[39m)
     [90m     |[39m        [31m[1m^[22m[39m
     [90m 347 |[39m       [33m.[39msend({ phone })[33m;[39m
     [90m 348 |[39m
     [90m 349 |[39m     [90m// 灏濊瘯鐧诲綍锛堝鏋滅敤鎴峰凡瀛樺湪锛?[39m[0m

      at Test.serverAddress (node_modules/supertest/lib/test.js:61:22)
      at new Test (node_modules/supertest/lib/test.js:49:14)
      at Object.obj.<computed> [as post] (node_modules/supertest/index.js:40:18)
      at AuthHelper.post [as createAndLogin] (tests/test-utils.js:346:8)
      at Object.createAndLogin (tests/edge-cases.test.js:265:37)

  鈼?Edge Cases and Boundary Tests 鈥?鍙傛暟楠岃瘉娴嬭瘯 鈥?搴旇澶勭悊闆跺垎椤靛弬鏁?
    TypeError: Cannot read properties of undefined (reading 'address')

    [0m [90m 344 |[39m     [90m// 鍙戦€侀獙璇佺爜[39m
     [90m 345 |[39m     [36mawait[39m request([36mthis[39m[33m.[39mserver)
    [31m[1m>[22m[39m[90m 346 |[39m       [33m.[39mpost([32m'/api/auth/send-code'[39m)
     [90m     |[39m        [31m[1m^[22m[39m
     [90m 347 |[39m       [33m.[39msend({ phone })[33m;[39m
     [90m 348 |[39m
     [90m 349 |[39m     [90m// 灏濊瘯鐧诲綍锛堝鏋滅敤鎴峰凡瀛樺湪锛?[39m[0m

      at Test.serverAddress (node_modules/supertest/lib/test.js:61:22)
      at new Test (node_modules/supertest/lib/test.js:49:14)
      at Object.obj.<computed> [as post] (node_modules/supertest/index.js:40:18)
      at AuthHelper.post [as createAndLogin] (tests/test-utils.js:346:8)
      at Object.createAndLogin (tests/edge-cases.test.js:265:37)

  鈼?Edge Cases and Boundary Tests 鈥?鍙傛暟楠岃瘉娴嬭瘯 鈥?搴旇澶勭悊瓒呭ぇ鍒嗛〉鍙傛暟

    TypeError: Cannot read properties of undefined (reading 'address')

    [0m [90m 344 |[39m     [90m// 鍙戦€侀獙璇佺爜[39m
     [90m 345 |[39m     [36mawait[39m request([36mthis[39m[33m.[39mserver)
    [31m[1m>[22m[39m[90m 346 |[39m       [33m.[39mpost([32m'/api/auth/send-code'[39m)
     [90m     |[39m        [31m[1m^[22m[39m
     [90m 347 |[39m       [33m.[39msend({ phone })[33m;[39m
     [90m 348 |[39m
     [90m 349 |[39m     [90m// 灏濊瘯鐧诲綍锛堝鏋滅敤鎴峰凡瀛樺湪锛?[39m[0m

      at Test.serverAddress (node_modules/supertest/lib/test.js:61:22)
      at new Test (node_modules/supertest/lib/test.js:49:14)
      at Object.obj.<computed> [as post] (node_modules/supertest/index.js:40:18)
      at AuthHelper.post [as createAndLogin] (tests/test-utils.js:346:8)
      at Object.createAndLogin (tests/edge-cases.test.js:265:37)

  鈼?Edge Cases and Boundary Tests 鈥?鍙傛暟楠岃瘉娴嬭瘯 鈥?搴旇澶勭悊闈炴暟瀛楀垎椤靛弬鏁?
    TypeError: Cannot read properties of undefined (reading 'address')

    [0m [90m 344 |[39m     [90m// 鍙戦€侀獙璇佺爜[39m
     [90m 345 |[39m     [36mawait[39m request([36mthis[39m[33m.[39mserver)
    [31m[1m>[22m[39m[90m 346 |[39m       [33m.[39mpost([32m'/api/auth/send-code'[39m)
     [90m     |[39m        [31m[1m^[22m[39m
     [90m 347 |[39m       [33m.[39msend({ phone })[33m;[39m
     [90m 348 |[39m
     [90m 349 |[39m     [90m// 灏濊瘯鐧诲綍锛堝鏋滅敤鎴峰凡瀛樺湪锛?[39m[0m

      at Test.serverAddress (node_modules/supertest/lib/test.js:61:22)
      at new Test (node_modules/supertest/lib/test.js:49:14)
      at Object.obj.<computed> [as post] (node_modules/supertest/index.js:40:18)
      at AuthHelper.post [as createAndLogin] (tests/test-utils.js:346:8)
      at Object.createAndLogin (tests/edge-cases.test.js:265:37)

  鈼?Edge Cases and Boundary Tests 鈥?鍋ュ悍妫€鏌ョ鐐?鈥?搴旇杩斿洖鍋ュ悍鐘舵€?
    TypeError: Cannot read properties of undefined (reading 'address')

    [0m [90m 305 |[39m     it([32m'搴旇杩斿洖鍋ュ悍鐘舵€?[39m[33m,[39m [36masync[39m () [33m=>[39m {
     [90m 306 |[39m       [36mconst[39m res [33m=[39m [36mawait[39m request(server)
    [31m[1m>[22m[39m[90m 307 |[39m         [33m.[39m[36mget[39m([32m'/api/health'[39m)[33m;[39m
     [90m     |[39m          [31m[1m^[22m[39m
     [90m 308 |[39m
     [90m 309 |[39m       expect(res[33m.[39mstatusCode)[33m.[39mtoBe([35m200[39m)[33m;[39m
     [90m 310 |[39m       expect(res[33m.[39mbody)[33m.[39mtoHaveProperty([32m'status'[39m)[33m;[39m[0m

      at Test.serverAddress (node_modules/supertest/lib/test.js:61:22)
      at new Test (node_modules/supertest/lib/test.js:49:14)
      at Object.obj.<computed> [as get] (node_modules/supertest/index.js:40:18)
      at Object.get (tests/edge-cases.test.js:307:10)

  鈼?Edge Cases and Boundary Tests 鈥?鍋ュ悍妫€鏌ョ鐐?鈥?搴旇鍖呭惈鏈嶅姟淇℃伅

    TypeError: Cannot read properties of undefined (reading 'address')

    [0m [90m 313 |[39m     it([32m'搴旇鍖呭惈鏈嶅姟淇℃伅'[39m[33m,[39m [36masync[39m () [33m=>[39m {
     [90m 314 |[39m       [36mconst[39m res [33m=[39m [36mawait[39m request(server)
    [31m[1m>[22m[39m[90m 315 |[39m         [33m.[39m[36mget[39m([32m'/api/health'[39m)[33m;[39m
     [90m     |[39m          [31m[1m^[22m[39m
     [90m 316 |[39m
     [90m 317 |[39m       expect(res[33m.[39mbody)[33m.[39mtoBeDefined()[33m;[39m
     [90m 318 |[39m     })[33m;[39m[0m

      at Test.serverAddress (node_modules/supertest/lib/test.js:61:22)
      at new Test (node_modules/supertest/lib/test.js:49:14)
      at Object.obj.<computed> [as get] (node_modules/supertest/index.js:40:18)
      at Object.get (tests/edge-cases.test.js:315:10)

  鈼?Edge Cases and Boundary Tests 鈥?CORS 娴嬭瘯 鈥?搴旇鍖呭惈 CORS 澶?
    TypeError: Cannot read properties of undefined (reading 'address')

    [0m [90m 322 |[39m     it([32m'搴旇鍖呭惈 CORS 澶?[39m[33m,[39m [36masync[39m () [33m=>[39m {
     [90m 323 |[39m       [36mconst[39m res [33m=[39m [36mawait[39m request(server)
    [31m[1m>[22m[39m[90m 324 |[39m         [33m.[39moptions([32m'/api/health'[39m)
     [90m     |[39m          [31m[1m^[22m[39m
     [90m 325 |[39m         [33m.[39m[36mset[39m([32m'Origin'[39m[33m,[39m [32m'http://example.com'[39m)[3
3m;[39m
     [90m 326 |[39m
     [90m 327 |[39m       [90m// 妫€鏌?CORS 澶存槸鍚﹀瓨鍦?[39m[0m

      at Test.serverAddress (node_modules/supertest/lib/test.js:61:22)
      at new Test (node_modules/supertest/lib/test.js:49:14)
      at Object.obj.<computed> [as options] (node_modules/supertest/index.js:40:18)
      at Object.options (tests/edge-cases.test.js:324:10)

  console.log
    馃И 娴嬭瘯鐜宸查厤缃細TEST_MODE=true, DATABASE_PATH=E:\openclaw\workspace-studyass-mgr\backend\test-temp-19896.db

      at Object.<anonymous> (jest.setup.js:33:9)

  console.log
    馃搳 Prometheus 鎸囨爣宸插垵濮嬪寲 (port=9090, path=/metrics)

      at PrometheusExporter.log [as init] (src/modules/monitoring/PrometheusExporter.js:51:13)

  console.log
    馃搳 Prometheus 鎸囨爣宸插垵濮嬪寲 (port=9090, path=/metrics)

      at PrometheusExporter.log [as init] (src/modules/monitoring/PrometheusExporter.js:51:13)

  console.log
    馃搳 Prometheus 鎸囨爣宸插垵濮嬪寲 (port=9090, path=/metrics)

      at PrometheusExporter.log [as init] (src/modules/monitoring/PrometheusExporter.js:51:13)

  console.log
    馃搳 Prometheus 鎸囨爣宸插垵濮嬪寲 (port=9090, path=/metrics)

      at PrometheusExporter.log [as init] (src/modules/monitoring/PrometheusExporter.js:51:13)

  console.log
    馃搳 Prometheus 鎸囨爣宸插垵濮嬪寲 (port=9090, path=/metrics)

      at PrometheusExporter.log [as init] (src/modules/monitoring/PrometheusExporter.js:51:13)

  console.log
    馃搳 Prometheus 鎸囨爣宸插垵濮嬪寲 (port=9090, path=/metrics)

      at PrometheusExporter.log [as init] (src/modules/monitoring/PrometheusExporter.js:51:13)

  console.log
    馃洃 Prometheus 鏈嶅姟鍣ㄥ凡鍋滄

      at PrometheusExporter.log [as stopServer] (src/modules/monitoring/PrometheusExporter.js:184:15)

  console.log
    馃搳 Prometheus 鎸囨爣宸插垵濮嬪寲 (port=9090, path=/metrics)

      at PrometheusExporter.log [as init] (src/modules/monitoring/PrometheusExporter.js:51:13)

  console.log
    馃搳 Prometheus 鎸囨爣宸插垵濮嬪寲 (port=9090, path=/metrics)

      at PrometheusExporter.log [as init] (src/modules/monitoring/PrometheusExporter.js:51:13)

  console.log
    馃搳 Prometheus 鎸囨爣宸插垵濮嬪寲 (port=9090, path=/metrics)

      at PrometheusExporter.log [as init] (src/modules/monitoring/PrometheusExporter.js:51:13)

  console.log
    馃搳 Prometheus 鎸囨爣宸插垵濮嬪寲 (port=9090, path=/metrics)

      at PrometheusExporter.log [as init] (src/modules/monitoring/PrometheusExporter.js:51:13)

  console.log
    馃搳 Prometheus 鎸囨爣宸插垵濮嬪寲 (port=9090, path=/metrics)

      at PrometheusExporter.log [as init] (src/modules/monitoring/PrometheusExporter.js:51:13)

  console.log
    馃搳 Prometheus 鎸囨爣宸插垵濮嬪寲 (port=9090, path=/metrics)

      at PrometheusExporter.log [as init] (src/modules/monitoring/PrometheusExporter.js:51:13)

  console.log
    馃搳 Prometheus 鎸囨爣宸插垵濮嬪寲 (port=9090, path=/metrics)

      at PrometheusExporter.log [as init] (src/modules/monitoring/PrometheusExporter.js:51:13)

  console.log
    馃搳 Prometheus 鎸囨爣宸插垵濮嬪寲 (port=9090, path=/metrics)

      at PrometheusExporter.log [as init] (src/modules/monitoring/PrometheusExporter.js:51:13)

  console.log
    馃搳 Prometheus 鎸囨爣宸插垵濮嬪寲 (port=9090, path=/metrics)

      at PrometheusExporter.log [as init] (src/modules/monitoring/PrometheusExporter.js:51:13)

  console.log
    馃搳 Prometheus 鎸囨爣宸插垵濮嬪寲 (port=9090, path=/metrics)

      at PrometheusExporter.log [as init] (src/modules/monitoring/PrometheusExporter.js:51:13)

  console.log
    馃搳 Prometheus 鎸囨爣宸插垵濮嬪寲 (port=9090, path=/metrics)

      at PrometheusExporter.log [as init] (src/modules/monitoring/PrometheusExporter.js:51:13)

  console.log
    馃搳 Prometheus 鎸囨爣宸插垵濮嬪寲 (port=9090, path=/metrics)

      at PrometheusExporter.log [as init] (src/modules/monitoring/PrometheusExporter.js:51:13)

  console.log
    馃搳 Prometheus 鎸囨爣宸插垵濮嬪寲 (port=9090, path=/metrics)

      at PrometheusExporter.log [as init] (src/modules/monitoring/PrometheusExporter.js:51:13)

  console.log
    馃搳 Prometheus 鎸囨爣宸插垵濮嬪寲 (port=9090, path=/metrics)

      at PrometheusExporter.log [as init] (src/modules/monitoring/PrometheusExporter.js:51:13)

  console.log
    馃搳 Prometheus 鎸囨爣宸插垵濮嬪寲 (port=9090, path=/metrics)

      at PrometheusExporter.log [as init] (src/modules/monitoring/PrometheusExporter.js:51:13)

  console.error
    鉂?Prometheus 鏈嶅姟鍣ㄩ敊璇? listen EADDRINUSE: address already in use :::9090

    [0m [90m 171 |[39m
     [90m 172 |[39m     [36mthis[39m[33m.[39mserver[33m.[39mon([32m'error'[39m[33m,[39m (error) [33m=>[39m {
    [31m[1m>[22m[39m[90m 173 |[39m       console[33m.[39merror([32m'鉂?Prometheus 鏈嶅姟鍣ㄩ敊璇?'[39m[33m,[39m error[33m.[39mmessage)[33m;[39m
     [90m     |[39m               [31m[1m^[22m[39m
     [90m 174 |[39m     })[33m;[39m
     [90m 175 |[39m   }
     [90m 176 |[39m[0m

      at Server.error (src/modules/monitoring/PrometheusExporter.js:173:15)

  console.error
    鉂?Prometheus 鏈嶅姟鍣ㄩ敊璇? listen EADDRINUSE: address already in use :::9090

    [0m [90m 171 |[39m
     [90m 172 |[39m     [36mthis[39m[33m.[39mserver[33m.[39mon([32m'error'[39m[33m,[39m (error) [33m=>[39m {
    [31m[1m>[22m[39m[90m 173 |[39m       console[33m.[39merror([32m'鉂?Prometheus 鏈嶅姟鍣ㄩ敊璇?'[39m[33m,[39m error[33m.[39mmessage)[33m;[39m
     [90m     |[39m               [31m[1m^[22m[39m
     [90m 174 |[39m     })[33m;[39m
     [90m 175 |[39m   }
     [90m 176 |[39m[0m

      at Server.error (src/modules/monitoring/PrometheusExporter.js:173:15)

  console.error
    鉂?Prometheus 鏈嶅姟鍣ㄩ敊璇? listen EADDRINUSE: address already in use :::9090

    [0m [90m 171 |[39m
     [90m 172 |[39m     [36mthis[39m[33m.[39mserver[33m.[39mon([32m'error'[39m[33m,[39m (error) [33m=>[39m {
    [31m[1m>[22m[39m[90m 173 |[39m       console[33m.[39merror([32m'鉂?Prometheus 鏈嶅姟鍣ㄩ敊璇?'[39m[33m,[39m error[33m.[39mmessage)[33m;[39m
     [90m     |[39m               [31m[1m^[22m[39m
     [90m 174 |[39m     })[33m;[39m
     [90m 175 |[39m   }
     [90m 176 |[39m[0m

      at Server.error (src/modules/monitoring/PrometheusExporter.js:173:15)

FAIL tests/modules/monitoring.test.js
  PrometheusExporter
    config
      鈭?搴旇鍖呭惈榛樿閰嶇疆 (4 ms)
      鈭?搴旇浣跨敤榛樿绔彛 9090 (2 ms)
      鈭?搴旇浣跨敤榛樿璺緞 /metrics (2 ms)
      鈭?搴旇榛樿鏀堕泦榛樿鎸囨爣 (4 ms)
    init
      鈭?搴旇鍒濆鍖?Prometheus 瀵煎嚭鍣?(7 ms)
      鈭?搴旇娉ㄥ唽鑷畾涔夋寚鏍?(8 ms)
      鈭?搴旇鏀堕泦榛樿鎸囨爣 (4 ms)
    startServer
      鈭?搴旇鍚姩 HTTP 鏈嶅姟鍣?(5 ms)
      鈭?搴旇璀﹀憡濡傛灉鏈嶅姟鍣ㄥ凡鍦ㄨ繍琛?(7 ms)
    stopServer
      鈭?搴旇鍋滄鏈嶅姟鍣?(8 ms)
      鈭?搴旇澶勭悊鏈嶅姟鍣ㄦ湭杩愯鐨勬儏鍐?(3 ms)
    recordAIRequest
      脳 搴旇璁板綍 AI 璇锋眰 (4 ms)
      脳 搴旇榛樿鐘舵€佷负 success (3 ms)
    recordAIDuration
      脳 搴旇璁板綍 AI 璇锋眰寤惰繜 (4 ms)
    recordAIError
      脳 搴旇璁板綍 AI 閿欒 (4 ms)
    recordTokenUsage
      脳 搴旇璁板綍 Token 浣跨敤 (4 ms)
    recordCacheHit
      脳 搴旇璁板綍缂撳瓨鍛戒腑 (4 ms)
    recordCacheMiss
      脳 搴旇璁板綍缂撳瓨鏈懡涓?(4 ms)
    recordResponseTime
      脳 搴旇璁板綍 HTTP 鍝嶅簲鏃堕棿 (3 ms)
    setActiveConnections
      脳 搴旇璁剧疆娲昏穬杩炴帴鏁?(5 ms)
    setQueueSize
      脳 搴旇璁剧疆闃熷垪澶у皬 (3 ms)
    recordQuestionGenerated
      脳 搴旇璁板綍鐢熸垚鐨勯鐩?(4 ms)
    setActiveUsers
      脳 搴旇璁剧疆娲昏穬鐢ㄦ埛鏁?(3 ms)
    recordPracticeSessionCompleted
      脳 搴旇璁板綍瀹屾垚鐨勭粌涔犱細璇?(5 ms)
    getMetrics
      脳 搴旇鑾峰彇褰撳墠鎵€鏈夋寚鏍?(4 ms)
    resetMetrics
      脳 搴旇閲嶇疆鎵€鏈夋寚鏍?(3 ms)

  鈼?PrometheusExporter 鈥?recordAIRequest 鈥?搴旇璁板綍 AI 璇锋眰

    TypeError: this.metrics.aiRequestsTotal.inc is not a function

    [0m [90m 192 |[39m [90m   */[39m
     [90m 193 |[39m   [36mstatic[39m recordAIRequest(provider[33m,[39m model[33m,[39m taskType[33m,[39m statu
s [33m=[39m [32m'success'[39m) {
    [31m[1m>[22m[39m[90m 194 |[39m     [36mthis[39m[33m.[39mmetrics[33m.[39maiRequestsTotal[33m.[39minc({
     [90m     |[39m                                  [31m[1m^[22m[39m
     [90m 195 |[39m       provider[33m,[39m
     [90m 196 |[39m       model[33m,[39m
     [90m 197 |[39m       task_type[33m:[39m taskType[33m,[39m[0m

      at PrometheusExporter.inc [as recordAIRequest] (src/modules/monitoring/PrometheusExporter.js:194:34)
      at Object.recordAIRequest (tests/modules/monitoring.test.js:160:26)

  鈼?PrometheusExporter 鈥?recordAIRequest 鈥?搴旇榛樿鐘舵€佷负 success

    TypeError: this.metrics.aiRequestsTotal.inc is not a function

    [0m [90m 192 |[39m [90m   */[39m
     [90m 193 |[39m   [36mstatic[39m recordAIRequest(provider[33m,[39m model[33m,[39m taskType[33m,[39m statu
s [33m=[39m [32m'success'[39m) {
    [31m[1m>[22m[39m[90m 194 |[39m     [36mthis[39m[33m.[39mmetrics[33m.[39maiRequestsTotal[33m.[39minc({
     [90m     |[39m                                  [31m[1m^[22m[39m
     [90m 195 |[39m       provider[33m,[39m
     [90m 196 |[39m       model[33m,[39m
     [90m 197 |[39m       task_type[33m:[39m taskType[33m,[39m[0m

      at PrometheusExporter.inc [as recordAIRequest] (src/modules/monitoring/PrometheusExporter.js:194:34)
      at Object.recordAIRequest (tests/modules/monitoring.test.js:172:26)

  鈼?PrometheusExporter 鈥?recordAIDuration 鈥?搴旇璁板綍 AI 璇锋眰寤惰繜

    TypeError: this.metrics.aiRequestDuration.observe is not a function

    [0m [90m 204 |[39m [90m   */[39m
     [90m 205 |[39m   [36mstatic[39m recordAIDuration(provider[33m,[39m model[33m,[39m taskType[33m,[39m dura
tionSeconds) {
    [31m[1m>[22m[39m[90m 206 |[39m     [36mthis[39m[33m.[39mmetrics[33m.[39maiRequestDuration[33m.[39mobs
erve({
     [90m     |[39m                                    [31m[1m^[22m[39m
     [90m 207 |[39m       provider[33m,[39m
     [90m 208 |[39m       model[33m,[39m
     [90m 209 |[39m       task_type[33m:[39m taskType[0m

      at PrometheusExporter.observe [as recordAIDuration] (src/modules/monitoring/PrometheusExporter.js:206:36)
      at Object.recordAIDuration (tests/modules/monitoring.test.js:186:26)

  鈼?PrometheusExporter 鈥?recordAIError 鈥?搴旇璁板綍 AI 閿欒

    TypeError: this.metrics.aiRequestErrors.inc is not a function

    [0m [90m 215 |[39m [90m   */[39m
     [90m 216 |[39m   [36mstatic[39m recordAIError(provider[33m,[39m model[33m,[39m taskType[33m,[39m errorTy
pe) {
    [31m[1m>[22m[39m[90m 217 |[39m     [36mthis[39m[33m.[39mmetrics[33m.[39maiRequestErrors[33m.[39minc({
     [90m     |[39m                                  [31m[1m^[22m[39m
     [90m 218 |[39m       provider[33m,[39m
     [90m 219 |[39m       model[33m,[39m
     [90m 220 |[39m       task_type[33m:[39m taskType[33m,[39m[0m

      at PrometheusExporter.inc [as recordAIError] (src/modules/monitoring/PrometheusExporter.js:217:34)
      at Object.recordAIError (tests/modules/monitoring.test.js:202:26)

  鈼?PrometheusExporter 鈥?recordTokenUsage 鈥?搴旇璁板綍 Token 浣跨敤

    TypeError: this.metrics.aiTokenUsage.inc is not a function

    [0m [90m 227 |[39m [90m   */[39m
     [90m 228 |[39m   [36mstatic[39m recordTokenUsage(provider[33m,[39m model[33m,[39m promptTokens[33m,[39m 
completionTokens[33m,[39m totalTokens) {
    [31m[1m>[22m[39m[90m 229 |[39m     [36mthis[39m[33m.[39mmetrics[33m.[39maiTokenUsage[33m.[39minc({
     [90m     |[39m                               [31m[1m^[22m[39m
     [90m 230 |[39m       provider[33m,[39m
     [90m 231 |[39m       model[33m,[39m
     [90m 232 |[39m       type[33m:[39m [32m'prompt'[39m[0m

      at PrometheusExporter.inc [as recordTokenUsage] (src/modules/monitoring/PrometheusExporter.js:229:31)
      at Object.recordTokenUsage (tests/modules/monitoring.test.js:216:26)

  鈼?PrometheusExporter 鈥?recordCacheHit 鈥?搴旇璁板綍缂撳瓨鍛戒腑

    TypeError: this.metrics.aiCacheHits.inc is not a function

    [0m [90m 250 |[39m [90m   */[39m
     [90m 251 |[39m   [36mstatic[39m recordCacheHit(taskType) {
    [31m[1m>[22m[39m[90m 252 |[39m     [36mthis[39m[33m.[39mmetrics[33m.[39maiCacheHits[33m.[39minc({ tas
k_type[33m:[39m taskType })[33m;[39m
     [90m     |[39m                              [31m[1m^[22m[39m
     [90m 253 |[39m   }
     [90m 254 |[39m
     [90m 255 |[39m   [90m/**[39m[0m

      at PrometheusExporter.inc [as recordCacheHit] (src/modules/monitoring/PrometheusExporter.js:252:30)
      at Object.recordCacheHit (tests/modules/monitoring.test.js:225:26)

  鈼?PrometheusExporter 鈥?recordCacheMiss 鈥?搴旇璁板綍缂撳瓨鏈懡涓?
    TypeError: this.metrics.aiCacheMisses.inc is not a function

    [0m [90m 257 |[39m [90m   */[39m
     [90m 258 |[39m   [36mstatic[39m recordCacheMiss(taskType) {
    [31m[1m>[22m[39m[90m 259 |[39m     [36mthis[39m[33m.[39mmetrics[33m.[39maiCacheMisses[33m.[39minc({ t
ask_type[33m:[39m taskType })[33m;[39m
     [90m     |[39m                                [31m[1m^[22m[39m
     [90m 260 |[39m   }
     [90m 261 |[39m
     [90m 262 |[39m   [90m/**[39m[0m

      at PrometheusExporter.inc [as recordCacheMiss] (src/modules/monitoring/PrometheusExporter.js:259:32)
      at Object.recordCacheMiss (tests/modules/monitoring.test.js:236:26)

  鈼?PrometheusExporter 鈥?recordResponseTime 鈥?搴旇璁板綍 HTTP 鍝嶅簲鏃堕棿

    TypeError: this.metrics.responseTime.observe is not a function

    [0m [90m 264 |[39m [90m   */[39m
     [90m 265 |[39m   [36mstatic[39m recordResponseTime(method[33m,[39m route[33m,[39m status[33m,[39m durati
onSeconds) {
    [31m[1m>[22m[39m[90m 266 |[39m     [36mthis[39m[33m.[39mmetrics[33m.[39mresponseTime[33m.[39mobserve(
{
     [90m     |[39m                               [31m[1m^[22m[39m
     [90m 267 |[39m       method[33m,[39m
     [90m 268 |[39m       route[33m,[39m
     [90m 269 |[39m       status[33m:[39m status[33m.[39mtoString()[0m

      at PrometheusExporter.observe [as recordResponseTime] (src/modules/monitoring/PrometheusExporter.js:266:31)
      at Object.recordResponseTime (tests/modules/monitoring.test.js:247:26)

  鈼?PrometheusExporter 鈥?setActiveConnections 鈥?搴旇璁剧疆娲昏穬杩炴帴鏁?
    TypeError: this.metrics.activeConnections.set is not a function

    [0m [90m 275 |[39m [90m   */[39m
     [90m 276 |[39m   [36mstatic[39m setActiveConnections(count) {
    [31m[1m>[22m[39m[90m 277 |[39m     [36mthis[39m[33m.[39mmetrics[33m.[39mactiveConnections[33m.[39m[3
6mset[39m(count)[33m;[39m
     [90m     |[39m                                    [31m[1m^[22m[39m
     [90m 278 |[39m   }
     [90m 279 |[39m
     [90m 280 |[39m   [90m/**[39m[0m

      at PrometheusExporter.set [as setActiveConnections] (src/modules/monitoring/PrometheusExporter.js:277:36)
      at Object.setActiveConnections (tests/modules/monitoring.test.js:263:26)

  鈼?PrometheusExporter 鈥?setQueueSize 鈥?搴旇璁剧疆闃熷垪澶у皬

    TypeError: this.metrics.queueSize.set is not a function

    [0m [90m 282 |[39m [90m   */[39m
     [90m 283 |[39m   [36mstatic[39m setQueueSize(queueName[33m,[39m size) {
    [31m[1m>[22m[39m[90m 284 |[39m     [36mthis[39m[33m.[39mmetrics[33m.[39mqueueSize[33m.[39m[36mset[3
9m({ queue_name[33m:[39m queueName }[33m,[39m size)[33m;[39m
     [90m     |[39m                            [31m[1m^[22m[39m
     [90m 285 |[39m   }
     [90m 286 |[39m
     [90m 287 |[39m   [90m/**[39m[0m

      at PrometheusExporter.set [as setQueueSize] (src/modules/monitoring/PrometheusExporter.js:284:28)
      at Object.setQueueSize (tests/modules/monitoring.test.js:272:26)

  鈼?PrometheusExporter 鈥?recordQuestionGenerated 鈥?搴旇璁板綍鐢熸垚鐨勯鐩?
    TypeError: this.metrics.questionsGenerated.inc is not a function

    [0m [90m 289 |[39m [90m   */[39m
     [90m 290 |[39m   [36mstatic[39m recordQuestionGenerated(difficulty[33m,[39m type) {
    [31m[1m>[22m[39m[90m 291 |[39m     [36mthis[39m[33m.[39mmetrics[33m.[39mquestionsGenerated[33m.[39min
c({
     [90m     |[39m                                     [31m[1m^[22m[39m
     [90m 292 |[39m       difficulty[33m,[39m
     [90m 293 |[39m       type
     [90m 294 |[39m     })[33m;[39m[0m

      at PrometheusExporter.inc [as recordQuestionGenerated] (src/modules/monitoring/PrometheusExporter.js:291:37)
      at Object.recordQuestionGenerated (tests/modules/monitoring.test.js:284:26)

  鈼?PrometheusExporter 鈥?setActiveUsers 鈥?搴旇璁剧疆娲昏穬鐢ㄦ埛鏁?
    TypeError: this.metrics.usersActive.set is not a function

    [0m [90m 299 |[39m [90m   */[39m
     [90m 300 |[39m   [36mstatic[39m setActiveUsers(count) {
    [31m[1m>[22m[39m[90m 301 |[39m     [36mthis[39m[33m.[39mmetrics[33m.[39musersActive[33m.[39m[36mset
[39m(count)[33m;[39m
     [90m     |[39m                              [31m[1m^[22m[39m
     [90m 302 |[39m   }
     [90m 303 |[39m
     [90m 304 |[39m   [90m/**[39m[0m

      at PrometheusExporter.set [as setActiveUsers] (src/modules/monitoring/PrometheusExporter.js:301:30)
      at Object.setActiveUsers (tests/modules/monitoring.test.js:296:26)

  鈼?PrometheusExporter 鈥?recordPracticeSessionCompleted 鈥?搴旇璁板綍瀹屾垚鐨勭粌涔犱細璇?
    TypeError: this.metrics.practiceSessionsCompleted.inc is not a function

    [0m [90m 306 |[39m [90m   */[39m
     [90m 307 |[39m   [36mstatic[39m recordPracticeSessionCompleted() {
    [31m[1m>[22m[39m[90m 308 |[39m     [36mthis[39m[33m.[39mmetrics[33m.[39mpracticeSessionsCompleted[33m.
[39minc()[33m;[39m
     [90m     |[39m                                            [31m[1m^[22m[39m
     [90m 309 |[39m   }
     [90m 310 |[39m
     [90m 311 |[39m   [90m/**[39m[0m

      at PrometheusExporter.inc [as recordPracticeSessionCompleted] (src/modules/monitoring/PrometheusExporter.js:308:4
4)
      at Object.recordPracticeSessionCompleted (tests/modules/monitoring.test.js:305:26)

  鈼?PrometheusExporter 鈥?getMetrics 鈥?搴旇鑾峰彇褰撳墠鎵€鏈夋寚鏍?
    TypeError: Cannot read properties of null (reading 'metrics')

    [0m [90m 313 |[39m [90m   */[39m
  console.log
    馃И 娴嬭瘯鐜宸查厤缃細TEST_MODE=true, DATABASE_PATH=E:\openclaw\workspace-studyass-mgr\backend\test-temp-19896.db

      at Object.<anonymous> (jest.setup.js:33:9)

     [90m 314 |[39m   [36mstatic[39m [36masync[39m getMetrics() {
    [31m[1m>[22m[39m[90m 315 |[39m     [36mreturn[39m [36mawait[39m [36mthis[39m[33m.[39mregistry[33m.[
39mmetrics()[33m;[39m
     [90m     |[39m                                [31m[1m^[22m[39m
     [90m 316 |[39m   }
     [90m 317 |[39m
     [90m 318 |[39m   [90m/**[39m[0m

      at PrometheusExporter.metrics [as getMetrics] (src/modules/monitoring/PrometheusExporter.js:315:32)
      at Object.getMetrics (tests/modules/monitoring.test.js:314:48)

  鈼?PrometheusExporter 鈥?resetMetrics 鈥?搴旇閲嶇疆鎵€鏈夋寚鏍?
    TypeError: Cannot read properties of null (reading 'clear')

    [0m [90m 320 |[39m [90m   */[39m
     [90m 321 |[39m   [36mstatic[39m resetMetrics() {
    [31m[1m>[22m[39m[90m 322 |[39m     [36mthis[39m[33m.[39mregistry[33m.[39mclear()[33m;[39m
     [90m     |[39m                   [31m[1m^[22m[39m
     [90m 323 |[39m     [36mthis[39m[33m.[39mregisterMetrics()[33m;[39m
     [90m 324 |[39m   }
     [90m 325 |[39m }[0m

      at PrometheusExporter.clear [as resetMetrics] (src/modules/monitoring/PrometheusExporter.js:322:19)
      at Object.resetMetrics (tests/modules/monitoring.test.js:323:26)

  console.warn
    棰樼洰 1 缂哄皯蹇呴渶瀛楁锛歲uestion

    [0m [90m 310 |[39m     [36mfor[39m ([36mconst[39m field [36mof[39m required) {
     [90m 311 |[39m       [36mif[39m ([33m![39mquestion[field]) {
    [31m[1m>[22m[39m[90m 312 |[39m         console[33m.[39mwarn([32m`棰樼洰 ${defaultId} 缂哄皯蹇呴渶瀛楁锛?{field}`[39m)[33m;[39m
     [90m     |[39m                 [31m[1m^[22m[39m
     [90m 313 |[39m         [36mreturn[39m [36mnull[39m[33m;[39m
     [90m 314 |[39m       }
     [90m 315 |[39m     }[0m

      at AiGatewayService.warn [as validateQuestion] (src/modules/ai-gateway/AiGatewayService.js:312:17)
      at Object.validateQuestion (tests/ai-gateway.test.js:67:39)

  console.error
    JSON 瑙ｆ瀽澶辫触: 鍝嶅簲鏍煎紡涓嶆纭紝缂哄皯 questions 鏁扮粍

    [0m [90m 295 |[39m       [36mreturn[39m validatedQuestions[33m.[39mfilter(q [33m=>[39m q [33m!==[39m [36mnull[39m)[33m;[39m
     [90m 296 |[39m     } [36mcatch[39m (error) {
    [31m[1m>[22m[39m[90m 297 |[39m       console[33m.[39merror([32m'JSON 瑙ｆ瀽澶辫触:'[39m[33m,[39m error[33m.[39mmessage)[33m;[39m
     [90m     |[39m               [31m[1m^[22m[39m
     [90m 298 |[39m       [90m// 灏濊瘯淇 JSON[39m
     [90m 299 |[39m       [36mreturn[39m [36mthis[39m[33m.[39mrepairAndParse(responseText)[33m;[39m
     [90m 300 |[39m     }[0m

      at AiGatewayService.error [as parseAndValidateQuestions] (src/modules/ai-gateway/AiGatewayService.js:297:15)
      at Object.parseAndValidateQuestions (tests/ai-gateway.test.js:97:39)

FAIL tests/ai-gateway.test.js
  AiGatewayService
    selectModel
      鈭?搴旇涓虹畝鍗曚换鍔￠€夋嫨 qwen-flash (1 ms)
      鈭?搴旇涓鸿鏈垎鏋愰€夋嫨 qwen-plus (1 ms)
      鈭?搴旇涓哄鏉備换鍔￠€夋嫨 qwen-max (1 ms)
      鈭?搴旇涓烘湭鐭ヤ换鍔＄被鍨嬮粯璁ら€夋嫨 qwen-plus (1 ms)
    validateQuestion
      脳 搴旇楠岃瘉瀹屾暣鐨勯鐩璞?(3 ms)
      鈭?搴旇涓虹己澶卞瓧娈垫彁渚涢粯璁ゅ€?(2 ms)
      鈭?搴旇鎷掔粷缂哄皯蹇呴渶瀛楁鐨勯鐩?(8 ms)
    parseAndValidateQuestions
      鈭?搴旇瑙ｆ瀽鏍囧噯 JSON 鏍煎紡 (9 ms)
      脳 搴旇瑙ｆ瀽 questions 鏁扮粍 (4 ms)
      鈭?搴旇浠庢枃鏈腑鎻愬彇 JSON (1 ms)
    buildQuestionPrompt
      脳 搴旇鐢熸垚鍖呭惈鎵€鏈夊弬鏁扮殑鎻愮ず璇?(1 ms)

  鈼?AiGatewayService 鈥?validateQuestion 鈥?搴旇楠岃瘉瀹屾暣鐨勯鐩璞?
    expect(received).toEqual(expected) // deep equality

    - Expected  - 0
    + Received  + 1

    @@ -10,6 +10,7 @@
          "C. 鐢靛姏",
          "D. 娴姏",
        ],
        "question": "浠€涔堟槸閲嶅姏锛?,
        "type": "choice",
    +   "unit": "",
      }

    [0m [90m 41 |[39m
     [90m 42 |[39m       [36mconst[39m result [33m=[39m [33mAiGatewayService[39m[33m.[39mvalidateQuestion(que
stion[33m,[39m [35m1[39m)[33m;[39m
    [31m[1m>[22m[39m[90m 43 |[39m       expect(result)[33m.[39mtoEqual(question)[33m;[39m
     [90m    |[39m                      [31m[1m^[22m[39m
     [90m 44 |[39m     })[33m;[39m
     [90m 45 |[39m
     [90m 46 |[39m     test([32m'搴旇涓虹己澶卞瓧娈垫彁渚涢粯璁ゅ€?[39m[33m,[39m () [33m=>[39m {[0m

      at Object.toEqual (tests/ai-gateway.test.js:43:22)

  鈼?AiGatewayService 鈥?parseAndValidateQuestions 鈥?搴旇瑙ｆ瀽 questions 鏁扮粍

    expect(received).toHaveLength(expected)

    Expected length: 1
    Received length: 0
    Received array:  []

    [0m [90m  96 |[39m
     [90m  97 |[39m       [36mconst[39m result [33m=[39m [33mAiGatewayService[39m[33m.[39mparseAndValidateQue
stions(responseText)[33m;[39m
    [31m[1m>[22m[39m[90m  98 |[39m       expect(result)[33m.[39mtoHaveLength([35m1[39m)[33m;[39m
     [90m     |[39m                      [31m[1m^[22m[39m
     [90m  99 |[39m     })[33m;[39m
     [90m 100 |[39m
     [90m 101 |[39m     test([32m'搴旇浠庢枃鏈腑鎻愬彇 JSON'[39m[33m,[39m () [33m=>[39m {[0m

      at Object.toHaveLength (tests/ai-gateway.test.js:98:22)

  鈼?AiGatewayService 鈥?buildQuestionPrompt 鈥?搴旇鐢熸垚鍖呭惈鎵€鏈夊弬鏁扮殑鎻愮ず璇?
    expect(received).toContain(expected) // indexOf

    Expected substring: "5 閬?
    Received string:    "璇锋牴鎹互涓嬭鏈唴瀹圭敓鎴?閬撻€夋嫨棰橈紙4 涓€夐」锛屽崟閫夛級銆偮?    銆愯鏈俊鎭€?    - 骞寸骇锛氫笁骞寸骇
    - 绉戠洰锛氭暟瀛?    - 鍗曞厓锛氱涓€鍗曞厓
    - 闅惧害瑕佹眰锛氫腑绛夐毦搴︼紝鑰冨療鐞嗚В鍜岀畝鍗曞簲鐢?    銆愯鏈唴瀹广€?    杩欐槸璇炬湰鍐呭路
    銆愯緭鍑鸿姹傘€?    璇蜂弗鏍兼寜鐓т互涓?JSON 鏍煎紡杈撳嚭锛堜笉瑕佸寘鍚换浣曞叾浠栨枃瀛楋級锛?    {
      \"questions\": [
        {
          \"id\": 1,
          \"type\": \"choice\",
          \"difficulty\": \"medium\",
          \"question\": \"棰樼洰棰樺共\",
          \"options\": [\"A. 閫夐」 1\", \"B. 閫夐」 2\", \"C. 閫夐」 3\", \"D. 閫夐」 4\"],
          \"answer\": \"A\",
          \"explanation\": \"绛旀瑙ｆ瀽\",
          \"knowledgePoint\": \"鑰冨療鐨勭煡璇嗙偣\",
          \"unit\": \"绗竴鍗曞厓\"
        }
      ]
    }路
    娉ㄦ剰锛?    1. 閫夋嫨棰樼殑 answer 蹇呴』鏄?A/B/C/D 涔嬩竴
    2. 濉┖棰樼殑 options 鍙互涓虹┖鏁扮粍锛宎nswer 涓烘纭瓟妗?    3. 姣忛亾棰樺繀椤绘湁璇︾粏鐨?explanation
    4. knowledgePoint 瑕佸噯纭爣娉ㄨ€冨療鐨勭煡璇嗙偣"

    [0m [90m 130 |[39m       expect(prompt)[33m.[39mtoContain([32m'鏁板'[39m)[33m;[39m
     [90m 131 |[39m       expect(prompt)[33m.[39mtoContain([32m'绗竴鍗曞厓'[39m)[33m;[39m
    [31m[1m>[22m[39m[90m 132 |[39m       expect(prompt)[33m.[39mtoContain([32m'5 閬?[39m)[33m;[39m
     [90m     |[39m                      [31m[1m^[22m[39m
     [90m 133 |[39m       expect(prompt)[33m.[39mtoContain([32m'杩欐槸璇炬湰鍐呭'[39m)[33m;[39m
     [90m 134 |[39m     })[33m;[39m
     [90m 135 |[39m   })[33m;[39m[0m

      at Object.toContain (tests/ai-gateway.test.js:132:22)

  console.log
    馃И 娴嬭瘯鐜宸查厤缃細TEST_MODE=true, DATABASE_PATH=E:\openclaw\workspace-studyass-mgr\backend\test-temp-19896.db

      at Object.<anonymous> (jest.setup.js:33:9)

FAIL tests/points-system.test.js
  PointsSystemModel
    calculatePracticePoints
      脳 搴旇璁＄畻鍏ㄥ涓旀纭巼鈮?0% 鐨勭Н鍒?(2 ms)
      脳 搴旇璁＄畻 80% 姝ｇ‘鐜囩殑绉垎 (2 ms)
      脳 搴旇璁＄畻<80% 姝ｇ‘鐜囩殑绉垎锛堟棤濂栧姳锛?(1 ms)
      脳 搴旇璁＄畻鍏ㄩ敊鐨勭Н鍒?(2 ms)
      脳 绌烘暟缁勫簲璇ヨ繑鍥?0 (2 ms)

  鈼?PointsSystemModel 鈥?calculatePracticePoints 鈥?搴旇璁＄畻鍏ㄥ涓旀纭巼鈮?0% 鐨勭Н鍒?
    expect(received).toBe(expected) // Object.is equality

    Expected: 70
    Received: {"accuracy": "100.0", "breakdown": {"accuracyBonus": 20, "base": 50, "perfectBonus": 50}, "points": 120}

    [0m [90m 17 |[39m       ][33m;[39m
     [90m 18 |[39m       [36mconst[39m points [33m=[39m [33mPointsSystemModel[39m[33m.[39mcalculatePracticePo
ints(questions)[33m;[39m
    [31m[1m>[22m[39m[90m 19 |[39m       expect(points)[33m.[39mtoBe([35m70[39m)[33m;[39m [90m// 5*10 + 20 
濂栧姳[39m
     [90m    |[39m                      [31m[1m^[22m[39m
     [90m 20 |[39m     })[33m;[39m
     [90m 21 |[39m
     [90m 22 |[39m     test([32m'搴旇璁＄畻 80% 姝ｇ‘鐜囩殑绉垎'[39m[33m,[39m () [33m=>[39m {[0m

      at Object.toBe (tests/points-system.test.js:19:22)

  鈼?PointsSystemModel 鈥?calculatePracticePoints 鈥?搴旇璁＄畻 80% 姝ｇ‘鐜囩殑绉垎

    expect(received).toBe(expected) // Object.is equality

    Expected: 60
    Received: {"accuracy": "80.0", "breakdown": {"accuracyBonus": 20, "base": 40}, "points": 60}

    [0m [90m 29 |[39m       ][33m;[39m
     [90m 30 |[39m       [36mconst[39m points [33m=[39m [33mPointsSystemModel[39m[33m.[39mcalculatePracticePo
ints(questions)[33m;[39m
    [31m[1m>[22m[39m[90m 31 |[39m       expect(points)[33m.[39mtoBe([35m60[39m)[33m;[39m [90m// 4*10 + 20 
濂栧姳[39m
     [90m    |[39m                      [31m[1m^[22m[39m
     [90m 32 |[39m     })[33m;[39m
     [90m 33 |[39m
     [90m 34 |[39m     test([32m'搴旇璁＄畻<80% 姝ｇ‘鐜囩殑绉垎锛堟棤濂栧姳锛?[39m[33m,[39m () [33m=>[39m {[0m

      at Object.toBe (tests/points-system.test.js:31:22)

  鈼?PointsSystemModel 鈥?calculatePracticePoints 鈥?搴旇璁＄畻<80% 姝ｇ‘鐜囩殑绉垎锛堟棤濂栧姳锛?
    expect(received).toBe(expected) // Object.is equality

    Expected: 30
    Received: {"accuracy": "60.0", "breakdown": {"base": 30}, "points": 30}

    [0m [90m 41 |[39m       ][33m;[39m
     [90m 42 |[39m       [36mconst[39m points [33m=[39m [33mPointsSystemModel[39m[33m.[39mcalculatePracticePo
ints(questions)[33m;[39m
    [31m[1m>[22m[39m[90m 43 |[39m       expect(points)[33m.[39mtoBe([35m30[39m)[33m;[39m [90m// 3*10锛屾棤濂栧姳
[39m
     [90m    |[39m                      [31m[1m^[22m[39m
     [90m 44 |[39m     })[33m;[39m
     [90m 45 |[39m
     [90m 46 |[39m     test([32m'搴旇璁＄畻鍏ㄩ敊鐨勭Н鍒?[39m[33m,[39m () [33m=>[39m {[0m

      at Object.toBe (tests/points-system.test.js:43:22)

  鈼?PointsSystemModel 鈥?calculatePracticePoints 鈥?搴旇璁＄畻鍏ㄩ敊鐨勭Н鍒?
    expect(received).toBe(expected) // Object.is equality

    Expected: 0
    Received: {"accuracy": "0.0", "breakdown": {"base": 0}, "points": 0}

    [0m [90m 50 |[39m       ][33m;[39m
     [90m 51 |[39m       [36mconst[39m points [33m=[39m [33mPointsSystemModel[39m[33m.[39mcalculatePracticePo
ints(questions)[33m;[39m
    [31m[1m>[22m[39m[90m 52 |[39m       expect(points)[33m.[39mtoBe([35m0[39m)[33m;[39m
     [90m    |[39m                      [31m[1m^[22m[39m
     [90m 53 |[39m     })[33m;[39m
     [90m 54 |[39m
     [90m 55 |[39m     test([32m'绌烘暟缁勫簲璇ヨ繑鍥?0'[39m[33m,[39m () [33m=>[39m {[0m

      at Object.toBe (tests/points-system.test.js:52:22)

  鈼?PointsSystemModel 鈥?calculatePracticePoints 鈥?绌烘暟缁勫簲璇ヨ繑鍥?0

    expect(received).toBe(expected) // Object.is equality

    Expected: 0
    Received: {"breakdown": {}, "points": 0}

    [0m [90m 55 |[39m     test([32m'绌烘暟缁勫簲璇ヨ繑鍥?0'[39m[33m,[39m () [33m=>[39m {
     [90m 56 |[39m       [36mconst[39m points [33m=[39m [33mPointsSystemModel[39m[33m.[39mcalculatePracticePo
ints([])[33m;[39m
    [31m[1m>[22m[39m[90m 57 |[39m       expect(points)[33m.[39mtoBe([35m0[39m)[33m;[39m
     [90m    |[39m                      [31m[1m^[22m[39m
     [90m 58 |[39m     })[33m;[39m
     [90m 59 |[39m   })[33m;[39m
     [90m 60 |[39m })[33m;[39m[0m

      at Object.toBe (tests/points-system.test.js:57:22)

  console.log
    馃И 娴嬭瘯鐜宸查厤缃細TEST_MODE=true, DATABASE_PATH=E:\openclaw\workspace-studyass-mgr\backend\test-temp-19896.db

      at Object.<anonymous> (jest.setup.js:33:9)

FAIL tests/models-comprehensive.test.js
  UserModel
    create
      鈭?搴旇鍒涘缓鏂扮敤鎴?(4 ms)
      鈭?搴旇鍒涘缓涓嶅甫鏄电О鐨勭敤鎴?(3 ms)
    getById
      鈭?搴旇閫氳繃 ID 鑾峰彇鐢ㄦ埛 (2 ms)
      鈭?搴旇杩斿洖 null 褰撶敤鎴蜂笉瀛樺湪 (5 ms)
    getByPhone
      鈭?搴旇閫氳繃鎵嬫満鍙疯幏鍙栫敤鎴?(3 ms)
      鈭?搴旇杩斿洖 undefined 褰撶敤鎴蜂笉瀛樺湪 (2 ms)
    update
      鈭?搴旇鏇存柊鐢ㄦ埛淇℃伅 (3 ms)
      鈭?搴旇鏇存柊閮ㄥ垎瀛楁 (2 ms)
    createStudentProfile
      鈭?搴旇鍒涘缓瀛︾敓璧勬枡 (4 ms)
      鈭?搴旇鏇存柊宸插瓨鍦ㄧ殑瀛︾敓璧勬枡 (3 ms)
    getStudentProfile
      鈭?搴旇鑾峰彇瀛︾敓璧勬枡 (4 ms)
      鈭?搴旇杩斿洖 undefined 褰撹祫鏂欎笉瀛樺湪 (3 ms)
    createParentProfile
      鈭?搴旇鍒涘缓瀹堕暱璧勬枡 (4 ms)
    getParentProfile
      鈭?搴旇鑾峰彇瀹堕暱璧勬枡 (2 ms)
    getUserWithProfile
      鈭?搴旇鑾峰彇甯﹀鐢熻祫鏂欑殑鐢ㄦ埛 (5 ms)
      鈭?搴旇鑾峰彇甯﹀闀胯祫鏂欑殑鐢ㄦ埛 (4 ms)
      鈭?搴旇杩斿洖 null 褰撶敤鎴蜂笉瀛樺湪 (3 ms)
    saveVerificationCode
      脳 搴旇淇濆瓨楠岃瘉鐮?(2 ms)
    verifyCode
      脳 搴旇楠岃瘉姝ｇ‘鐨勯獙璇佺爜 (2 ms)
      鈭?搴旇鎷掔粷閿欒鐨勯獙璇佺爜 (3 ms)
      脳 搴旇鎷掔粷杩囨湡鐨勯獙璇佺爜 (2 ms)
    markCodeAsUsed
      脳 搴旇鏍囪楠岃瘉鐮佷负宸蹭娇鐢?(2 ms)
  KnowledgePointModel
    create
      脳 搴旇鍒涘缓鐭ヨ瘑鐐?(5 ms)
      脳 搴旇鍒涘缓涓嶅甫鍒嗙被鐨勭煡璇嗙偣 (3 ms)
    getById
      脳 搴旇閫氳繃 ID 鑾峰彇鐭ヨ瘑鐐?(4 ms)
      鈭?搴旇杩斿洖 undefined 褰撶煡璇嗙偣涓嶅瓨鍦?(3 ms)
    getByUserId
      鈭?搴旇鑾峰彇鐢ㄦ埛鐨勭煡璇嗙偣鍒楄〃 (11 ms)
      鈭?搴旇鏀寔鍒嗙被杩囨护 (3 ms)
      脳 搴旇鏀寔鐘舵€佽繃婊?(5 ms)
      鈭?搴旇鏀寔鍒嗛〉 (4 ms)
    update
      脳 搴旇鏇存柊鐭ヨ瘑鐐?(4 ms)
      脳 搴旇鎷掔粷鏇存柊涓嶅瓨鍦ㄧ殑鐭ヨ瘑鐐?(3 ms)
      脳 搴旇鎷掔粷鏇存柊浠栦汉鐨勭煡璇嗙偣 (18 ms)
    delete
      脳 搴旇鍒犻櫎鐭ヨ瘑鐐?(4 ms)
      脳 搴旇鎷掔粷鍒犻櫎浠栦汉鐨勭煡璇嗙偣 (20 ms)
    search
      鈭?搴旇鎼滅储鐭ヨ瘑鐐?(4 ms)
      脳 搴旇鎼滅储鏍囩 (4 ms)
  LearningProgressModel
    createOrUpdate
      脳 搴旇鍒涘缓瀛︿範杩涘害 (4 ms)
      脳 搴旇鏇存柊宸插瓨鍦ㄧ殑瀛︿範杩涘害 (4 ms)
    getByUserId
      脳 搴旇鑾峰彇鐢ㄦ埛鐨勫涔犺繘搴﹀垪琛?(3 ms)
    getByKnowledgePointId
      脳 搴旇鑾峰彇鐭ヨ瘑鐐圭殑瀛︿範杩涘害 (4 ms)
    updateCompletionRate
      脳 搴旇鏇存柊瀹屾垚鐜?(3 ms)
    incrementStudyDuration
      脳 搴旇澧炲姞瀛︿範鏃堕暱 (4 ms)
  PracticeSessionModel
    create
      脳 搴旇鍒涘缓缁冧範浼氳瘽 (167 ms)
    getById
      脳 搴旇閫氳繃 ID 鑾峰彇浼氳瘽 (20 ms)
      脳 搴旇杩斿洖 null 褰撲細璇濅笉瀛樺湪 (13 ms)
      脳 搴旇杩斿洖 null 褰撴棤鏉冭闂?(25 ms)
    getByUserId
      脳 搴旇鑾峰彇鐢ㄦ埛鐨勪細璇濆垪琛?(7 ms)
      脳 搴旇鏀寔鐘舵€佽繃婊?(7 ms)
    update
      脳 搴旇鏇存柊浼氳瘽 (5 ms)
      脳 搴旇鎷掔粷鏇存柊涓嶅瓨鍦ㄧ殑浼氳瘽 (9 ms)
    remove
      脳 搴旇鍒犻櫎浼氳瘽 (6 ms)
    createQuestion
      脳 搴旇娣诲姞闂鍒颁細璇?(5 ms)
    createAnswerRecord
      脳 搴旇鍒涘缓绛旈璁板綍 (7 ms)
    getAnswerRecordsByUserId
      脳 搴旇鑾峰彇鐢ㄦ埛鐨勭瓟棰樿褰?(9 ms)
  AIQARecordModel
    create
      脳 搴旇鍒涘缓闂瓟璁板綍 (5 ms)
      脳 搴旇鍒涘缓甯︾煡璇嗙偣鐨勯棶绛旇褰?(3 ms)
    getById
      脳 搴旇閫氳繃 ID 鑾峰彇璁板綍 (3 ms)
    getByUserId
      鈭?搴旇鑾峰彇鐢ㄦ埛鐨勯棶绛旇褰曞垪琛?(3 ms)
      鈭?搴旇鏀寔鍒嗛〉 (189 ms)
    search
      鈭?搴旇鎼滅储闂瓟璁板綍 (3 ms)
    delete
      脳 搴旇鍒犻櫎闂瓟璁板綍 (3 ms)
      脳 搴旇鎷掔粷鍒犻櫎浠栦汉鐨勮褰?(11 ms)

  鈼?UserModel 鈥?saveVerificationCode 鈥?搴旇淇濆瓨楠岃瘉鐮?
    SqliteError: CHECK constraint failed: purpose IN ('LOGIN', 'REGISTER', 'RESET')

    [0m[0m

      at UserModel.saveVerificationCode (src/models/User.js:1200:10)
      at Object.<anonymous> (tests/models-comprehensive.test.js:192:17)

  鈼?UserModel 鈥?verifyCode 鈥?搴旇楠岃瘉姝ｇ‘鐨勯獙璇佺爜

    SqliteError: CHECK constraint failed: purpose IN ('LOGIN', 'REGISTER', 'RESET')

    [0m [90m 204 |[39m       expect(profile)[33m.[39mtoBeDefined()[33m;[39m
     [90m 205 |[39m       expect(profile[33m.[39mreal_name)[33m.[39mtoBe([32m'寮犱笁'[39m)[33m;[39m
    [31m[1m>[22m[39m[90m 206 |[39m     })[33m;[39m
     [90m     |[39m          [31m[1m^[22m[39m
     [90m 207 |[39m   })[33m;[39m
     [90m 208 |[39m
     [90m 209 |[39m   describe([32m'getUserWithProfile'[39m[33m,[39m () [33m=>[39m {[0m

      at Object.<anonymous> (tests/models-comprehensive.test.js:206:10)

  鈼?UserModel 鈥?verifyCode 鈥?搴旇鎷掔粷杩囨湡鐨勯獙璇佺爜

    SqliteError: CHECK constraint failed: purpose IN ('LOGIN', 'REGISTER', 'RESET')

    [0m [90m 220 |[39m       expect(result[33m.[39mprofile[33m.[39mgrade)[33m.[39mtoBe([35m7[39m)[33m;[39m
     [90m 221 |[39m     })[33m;[39m
    [31m[1m>[22m[39m[90m 222 |[39m
     [90m     |[39m [31m[1m^[22m[39m
     [90m 223 |[39m     it([32m'搴旇鑾峰彇甯﹀闀胯祫鏂欑殑鐢ㄦ埛'[39m[33m,[39m () [33m=>[39m {
     [90m 224 |[39m       [36mconst[39m phone [33m=[39m generatePhone()[33m;[39m
     [90m 225 |[39m       [36mconst[39m user [33m=[39m [33mUserModel[39m[33m.[39mcreate(phone[33m,[39m [32
m'PARENT'[39m)[33m;[39m[0m

      at Object.<anonymous> (tests/models-comprehensive.test.js:222:10)

  鈼?UserModel 鈥?markCodeAsUsed 鈥?搴旇鏍囪楠岃瘉鐮佷负宸蹭娇鐢?
    SqliteError: CHECK constraint failed: purpose IN ('LOGIN', 'REGISTER', 'RESET')

    [0m [90m 232 |[39m       expect(result[33m.[39mprofile[33m.[39mreal_name)[33m.[39mtoBe([32m'寮犱笁'[39m)[3
3m;[39m
     [90m 233 |[39m     })[33m;[39m
    [31m[1m>[22m[39m[90m 234 |[39m
     [90m     |[39m [31m[1m^[22m[39m
     [90m 235 |[39m     it([32m'搴旇杩斿洖 null 褰撶敤鎴蜂笉瀛樺湪'[39m[33m,[39m () [33m=>[39m {
     [90m 236 |[39m       [36mconst[39m result [33m=[39m [33mUserModel[39m[33m.[39mgetUserWithProfile([32m'n
on-existent'[39m)[33m;[39m
     [90m 237 |[39m       expect(result)[33m.[39mtoBeNull()[33m;[39m[0m

      at Object.<anonymous> (tests/models-comprehensive.test.js:234:10)

  鈼?KnowledgePointModel 鈥?create 鈥?搴旇鍒涘缓鐭ヨ瘑鐐?
    expect(received).toBeDefined()

    Received: undefined

    [0m [90m 328 |[39m       )[33m;[39m
     [90m 329 |[39m
    [31m[1m>[22m[39m[90m 330 |[39m       expect(point)[33m.[39mtoBeDefined()[33m;[39m
     [90m     |[39m                     [31m[1m^[22m[39m
     [90m 331 |[39m       expect(point[33m.[39mid)[33m.[39mtoBeDefined()[33m;[39m
     [90m 332 |[39m       expect(point[33m.[39muser_id)[33m.[39mtoBe(userId)[33m;[39m
     [90m 333 |[39m       expect(point[33m.[39mtitle)[33m.[39mtoBe([32m'鍕捐偂瀹氱悊'[39m)[33m;[39m[0m

      at Object.toBeDefined (tests/models-comprehensive.test.js:330:21)

  鈼?KnowledgePointModel 鈥?create 鈥?搴旇鍒涘缓涓嶅甫鍒嗙被鐨勭煡璇嗙偣

    expect(received).toBeDefined()

    Received: undefined

    [0m [90m 343 |[39m       )[33m;[39m
     [90m 344 |[39m
    [31m[1m>[22m[39m[90m 345 |[39m       expect(point)[33m.[39mtoBeDefined()[33m;[39m
     [90m     |[39m                     [31m[1m^[22m[39m
     [90m 346 |[39m       expect(point[33m.[39mtitle)[33m.[39mtoBe([32m'娴嬭瘯鐭ヨ瘑鐐?[39m)[33m;[39m
     [90m 347 |[39m     })[33m;[39m
     [90m 348 |[39m   })[33m;[39m[0m

      at Object.toBeDefined (tests/models-comprehensive.test.js:345:21)

  鈼?KnowledgePointModel 鈥?getById 鈥?搴旇閫氳繃 ID 鑾峰彇鐭ヨ瘑鐐?
    TypeError: Cannot read properties of undefined (reading 'id')

    [0m [90m 352 |[39m       [36mconst[39m created [33m=[39m [33mKnowledgePointModel[39m[33m.[39mcreate(user
Id[33m,[39m [32m'娴嬭瘯'[39m[33m,[39m [32m'鍐呭'[39m)[33m;[39m
     [90m 353 |[39m       
    [31m[1m>[22m[39m[90m 354 |[39m       [36mconst[39m point [33m=[39m [33mKnowledgePointModel[39m[33m.[3
9mgetById(created[33m.[39mid)[33m;[39m
     [90m     |[39m                                                         [31m[1m^[22m[39m
     [90m 355 |[39m
     [90m 356 |[39m       expect(point)[33m.[39mtoBeDefined()[33m;[39m
     [90m 357 |[39m       expect(point[33m.[39mid)[33m.[39mtoBe(created[33m.[39mid)[33m;[39m[0m

      at Object.id (tests/models-comprehensive.test.js:354:57)

  鈼?KnowledgePointModel 鈥?getByUserId 鈥?搴旇鏀寔鐘舵€佽繃婊?
    expect(received).toBe(expected) // Object.is equality

    Expected: 1
    Received: 2

    [0m [90m 391 |[39m       [36mconst[39m activePoints [33m=[39m [33mKnowledgePointModel[39m[33m.[39mgetByU
serId(userId[33m,[39m { status[33m:[39m [32m'ACTIVE'[39m })[33m;[39m
     [90m 392 |[39m
    [31m[1m>[22m[39m[90m 393 |[39m       expect(activePoints[33m.[39mlength)[33m.[39mtoBe([35m1[39m)[33m;
[39m
     [90m     |[39m                                   [31m[1m^[22m[39m
     [90m 394 |[39m       expect(activePoints[[35m0[39m][33m.[39mstatus)[33m.[39mtoBe([32m'ACTIVE'[39m)[33m;
[39m
     [90m 395 |[39m     })[33m;[39m
     [90m 396 |[39m[0m

      at Object.toBe (tests/models-comprehensive.test.js:393:35)

  鈼?KnowledgePointModel 鈥?update 鈥?搴旇鏇存柊鐭ヨ瘑鐐?
    TypeError: Cannot read properties of undefined (reading 'id')

    [0m [90m 410 |[39m       [36mconst[39m created [33m=[39m [33mKnowledgePointModel[39m[33m.[39mcreate(user
Id[33m,[39m [32m'鍘熸爣棰?[39m[33m,[39m [32m'鍘熷唴瀹?[39m)[33m;[39m
     [90m 411 |[39m       
    [31m[1m>[22m[39m[90m 412 |[39m       [36mconst[39m updated [33m=[39m [33mKnowledgePointModel[39m[33m.
[39mupdate(created[33m.[39mid[33m,[39m userId[33m,[39m {
     [90m     |[39m                                                          [31m[1m^[22m[39m
     [90m 413 |[39m         title[33m:[39m [32m'鏂版爣棰?[39m[33m,[39m
     [90m 414 |[39m         content[33m:[39m [32m'鏂板唴瀹?[39m
     [90m 415 |[39m       })[33m;[39m[0m

      at Object.id (tests/models-comprehensive.test.js:412:58)

  鈼?KnowledgePointModel 鈥?update 鈥?搴旇鎷掔粷鏇存柊涓嶅瓨鍦ㄧ殑鐭ヨ瘑鐐?
    expect(received).toThrow(expected)

    Expected substring: "鐭ヨ瘑鐐逛笉瀛樺湪鎴栨棤鏉冭闂?

    Received function did not throw

    [0m [90m 422 |[39m       expect(() [33m=>[39m {
     [90m 423 |[39m         [33mKnowledgePointModel[39m[33m.[39mupdate([32m'non-existent'[39m[33m,[39m userId
[33m,[39m { title[33m:[39m [32m'鏂版爣棰?[39m })[33m;[39m
    [31m[1m>[22m[39m[90m 424 |[39m       })[33m.[39mtoThrow([32m'鐭ヨ瘑鐐逛笉瀛樺湪鎴栨棤鏉冭闂?[39m)[33m;[39m
     [90m     |[39m          [31m[1m^[22m[39m
     [90m 425 |[39m     })[33m;[39m
     [90m 426 |[39m
     [90m 427 |[39m     it([32m'搴旇鎷掔粷鏇存柊浠栦汉鐨勭煡璇嗙偣'[39m[33m,[39m () [33m=>[39m {[0m

      at Object.toThrow (tests/models-comprehensive.test.js:424:10)

  鈼?KnowledgePointModel 鈥?update 鈥?搴旇鎷掔粷鏇存柊浠栦汉鐨勭煡璇嗙偣

    expect(received).toThrow(expected)

    Expected substring: "鐭ヨ瘑鐐逛笉瀛樺湪鎴栨棤鏉冭闂?
    Received message:   "Cannot read properties of undefined (reading 'id')"

        [0m [90m 430 |[39m       
         [90m 431 |[39m       expect(() [33m=>[39m {
        [31m[1m>[22m[39m[90m 432 |[39m         [33mKnowledgePointModel[39m[33m.[39mupdate(created[33m.[39mi
d[33m,[39m userId[33m,[39m { title[33m:[39m [32m'鏂版爣棰?[39m })[33m;[39m
         [90m     |[39m                                            [31m[1m^[22m[39m
         [90m 433 |[39m       })[33m.[39mtoThrow([32m'鐭ヨ瘑鐐逛笉瀛樺湪鎴栨棤鏉冭闂?[39m)[33m;[39m
         [90m 434 |[39m     })[33m;[39m
         [90m 435 |[39m   })[33m;[39m[0m

      at id (tests/models-comprehensive.test.js:432:44)
      at Object.<anonymous> (node_modules/expect/build/toThrowMatchers.js:74:11)
      at Object.throwingMatcher [as toThrow] (node_modules/expect/build/index.js:320:21)
      at Object.toThrow (tests/models-comprehensive.test.js:433:10)
      at Object.toThrow (tests/models-comprehensive.test.js:433:10)

  鈼?KnowledgePointModel 鈥?delete 鈥?搴旇鍒犻櫎鐭ヨ瘑鐐?
    TypeError: Cannot read properties of undefined (reading 'id')

    [0m [90m 439 |[39m       [36mconst[39m created [33m=[39m [33mKnowledgePointModel[39m[33m.[39mcreate(user
Id[33m,[39m [32m'娴嬭瘯'[39m[33m,[39m [32m'鍐呭'[39m)[33m;[39m
     [90m 440 |[39m       
    [31m[1m>[22m[39m[90m 441 |[39m       [33mKnowledgePointModel[39m[33m.[39m[36mdelete[39m(created[33m.[
39mid[33m,[39m userId)[33m;[39m
     [90m     |[39m                                          [31m[1m^[22m[39m
     [90m 442 |[39m       
     [90m 443 |[39m       [36mconst[39m point [33m=[39m [33mKnowledgePointModel[39m[33m.[39mgetById(created[
33m.[39mid)[33m;[39m
     [90m 444 |[39m       expect(point)[33m.[39mtoBeUndefined()[33m;[39m[0m

      at Object.id (tests/models-comprehensive.test.js:441:42)

  鈼?KnowledgePointModel 鈥?delete 鈥?搴旇鎷掔粷鍒犻櫎浠栦汉鐨勭煡璇嗙偣

    expect(received).toThrow(expected)

    Expected substring: "鐭ヨ瘑鐐逛笉瀛樺湪鎴栨棤鏉冭闂?
    Received message:   "Cannot read properties of undefined (reading 'id')"

        [0m [90m 450 |[39m       
         [90m 451 |[39m       expect(() [33m=>[39m {
        [31m[1m>[22m[39m[90m 452 |[39m         [33mKnowledgePointModel[39m[33m.[39m[36mdelete[39m(created[
33m.[39mid[33m,[39m userId)[33m;[39m
         [90m     |[39m                                            [31m[1m^[22m[39m
         [90m 453 |[39m       })[33m.[39mtoThrow([32m'鐭ヨ瘑鐐逛笉瀛樺湪鎴栨棤鏉冭闂?[39m)[33m;[39m
         [90m 454 |[39m     })[33m;[39m
         [90m 455 |[39m   })[33m;[39m[0m

      at id (tests/models-comprehensive.test.js:452:44)
      at Object.<anonymous> (node_modules/expect/build/toThrowMatchers.js:74:11)
      at Object.throwingMatcher [as toThrow] (node_modules/expect/build/index.js:320:21)
      at Object.toThrow (tests/models-comprehensive.test.js:453:10)
      at Object.toThrow (tests/models-comprehensive.test.js:453:10)

  鈼?KnowledgePointModel 鈥?search 鈥?搴旇鎼滅储鏍囩

    expect(received).toBe(expected) // Object.is equality

    Expected: 1
    Received: 0

    [0m [90m 472 |[39m       [36mconst[39m results [33m=[39m [33mKnowledgePointModel[39m[33m.[39msearch(user
Id[33m,[39m [32m'鍑犱綍'[39m)[33m;[39m
     [90m 473 |[39m
    [31m[1m>[22m[39m[90m 474 |[39m       expect(results[33m.[39mlength)[33m.[39mtoBe([35m1[39m)[33m;[39m
     [90m     |[39m                              [31m[1m^[22m[39m
     [90m 475 |[39m     })[33m;[39m
     [90m 476 |[39m   })[33m;[39m
     [90m 477 |[39m })[33m;[39m[0m

      at Object.toBe (tests/models-comprehensive.test.js:474:30)

  鈼?LearningProgressModel 鈥?createOrUpdate 鈥?搴旇鍒涘缓瀛︿範杩涘害

    TypeError: Cannot read properties of undefined (reading 'id')

    [0m [90m 490 |[39m     
     [90m 491 |[39m     [36mconst[39m kp [33m=[39m [33mKnowledgePointModel[39m[33m.[39mcreate(userId[33m,[3
9m [32m'娴嬭瘯鐭ヨ瘑鐐?[39m[33m,[39m [32m'鍐呭'[39m)[33m;[39m
    [31m[1m>[22m[39m[90m 492 |[39m     knowledgePointId [33m=[39m kp[33m.[39mid[33m;[39m
     [90m     |[39m                           [31m[1m^[22m[39m
     [90m 493 |[39m   })[33m;[39m
     [90m 494 |[39m
     [90m 495 |[39m   describe([32m'createOrUpdate'[39m[33m,[39m () [33m=>[39m {[0m

      at Object.id (tests/models-comprehensive.test.js:492:27)

  鈼?LearningProgressModel 鈥?createOrUpdate 鈥?搴旇鏇存柊宸插瓨鍦ㄧ殑瀛︿範杩涘害

    TypeError: Cannot read properties of undefined (reading 'id')

    [0m [90m 490 |[39m     
     [90m 491 |[39m     [36mconst[39m kp [33m=[39m [33mKnowledgePointModel[39m[33m.[39mcreate(userId[33m,[3
9m [32m'娴嬭瘯鐭ヨ瘑鐐?[39m[33m,[39m [32m'鍐呭'[39m)[33m;[39m
    [31m[1m>[22m[39m[90m 492 |[39m     knowledgePointId [33m=[39m kp[33m.[39mid[33m;[39m
     [90m     |[39m                           [31m[1m^[22m[39m
     [90m 493 |[39m   })[33m;[39m
     [90m 494 |[39m
     [90m 495 |[39m   describe([32m'createOrUpdate'[39m[33m,[39m () [33m=>[39m {[0m

      at Object.id (tests/models-comprehensive.test.js:492:27)

  鈼?LearningProgressModel 鈥?getByUserId 鈥?搴旇鑾峰彇鐢ㄦ埛鐨勫涔犺繘搴﹀垪琛?
    TypeError: Cannot read properties of undefined (reading 'id')

    [0m [90m 490 |[39m     
     [90m 491 |[39m     [36mconst[39m kp [33m=[39m [33mKnowledgePointModel[39m[33m.[39mcreate(userId[33m,[3
9m [32m'娴嬭瘯鐭ヨ瘑鐐?[39m[33m,[39m [32m'鍐呭'[39m)[33m;[39m
    [31m[1m>[22m[39m[90m 492 |[39m     knowledgePointId [33m=[39m kp[33m.[39mid[33m;[39m
     [90m     |[39m                           [31m[1m^[22m[39m
     [90m 493 |[39m   })[33m;[39m
     [90m 494 |[39m
     [90m 495 |[39m   describe([32m'createOrUpdate'[39m[33m,[39m () [33m=>[39m {[0m

      at Object.id (tests/models-comprehensive.test.js:492:27)

  鈼?LearningProgressModel 鈥?getByKnowledgePointId 鈥?搴旇鑾峰彇鐭ヨ瘑鐐圭殑瀛︿範杩涘害

    TypeError: Cannot read properties of undefined (reading 'id')

    [0m [90m 490 |[39m     
     [90m 491 |[39m     [36mconst[39m kp [33m=[39m [33mKnowledgePointModel[39m[33m.[39mcreate(userId[33m,[3
9m [32m'娴嬭瘯鐭ヨ瘑鐐?[39m[33m,[39m [32m'鍐呭'[39m)[33m;[39m
    [31m[1m>[22m[39m[90m 492 |[39m     knowledgePointId [33m=[39m kp[33m.[39mid[33m;[39m
     [90m     |[39m                           [31m[1m^[22m[39m
     [90m 493 |[39m   })[33m;[39m
     [90m 494 |[39m
     [90m 495 |[39m   describe([32m'createOrUpdate'[39m[33m,[39m () [33m=>[39m {[0m

      at Object.id (tests/models-comprehensive.test.js:492:27)

  鈼?LearningProgressModel 鈥?updateCompletionRate 鈥?搴旇鏇存柊瀹屾垚鐜?
    TypeError: Cannot read properties of undefined (reading 'id')

    [0m [90m 490 |[39m     
     [90m 491 |[39m     [36mconst[39m kp [33m=[39m [33mKnowledgePointModel[39m[33m.[39mcreate(userId[33m,[3
9m [32m'娴嬭瘯鐭ヨ瘑鐐?[39m[33m,[39m [32m'鍐呭'[39m)[33m;[39m
    [31m[1m>[22m[39m[90m 492 |[39m     knowledgePointId [33m=[39m kp[33m.[39mid[33m;[39m
     [90m     |[39m                           [31m[1m^[22m[39m
     [90m 493 |[39m   })[33m;[39m
     [90m 494 |[39m
     [90m 495 |[39m   describe([32m'createOrUpdate'[39m[33m,[39m () [33m=>[39m {[0m

      at Object.id (tests/models-comprehensive.test.js:492:27)

  鈼?LearningProgressModel 鈥?incrementStudyDuration 鈥?搴旇澧炲姞瀛︿範鏃堕暱

    TypeError: Cannot read properties of undefined (reading 'id')

    [0m [90m 490 |[39m     
     [90m 491 |[39m     [36mconst[39m kp [33m=[39m [33mKnowledgePointModel[39m[33m.[39mcreate(userId[33m,[3
9m [32m'娴嬭瘯鐭ヨ瘑鐐?[39m[33m,[39m [32m'鍐呭'[39m)[33m;[39m
    [31m[1m>[22m[39m[90m 492 |[39m     knowledgePointId [33m=[39m kp[33m.[39mid[33m;[39m
     [90m     |[39m                           [31m[1m^[22m[39m
     [90m 493 |[39m   })[33m;[39m
     [90m 494 |[39m
     [90m 495 |[39m   describe([32m'createOrUpdate'[39m[33m,[39m () [33m=>[39m {[0m

      at Object.id (tests/models-comprehensive.test.js:492:27)

  鈼?PracticeSessionModel 鈥?create 鈥?搴旇鍒涘缓缁冧範浼氳瘽

    PrismaClientInitializationError: 
    Invalid `prisma.practiceSession.create()` invocation in
    E:\openclaw\workspace-studyass-mgr\backend\src\models\PracticeSession.js:16:33

      13  * @returns {object} 鍒涘缓鐨勪細璇?      14  */
      15 function create(userId, data = {}) {
    鈫?16   return prisma.practiceSession.create(
    error: Error validating datasource `db`: the URL must start with the protocol `file:`.
      -->  schema.prisma:10
       | 
     9 |   provider = "sqlite"
    10 |   url      = env("DATABASE_PATH")
       | 

    Validation Error Count: 1

    [0m [90m 586 |[39m   describe([32m'create'[39m[33m,[39m () [33m=>[39m {
     [90m 587 |[39m     it([32m'搴旇鍒涘缓缁冧範浼氳瘽'[39m[33m,[39m [36masync[39m () [33m=>[39m {
    [31m[1m>[22m[39m[90m 588 |[39m       [36mconst[39m session [33m=[39m [36mawait[39m [33mPracticeSession
Model[39m[33m.[39mcreate(userId[33m,[39m {
     [90m     |[39m                       [31m[1m^[22m[39m
     [90m 589 |[39m         textbookId[33m:[39m [32m'book-1'[39m[33m,[39m
     [90m 590 |[39m         unitId[33m:[39m [32m'unit-1'[39m[33m,[39m
     [90m 591 |[39m         status[33m:[39m [32m'active'[39m[0m

      at ei.handleRequestError (node_modules/@prisma/client/src/runtime/RequestHandler.ts:242:13)
      at ei.handleAndLogRequestError (node_modules/@prisma/client/src/runtime/RequestHandler.ts:174:12)
      at ei.request (node_modules/@prisma/client/src/runtime/RequestHandler.ts:143:12)
      at a (node_modules/@prisma/client/src/runtime/getPrismaClient.ts:833:24)
      at Object.<anonymous> (tests/models-comprehensive.test.js:588:23)

  鈼?PracticeSessionModel 鈥?getById 鈥?搴旇閫氳繃 ID 鑾峰彇浼氳瘽

    PrismaClientInitializationError: 
    Invalid `prisma.practiceSession.create()` invocation in
    E:\openclaw\workspace-studyass-mgr\backend\src\models\PracticeSession.js:16:33

      13  * @returns {object} 鍒涘缓鐨勪細璇?      14  */
      15 function create(userId, data = {}) {
    鈫?16   return prisma.practiceSession.create(
    error: Error validating datasource `db`: the URL must start with the protocol `file:`.
      -->  schema.prisma:10
       | 
     9 |   provider = "sqlite"
    10 |   url      = env("DATABASE_PATH")
       | 

    Validation Error Count: 1

    [0m [90m 602 |[39m   describe([32m'getById'[39m[33m,[39m () [33m=>[39m {
     [90m 603 |[39m     it([32m'搴旇閫氳繃 ID 鑾峰彇浼氳瘽'[39m[33m,[39m [36masync[39m () [33m=>[39m {
    [31m[1m>[22m[39m[90m 604 |[39m       [36mconst[39m created [33m=[39m [36mawait[39m [33mPracticeSession
Model[39m[33m.[39mcreate(userId[33m,[39m {
     [90m     |[39m                       [31m[1m^[22m[39m
     [90m 605 |[39m         textbookId[33m:[39m [32m'book-1'[39m[33m,[39m
     [90m 606 |[39m         unitId[33m:[39m [32m'unit-1'[39m
     [90m 607 |[39m       })[33m;[39m[0m

      at ei.handleRequestError (node_modules/@prisma/client/src/runtime/RequestHandler.ts:242:13)
      at ei.handleAndLogRequestError (node_modules/@prisma/client/src/runtime/RequestHandler.ts:174:12)
      at ei.request (node_modules/@prisma/client/src/runtime/RequestHandler.ts:143:12)
      at a (node_modules/@prisma/client/src/runtime/getPrismaClient.ts:833:24)
      at Object.<anonymous> (tests/models-comprehensive.test.js:604:23)

  鈼?PracticeSessionModel 鈥?getById 鈥?搴旇杩斿洖 null 褰撲細璇濅笉瀛樺湪

    PrismaClientInitializationError: 
    Invalid `prisma.practiceSession.findUnique()` invocation in
    E:\openclaw\workspace-studyass-mgr\backend\src\models\PracticeSession.js:34:48

      31  * @returns {object|null} 浼氳瘽瀵硅薄
      32  */
      33 async function getById(id, userId) {
    鈫?34   const session = await prisma.practiceSession.findUnique(
    error: Error validating datasource `db`: the URL must start with the protocol `file:`.
      -->  schema.prisma:10
       | 
     9 |   provider = "sqlite"
    10 |   url      = env("DATABASE_PATH")
       | 

    Validation Error Count: 1

    [0m [90m 32 |[39m [90m */[39m
     [90m 33 |[39m [36masync[39m [36mfunction[39m getById(id[33m,[39m userId) {
    [31m[1m>[22m[39m[90m 34 |[39m   [36mconst[39m session [33m=[39m [36mawait[39m prisma[33m.[39mpractice
Session[33m.[39mfindUnique({
     [90m    |[39m                   [31m[1m^[22m[39m
     [90m 35 |[39m     where[33m:[39m { id }[33m,[39m
     [90m 36 |[39m     include[33m:[39m {
     [90m 37 |[39m       questions[33m:[39m {[0m

      at ei.handleRequestError (node_modules/@prisma/client/src/runtime/RequestHandler.ts:242:13)
      at ei.handleAndLogRequestError (node_modules/@prisma/client/src/runtime/RequestHandler.ts:174:12)
      at ei.request (node_modules/@prisma/client/src/runtime/RequestHandler.ts:143:12)
      at a (node_modules/@prisma/client/src/runtime/getPrismaClient.ts:833:24)
      at Object.getById (src/models/PracticeSession.js:34:19)
      at Object.<anonymous> (tests/models-comprehensive.test.js:616:23)

  鈼?PracticeSessionModel 鈥?getById 鈥?搴旇杩斿洖 null 褰撴棤鏉冭闂?
    PrismaClientInitializationError: 
    Invalid `prisma.practiceSession.create()` invocation in
    E:\openclaw\workspace-studyass-mgr\backend\src\models\PracticeSession.js:16:33

      13  * @returns {object} 鍒涘缓鐨勪細璇?      14  */
      15 function create(userId, data = {}) {
    鈫?16   return prisma.practiceSession.create(
    error: Error validating datasource `db`: the URL must start with the protocol `file:`.
      -->  schema.prisma:10
       | 
     9 |   provider = "sqlite"
    10 |   url      = env("DATABASE_PATH")
       | 

    Validation Error Count: 1

    [0m [90m 620 |[39m     it([32m'搴旇杩斿洖 null 褰撴棤鏉冭闂?[39m[33m,[39m [36masync[39m () [33m=>[39m {
     [90m 621 |[39m       [36mconst[39m otherUser [33m=[39m [33mUserModel[39m[33m.[39mcreate(generatePhone()
[33m,[39m [32m'STUDENT'[39m)[33m;[39m
    [31m[1m>[22m[39m[90m 622 |[39m       [36mconst[39m created [33m=[39m [36mawait[39m [33mPracticeSession
Model[39m[33m.[39mcreate(userId[33m,[39m {
     [90m     |[39m                       [31m[1m^[22m[39m
     [90m 623 |[39m         textbookId[33m:[39m [32m'book-1'[39m[33m,[39m
     [90m 624 |[39m         unitId[33m:[39m [32m'unit-1'[39m
     [90m 625 |[39m       })[33m;[39m[0m

      at ei.handleRequestError (node_modules/@prisma/client/src/runtime/RequestHandler.ts:242:13)
      at ei.handleAndLogRequestError (node_modules/@prisma/client/src/runtime/RequestHandler.ts:174:12)
      at ei.request (node_modules/@prisma/client/src/runtime/RequestHandler.ts:143:12)
      at a (node_modules/@prisma/client/src/runtime/getPrismaClient.ts:833:24)
      at Object.<anonymous> (tests/models-comprehensive.test.js:622:23)

  鈼?PracticeSessionModel 鈥?getByUserId 鈥?搴旇鑾峰彇鐢ㄦ埛鐨勪細璇濆垪琛?
    PrismaClientInitializationError: 
    Invalid `prisma.practiceSession.create()` invocation in
    E:\openclaw\workspace-studyass-mgr\backend\src\models\PracticeSession.js:16:33

      13  * @returns {object} 鍒涘缓鐨勪細璇?      14  */
      15 function create(userId, data = {}) {
    鈫?16   return prisma.practiceSession.create(
    error: Error validating datasource `db`: the URL must start with the protocol `file:`.
      -->  schema.prisma:10
       | 
     9 |   provider = "sqlite"
    10 |   url      = env("DATABASE_PATH")
       | 

    Validation Error Count: 1

    [0m [90m 632 |[39m   describe([32m'getByUserId'[39m[33m,[39m () [33m=>[39m {
     [90m 633 |[39m     it([32m'搴旇鑾峰彇鐢ㄦ埛鐨勪細璇濆垪琛?[39m[33m,[39m [36masync[39m () [33m=>[39m {
    [31m[1m>[22m[39m[90m 634 |[39m       [36mawait[39m [33mPracticeSessionModel[39m[33m.[39mcreate(userId[
33m,[39m { textbookId[33m:[39m [32m'book-1'[39m[33m,[39m unitId[33m:[39m [32m'unit-1'[39m })[33m;[39m
     [90m     |[39m       [31m[1m^[22m[39m
     [90m 635 |[39m       [36mawait[39m [33mPracticeSessionModel[39m[33m.[39mcreate(userId[33m,[39m { textboo
kId[33m:[39m [32m'book-2'[39m[33m,[39m unitId[33m:[39m [32m'unit-2'[39m })[33m;[39m
     [90m 636 |[39m       
     [90m 637 |[39m       [36mconst[39m sessions [33m=[39m [36mawait[39m [33mPracticeSessionModel[39m[33m.[
39mgetByUserId(userId)[33m;[39m[0m

      at ei.handleRequestError (node_modules/@prisma/client/src/runtime/RequestHandler.ts:242:13)
      at ei.handleAndLogRequestError (node_modules/@prisma/client/src/runtime/RequestHandler.ts:174:12)
      at ei.request (node_modules/@prisma/client/src/runtime/RequestHandler.ts:143:12)
      at a (node_modules/@prisma/client/src/runtime/getPrismaClient.ts:833:24)
      at Object.<anonymous> (tests/models-comprehensive.test.js:634:7)

  鈼?PracticeSessionModel 鈥?getByUserId 鈥?搴旇鏀寔鐘舵€佽繃婊?
    PrismaClientInitializationError: 
    Invalid `prisma.practiceSession.create()` invocation in
    E:\openclaw\workspace-studyass-mgr\backend\src\models\PracticeSession.js:16:33

      13  * @returns {object} 鍒涘缓鐨勪細璇?      14  */
      15 function create(userId, data = {}) {
    鈫?16   return prisma.practiceSession.create(
    error: Error validating datasource `db`: the URL must start with the protocol `file:`.
      -->  schema.prisma:10
       | 
     9 |   provider = "sqlite"
    10 |   url      = env("DATABASE_PATH")
       | 

    Validation Error Count: 1

    [0m [90m 641 |[39m
     [90m 642 |[39m     it([32m'搴旇鏀寔鐘舵€佽繃婊?[39m[33m,[39m [36masync[39m () [33m=>[39m {
    [31m[1m>[22m[39m[90m 643 |[39m       [36mawait[39m [33mPracticeSessionModel[39m[33m.[39mcreate(userId[
33m,[39m { textbookId[33m:[39m [32m'book-1'[39m[33m,[39m status[33m:[39m [32m'active'[39m })[33m;[39m
     [90m     |[39m       [31m[1m^[22m[39m
     [90m 644 |[39m       [36mawait[39m [33mPracticeSessionModel[39m[33m.[39mcreate(userId[33m,[39m { textboo
kId[33m:[39m [32m'book-2'[39m[33m,[39m status[33m:[39m [32m'completed'[39m })[33m;[39m
     [90m 645 |[39m       
     [90m 646 |[39m       [36mconst[39m activeSessions [33m=[39m [36mawait[39m [33mPracticeSessionModel[39m[
33m.[39mgetByUserId(userId[33m,[39m { status[33m:[39m [32m'active'[39m })[33m;[39m[0m

      at ei.handleRequestError (node_modules/@prisma/client/src/runtime/RequestHandler.ts:242:13)
      at ei.handleAndLogRequestError (node_modules/@prisma/client/src/runtime/RequestHandler.ts:174:12)
      at ei.request (node_modules/@prisma/client/src/runtime/RequestHandler.ts:143:12)
      at a (node_modules/@prisma/client/src/runtime/getPrismaClient.ts:833:24)
      at Object.<anonymous> (tests/models-comprehensive.test.js:643:7)

  鈼?PracticeSessionModel 鈥?update 鈥?搴旇鏇存柊浼氳瘽

    PrismaClientInitializationError: 
    Invalid `prisma.practiceSession.create()` invocation in
    E:\openclaw\workspace-studyass-mgr\backend\src\models\PracticeSession.js:16:33

      13  * @returns {object} 鍒涘缓鐨勪細璇?      14  */
      15 function create(userId, data = {}) {
    鈫?16   return prisma.practiceSession.create(
    error: Error validating datasource `db`: the URL must start with the protocol `file:`.
      -->  schema.prisma:10
       | 
     9 |   provider = "sqlite"
    10 |   url      = env("DATABASE_PATH")
       | 

    Validation Error Count: 1

    [0m [90m 653 |[39m   describe([32m'update'[39m[33m,[39m () [33m=>[39m {
     [90m 654 |[39m     it([32m'搴旇鏇存柊浼氳瘽'[39m[33m,[39m [36masync[39m () [33m=>[39m {
    [31m[1m>[22m[39m[90m 655 |[39m       [36mconst[39m created [33m=[39m [36mawait[39m [33mPracticeSession
Model[39m[33m.[39mcreate(userId[33m,[39m {
     [90m     |[39m                       [31m[1m^[22m[39m
     [90m 656 |[39m         textbookId[33m:[39m [32m'book-1'[39m[33m,[39m
     [90m 657 |[39m         unitId[33m:[39m [32m'unit-1'[39m
     [90m 658 |[39m       })[33m;[39m[0m

      at ei.handleRequestError (node_modules/@prisma/client/src/runtime/RequestHandler.ts:242:13)
      at ei.handleAndLogRequestError (node_modules/@prisma/client/src/runtime/RequestHandler.ts:174:12)
      at ei.request (node_modules/@prisma/client/src/runtime/RequestHandler.ts:143:12)
      at a (node_modules/@prisma/client/src/runtime/getPrismaClient.ts:833:24)
      at Object.<anonymous> (tests/models-comprehensive.test.js:655:23)

  鈼?PracticeSessionModel 鈥?update 鈥?搴旇鎷掔粷鏇存柊涓嶅瓨鍦ㄧ殑浼氳瘽

    expect(received).rejects.toThrow(expected)

    Expected substring: "浼氳瘽涓嶅瓨鍦ㄦ垨鏃犳潈璁块棶"
    Received message:   "
    Invalid `prisma.practiceSession.findUnique()` invocation in
    E:\\openclaw\\workspace-studyass-mgr\\backend\\src\\models\\PracticeSession.js:34:48路
      31  * @returns {object|null} 浼氳瘽瀵硅薄
      32  */
      33 async function getById(id, userId) {
    鈫?34   const session = await prisma.practiceSession.findUnique(
    error: Error validating datasource `db`: the URL must start with the protocol `file:`.
      -->  schema.prisma:10
       |路
     9 |   provider = \"sqlite\"
    10 |   url      = env(\"DATABASE_PATH\")
       |路路
    Validation Error Count: 1"

        [0m [90m 32 |[39m [90m */[39m
         [90m 33 |[39m [36masync[39m [36mfunction[39m getById(id[33m,[39m userId) {
        [31m[1m>[22m[39m[90m 34 |[39m   [36mconst[39m session [33m=[39m [36mawait[39m prisma[33m.[39mprac
ticeSession[33m.[39mfindUnique({
         [90m    |[39m                   [31m[1m^[22m[39m
         [90m 35 |[39m     where[33m:[39m { id }[33m,[39m
         [90m 36 |[39m     include[33m:[39m {
         [90m 37 |[39m       questions[33m:[39m {[0m

      at ei.handleRequestError (node_modules/@prisma/client/src/runtime/RequestHandler.ts:242:13)
      at ei.handleAndLogRequestError (node_modules/@prisma/client/src/runtime/RequestHandler.ts:174:12)
      at ei.request (node_modules/@prisma/client/src/runtime/RequestHandler.ts:143:12)
      at a (node_modules/@prisma/client/src/runtime/getPrismaClient.ts:833:24)
      at getById (src/models/PracticeSession.js:34:19)
      at Object.update (src/models/PracticeSession.js:87:20)
      at Object.<anonymous> (tests/models-comprehensive.test.js:670:7)
      at Object.toThrow (node_modules/expect/build/index.js:218:22)
      at Object.toThrow (tests/models-comprehensive.test.js:672:17)

  鈼?PracticeSessionModel 鈥?remove 鈥?搴旇鍒犻櫎浼氳瘽

    PrismaClientInitializationError: 
    Invalid `prisma.practiceSession.create()` invocation in
    E:\openclaw\workspace-studyass-mgr\backend\src\models\PracticeSession.js:16:33

      13  * @returns {object} 鍒涘缓鐨勪細璇?      14  */
      15 function create(userId, data = {}) {
    鈫?16   return prisma.practiceSession.create(
    error: Error validating datasource `db`: the URL must start with the protocol `file:`.
      -->  schema.prisma:10
       | 
     9 |   provider = "sqlite"
    10 |   url      = env("DATABASE_PATH")
       | 

    Validation Error Count: 1

    [0m [90m 676 |[39m   describe([32m'remove'[39m[33m,[39m () [33m=>[39m {
     [90m 677 |[39m     it([32m'搴旇鍒犻櫎浼氳瘽'[39m[33m,[39m [36masync[39m () [33m=>[39m {
    [31m[1m>[22m[39m[90m 678 |[39m       [36mconst[39m created [33m=[39m [36mawait[39m [33mPracticeSession
Model[39m[33m.[39mcreate(userId[33m,[39m {
     [90m     |[39m                       [31m[1m^[22m[39m
     [90m 679 |[39m         textbookId[33m:[39m [32m'book-1'[39m[33m,[39m
     [90m 680 |[39m         unitId[33m:[39m [32m'unit-1'[39m
     [90m 681 |[39m       })[33m;[39m[0m

      at ei.handleRequestError (node_modules/@prisma/client/src/runtime/RequestHandler.ts:242:13)
      at ei.handleAndLogRequestError (node_modules/@prisma/client/src/runtime/RequestHandler.ts:174:12)
      at ei.request (node_modules/@prisma/client/src/runtime/RequestHandler.ts:143:12)
      at a (node_modules/@prisma/client/src/runtime/getPrismaClient.ts:833:24)
      at Object.<anonymous> (tests/models-comprehensive.test.js:678:23)

  鈼?PracticeSessionModel 鈥?createQuestion 鈥?搴旇娣诲姞闂鍒颁細璇?
    PrismaClientInitializationError: 
    Invalid `prisma.practiceSession.create()` invocation in
    E:\openclaw\workspace-studyass-mgr\backend\src\models\PracticeSession.js:16:33

      13  * @returns {object} 鍒涘缓鐨勪細璇?      14  */
      15 function create(userId, data = {}) {
    鈫?16   return prisma.practiceSession.create(
    error: Error validating datasource `db`: the URL must start with the protocol `file:`.
      -->  schema.prisma:10
       | 
     9 |   provider = "sqlite"
    10 |   url      = env("DATABASE_PATH")
       | 

    Validation Error Count: 1

    [0m [90m 690 |[39m   describe([32m'createQuestion'[39m[33m,[39m () [33m=>[39m {
     [90m 691 |[39m     it([32m'搴旇娣诲姞闂鍒颁細璇?[39m[33m,[39m [36masync[39m () [33m=>[39m {
    [31m[1m>[22m[39m[90m 692 |[39m       [36mconst[39m session [33m=[39m [36mawait[39m [33mPracticeSession
Model[39m[33m.[39mcreate(userId[33m,[39m {
     [90m     |[39m                       [31m[1m^[22m[39m
     [90m 693 |[39m         textbookId[33m:[39m [32m'book-1'[39m[33m,[39m
     [90m 694 |[39m         unitId[33m:[39m [32m'unit-1'[39m
     [90m 695 |[39m       })[33m;[39m[0m

      at ei.handleRequestError (node_modules/@prisma/client/src/runtime/RequestHandler.ts:242:13)
      at ei.handleAndLogRequestError (node_modules/@prisma/client/src/runtime/RequestHandler.ts:174:12)
      at ei.request (node_modules/@prisma/client/src/runtime/RequestHandler.ts:143:12)
      at a (node_modules/@prisma/client/src/runtime/getPrismaClient.ts:833:24)
      at Object.<anonymous> (tests/models-comprehensive.test.js:692:23)

  鈼?PracticeSessionModel 鈥?createAnswerRecord 鈥?搴旇鍒涘缓绛旈璁板綍

    PrismaClientInitializationError: 
    Invalid `prisma.practiceSession.create()` invocation in
    E:\openclaw\workspace-studyass-mgr\backend\src\models\PracticeSession.js:16:33

      13  * @returns {object} 鍒涘缓鐨勪細璇?      14  */
      15 function create(userId, data = {}) {
    鈫?16   return prisma.practiceSession.create(
    error: Error validating datasource `db`: the URL must start with the protocol `file:`.
      -->  schema.prisma:10
       | 
     9 |   provider = "sqlite"
    10 |   url      = env("DATABASE_PATH")
       | 

    Validation Error Count: 1

    [0m [90m 712 |[39m   describe([32m'createAnswerRecord'[39m[33m,[39m () [33m=>[39m {
     [90m 713 |[39m     it([32m'搴旇鍒涘缓绛旈璁板綍'[39m[33m,[39m [36masync[39m () [33m=>[39m {
    [31m[1m>[22m[39m[90m 714 |[39m       [36mconst[39m session [33m=[39m [36mawait[39m [33mPracticeSession
Model[39m[33m.[39mcreate(userId[33m,[39m {
     [90m     |[39m                       [31m[1m^[22m[39m
     [90m 715 |[39m         textbookId[33m:[39m [32m'book-1'[39m[33m,[39m
     [90m 716 |[39m         unitId[33m:[39m [32m'unit-1'[39m
     [90m 717 |[39m       })[33m;[39m[0m

      at ei.handleRequestError (node_modules/@prisma/client/src/runtime/RequestHandler.ts:242:13)
      at ei.handleAndLogRequestError (node_modules/@prisma/client/src/runtime/RequestHandler.ts:174:12)
      at ei.request (node_modules/@prisma/client/src/runtime/RequestHandler.ts:143:12)
      at a (node_modules/@prisma/client/src/runtime/getPrismaClient.ts:833:24)
      at Object.<anonymous> (tests/models-comprehensive.test.js:714:23)

  鈼?PracticeSessionModel 鈥?getAnswerRecordsByUserId 鈥?搴旇鑾峰彇鐢ㄦ埛鐨勭瓟棰樿褰?
    PrismaClientInitializationError: 
    Invalid `prisma.practiceSession.create()` invocation in
    E:\openclaw\workspace-studyass-mgr\backend\src\models\PracticeSession.js:16:33

      13  * @returns {object} 鍒涘缓鐨勪細璇?      14  */
      15 function create(userId, data = {}) {
    鈫?16   return prisma.practiceSession.create(
    error: Error validating datasource `db`: the URL must start with the protocol `file:`.
      -->  schema.prisma:10
       | 
     9 |   provider = "sqlite"
    10 |   url      = env("DATABASE_PATH")
       | 

    Validation Error Count: 1

    [0m [90m 739 |[39m   describe([32m'getAnswerRecordsByUserId'[39m[33m,[39m () [33m=>[39m {
     [90m 740 |[39m     it([32m'搴旇鑾峰彇鐢ㄦ埛鐨勭瓟棰樿褰?[39m[33m,[39m [36masync[39m () [33m=>[39m {
    [31m[1m>[22m[39m[90m 741 |[39m       [36mconst[39m session [33m=[39m [36mawait[39m [33mPracticeSession
Model[39m[33m.[39mcreate(userId[33m,[39m {
     [90m     |[39m                       [31m[1m^[22m[39m
     [90m 742 |[39m         textbookId[33m:[39m [32m'book-1'[39m[33m,[39m
     [90m 743 |[39m         unitId[33m:[39m [32m'unit-1'[39m
     [90m 744 |[39m       })[33m;[39m[0m

      at ei.handleRequestError (node_modules/@prisma/client/src/runtime/RequestHandler.ts:242:13)
      at ei.handleAndLogRequestError (node_modules/@prisma/client/src/runtime/RequestHandler.ts:174:12)
      at ei.request (node_modules/@prisma/client/src/runtime/RequestHandler.ts:143:12)
      at a (node_modules/@prisma/client/src/runtime/getPrismaClient.ts:833:24)
      at Object.<anonymous> (tests/models-comprehensive.test.js:741:23)

  鈼?AIQARecordModel 鈥?create 鈥?搴旇鍒涘缓闂瓟璁板綍

    expect(received).toBeDefined()

    Received: undefined

    [0m [90m 786 |[39m       )[33m;[39m
     [90m 787 |[39m
    [31m[1m>[22m[39m[90m 788 |[39m       expect(record)[33m.[39mtoBeDefined()[33m;[39m
     [90m     |[39m                      [31m[1m^[22m[39m
     [90m 789 |[39m       expect(record[33m.[39muser_id)[33m.[39mtoBe(userId)[33m;[39m
     [90m 790 |[39m       expect(record[33m.[39mquestion)[33m.[39mtoBe([32m'浠€涔堟槸鍕捐偂瀹氱悊锛?[39m)[33m;[39m
     [90m 791 |[39m       expect(record[33m.[39manswer)[33m.[39mtoBe([32m'鍕捐偂瀹氱悊鏄竴涓熀鏈殑鍑犱綍瀹氱悊...'[39m)[33m;
[39m[0m

      at Object.toBeDefined (tests/models-comprehensive.test.js:788:22)

  鈼?AIQARecordModel 鈥?create 鈥?搴旇鍒涘缓甯︾煡璇嗙偣鐨勯棶绛旇褰?
    TypeError: Cannot read properties of undefined (reading 'id')

    [0m [90m 799 |[39m         [32m'闂'[39m[33m,[39m
     [90m 800 |[39m         [32m'绛旀'[39m[33m,[39m
    [31m[1m>[22m[39m[90m 801 |[39m         kp[33m.[39mid
     [90m     |[39m            [31m[1m^[22m[39m
     [90m 802 |[39m       )[33m;[39m
     [90m 803 |[39m
     [90m 804 |[39m       expect(record[33m.[39mknowledge_point_id)[33m.[39mtoBe(kp[33m.[39mid)[33m;[39m[0m

      at Object.id (tests/models-comprehensive.test.js:801:12)

  鈼?AIQARecordModel 鈥?getById 鈥?搴旇閫氳繃 ID 鑾峰彇璁板綍

    TypeError: Cannot read properties of undefined (reading 'id')

    [0m [90m 810 |[39m       [36mconst[39m created [33m=[39m [33mAIQARecordModel[39m[33m.[39mcreate(userId[
33m,[39m [32m'闂'[39m[33m,[39m [32m'绛旀'[39m)[33m;[39m
     [90m 811 |[39m       
    [31m[1m>[22m[39m[90m 812 |[39m       [36mconst[39m record [33m=[39m [33mAIQARecordModel[39m[33m.[39mg
etById(created[33m.[39mid)[33m;[39m
     [90m     |[39m                                                      [31m[1m^[22m[39m
     [90m 813 |[39m
     [90m 814 |[39m       expect(record)[33m.[39mtoBeDefined()[33m;[39m
     [90m 815 |[39m       expect(record[33m.[39mid)[33m.[39mtoBe(created[33m.[39mid)[33m;[39m[0m

      at Object.id (tests/models-comprehensive.test.js:812:54)

  鈼?AIQARecordModel 鈥?delete 鈥?搴旇鍒犻櫎闂瓟璁板綍

    TypeError: Cannot read properties of undefined (reading 'id')

    [0m [90m 854 |[39m       [36mconst[39m created [33m=[39m [33mAIQARecordModel[39m[33m.[39mcreate(userId[
33m,[39m [32m'闂'[39m[33m,[39m [32m'绛旀'[39m)[33m;[39m
     [90m 855 |[39m       
    [31m[1m>[22m[39m[90m 856 |[39m       [33mAIQARecordModel[39m[33m.[39m[36mdelete[39m(created[33m.[39mi
d[33m,[39m userId)[33m;[39m
     [90m     |[39m                                      [31m[1m^[22m[39m
     [90m 857 |[39m       
     [90m 858 |[39m       [36mconst[39m record [33m=[39m [33mAIQARecordModel[39m[33m.[39mgetById(created[33m
.[39mid)[33m;[39m
     [90m 859 |[39m       expect(record)[33m.[39mtoBeUndefined()[33m;[39m[0m

      at Object.id (tests/models-comprehensive.test.js:856:38)

  鈼?AIQARecordModel 鈥?delete 鈥?搴旇鎷掔粷鍒犻櫎浠栦汉鐨勮褰?
    expect(received).toThrow(expected)

    Expected substring: "鏃犳潈璁块棶"
    Received message:   "Cannot read properties of undefined (reading 'id')"

        [0m [90m 865 |[39m       
         [90m 866 |[39m       expect(() [33m=>[39m {
        [31m[1m>[22m[39m[90m 867 |[39m         [33mAIQARecordModel[39m[33m.[39m[36mdelete[39m(created[33m.
[39mid[33m,[39m userId)[33m;[39m
         [90m     |[39m                                        [31m[1m^[22m[39m
         [90m 868 |[39m       })[33m.[39mtoThrow([32m'鏃犳潈璁块棶'[39m)[33m;[39m
         [90m 869 |[39m     })[33m;[39m
         [90m 870 |[39m   })[33m;[39m[0m

      at id (tests/models-comprehensive.test.js:867:40)
      at Object.<anonymous> (node_modules/expect/build/toThrowMatchers.js:74:11)
      at Object.throwingMatcher [as toThrow] (node_modules/expect/build/index.js:320:21)
      at Object.toThrow (tests/models-comprehensive.test.js:868:10)
      at Object.toThrow (tests/models-comprehensive.test.js:868:10)

  console.log
    馃И 娴嬭瘯鐜宸查厤缃細TEST_MODE=true, DATABASE_PATH=E:\openclaw\workspace-studyass-mgr\backend\test-temp-19896.db

      at Object.<anonymous> (jest.setup.js:33:9)

  console.log
    [Perf] 鎱㈣姹傝鍛? GET /api/slow - 1105ms

      at log (src/middleware/performance-monitor.js:128:17)

FAIL tests/performance-monitor.test.js
  Performance Monitor Middleware Tests
    HTTP 璇锋眰鎸囨爣鏀堕泦
      鈭?搴旇璁板綍璇锋眰鑰楁椂 (9 ms)
      鈭?搴旇璁板綍璇锋眰鎬绘暟 (2 ms)
      鈭?搴旇澶勭悊娌℃湁 route 鐨勬儏鍐?(2 ms)
    鎱㈣姹傛娴?      鈭?搴旇璁板綍鎱㈣姹?(>1000ms) (1217 ms)
      鈭?涓嶅簲璇ヨ褰曞揩璇锋眰 (<1000ms) (108 ms)
    鎱㈣姹傛棩蹇楃鐞?      鈭?搴旇娓呴櫎鎵€鏈夋參璇锋眰鏃ュ織 (2 ms)
      鈭?搴旇鑾峰彇鏈€杩戠殑鎱㈣姹?(2 ms)
      鈭?搴旇闄愬埗杩斿洖鐨勬參璇锋眰鏁伴噺 (1 ms)
    鎬ц兘鎸囨爣瀵煎嚭
      脳 搴旇瀵煎嚭 Prometheus 鏍煎紡鐨勬寚鏍?(1 ms)
    鎬ц兘鎽樿
      鈭?搴旇杩斿洖鎬ц兘鎽樿 (1 ms)
      鈭?搴旇鍖呭惈鏈€杩戠殑鎱㈣姹?(2 ms)
    鏁版嵁搴撴煡璇㈡寚鏍?      鈭?搴旇璁板綍鎴愬姛鐨勬暟鎹簱鏌ヨ (1 ms)
      鈭?搴旇璁板綍澶辫触鐨勬暟鎹簱鏌ヨ (3 ms)
    AI API 璋冪敤鎸囨爣
      鈭?搴旇璁板綍鎴愬姛鐨?AI API 璋冪敤 (1 ms)
      鈭?搴旇璁板綍澶辫触鐨?AI API 璋冪敤 (3 ms)
    缂撳瓨鎸囨爣
      鈭?搴旇璁板綍缂撳瓨鍛戒腑 (1 ms)
      鈭?搴旇璁板綍缂撳瓨鏈懡涓?(1 ms)
      鈭?搴旇鏀寔澶氫釜鍛藉悕绌洪棿 (1 ms)
    杈圭晫娴嬭瘯
      鈭?搴旇澶勭悊绌鸿矾寰?(1 ms)
      鈭?搴旇澶勭悊 undefined 璺緞 (1 ms)
      鈭?搴旇澶勭悊鍚勭 HTTP 鏂规硶 (2 ms)
      鈭?搴旇澶勭悊鍚勭鐘舵€佺爜 (3 ms)
    鎬ц兘娴嬭瘯
      鈭?搴旇蹇€熷鐞嗕腑闂翠欢閫昏緫 (2 ms)

  鈼?Performance Monitor Middleware Tests 鈥?鎬ц兘鎸囨爣瀵煎嚭 鈥?搴旇瀵煎嚭 Prometheus 鏍煎紡鐨勬寚鏍?
    TypeError: register.metrics is not a function

    [0m [90m 152 |[39m [90m */[39m
     [90m 153 |[39m [36masync[39m [36mfunction[39m getMetrics() {
    [31m[1m>[22m[39m[90m 154 |[39m   [36mreturn[39m [36mawait[39m register[33m.[39mmetrics()[33m;[39m
     [90m     |[39m                         [31m[1m^[22m[39m
     [90m 155 |[39m }
     [90m 156 |[39m
     [90m 157 |[39m [90m/**[39m[0m

      at metrics (src/middleware/performance-monitor.js:154:25)
      at Object.getMetrics (tests/performance-monitor.test.js:259:29)

  console.log
    馃И 娴嬭瘯鐜宸查厤缃細TEST_MODE=true, DATABASE_PATH=E:\openclaw\workspace-studyass-mgr\backend\test-temp-19896.db

      at Object.<anonymous> (jest.setup.js:33:9)

  console.error
    [VerificationService] Redis 杩炴帴閿欒锛屼娇鐢ㄦ湰鍦板瓨鍌?

    [0m [90m 43 |[39m     
     [90m 44 |[39m     redisClient[33m.[39mon([32m'error'[39m[33m,[39m (err) [33m=>[39m {
    [31m[1m>[22m[39m[90m 45 |[39m       console[33m.[39merror([32m'[VerificationService] Redis 杩炴帴閿欒锛屼娇鐢ㄦ湰鍦板瓨鍌?'[39m[33m,[39m err[33m.[39mmessage)[33m;[39m
     [90m    |[39m               [31m[1m^[22m[39m
     [90m 46 |[39m       redisClient [33m=[39m [36mnull[39m[33m;[39m
     [90m 47 |[39m     })[33m;[39m
     [90m 48 |[39m     [0m

      at EventEmitter.error (src/services/verificationService.js:45:15)
      at EventEmitter.silentEmit (node_modules/ioredis/built/Redis.js:529:30)
      at Socket.<anonymous> (node_modules/ioredis/built/redis/event_handler.js:221:14)

  console.error
    [VerificationService] Redis 杩炴帴閿欒锛屼娇鐢ㄦ湰鍦板瓨鍌?

    [0m [90m 43 |[39m     
     [90m 44 |[39m     redisClient[33m.[39mon([32m'error'[39m[33m,[39m (err) [33m=>[39m {
    [31m[1m>[22m[39m[90m 45 |[39m       console[33m.[39merror([32m'[VerificationService] Redis 杩炴帴閿欒锛屼娇鐢ㄦ湰鍦板瓨鍌?'[39m[33m,[39m err[33m.[39mmessage)[33m;[39m
     [90m    |[39m               [31m[1m^[22m[39m
     [90m 46 |[39m       redisClient [33m=[39m [36mnull[39m[33m;[39m
     [90m 47 |[39m     })[33m;[39m
     [90m 48 |[39m     [0m

      at EventEmitter.error (src/services/verificationService.js:45:15)
      at EventEmitter.silentEmit (node_modules/ioredis/built/Redis.js:529:30)
      at Socket.<anonymous> (node_modules/ioredis/built/redis/event_handler.js:221:14)

  console.error
    [VerificationService] Redis 杩炴帴閿欒锛屼娇鐢ㄦ湰鍦板瓨鍌?

    [0m [90m 43 |[39m     
     [90m 44 |[39m     redisClient[33m.[39mon([32m'error'[39m[33m,[39m (err) [33m=>[39m {
    [31m[1m>[22m[39m[90m 45 |[39m       console[33m.[39merror([32m'[VerificationService] Redis 杩炴帴閿欒锛屼娇鐢ㄦ湰鍦板瓨鍌?'[39m[33m,[39m err[33m.[39mmessage)[33m;[39m
     [90m    |[39m               [31m[1m^[22m[39m
     [90m 46 |[39m       redisClient [33m=[39m [36mnull[39m[33m;[39m
     [90m 47 |[39m     })[33m;[39m
     [90m 48 |[39m     [0m

      at EventEmitter.error (src/services/verificationService.js:45:15)
      at EventEmitter.silentEmit (node_modules/ioredis/built/Redis.js:529:30)
      at Socket.<anonymous> (node_modules/ioredis/built/redis/event_handler.js:221:14)

  console.error
    [VerificationService] Redis 杩炴帴閿欒锛屼娇鐢ㄦ湰鍦板瓨鍌?

    [0m [90m 43 |[39m     
     [90m 44 |[39m     redisClient[33m.[39mon([32m'error'[39m[33m,[39m (err) [33m=>[39m {
    [31m[1m>[22m[39m[90m 45 |[39m       console[33m.[39merror([32m'[VerificationService] Redis 杩炴帴閿欒锛屼娇鐢ㄦ湰鍦板瓨鍌?'[39m[33m,[39m err[33m.[39mmessage)[33m;[39m
     [90m    |[39m               [31m[1m^[22m[39m
     [90m 46 |[39m       redisClient [33m=[39m [36mnull[39m[33m;[39m
     [90m 47 |[39m     })[33m;[39m
     [90m 48 |[39m     [0m

      at EventEmitter.error (src/services/verificationService.js:45:15)
      at EventEmitter.silentEmit (node_modules/ioredis/built/Redis.js:529:30)
      at Socket.<anonymous> (node_modules/ioredis/built/redis/event_handler.js:221:14)

  console.error
    [VerificationService] Redis 杩炴帴閿欒锛屼娇鐢ㄦ湰鍦板瓨鍌?

    [0m [90m 43 |[39m     
     [90m 44 |[39m     redisClient[33m.[39mon([32m'error'[39m[33m,[39m (err) [33m=>[39m {
    [31m[1m>[22m[39m[90m 45 |[39m       console[33m.[39merror([32m'[VerificationService] Redis 杩炴帴閿欒锛屼娇鐢ㄦ湰鍦板瓨鍌?'[39m[33m,[39m err[33m.[39mmessage)[33m;[39m
     [90m    |[39m               [31m[1m^[22m[39m
     [90m 46 |[39m       redisClient [33m=[39m [36mnull[39m[33m;[39m
     [90m 47 |[39m     })[33m;[39m
     [90m 48 |[39m     [0m

      at EventEmitter.error (src/services/verificationService.js:45:15)
      at EventEmitter.silentEmit (node_modules/ioredis/built/Redis.js:529:30)
      at Socket.<anonymous> (node_modules/ioredis/built/redis/event_handler.js:221:14)

  console.error
    [VerificationService] Redis 杩炴帴閿欒锛屼娇鐢ㄦ湰鍦板瓨鍌?

    [0m [90m 43 |[39m     
     [90m 44 |[39m     redisClient[33m.[39mon([32m'error'[39m[33m,[39m (err) [33m=>[39m {
    [31m[1m>[22m[39m[90m 45 |[39m       console[33m.[39merror([32m'[VerificationService] Redis 杩炴帴閿欒锛屼娇鐢ㄦ湰鍦板瓨鍌?'[39m[33m,[39m err[33m.[39mmessage)[33m;[39m
     [90m    |[39m               [31m[1m^[22m[39m
     [90m 46 |[39m       redisClient [33m=[39m [36mnull[39m[33m;[39m
     [90m 47 |[39m     })[33m;[39m
     [90m 48 |[39m     [0m

      at EventEmitter.error (src/services/verificationService.js:45:15)
      at EventEmitter.silentEmit (node_modules/ioredis/built/Redis.js:529:30)
      at Socket.<anonymous> (node_modules/ioredis/built/redis/event_handler.js:221:14)

  console.error
    [VerificationService] Redis 杩炴帴閿欒锛屼娇鐢ㄦ湰鍦板瓨鍌?

    [0m [90m 43 |[39m     
     [90m 44 |[39m     redisClient[33m.[39mon([32m'error'[39m[33m,[39m (err) [33m=>[39m {
    [31m[1m>[22m[39m[90m 45 |[39m       console[33m.[39merror([32m'[VerificationService] Redis 杩炴帴閿欒锛屼娇鐢ㄦ湰鍦板瓨鍌?'[39m[33m,[39m err[33m.[39mmessage)[33m;[39m
     [90m    |[39m               [31m[1m^[22m[39m
     [90m 46 |[39m       redisClient [33m=[39m [36mnull[39m[33m;[39m
     [90m 47 |[39m     })[33m;[39m
     [90m 48 |[39m     [0m

      at EventEmitter.error (src/services/verificationService.js:45:15)
      at EventEmitter.silentEmit (node_modules/ioredis/built/Redis.js:529:30)
      at Socket.<anonymous> (node_modules/ioredis/built/redis/event_handler.js:221:14)

  console.error
    [VerificationService] Redis 杩炴帴閿欒锛屼娇鐢ㄦ湰鍦板瓨鍌?

    [0m [90m 43 |[39m     
     [90m 44 |[39m     redisClient[33m.[39mon([32m'error'[39m[33m,[39m (err) [33m=>[39m {
    [31m[1m>[22m[39m[90m 45 |[39m       console[33m.[39merror([32m'[VerificationService] Redis 杩炴帴閿欒锛屼娇鐢ㄦ湰鍦板瓨鍌?'[39m[33m,[39m err[33m.[39mmessage)[33m;[39m
     [90m    |[39m               [31m[1m^[22m[39m
     [90m 46 |[39m       redisClient [33m=[39m [36mnull[39m[33m;[39m
     [90m 47 |[39m     })[33m;[39m
     [90m 48 |[39m     [0m

      at EventEmitter.error (src/services/verificationService.js:45:15)
      at EventEmitter.silentEmit (node_modules/ioredis/built/Redis.js:529:30)
      at Socket.<anonymous> (node_modules/ioredis/built/redis/event_handler.js:221:14)

  console.error
    [VerificationService] Redis 杩炴帴閿欒锛屼娇鐢ㄦ湰鍦板瓨鍌?

    [0m [90m 43 |[39m     
     [90m 44 |[39m     redisClient[33m.[39mon([32m'error'[39m[33m,[39m (err) [33m=>[39m {
    [31m[1m>[22m[39m[90m 45 |[39m       console[33m.[39merror([32m'[VerificationService] Redis 杩炴帴閿欒锛屼娇鐢ㄦ湰鍦板瓨鍌?'[39m[33m,[39m err[33m.[39mmessage)[33m;[39m
     [90m    |[39m               [31m[1m^[22m[39m
     [90m 46 |[39m       redisClient [33m=[39m [36mnull[39m[33m;[39m
     [90m 47 |[39m     })[33m;[39m
     [90m 48 |[39m     [0m

      at EventEmitter.error (src/services/verificationService.js:45:15)
      at EventEmitter.silentEmit (node_modules/ioredis/built/Redis.js:529:30)
      at Socket.<anonymous> (node_modules/ioredis/built/redis/event_handler.js:221:14)

  console.error
    [VerificationService] Redis 杩炴帴閿欒锛屼娇鐢ㄦ湰鍦板瓨鍌?

    [0m [90m 43 |[39m     
     [90m 44 |[39m     redisClient[33m.[39mon([32m'error'[39m[33m,[39m (err) [33m=>[39m {
    [31m[1m>[22m[39m[90m 45 |[39m       console[33m.[39merror([32m'[VerificationService] Redis 杩炴帴閿欒锛屼娇鐢ㄦ湰鍦板瓨鍌?'[39m[33m,[39m err[33m.[39mmessage)[33m;[39m
     [90m    |[39m               [31m[1m^[22m[39m
     [90m 46 |[39m       redisClient [33m=[39m [36mnull[39m[33m;[39m
     [90m 47 |[39m     })[33m;[39m
     [90m 48 |[39m     [0m

      at EventEmitter.error (src/services/verificationService.js:45:15)
      at EventEmitter.silentEmit (node_modules/ioredis/built/Redis.js:529:30)
      at Socket.<anonymous> (node_modules/ioredis/built/redis/event_handler.js:221:14)

  console.error
    [VerificationService] Redis 杩炴帴閿欒锛屼娇鐢ㄦ湰鍦板瓨鍌?

    [0m [90m 43 |[39m     
     [90m 44 |[39m     redisClient[33m.[39mon([32m'error'[39m[33m,[39m (err) [33m=>[39m {
    [31m[1m>[22m[39m[90m 45 |[39m       console[33m.[39merror([32m'[VerificationService] Redis 杩炴帴閿欒锛屼娇鐢ㄦ湰鍦板瓨鍌?'[39m[33m,[39m err[33m.[39mmessage)[33m;[39m
     [90m    |[39m               [31m[1m^[22m[39m
     [90m 46 |[39m       redisClient [33m=[39m [36mnull[39m[33m;[39m
     [90m 47 |[39m     })[33m;[39m
     [90m 48 |[39m     [0m

      at EventEmitter.error (src/services/verificationService.js:45:15)
      at EventEmitter.silentEmit (node_modules/ioredis/built/Redis.js:529:30)
      at Socket.<anonymous> (node_modules/ioredis/built/redis/event_handler.js:221:14)

  console.error
    [VerificationService] Redis 杩炴帴閿欒锛屼娇鐢ㄦ湰鍦板瓨鍌?

    [0m [90m 43 |[39m     
     [90m 44 |[39m     redisClient[33m.[39mon([32m'error'[39m[33m,[39m (err) [33m=>[39m {
    [31m[1m>[22m[39m[90m 45 |[39m       console[33m.[39merror([32m'[VerificationService] Redis 杩炴帴閿欒锛屼娇鐢ㄦ湰鍦板瓨鍌?'[39m[33m,[39m err[33m.[39mmessage)[33m;[39m
     [90m    |[39m               [31m[1m^[22m[39m
     [90m 46 |[39m       redisClient [33m=[39m [36mnull[39m[33m;[39m
     [90m 47 |[39m     })[33m;[39m
     [90m 48 |[39m     [0m

      at EventEmitter.error (src/services/verificationService.js:45:15)
      at EventEmitter.silentEmit (node_modules/ioredis/built/Redis.js:529:30)
      at Socket.<anonymous> (node_modules/ioredis/built/redis/event_handler.js:221:14)

  console.error
    [VerificationService] Redis 杩炴帴閿欒锛屼娇鐢ㄦ湰鍦板瓨鍌?

    [0m [90m 43 |[39m     
     [90m 44 |[39m     redisClient[33m.[39mon([32m'error'[39m[33m,[39m (err) [33m=>[39m {
    [31m[1m>[22m[39m[90m 45 |[39m       console[33m.[39merror([32m'[VerificationService] Redis 杩炴帴閿欒锛屼娇鐢ㄦ湰鍦板瓨鍌?'[39m[33m,[39m err[33m.[39mmessage)[33m;[39m
     [90m    |[39m               [31m[1m^[22m[39m
     [90m 46 |[39m       redisClient [33m=[39m [36mnull[39m[33m;[39m
     [90m 47 |[39m     })[33m;[39m
     [90m 48 |[39m     [0m

      at EventEmitter.error (src/services/verificationService.js:45:15)
      at EventEmitter.silentEmit (node_modules/ioredis/built/Redis.js:529:30)
      at Socket.<anonymous> (node_modules/ioredis/built/redis/event_handler.js:221:14)

  console.error
    [VerificationService] Redis 杩炴帴閿欒锛屼娇鐢ㄦ湰鍦板瓨鍌?

    [0m [90m 43 |[39m     
     [90m 44 |[39m     redisClient[33m.[39mon([32m'error'[39m[33m,[39m (err) [33m=>[39m {
    [31m[1m>[22m[39m[90m 45 |[39m       console[33m.[39merror([32m'[VerificationService] Redis 杩炴帴閿欒锛屼娇鐢ㄦ湰鍦板瓨鍌?'[39m[33m,[39m err[33m.[39mmessage)[33m;[39m
     [90m    |[39m               [31m[1m^[22m[39m
     [90m 46 |[39m       redisClient [33m=[39m [36mnull[39m[33m;[39m
     [90m 47 |[39m     })[33m;[39m
     [90m 48 |[39m     [0m

      at EventEmitter.error (src/services/verificationService.js:45:15)
      at EventEmitter.silentEmit (node_modules/ioredis/built/Redis.js:529:30)
      at Socket.<anonymous> (node_modules/ioredis/built/redis/event_handler.js:221:14)

  console.error
    [VerificationService] Redis 杩炴帴閿欒锛屼娇鐢ㄦ湰鍦板瓨鍌?

    [0m [90m 43 |[39m     
     [90m 44 |[39m     redisClient[33m.[39mon([32m'error'[39m[33m,[39m (err) [33m=>[39m {
    [31m[1m>[22m[39m[90m 45 |[39m       console[33m.[39merror([32m'[VerificationService] Redis 杩炴帴閿欒锛屼娇鐢ㄦ湰鍦板瓨鍌?'[39m[33m,[39m err[33m.[39mmessage)[33m;[39m
     [90m    |[39m               [31m[1m^[22m[39m
     [90m 46 |[39m       redisClient [33m=[39m [36mnull[39m[33m;[39m
     [90m 47 |[39m     })[33m;[39m
     [90m 48 |[39m     [0m

      at EventEmitter.error (src/services/verificationService.js:45:15)
      at EventEmitter.silentEmit (node_modules/ioredis/built/Redis.js:529:30)
      at Socket.<anonymous> (node_modules/ioredis/built/redis/event_handler.js:221:14)

  console.error
    [VerificationService] Redis 杩炴帴閿欒锛屼娇鐢ㄦ湰鍦板瓨鍌?

    [0m [90m 43 |[39m     
     [90m 44 |[39m     redisClient[33m.[39mon([32m'error'[39m[33m,[39m (err) [33m=>[39m {
    [31m[1m>[22m[39m[90m 45 |[39m       console[33m.[39merror([32m'[VerificationService] Redis 杩炴帴閿欒锛屼娇鐢ㄦ湰鍦板瓨鍌?'[39m[33m,[39m err[33m.[39mmessage)[33m;[39m
     [90m    |[39m               [31m[1m^[22m[39m
     [90m 46 |[39m       redisClient [33m=[39m [36mnull[39m[33m;[39m
     [90m 47 |[39m     })[33m;[39m
     [90m 48 |[39m     [0m

      at EventEmitter.error (src/services/verificationService.js:45:15)
      at EventEmitter.silentEmit (node_modules/ioredis/built/Redis.js:529:30)
      at Socket.<anonymous> (node_modules/ioredis/built/redis/event_handler.js:221:14)

  console.error
    [VerificationService] Redis 杩炴帴閿欒锛屼娇鐢ㄦ湰鍦板瓨鍌?

    [0m [90m 43 |[39m     
     [90m 44 |[39m     redisClient[33m.[39mon([32m'error'[39m[33m,[39m (err) [33m=>[39m {
    [31m[1m>[22m[39m[90m 45 |[39m       console[33m.[39merror([32m'[VerificationService] Redis 杩炴帴閿欒锛屼娇鐢ㄦ湰鍦板瓨鍌?'[39m[33m,[39m err[33m.[39mmessage)[33m;[39m
     [90m    |[39m               [31m[1m^[22m[39m
     [90m 46 |[39m       redisClient [33m=[39m [36mnull[39m[33m;[39m
     [90m 47 |[39m     })[33m;[39m
     [90m 48 |[39m     [0m

      at EventEmitter.error (src/services/verificationService.js:45:15)
      at EventEmitter.silentEmit (node_modules/ioredis/built/Redis.js:529:30)
      at Socket.<anonymous> (node_modules/ioredis/built/redis/event_handler.js:221:14)

  console.error
    [VerificationService] Redis 杩炴帴閿欒锛屼娇鐢ㄦ湰鍦板瓨鍌?

    [0m [90m 43 |[39m     
     [90m 44 |[39m     redisClient[33m.[39mon([32m'error'[39m[33m,[39m (err) [33m=>[39m {
    [31m[1m>[22m[39m[90m 45 |[39m       console[33m.[39merror([32m'[VerificationService] Redis 杩炴帴閿欒锛屼娇鐢ㄦ湰鍦板瓨鍌?'[39m[33m,[39m err[33m.[39mmessage)[33m;[39m
     [90m    |[39m               [31m[1m^[22m[39m
     [90m 46 |[39m       redisClient [33m=[39m [36mnull[39m[33m;[39m
     [90m 47 |[39m     })[33m;[39m
     [90m 48 |[39m     [0m

      at EventEmitter.error (src/services/verificationService.js:45:15)
      at EventEmitter.silentEmit (node_modules/ioredis/built/Redis.js:529:30)
      at Socket.<anonymous> (node_modules/ioredis/built/redis/event_handler.js:221:14)

  console.error
    [VerificationService] Redis 杩炴帴閿欒锛屼娇鐢ㄦ湰鍦板瓨鍌?

    [0m [90m 43 |[39m     
     [90m 44 |[39m     redisClient[33m.[39mon([32m'error'[39m[33m,[39m (err) [33m=>[39m {
    [31m[1m>[22m[39m[90m 45 |[39m       console[33m.[39merror([32m'[VerificationService] Redis 杩炴帴閿欒锛屼娇鐢ㄦ湰鍦板瓨鍌?'[39m[33m,[39m err[33m.[39mmessage)[33m;[39m
     [90m    |[39m               [31m[1m^[22m[39m
     [90m 46 |[39m       redisClient [33m=[39m [36mnull[39m[33m;[39m
     [90m 47 |[39m     })[33m;[39m
     [90m 48 |[39m     [0m

      at EventEmitter.error (src/services/verificationService.js:45:15)
      at EventEmitter.silentEmit (node_modules/ioredis/built/Redis.js:529:30)
      at Socket.<anonymous> (node_modules/ioredis/built/redis/event_handler.js:221:14)

  console.error
    [VerificationService] Redis 杩炴帴閿欒锛屼娇鐢ㄦ湰鍦板瓨鍌?

    [0m [90m 43 |[39m     
     [90m 44 |[39m     redisClient[33m.[39mon([32m'error'[39m[33m,[39m (err) [33m=>[39m {
    [31m[1m>[22m[39m[90m 45 |[39m       console[33m.[39merror([32m'[VerificationService] Redis 杩炴帴閿欒锛屼娇鐢ㄦ湰鍦板瓨鍌?'[39m[33m,[39m err[33m.[39mmessage)[33m;[39m
     [90m    |[39m               [31m[1m^[22m[39m
     [90m 46 |[39m       redisClient [33m=[39m [36mnull[39m[33m;[39m
     [90m 47 |[39m     })[33m;[39m
     [90m 48 |[39m     [0m

      at EventEmitter.error (src/services/verificationService.js:45:15)
      at EventEmitter.silentEmit (node_modules/ioredis/built/Redis.js:529:30)
      at Socket.<anonymous> (node_modules/ioredis/built/redis/event_handler.js:221:14)

  console.error
    [VerificationService] Redis 杩炴帴閿欒锛屼娇鐢ㄦ湰鍦板瓨鍌?

    [0m [90m 43 |[39m     
     [90m 44 |[39m     redisClient[33m.[39mon([32m'error'[39m[33m,[39m (err) [33m=>[39m {
    [31m[1m>[22m[39m[90m 45 |[39m       console[33m.[39merror([32m'[VerificationService] Redis 杩炴帴閿欒锛屼娇鐢ㄦ湰鍦板瓨鍌?'[39m[33m,[39m err[33m.[39mmessage)[33m;[39m
     [90m    |[39m               [31m[1m^[22m[39m
     [90m 46 |[39m       redisClient [33m=[39m [36mnull[39m[33m;[39m
     [90m 47 |[39m     })[33m;[39m
     [90m 48 |[39m     [0m

      at EventEmitter.error (src/services/verificationService.js:45:15)
      at EventEmitter.silentEmit (node_modules/ioredis/built/Redis.js:529:30)
      at Socket.<anonymous> (node_modules/ioredis/built/redis/event_handler.js:221:14)

  console.error
    [VerificationService] 瀛樺偍楠岃瘉鐮佸け璐? Reached the max retries per request limit (which is 20). Refer to "maxRetriesPerRequest" option for details.

    [0m [90m 127 |[39m     }
     [90m 128 |[39m   } [36mcatch[39m (error) {
    [31m[1m>[22m[39m[90m 129 |[39m     console[33m.[39merror([32m'[VerificationService] 瀛樺偍楠岃瘉鐮佸け璐?'[39m[33m,[39m error[33m.[39mmessage)[33m;[39m
     [90m     |[39m             [31m[1m^[22m[39m
     [90m 130 |[39m     [90m// Fallback 鍒版湰鍦板瓨鍌?[39m
     [90m 131 |[39m     verificationCodeMap[33m.[39m[36mset[39m(key[33m,[39m {
     [90m 132 |[39m       code[33m,[39m[0m

      at Object.error [as generateAndSaveCode] (src/services/verificationService.js:129:13)
      at Object.<anonymous> (tests/services-comprehensive.test.js:39:20)

  console.error
    [VerificationService] Redis 杩炴帴閿欒锛屼娇鐢ㄦ湰鍦板瓨鍌?

    [0m [90m 43 |[39m     
     [90m 44 |[39m     redisClient[33m.[39mon([32m'error'[39m[33m,[39m (err) [33m=>[39m {
    [31m[1m>[22m[39m[90m 45 |[39m       console[33m.[39merror([32m'[VerificationService] Redis 杩炴帴閿欒锛屼娇鐢ㄦ湰鍦板瓨鍌?'[39m[33m,[39m err[33m.[39mmessage)[33m;[39m
     [90m    |[39m               [31m[1m^[22m[39m
     [90m 46 |[39m       redisClient [33m=[39m [36mnull[39m[33m;[39m
     [90m 47 |[39m     })[33m;[39m
     [90m 48 |[39m     [0m

      at EventEmitter.error (src/services/verificationService.js:45:15)
      at EventEmitter.silentEmit (node_modules/ioredis/built/Redis.js:529:30)
      at Socket.<anonymous> (node_modules/ioredis/built/redis/event_handler.js:221:14)

  console.error
    [VerificationService] Redis 杩炴帴閿欒锛屼娇鐢ㄦ湰鍦板瓨鍌?

    [0m [90m 43 |[39m     
     [90m 44 |[39m     redisClient[33m.[39mon([32m'error'[39m[33m,[39m (err) [33m=>[39m {
    [31m[1m>[22m[39m[90m 45 |[39m       console[33m.[39merror([32m'[VerificationService] Redis 杩炴帴閿欒锛屼娇鐢ㄦ湰鍦板瓨鍌?'[39m[33m,[39m err[33m.[39mmessage)[33m;[39m
     [90m    |[39m               [31m[1m^[22m[39m
     [90m 46 |[39m       redisClient [33m=[39m [36mnull[39m[33m;[39m
     [90m 47 |[39m     })[33m;[39m
     [90m 48 |[39m     [0m

      at EventEmitter.error (src/services/verificationService.js:45:15)
      at EventEmitter.silentEmit (node_modules/ioredis/built/Redis.js:529:30)
      at Socket.<anonymous> (node_modules/ioredis/built/redis/event_handler.js:221:14)

  console.error
    [VerificationService] Redis 杩炴帴閿欒锛屼娇鐢ㄦ湰鍦板瓨鍌?

    [0m [90m 43 |[39m     
     [90m 44 |[39m     redisClient[33m.[39mon([32m'error'[39m[33m,[39m (err) [33m=>[39m {
    [31m[1m>[22m[39m[90m 45 |[39m       console[33m.[39merror([32m'[VerificationService] Redis 杩炴帴閿欒锛屼娇鐢ㄦ湰鍦板瓨鍌?'[39m[33m,[39m err[33m.[39mmessage)[33m;[39m
     [90m    |[39m               [31m[1m^[22m[39m
     [90m 46 |[39m       redisClient [33m=[39m [36mnull[39m[33m;[39m
     [90m 47 |[39m     })[33m;[39m
     [90m 48 |[39m     [0m

      at EventEmitter.error (src/services/verificationService.js:45:15)
      at EventEmitter.silentEmit (node_modules/ioredis/built/Redis.js:529:30)
      at Socket.<anonymous> (node_modules/ioredis/built/redis/event_handler.js:221:14)

  console.error
    [VerificationService] Redis 杩炴帴閿欒锛屼娇鐢ㄦ湰鍦板瓨鍌?

    [0m [90m 43 |[39m     
     [90m 44 |[39m     redisClient[33m.[39mon([32m'error'[39m[33m,[39m (err) [33m=>[39m {
    [31m[1m>[22m[39m[90m 45 |[39m       console[33m.[39merror([32m'[VerificationService] Redis 杩炴帴閿欒锛屼娇鐢ㄦ湰鍦板瓨鍌?'[39m[33m,[39m err[33m.[39mmessage)[33m;[39m
     [90m    |[39m               [31m[1m^[22m[39m
     [90m 46 |[39m       redisClient [33m=[39m [36mnull[39m[33m;[39m
     [90m 47 |[39m     })[33m;[39m
     [90m 48 |[39m     [0m

      at EventEmitter.error (src/services/verificationService.js:45:15)
      at EventEmitter.silentEmit (node_modules/ioredis/built/Redis.js:529:30)
      at Socket.<anonymous> (node_modules/ioredis/built/redis/event_handler.js:221:14)

  console.error
    [VerificationService] Redis 杩炴帴閿欒锛屼娇鐢ㄦ湰鍦板瓨鍌?

    [0m [90m 43 |[39m     
     [90m 44 |[39m     redisClient[33m.[39mon([32m'error'[39m[33m,[39m (err) [33m=>[39m {
    [31m[1m>[22m[39m[90m 45 |[39m       console[33m.[39merror([32m'[VerificationService] Redis 杩炴帴閿欒锛屼娇鐢ㄦ湰鍦板瓨鍌?'[39m[33m,[39m err[33m.[39mmessage)[33m;[39m
     [90m    |[39m               [31m[1m^[22m[39m
     [90m 46 |[39m       redisClient [33m=[39m [36mnull[39m[33m;[39m
     [90m 47 |[39m     })[33m;[39m
     [90m 48 |[39m     [0m

      at EventEmitter.error (src/services/verificationService.js:45:15)
      at EventEmitter.silentEmit (node_modules/ioredis/built/Redis.js:529:30)
      at Socket.<anonymous> (node_modules/ioredis/built/redis/event_handler.js:221:14)

  console.error
    [VerificationService] Redis 杩炴帴閿欒锛屼娇鐢ㄦ湰鍦板瓨鍌?

    [0m [90m 43 |[39m     
     [90m 44 |[39m     redisClient[33m.[39mon([32m'error'[39m[33m,[39m (err) [33m=>[39m {
    [31m[1m>[22m[39m[90m 45 |[39m       console[33m.[39merror([32m'[VerificationService] Redis 杩炴帴閿欒锛屼娇鐢ㄦ湰鍦板瓨鍌?'[39m[33m,[39m err[33m.[39mmessage)[33m;[39m
     [90m    |[39m               [31m[1m^[22m[39m
     [90m 46 |[39m       redisClient [33m=[39m [36mnull[39m[33m;[39m
     [90m 47 |[39m     })[33m;[39m
     [90m 48 |[39m     [0m

      at EventEmitter.error (src/services/verificationService.js:45:15)
      at EventEmitter.silentEmit (node_modules/ioredis/built/Redis.js:529:30)
      at Socket.<anonymous> (node_modules/ioredis/built/redis/event_handler.js:221:14)

  console.error
    [VerificationService] Redis 杩炴帴閿欒锛屼娇鐢ㄦ湰鍦板瓨鍌?

    [0m [90m 43 |[39m     
     [90m 44 |[39m     redisClient[33m.[39mon([32m'error'[39m[33m,[39m (err) [33m=>[39m {
    [31m[1m>[22m[39m[90m 45 |[39m       console[33m.[39merror([32m'[VerificationService] Redis 杩炴帴閿欒锛屼娇鐢ㄦ湰鍦板瓨鍌?'[39m[33m,[39m err[33m.[39mmessage)[33m;[39m
     [90m    |[39m               [31m[1m^[22m[39m
     [90m 46 |[39m       redisClient [33m=[39m [36mnull[39m[33m;[39m
     [90m 47 |[39m     })[33m;[39m
     [90m 48 |[39m     [0m

      at EventEmitter.error (src/services/verificationService.js:45:15)
      at EventEmitter.silentEmit (node_modules/ioredis/built/Redis.js:529:30)
      at Socket.<anonymous> (node_modules/ioredis/built/redis/event_handler.js:221:14)

  console.error
    [VerificationService] Redis 杩炴帴閿欒锛屼娇鐢ㄦ湰鍦板瓨鍌?

    [0m [90m 43 |[39m     
     [90m 44 |[39m     redisClient[33m.[39mon([32m'error'[39m[33m,[39m (err) [33m=>[39m {
    [31m[1m>[22m[39m[90m 45 |[39m       console[33m.[39merror([32m'[VerificationService] Redis 杩炴帴閿欒锛屼娇鐢ㄦ湰鍦板瓨鍌?'[39m[33m,[39m err[33m.[39mmessage)[33m;[39m
     [90m    |[39m               [31m[1m^[22m[39m
     [90m 46 |[39m       redisClient [33m=[39m [36mnull[39m[33m;[39m
     [90m 47 |[39m     })[33m;[39m
     [90m 48 |[39m     [0m

      at EventEmitter.error (src/services/verificationService.js:45:15)
      at EventEmitter.silentEmit (node_modules/ioredis/built/Redis.js:529:30)
      at Socket.<anonymous> (node_modules/ioredis/built/redis/event_handler.js:221:14)

  console.error
    [VerificationService] Redis 杩炴帴閿欒锛屼娇鐢ㄦ湰鍦板瓨鍌?

    [0m [90m 43 |[39m     
     [90m 44 |[39m     redisClient[33m.[39mon([32m'error'[39m[33m,[39m (err) [33m=>[39m {
    [31m[1m>[22m[39m[90m 45 |[39m       console[33m.[39merror([32m'[VerificationService] Redis 杩炴帴閿欒锛屼娇鐢ㄦ湰鍦板瓨鍌?'[39m[33m,[39m err[33m.[39mmessage)[33m;[39m
     [90m    |[39m               [31m[1m^[22m[39m
     [90m 46 |[39m       redisClient [33m=[39m [36mnull[39m[33m;[39m
     [90m 47 |[39m     })[33m;[39m
     [90m 48 |[39m     [0m

      at EventEmitter.error (src/services/verificationService.js:45:15)
      at EventEmitter.silentEmit (node_modules/ioredis/built/Redis.js:529:30)
      at Socket.<anonymous> (node_modules/ioredis/built/redis/event_handler.js:221:14)

  console.error
    [VerificationService] Redis 杩炴帴閿欒锛屼娇鐢ㄦ湰鍦板瓨鍌?

    [0m [90m 43 |[39m     
     [90m 44 |[39m     redisClient[33m.[39mon([32m'error'[39m[33m,[39m (err) [33m=>[39m {
    [31m[1m>[22m[39m[90m 45 |[39m       console[33m.[39merror([32m'[VerificationService] Redis 杩炴帴閿欒锛屼娇鐢ㄦ湰鍦板瓨鍌?'[39m[33m,[39m err[33m.[39mmessage)[33m;[39m
     [90m    |[39m               [31m[1m^[22m[39m
     [90m 46 |[39m       redisClient [33m=[39m [36mnull[39m[33m;[39m
     [90m 47 |[39m     })[33m;[39m
     [90m 48 |[39m     [0m

      at EventEmitter.error (src/services/verificationService.js:45:15)
      at EventEmitter.silentEmit (node_modules/ioredis/built/Redis.js:529:30)
      at Socket.<anonymous> (node_modules/ioredis/built/redis/event_handler.js:221:14)

  console.error
    [VerificationService] Redis 杩炴帴閿欒锛屼娇鐢ㄦ湰鍦板瓨鍌?

    [0m [90m 43 |[39m     
     [90m 44 |[39m     redisClient[33m.[39mon([32m'error'[39m[33m,[39m (err) [33m=>[39m {
    [31m[1m>[22m[39m[90m 45 |[39m       console[33m.[39merror([32m'[VerificationService] Redis 杩炴帴閿欒锛屼娇鐢ㄦ湰鍦板瓨鍌?'[39m[33m,[39m err[33m.[39mmessage)[33m;[39m
     [90m    |[39m               [31m[1m^[22m[39m
     [90m 46 |[39m       redisClient [33m=[39m [36mnull[39m[33m;[39m
     [90m 47 |[39m     })[33m;[39m
     [90m 48 |[39m     [0m

      at EventEmitter.error (src/services/verificationService.js:45:15)
      at EventEmitter.silentEmit (node_modules/ioredis/built/Redis.js:529:30)
      at Socket.<anonymous> (node_modules/ioredis/built/redis/event_handler.js:221:14)

  console.error
    [VerificationService] Redis 杩炴帴閿欒锛屼娇鐢ㄦ湰鍦板瓨鍌?

    [0m [90m 43 |[39m     
     [90m 44 |[39m     redisClient[33m.[39mon([32m'error'[39m[33m,[39m (err) [33m=>[39m {
    [31m[1m>[22m[39m[90m 45 |[39m       console[33m.[39merror([32m'[VerificationService] Redis 杩炴帴閿欒锛屼娇鐢ㄦ湰鍦板瓨鍌?'[39m[33m,[39m err[33m.[39mmessage)[33m;[39m
     [90m    |[39m               [31m[1m^[22m[39m
     [90m 46 |[39m       redisClient [33m=[39m [36mnull[39m[33m;[39m
     [90m 47 |[39m     })[33m;[39m
     [90m 48 |[39m     [0m

      at EventEmitter.error (src/services/verificationService.js:45:15)
      at EventEmitter.silentEmit (node_modules/ioredis/built/Redis.js:529:30)
      at Socket.<anonymous> (node_modules/ioredis/built/redis/event_handler.js:221:14)

  console.error
    [VerificationService] Redis 杩炴帴閿欒锛屼娇鐢ㄦ湰鍦板瓨鍌?

    [0m [90m 43 |[39m     
     [90m 44 |[39m     redisClient[33m.[39mon([32m'error'[39m[33m,[39m (err) [33m=>[39m {
    [31m[1m>[22m[39m[90m 45 |[39m       console[33m.[39merror([32m'[VerificationService] Redis 杩炴帴閿欒锛屼娇鐢ㄦ湰鍦板瓨鍌?'[39m[33m,[39m err[33m.[39mmessage)[33m;[39m
     [90m    |[39m               [31m[1m^[22m[39m
     [90m 46 |[39m       redisClient [33m=[39m [36mnull[39m[33m;[39m
     [90m 47 |[39m     })[33m;[39m
     [90m 48 |[39m     [0m

      at EventEmitter.error (src/services/verificationService.js:45:15)
      at EventEmitter.silentEmit (node_modules/ioredis/built/Redis.js:529:30)
      at Socket.<anonymous> (node_modules/ioredis/built/redis/event_handler.js:221:14)

  console.error
    [VerificationService] Redis 杩炴帴閿欒锛屼娇鐢ㄦ湰鍦板瓨鍌?

    [0m [90m 43 |[39m     
     [90m 44 |[39m     redisClient[33m.[39mon([32m'error'[39m[33m,[39m (err) [33m=>[39m {
    [31m[1m>[22m[39m[90m 45 |[39m       console[33m.[39merror([32m'[VerificationService] Redis 杩炴帴閿欒锛屼娇鐢ㄦ湰鍦板瓨鍌?'[39m[33m,[39m err[33m.[39mmessage)[33m;[39m
     [90m    |[39m               [31m[1m^[22m[39m
     [90m 46 |[39m       redisClient [33m=[39m [36mnull[39m[33m;[39m
     [90m 47 |[39m     })[33m;[39m
     [90m 48 |[39m     [0m

      at EventEmitter.error (src/services/verificationService.js:45:15)
      at EventEmitter.silentEmit (node_modules/ioredis/built/Redis.js:529:30)
      at Socket.<anonymous> (node_modules/ioredis/built/redis/event_handler.js:221:14)

  console.error
    [VerificationService] Redis 杩炴帴閿欒锛屼娇鐢ㄦ湰鍦板瓨鍌?

    [0m [90m 43 |[39m     
     [90m 44 |[39m     redisClient[33m.[39mon([32m'error'[39m[33m,[39m (err) [33m=>[39m {
    [31m[1m>[22m[39m[90m 45 |[39m       console[33m.[39merror([32m'[VerificationService] Redis 杩炴帴閿欒锛屼娇鐢ㄦ湰鍦板瓨鍌?'[39m[33m,[39m err[33m.[39mmessage)[33m;[39m
     [90m    |[39m               [31m[1m^[22m[39m
     [90m 46 |[39m       redisClient [33m=[39m [36mnull[39m[33m;[39m
     [90m 47 |[39m     })[33m;[39m
     [90m 48 |[39m     [0m

      at EventEmitter.error (src/services/verificationService.js:45:15)
      at EventEmitter.silentEmit (node_modules/ioredis/built/Redis.js:529:30)
      at Socket.<anonymous> (node_modules/ioredis/built/redis/event_handler.js:221:14)

  console.error
    [VerificationService] Redis 杩炴帴閿欒锛屼娇鐢ㄦ湰鍦板瓨鍌?

    [0m [90m 43 |[39m     
     [90m 44 |[39m     redisClient[33m.[39mon([32m'error'[39m[33m,[39m (err) [33m=>[39m {
    [31m[1m>[22m[39m[90m 45 |[39m       console[33m.[39merror([32m'[VerificationService] Redis 杩炴帴閿欒锛屼娇鐢ㄦ湰鍦板瓨鍌?'[39m[33m,[39m err[33m.[39mmessage)[33m;[39m
     [90m    |[39m               [31m[1m^[22m[39m
     [90m 46 |[39m       redisClient [33m=[39m [36mnull[39m[33m;[39m
     [90m 47 |[39m     })[33m;[39m
     [90m 48 |[39m     [0m

      at EventEmitter.error (src/services/verificationService.js:45:15)
      at EventEmitter.silentEmit (node_modules/ioredis/built/Redis.js:529:30)
      at Socket.<anonymous> (node_modules/ioredis/built/redis/event_handler.js:221:14)

  console.error
    [VerificationService] Redis 杩炴帴閿欒锛屼娇鐢ㄦ湰鍦板瓨鍌?

    [0m [90m 43 |[39m     
     [90m 44 |[39m     redisClient[33m.[39mon([32m'error'[39m[33m,[39m (err) [33m=>[39m {
    [31m[1m>[22m[39m[90m 45 |[39m       console[33m.[39merror([32m'[VerificationService] Redis 杩炴帴閿欒锛屼娇鐢ㄦ湰鍦板瓨鍌?'[39m[33m,[39m err[33m.[39mmessage)[33m;[39m
     [90m    |[39m               [31m[1m^[22m[39m
     [90m 46 |[39m       redisClient [33m=[39m [36mnull[39m[33m;[39m
     [90m 47 |[39m     })[33m;[39m
     [90m 48 |[39m     [0m

      at EventEmitter.error (src/services/verificationService.js:45:15)
      at EventEmitter.silentEmit (node_modules/ioredis/built/Redis.js:529:30)
      at Socket.<anonymous> (node_modules/ioredis/built/redis/event_handler.js:221:14)

  console.error
    [VerificationService] Redis 杩炴帴閿欒锛屼娇鐢ㄦ湰鍦板瓨鍌?

    [0m [90m 43 |[39m     
     [90m 44 |[39m     redisClient[33m.[39mon([32m'error'[39m[33m,[39m (err) [33m=>[39m {
    [31m[1m>[22m[39m[90m 45 |[39m       console[33m.[39merror([32m'[VerificationService] Redis 杩炴帴閿欒锛屼娇鐢ㄦ湰鍦板瓨鍌?'[39m[33m,[39m err[33m.[39mmessage)[33m;[39m
     [90m    |[39m               [31m[1m^[22m[39m
     [90m 46 |[39m       redisClient [33m=[39m [36mnull[39m[33m;[39m
     [90m 47 |[39m     })[33m;[39m
     [90m 48 |[39m     [0m

      at EventEmitter.error (src/services/verificationService.js:45:15)
      at EventEmitter.silentEmit (node_modules/ioredis/built/Redis.js:529:30)
      at Socket.<anonymous> (node_modules/ioredis/built/redis/event_handler.js:221:14)

  console.error
    [VerificationService] Redis 杩炴帴閿欒锛屼娇鐢ㄦ湰鍦板瓨鍌?

    [0m [90m 43 |[39m     
     [90m 44 |[39m     redisClient[33m.[39mon([32m'error'[39m[33m,[39m (err) [33m=>[39m {
    [31m[1m>[22m[39m[90m 45 |[39m       console[33m.[39merror([32m'[VerificationService] Redis 杩炴帴閿欒锛屼娇鐢ㄦ湰鍦板瓨鍌?'[39m[33m,[39m err[33m.[39mmessage)[33m;[39m
     [90m    |[39m               [31m[1m^[22m[39m
     [90m 46 |[39m       redisClient [33m=[39m [36mnull[39m[33m;[39m
     [90m 47 |[39m     })[33m;[39m
     [90m 48 |[39m     [0m

      at EventEmitter.error (src/services/verificationService.js:45:15)
      at EventEmitter.silentEmit (node_modules/ioredis/built/Redis.js:529:30)
      at Socket.<anonymous> (node_modules/ioredis/built/redis/event_handler.js:221:14)

  console.error
    [VerificationService] Redis 杩炴帴閿欒锛屼娇鐢ㄦ湰鍦板瓨鍌?

    [0m [90m 43 |[39m     
     [90m 44 |[39m     redisClient[33m.[39mon([32m'error'[39m[33m,[39m (err) [33m=>[39m {
    [31m[1m>[22m[39m[90m 45 |[39m       console[33m.[39merror([32m'[VerificationService] Redis 杩炴帴閿欒锛屼娇鐢ㄦ湰鍦板瓨鍌?'[39m[33m,[39m err[33m.[39mmessage)[33m;[39m
     [90m    |[39m               [31m[1m^[22m[39m
     [90m 46 |[39m       redisClient [33m=[39m [36mnull[39m[33m;[39m
     [90m 47 |[39m     })[33m;[39m
     [90m 48 |[39m     [0m

      at EventEmitter.error (src/services/verificationService.js:45:15)
      at EventEmitter.silentEmit (node_modules/ioredis/built/Redis.js:529:30)
      at Socket.<anonymous> (node_modules/ioredis/built/redis/event_handler.js:221:14)

  console.error
    [VerificationService] Redis 杩炴帴閿欒锛屼娇鐢ㄦ湰鍦板瓨鍌?

    [0m [90m 43 |[39m     
     [90m 44 |[39m     redisClient[33m.[39mon([32m'error'[39m[33m,[39m (err) [33m=>[39m {
    [31m[1m>[22m[39m[90m 45 |[39m       console[33m.[39merror([32m'[VerificationService] Redis 杩炴帴閿欒锛屼娇鐢ㄦ湰鍦板瓨鍌?'[39m[33m,[39m err[33m.[39mmessage)[33m;[39m
     [90m    |[39m               [31m[1m^[22m[39m
     [90m 46 |[39m       redisClient [33m=[39m [36mnull[39m[33m;[39m
     [90m 47 |[39m     })[33m;[39m
     [90m 48 |[39m     [0m

      at EventEmitter.error (src/services/verificationService.js:45:15)
      at EventEmitter.silentEmit (node_modules/ioredis/built/Redis.js:529:30)
      at Socket.<anonymous> (node_modules/ioredis/built/redis/event_handler.js:221:14)

  console.error
    [VerificationService] Redis 杩炴帴閿欒锛屼娇鐢ㄦ湰鍦板瓨鍌?

    [0m [90m 43 |[39m     
     [90m 44 |[39m     redisClient[33m.[39mon([32m'error'[39m[33m,[39m (err) [33m=>[39m {
    [31m[1m>[22m[39m[90m 45 |[39m       console[33m.[39merror([32m'[VerificationService] Redis 杩炴帴閿欒锛屼娇鐢ㄦ湰鍦板瓨鍌?'[39m[33m,[39m err[33m.[39mmessage)[33m;[39m
     [90m    |[39m               [31m[1m^[22m[39m
     [90m 46 |[39m       redisClient [33m=[39m [36mnull[39m[33m;[39m
     [90m 47 |[39m     })[33m;[39m
     [90m 48 |[39m     [0m

      at EventEmitter.error (src/services/verificationService.js:45:15)
      at EventEmitter.silentEmit (node_modules/ioredis/built/Redis.js:529:30)
      at Socket.<anonymous> (node_modules/ioredis/built/redis/event_handler.js:221:14)

  console.error
    [VerificationService] Redis 杩炴帴閿欒锛屼娇鐢ㄦ湰鍦板瓨鍌?

    [0m [90m 43 |[39m     
     [90m 44 |[39m     redisClient[33m.[39mon([32m'error'[39m[33m,[39m (err) [33m=>[39m {
    [31m[1m>[22m[39m[90m 45 |[39m       console[33m.[39merror([32m'[VerificationService] Redis 杩炴帴閿欒锛屼娇鐢ㄦ湰鍦板瓨鍌?'[39m[33m,[39m err[33m.[39mmessage)[33m;[39m
     [90m    |[39m               [31m[1m^[22m[39m
     [90m 46 |[39m       redisClient [33m=[39m [36mnull[39m[33m;[39m
     [90m 47 |[39m     })[33m;[39m
     [90m 48 |[39m     [0m

      at EventEmitter.error (src/services/verificationService.js:45:15)
      at EventEmitter.silentEmit (node_modules/ioredis/built/Redis.js:529:30)
      at Socket.<anonymous> (node_modules/ioredis/built/redis/event_handler.js:221:14)

  console.error
    [VerificationService] Redis 杩炴帴閿欒锛屼娇鐢ㄦ湰鍦板瓨鍌?

    [0m [90m 43 |[39m     
     [90m 44 |[39m     redisClient[33m.[39mon([32m'error'[39m[33m,[39m (err) [33m=>[39m {
    [31m[1m>[22m[39m[90m 45 |[39m       console[33m.[39merror([32m'[VerificationService] Redis 杩炴帴閿欒锛屼娇鐢ㄦ湰鍦板瓨鍌?'[39m[33m,[39m err[33m.[39mmessage)[33m;[39m
     [90m    |[39m               [31m[1m^[22m[39m
     [90m 46 |[39m       redisClient [33m=[39m [36mnull[39m[33m;[39m
     [90m 47 |[39m     })[33m;[39m
     [90m 48 |[39m     [0m

      at EventEmitter.error (src/services/verificationService.js:45:15)
      at EventEmitter.silentEmit (node_modules/ioredis/built/Redis.js:529:30)
      at Socket.<anonymous> (node_modules/ioredis/built/redis/event_handler.js:221:14)

  console.error
    [VerificationService] Redis 杩炴帴閿欒锛屼娇鐢ㄦ湰鍦板瓨鍌?

    [0m [90m 43 |[39m     
     [90m 44 |[39m     redisClient[33m.[39mon([32m'error'[39m[33m,[39m (err) [33m=>[39m {
    [31m[1m>[22m[39m[90m 45 |[39m       console[33m.[39merror([32m'[VerificationService] Redis 杩炴帴閿欒锛屼娇鐢ㄦ湰鍦板瓨鍌?'[39m[33m,[39m err[33m.[39mmessage)[33m;[39m
     [90m    |[39m               [31m[1m^[22m[39m
     [90m 46 |[39m       redisClient [33m=[39m [36mnull[39m[33m;[39m
     [90m 47 |[39m     })[33m;[39m
     [90m 48 |[39m     [0m

      at EventEmitter.error (src/services/verificationService.js:45:15)
      at EventEmitter.silentEmit (node_modules/ioredis/built/Redis.js:529:30)
      at Socket.<anonymous> (node_modules/ioredis/built/redis/event_handler.js:221:14)

  console.error
    [VerificationService] Redis 杩炴帴閿欒锛屼娇鐢ㄦ湰鍦板瓨鍌?

    [0m [90m 43 |[39m     
     [90m 44 |[39m     redisClient[33m.[39mon([32m'error'[39m[33m,[39m (err) [33m=>[39m {
    [31m[1m>[22m[39m[90m 45 |[39m       console[33m.[39merror([32m'[VerificationService] Redis 杩炴帴閿欒锛屼娇鐢ㄦ湰鍦板瓨鍌?'[39m[33m,[39m err[33m.[39mmessage)[33m;[39m
     [90m    |[39m               [31m[1m^[22m[39m
     [90m 46 |[39m       redisClient [33m=[39m [36mnull[39m[33m;[39m
     [90m 47 |[39m     })[33m;[39m
     [90m 48 |[39m     [0m

      at EventEmitter.error (src/services/verificationService.js:45:15)
      at EventEmitter.silentEmit (node_modules/ioredis/built/Redis.js:529:30)
      at Socket.<anonymous> (node_modules/ioredis/built/redis/event_handler.js:221:14)

  console.error
    [VerificationService] Redis 杩炴帴閿欒锛屼娇鐢ㄦ湰鍦板瓨鍌?

    [0m [90m 43 |[39m     
     [90m 44 |[39m     redisClient[33m.[39mon([32m'error'[39m[33m,[39m (err) [33m=>[39m {
    [31m[1m>[22m[39m[90m 45 |[39m       console[33m.[39merror([32m'[VerificationService] Redis 杩炴帴閿欒锛屼娇鐢ㄦ湰鍦板瓨鍌?'[39m[33m,[39m err[33m.[39mmessage)[33m;[39m
     [90m    |[39m               [31m[1m^[22m[39m
     [90m 46 |[39m       redisClient [33m=[39m [36mnull[39m[33m;[39m
     [90m 47 |[39m     })[33m;[39m
     [90m 48 |[39m     [0m

      at EventEmitter.error (src/services/verificationService.js:45:15)
      at EventEmitter.silentEmit (node_modules/ioredis/built/Redis.js:529:30)
      at Socket.<anonymous> (node_modules/ioredis/built/redis/event_handler.js:221:14)

  console.error
    [VerificationService] Redis 杩炴帴閿欒锛屼娇鐢ㄦ湰鍦板瓨鍌?

    [0m [90m 43 |[39m     
     [90m 44 |[39m     redisClient[33m.[39mon([32m'error'[39m[33m,[39m (err) [33m=>[39m {
    [31m[1m>[22m[39m[90m 45 |[39m       console[33m.[39merror([32m'[VerificationService] Redis 杩炴帴閿欒锛屼娇鐢ㄦ湰鍦板瓨鍌?'[39m[33m,[39m err[33m.[39mmessage)[33m;[39m
     [90m    |[39m               [31m[1m^[22m[39m
     [90m 46 |[39m       redisClient [33m=[39m [36mnull[39m[33m;[39m
     [90m 47 |[39m     })[33m;[39m
     [90m 48 |[39m     [0m

      at EventEmitter.error (src/services/verificationService.js:45:15)
      at EventEmitter.silentEmit (node_modules/ioredis/built/Redis.js:529:30)
      at Socket.<anonymous> (node_modules/ioredis/built/redis/event_handler.js:221:14)

  console.error
    [VerificationService] Redis 杩炴帴閿欒锛屼娇鐢ㄦ湰鍦板瓨鍌?

    [0m [90m 43 |[39m     
     [90m 44 |[39m     redisClient[33m.[39mon([32m'error'[39m[33m,[39m (err) [33m=>[39m {
    [31m[1m>[22m[39m[90m 45 |[39m       console[33m.[39merror([32m'[VerificationService] Redis 杩炴帴閿欒锛屼娇鐢ㄦ湰鍦板瓨鍌?'[39m[33m,[39m err[33m.[39mmessage)[33m;[39m
     [90m    |[39m               [31m[1m^[22m[39m
     [90m 46 |[39m       redisClient [33m=[39m [36mnull[39m[33m;[39m
     [90m 47 |[39m     })[33m;[39m
     [90m 48 |[39m     [0m

      at EventEmitter.error (src/services/verificationService.js:45:15)
      at EventEmitter.silentEmit (node_modules/ioredis/built/Redis.js:529:30)
      at Socket.<anonymous> (node_modules/ioredis/built/redis/event_handler.js:221:14)

  console.error
    [VerificationService] 楠岃瘉楠岃瘉鐮佸け璐? Reached the max retries per request limit (which is 20). Refer to "maxRetriesPerRequest" option for details.

    [0m [90m 196 |[39m     }
     [90m 197 |[39m   } [36mcatch[39m (error) {
    [31m[1m>[22m[39m[90m 198 |[39m     console[33m.[39merror([32m'[VerificationService] 楠岃瘉楠岃瘉鐮佸け璐?'[39m[33m,[39m error[33m.[39mmessage)[33m;[39m
     [90m     |[39m             [31m[1m^[22m[39m
     [90m 199 |[39m     [90m// 澶辫触鏃跺皾璇曟湰鍦板瓨鍌?[39m
     [90m 200 |[39m     [36mconst[39m stored [33m=[39m verificationCodeMap[33m.[39m[36mget[39m(key)[33m;[39m
     [90m 201 |[39m     [36mif[39m (stored [33m&&[39m stored[33m.[39mcode [33m===[39m code [33m&&[39m stored[33m.[39mexpiresAt [33m>[39m [33mDate[39m[33m.[39mnow()) {[0m

      at Object.error [as verifyCode] (src/services/verificationService.js:198:13)
      at Object.<anonymous> (tests/services-comprehensive.test.js:45:23)

  console.error
    [VerificationService] Redis 杩炴帴閿欒锛屼娇鐢ㄦ湰鍦板瓨鍌?

    [0m [90m 43 |[39m     
     [90m 44 |[39m     redisClient[33m.[39mon([32m'error'[39m[33m,[39m (err) [33m=>[39m {
    [31m[1m>[22m[39m[90m 45 |[39m       console[33m.[39merror([32m'[VerificationService] Redis 杩炴帴閿欒锛屼娇鐢ㄦ湰鍦板瓨鍌?'[39m[33m,[39m err[33m.[39mmessage)[33m;[39m
     [90m    |[39m               [31m[1m^[22m[39m
     [90m 46 |[39m       redisClient [33m=[39m [36mnull[39m[33m;[39m
     [90m 47 |[39m     })[33m;[39m
     [90m 48 |[39m     [0m

      at EventEmitter.error (src/services/verificationService.js:45:15)
      at EventEmitter.silentEmit (node_modules/ioredis/built/Redis.js:529:30)
      at Socket.<anonymous> (node_modules/ioredis/built/redis/event_handler.js:221:14)

  console.error
    [VerificationService] Redis 杩炴帴閿欒锛屼娇鐢ㄦ湰鍦板瓨鍌?

    [0m [90m 43 |[39m     
     [90m 44 |[39m     redisClient[33m.[39mon([32m'error'[39m[33m,[39m (err) [33m=>[39m {
    [31m[1m>[22m[39m[90m 45 |[39m       console[33m.[39merror([32m'[VerificationService] Redis 杩炴帴閿欒锛屼娇鐢ㄦ湰鍦板瓨鍌?'[39m[33m,[39m err[33m.[39mmessage)[33m;[39m
     [90m    |[39m               [31m[1m^[22m[39m
     [90m 46 |[39m       redisClient [33m=[39m [36mnull[39m[33m;[39m
     [90m 47 |[39m     })[33m;[39m
     [90m 48 |[39m     [0m

      at EventEmitter.error (src/services/verificationService.js:45:15)
      at EventEmitter.silentEmit (node_modules/ioredis/built/Redis.js:529:30)
      at Socket.<anonymous> (node_modules/ioredis/built/redis/event_handler.js:221:14)

  console.error
    [VerificationService] Redis 杩炴帴閿欒锛屼娇鐢ㄦ湰鍦板瓨鍌?

    [0m [90m 43 |[39m     
     [90m 44 |[39m     redisClient[33m.[39mon([32m'error'[39m[33m,[39m (err) [33m=>[39m {
    [31m[1m>[22m[39m[90m 45 |[39m       console[33m.[39merror([32m'[VerificationService] Redis 杩炴帴閿欒锛屼娇鐢ㄦ湰鍦板瓨鍌?'[39m[33m,[39m err[33m.[39mmessage)[33m;[39m
     [90m    |[39m               [31m[1m^[22m[39m
     [90m 46 |[39m       redisClient [33m=[39m [36mnull[39m[33m;[39m
     [90m 47 |[39m     })[33m;[39m
     [90m 48 |[39m     [0m

      at EventEmitter.error (src/services/verificationService.js:45:15)
      at EventEmitter.silentEmit (node_modules/ioredis/built/Redis.js:529:30)
      at Socket.<anonymous> (node_modules/ioredis/built/redis/event_handler.js:221:14)

  console.error
    [VerificationService] Redis 杩炴帴閿欒锛屼娇鐢ㄦ湰鍦板瓨鍌?

    [0m [90m 43 |[39m     
     [90m 44 |[39m     redisClient[33m.[39mon([32m'error'[39m[33m,[39m (err) [33m=>[39m {
    [31m[1m>[22m[39m[90m 45 |[39m       console[33m.[39merror([32m'[VerificationService] Redis 杩炴帴閿欒锛屼娇鐢ㄦ湰鍦板瓨鍌?'[39m[33m,[39m err[33m.[39mmessage)[33m;[39m
     [90m    |[39m               [31m[1m^[22m[39m
     [90m 46 |[39m       redisClient [33m=[39m [36mnull[39m[33m;[39m
     [90m 47 |[39m     })[33m;[39m
     [90m 48 |[39m     [0m

      at EventEmitter.error (src/services/verificationService.js:45:15)
      at EventEmitter.silentEmit (node_modules/ioredis/built/Redis.js:529:30)
      at Socket.<anonymous> (node_modules/ioredis/built/redis/event_handler.js:221:14)

  console.error
    [VerificationService] Redis 杩炴帴閿欒锛屼娇鐢ㄦ湰鍦板瓨鍌?

    [0m [90m 43 |[39m     
     [90m 44 |[39m     redisClient[33m.[39mon([32m'error'[39m[33m,[39m (err) [33m=>[39m {
    [31m[1m>[22m[39m[90m 45 |[39m       console[33m.[39merror([32m'[VerificationService] Redis 杩炴帴閿欒锛屼娇鐢ㄦ湰鍦板瓨鍌?'[39m[33m,[39m err[33m.[39mmessage)[33m;[39m
     [90m    |[39m               [31m[1m^[22m[39m
     [90m 46 |[39m       redisClient [33m=[39m [36mnull[39m[33m;[39m
     [90m 47 |[39m     })[33m;[39m
     [90m 48 |[39m     [0m

      at EventEmitter.error (src/services/verificationService.js:45:15)
      at EventEmitter.silentEmit (node_modules/ioredis/built/Redis.js:529:30)
      at Socket.<anonymous> (node_modules/ioredis/built/redis/event_handler.js:221:14)

  console.error
    [VerificationService] Redis 杩炴帴閿欒锛屼娇鐢ㄦ湰鍦板瓨鍌?

    [0m [90m 43 |[39m     
     [90m 44 |[39m     redisClient[33m.[39mon([32m'error'[39m[33m,[39m (err) [33m=>[39m {
    [31m[1m>[22m[39m[90m 45 |[39m       console[33m.[39merror([32m'[VerificationService] Redis 杩炴帴閿欒锛屼娇鐢ㄦ湰鍦板瓨鍌?'[39m[33m,[39m err[33m.[39mmessage)[33m;[39m
     [90m    |[39m               [31m[1m^[22m[39m
     [90m 46 |[39m       redisClient [33m=[39m [36mnull[39m[33m;[39m
     [90m 47 |[39m     })[33m;[39m
     [90m 48 |[39m     [0m

      at EventEmitter.error (src/services/verificationService.js:45:15)
      at EventEmitter.silentEmit (node_modules/ioredis/built/Redis.js:529:30)
      at Socket.<anonymous> (node_modules/ioredis/built/redis/event_handler.js:221:14)

  console.error
    [VerificationService] Redis 杩炴帴閿欒锛屼娇鐢ㄦ湰鍦板瓨鍌?

    [0m [90m 43 |[39m     
     [90m 44 |[39m     redisClient[33m.[39mon([32m'error'[39m[33m,[39m (err) [33m=>[39m {
    [31m[1m>[22m[39m[90m 45 |[39m       console[33m.[39merror([32m'[VerificationService] Redis 杩炴帴閿欒锛屼娇鐢ㄦ湰鍦板瓨鍌?'[39m[33m,[39m err[33m.[39mmessage)[33m;[39m
     [90m    |[39m               [31m[1m^[22m[39m
     [90m 46 |[39m       redisClient [33m=[39m [36mnull[39m[33m;[39m
     [90m 47 |[39m     })[33m;[39m
     [90m 48 |[39m     [0m

      at EventEmitter.error (src/services/verificationService.js:45:15)
      at EventEmitter.silentEmit (node_modules/ioredis/built/Redis.js:529:30)
      at Socket.<anonymous> (node_modules/ioredis/built/redis/event_handler.js:221:14)

  console.error
    [VerificationService] Redis 杩炴帴閿欒锛屼娇鐢ㄦ湰鍦板瓨鍌?

    [0m [90m 43 |[39m     
     [90m 44 |[39m     redisClient[33m.[39mon([32m'error'[39m[33m,[39m (err) [33m=>[39m {
    [31m[1m>[22m[39m[90m 45 |[39m       console[33m.[39merror([32m'[VerificationService] Redis 杩炴帴閿欒锛屼娇鐢ㄦ湰鍦板瓨鍌?'[39m[33m,[39m err[33m.[39mmessage)[33m;[39m
     [90m    |[39m               [31m[1m^[22m[39m
     [90m 46 |[39m       redisClient [33m=[39m [36mnull[39m[33m;[39m
     [90m 47 |[39m     })[33m;[39m
     [90m 48 |[39m     [0m

      at EventEmitter.error (src/services/verificationService.js:45:15)
      at EventEmitter.silentEmit (node_modules/ioredis/built/Redis.js:529:30)
      at Socket.<anonymous> (node_modules/ioredis/built/redis/event_handler.js:221:14)

  console.error
    [VerificationService] Redis 杩炴帴閿欒锛屼娇鐢ㄦ湰鍦板瓨鍌?

    [0m [90m 43 |[39m     
     [90m 44 |[39m     redisClient[33m.[39mon([32m'error'[39m[33m,[39m (err) [33m=>[39m {
    [31m[1m>[22m[39m[90m 45 |[39m       console[33m.[39merror([32m'[VerificationService] Redis 杩炴帴閿欒锛屼娇鐢ㄦ湰鍦板瓨鍌?'[39m[33m,[39m err[33m.[39mmessage)[33m;[39m
     [90m    |[39m               [31m[1m^[22m[39m
     [90m 46 |[39m       redisClient [33m=[39m [36mnull[39m[33m;[39m
     [90m 47 |[39m     })[33m;[39m
     [90m 48 |[39m     [0m

      at EventEmitter.error (src/services/verificationService.js:45:15)
      at EventEmitter.silentEmit (node_modules/ioredis/built/Redis.js:529:30)
      at Socket.<anonymous> (node_modules/ioredis/built/redis/event_handler.js:221:14)

  console.error
    [VerificationService] Redis 杩炴帴閿欒锛屼娇鐢ㄦ湰鍦板瓨鍌?

    [0m [90m 43 |[39m     
     [90m 44 |[39m     redisClient[33m.[39mon([32m'error'[39m[33m,[39m (err) [33m=>[39m {
    [31m[1m>[22m[39m[90m 45 |[39m       console[33m.[39merror([32m'[VerificationService] Redis 杩炴帴閿欒锛屼娇鐢ㄦ湰鍦板瓨鍌?'[39m[33m,[39m err[33m.[39mmessage)[33m;[39m
     [90m    |[39m               [31m[1m^[22m[39m
     [90m 46 |[39m       redisClient [33m=[39m [36mnull[39m[33m;[39m
     [90m 47 |[39m     })[33m;[39m
     [90m 48 |[39m     [0m

      at EventEmitter.error (src/services/verificationService.js:45:15)
      at EventEmitter.silentEmit (node_modules/ioredis/built/Redis.js:529:30)
      at Socket.<anonymous> (node_modules/ioredis/built/redis/event_handler.js:221:14)

  console.error
    [VerificationService] Redis 杩炴帴閿欒锛屼娇鐢ㄦ湰鍦板瓨鍌?

    [0m [90m 43 |[39m     
     [90m 44 |[39m     redisClient[33m.[39mon([32m'error'[39m[33m,[39m (err) [33m=>[39m {
    [31m[1m>[22m[39m[90m 45 |[39m       console[33m.[39merror([32m'[VerificationService] Redis 杩炴帴閿欒锛屼娇鐢ㄦ湰鍦板瓨鍌?'[39m[33m,[39m err[33m.[39mmessage)[33m;[39m
     [90m    |[39m               [31m[1m^[22m[39m
     [90m 46 |[39m       redisClient [33m=[39m [36mnull[39m[33m;[39m
     [90m 47 |[39m     })[33m;[39m
     [90m 48 |[39m     [0m

      at EventEmitter.error (src/services/verificationService.js:45:15)
      at EventEmitter.silentEmit (node_modules/ioredis/built/Redis.js:529:30)
      at Socket.<anonymous> (node_modules/ioredis/built/redis/event_handler.js:221:14)

  console.error
    [VerificationService] Redis 杩炴帴閿欒锛屼娇鐢ㄦ湰鍦板瓨鍌?

    [0m [90m 43 |[39m     
     [90m 44 |[39m     redisClient[33m.[39mon([32m'error'[39m[33m,[39m (err) [33m=>[39m {
    [31m[1m>[22m[39m[90m 45 |[39m       console[33m.[39merror([32m'[VerificationService] Redis 杩炴帴閿欒锛屼娇鐢ㄦ湰鍦板瓨鍌?'[39m[33m,[39m err[33m.[39mmessage)[33m;[39m
     [90m    |[39m               [31m[1m^[22m[39m
     [90m 46 |[39m       redisClient [33m=[39m [36mnull[39m[33m;[39m
     [90m 47 |[39m     })[33m;[39m
     [90m 48 |[39m     [0m

      at EventEmitter.error (src/services/verificationService.js:45:15)
      at EventEmitter.silentEmit (node_modules/ioredis/built/Redis.js:529:30)
      at Socket.<anonymous> (node_modules/ioredis/built/redis/event_handler.js:221:14)

  console.error
    [VerificationService] Redis 杩炴帴閿欒锛屼娇鐢ㄦ湰鍦板瓨鍌?

    [0m [90m 43 |[39m     
     [90m 44 |[39m     redisClient[33m.[39mon([32m'error'[39m[33m,[39m (err) [33m=>[39m {
    [31m[1m>[22m[39m[90m 45 |[39m       console[33m.[39merror([32m'[VerificationService] Redis 杩炴帴閿欒锛屼娇鐢ㄦ湰鍦板瓨鍌?'[39m[33m,[39m err[33m.[39mmessage)[33m;[39m
     [90m    |[39m               [31m[1m^[22m[39m
     [90m 46 |[39m       redisClient [33m=[39m [36mnull[39m[33m;[39m
     [90m 47 |[39m     })[33m;[39m
     [90m 48 |[39m     [0m

      at EventEmitter.error (src/services/verificationService.js:45:15)
      at EventEmitter.silentEmit (node_modules/ioredis/built/Redis.js:529:30)
      at Socket.<anonymous> (node_modules/ioredis/built/redis/event_handler.js:221:14)

  console.error
    [VerificationService] Redis 杩炴帴閿欒锛屼娇鐢ㄦ湰鍦板瓨鍌?

    [0m [90m 43 |[39m     
     [90m 44 |[39m     redisClient[33m.[39mon([32m'error'[39m[33m,[39m (err) [33m=>[39m {
    [31m[1m>[22m[39m[90m 45 |[39m       console[33m.[39merror([32m'[VerificationService] Redis 杩炴帴閿欒锛屼娇鐢ㄦ湰鍦板瓨鍌?'[39m[33m,[39m err[33m.[39mmessage)[33m;[39m
     [90m    |[39m               [31m[1m^[22m[39m
     [90m 46 |[39m       redisClient [33m=[39m [36mnull[39m[33m;[39m
     [90m 47 |[39m     })[33m;[39m
     [90m 48 |[39m     [0m

      at EventEmitter.error (src/services/verificationService.js:45:15)
      at EventEmitter.silentEmit (node_modules/ioredis/built/Redis.js:529:30)
      at Socket.<anonymous> (node_modules/ioredis/built/redis/event_handler.js:221:14)

  console.error
    [VerificationService] Redis 杩炴帴閿欒锛屼娇鐢ㄦ湰鍦板瓨鍌?

    [0m [90m 43 |[39m     
     [90m 44 |[39m     redisClient[33m.[39mon([32m'error'[39m[33m,[39m (err) [33m=>[39m {
    [31m[1m>[22m[39m[90m 45 |[39m       console[33m.[39merror([32m'[VerificationService] Redis 杩炴帴閿欒锛屼娇鐢ㄦ湰鍦板瓨鍌?'[39m[33m,[39m err[33m.[39mmessage)[33m;[39m
     [90m    |[39m               [31m[1m^[22m[39m
     [90m 46 |[39m       redisClient [33m=[39m [36mnull[39m[33m;[39m
     [90m 47 |[39m     })[33m;[39m
     [90m 48 |[39m     [0m

      at EventEmitter.error (src/services/verificationService.js:45:15)
      at EventEmitter.silentEmit (node_modules/ioredis/built/Redis.js:529:30)
      at Socket.<anonymous> (node_modules/ioredis/built/redis/event_handler.js:221:14)

  console.error
    [VerificationService] Redis 杩炴帴閿欒锛屼娇鐢ㄦ湰鍦板瓨鍌?

    [0m [90m 43 |[39m     
     [90m 44 |[39m     redisClient[33m.[39mon([32m'error'[39m[33m,[39m (err) [33m=>[39m {
    [31m[1m>[22m[39m[90m 45 |[39m       console[33m.[39merror([32m'[VerificationService] Redis 杩炴帴閿欒锛屼娇鐢ㄦ湰鍦板瓨鍌?'[39m[33m,[39m err[33m.[39mmessage)[33m;[39m
     [90m    |[39m               [31m[1m^[22m[39m
     [90m 46 |[39m       redisClient [33m=[39m [36mnull[39m[33m;[39m
     [90m 47 |[39m     })[33m;[39m
     [90m 48 |[39m     [0m

      at EventEmitter.error (src/services/verificationService.js:45:15)
      at EventEmitter.silentEmit (node_modules/ioredis/built/Redis.js:529:30)
      at Socket.<anonymous> (node_modules/ioredis/built/redis/event_handler.js:221:14)

  console.error
    [VerificationService] Redis 杩炴帴閿欒锛屼娇鐢ㄦ湰鍦板瓨鍌?

    [0m [90m 43 |[39m     
     [90m 44 |[39m     redisClient[33m.[39mon([32m'error'[39m[33m,[39m (err) [33m=>[39m {
    [31m[1m>[22m[39m[90m 45 |[39m       console[33m.[39merror([32m'[VerificationService] Redis 杩炴帴閿欒锛屼娇鐢ㄦ湰鍦板瓨鍌?'[39m[33m,[39m err[33m.[39mmessage)[33m;[39m
     [90m    |[39m               [31m[1m^[22m[39m
     [90m 46 |[39m       redisClient [33m=[39m [36mnull[39m[33m;[39m
     [90m 47 |[39m     })[33m;[39m
     [90m 48 |[39m     [0m

      at EventEmitter.error (src/services/verificationService.js:45:15)
      at EventEmitter.silentEmit (node_modules/ioredis/built/Redis.js:529:30)
      at Socket.<anonymous> (node_modules/ioredis/built/redis/event_handler.js:221:14)

  console.error
    [VerificationService] Redis 杩炴帴閿欒锛屼娇鐢ㄦ湰鍦板瓨鍌?

    [0m [90m 43 |[39m     
     [90m 44 |[39m     redisClient[33m.[39mon([32m'error'[39m[33m,[39m (err) [33m=>[39m {
    [31m[1m>[22m[39m[90m 45 |[39m       console[33m.[39merror([32m'[VerificationService] Redis 杩炴帴閿欒锛屼娇鐢ㄦ湰鍦板瓨鍌?'[39m[33m,[39m err[33m.[39mmessage)[33m;[39m
     [90m    |[39m               [31m[1m^[22m[39m
     [90m 46 |[39m       redisClient [33m=[39m [36mnull[39m[33m;[39m
     [90m 47 |[39m     })[33m;[39m
     [90m 48 |[39m     [0m

      at EventEmitter.error (src/services/verificationService.js:45:15)
      at EventEmitter.silentEmit (node_modules/ioredis/built/Redis.js:529:30)
      at Socket.<anonymous> (node_modules/ioredis/built/redis/event_handler.js:221:14)

  console.error
    [VerificationService] Redis 杩炴帴閿欒锛屼娇鐢ㄦ湰鍦板瓨鍌?

    [0m [90m 43 |[39m     
     [90m 44 |[39m     redisClient[33m.[39mon([32m'error'[39m[33m,[39m (err) [33m=>[39m {
    [31m[1m>[22m[39m[90m 45 |[39m       console[33m.[39merror([32m'[VerificationService] Redis 杩炴帴閿欒锛屼娇鐢ㄦ湰鍦板瓨鍌?'[39m[33m,[39m err[33m.[39mmessage)[33m;[39m
     [90m    |[39m               [31m[1m^[22m[39m
     [90m 46 |[39m       redisClient [33m=[39m [36mnull[39m[33m;[39m
     [90m 47 |[39m     })[33m;[39m
     [90m 48 |[39m     [0m

      at EventEmitter.error (src/services/verificationService.js:45:15)
      at EventEmitter.silentEmit (node_modules/ioredis/built/Redis.js:529:30)
      at Socket.<anonymous> (node_modules/ioredis/built/redis/event_handler.js:221:14)

  console.error
    [VerificationService] Redis 杩炴帴閿欒锛屼娇鐢ㄦ湰鍦板瓨鍌?

    [0m [90m 43 |[39m     
     [90m 44 |[39m     redisClient[33m.[39mon([32m'error'[39m[33m,[39m (err) [33m=>[39m {
    [31m[1m>[22m[39m[90m 45 |[39m       console[33m.[39merror([32m'[VerificationService] Redis 杩炴帴閿欒锛屼娇鐢ㄦ湰鍦板瓨鍌?'[39m[33m,[39m err[33m.[39mmessage)[33m;[39m
     [90m    |[39m               [31m[1m^[22m[39m
     [90m 46 |[39m       redisClient [33m=[39m [36mnull[39m[33m;[39m
     [90m 47 |[39m     })[33m;[39m
     [90m 48 |[39m     [0m

      at EventEmitter.error (src/services/verificationService.js:45:15)
      at EventEmitter.silentEmit (node_modules/ioredis/built/Redis.js:529:30)
      at Socket.<anonymous> (node_modules/ioredis/built/redis/event_handler.js:221:14)

  console.error
    [VerificationService] Redis 杩炴帴閿欒锛屼娇鐢ㄦ湰鍦板瓨鍌?

    [0m [90m 43 |[39m     
     [90m 44 |[39m     redisClient[33m.[39mon([32m'error'[39m[33m,[39m (err) [33m=>[39m {
    [31m[1m>[22m[39m[90m 45 |[39m       console[33m.[39merror([32m'[VerificationService] Redis 杩炴帴閿欒锛屼娇鐢ㄦ湰鍦板瓨鍌?'[39m[33m,[39m err[33m.[39mmessage)[33m;[39m
     [90m    |[39m               [31m[1m^[22m[39m
     [90m 46 |[39m       redisClient [33m=[39m [36mnull[39m[33m;[39m
     [90m 47 |[39m     })[33m;[39m
     [90m 48 |[39m     [0m

      at EventEmitter.error (src/services/verificationService.js:45:15)
      at EventEmitter.silentEmit (node_modules/ioredis/built/Redis.js:529:30)
      at Socket.<anonymous> (node_modules/ioredis/built/redis/event_handler.js:221:14)

  console.error
    [VerificationService] Redis 杩炴帴閿欒锛屼娇鐢ㄦ湰鍦板瓨鍌?

    [0m [90m 43 |[39m     
     [90m 44 |[39m     redisClient[33m.[39mon([32m'error'[39m[33m,[39m (err) [33m=>[39m {
    [31m[1m>[22m[39m[90m 45 |[39m       console[33m.[39merror([32m'[VerificationService] Redis 杩炴帴閿欒锛屼娇鐢ㄦ湰鍦板瓨鍌?'[39m[33m,[39m err[33m.[39mmessage)[33m;[39m
     [90m    |[39m               [31m[1m^[22m[39m
     [90m 46 |[39m       redisClient [33m=[39m [36mnull[39m[33m;[39m
     [90m 47 |[39m     })[33m;[39m
     [90m 48 |[39m     [0m

      at EventEmitter.error (src/services/verificationService.js:45:15)
      at EventEmitter.silentEmit (node_modules/ioredis/built/Redis.js:529:30)
      at Socket.<anonymous> (node_modules/ioredis/built/redis/event_handler.js:221:14)

  console.error
    [VerificationService] Redis 杩炴帴閿欒锛屼娇鐢ㄦ湰鍦板瓨鍌?

    [0m [90m 43 |[39m     
     [90m 44 |[39m     redisClient[33m.[39mon([32m'error'[39m[33m,[39m (err) [33m=>[39m {
    [31m[1m>[22m[39m[90m 45 |[39m       console[33m.[39merror([32m'[VerificationService] Redis 杩炴帴閿欒锛屼娇鐢ㄦ湰鍦板瓨鍌?'[39m[33m,[39m err[33m.[39mmessage)[33m;[39m
     [90m    |[39m               [31m[1m^[22m[39m
     [90m 46 |[39m       redisClient [33m=[39m [36mnull[39m[33m;[39m
     [90m 47 |[39m     })[33m;[39m
     [90m 48 |[39m     [0m

      at EventEmitter.error (src/services/verificationService.js:45:15)
      at EventEmitter.silentEmit (node_modules/ioredis/built/Redis.js:529:30)
      at Socket.<anonymous> (node_modules/ioredis/built/redis/event_handler.js:221:14)

  console.error
    [VerificationService] Redis 杩炴帴閿欒锛屼娇鐢ㄦ湰鍦板瓨鍌?

    [0m [90m 43 |[39m     
     [90m 44 |[39m     redisClient[33m.[39mon([32m'error'[39m[33m,[39m (err) [33m=>[39m {
    [31m[1m>[22m[39m[90m 45 |[39m       console[33m.[39merror([32m'[VerificationService] Redis 杩炴帴閿欒锛屼娇鐢ㄦ湰鍦板瓨鍌?'[39m[33m,[39m err[33m.[39mmessage)[33m;[39m
     [90m    |[39m               [31m[1m^[22m[39m
     [90m 46 |[39m       redisClient [33m=[39m [36mnull[39m[33m;[39m
     [90m 47 |[39m     })[33m;[39m
     [90m 48 |[39m     [0m

      at EventEmitter.error (src/services/verificationService.js:45:15)
      at EventEmitter.silentEmit (node_modules/ioredis/built/Redis.js:529:30)
      at Socket.<anonymous> (node_modules/ioredis/built/redis/event_handler.js:221:14)

  console.error
    [VerificationService] Redis 杩炴帴閿欒锛屼娇鐢ㄦ湰鍦板瓨鍌?

    [0m [90m 43 |[39m     
     [90m 44 |[39m     redisClient[33m.[39mon([32m'error'[39m[33m,[39m (err) [33m=>[39m {
    [31m[1m>[22m[39m[90m 45 |[39m       console[33m.[39merror([32m'[VerificationService] Redis 杩炴帴閿欒锛屼娇鐢ㄦ湰鍦板瓨鍌?'[39m[33m,[39m err[33m.[39mmessage)[33m;[39m
     [90m    |[39m               [31m[1m^[22m[39m
     [90m 46 |[39m       redisClient [33m=[39m [36mnull[39m[33m;[39m
     [90m 47 |[39m     })[33m;[39m
     [90m 48 |[39m     [0m

      at EventEmitter.error (src/services/verificationService.js:45:15)
      at EventEmitter.silentEmit (node_modules/ioredis/built/Redis.js:529:30)
      at Socket.<anonymous> (node_modules/ioredis/built/redis/event_handler.js:221:14)

  console.error
    [VerificationService] Redis 杩炴帴閿欒锛屼娇鐢ㄦ湰鍦板瓨鍌?

    [0m [90m 43 |[39m     
     [90m 44 |[39m     redisClient[33m.[39mon([32m'error'[39m[33m,[39m (err) [33m=>[39m {
    [31m[1m>[22m[39m[90m 45 |[39m       console[33m.[39merror([32m'[VerificationService] Redis 杩炴帴閿欒锛屼娇鐢ㄦ湰鍦板瓨鍌?'[39m[33m,[39m err[33m.[39mmessage)[33m;[39m
     [90m    |[39m               [31m[1m^[22m[39m
     [90m 46 |[39m       redisClient [33m=[39m [36mnull[39m[33m;[39m
     [90m 47 |[39m     })[33m;[39m
     [90m 48 |[39m     [0m

      at EventEmitter.error (src/services/verificationService.js:45:15)
      at EventEmitter.silentEmit (node_modules/ioredis/built/Redis.js:529:30)
      at Socket.<anonymous> (node_modules/ioredis/built/redis/event_handler.js:221:14)

  console.error
    [VerificationService] Redis 杩炴帴閿欒锛屼娇鐢ㄦ湰鍦板瓨鍌?

    [0m [90m 43 |[39m     
     [90m 44 |[39m     redisClient[33m.[39mon([32m'error'[39m[33m,[39m (err) [33m=>[39m {
    [31m[1m>[22m[39m[90m 45 |[39m       console[33m.[39merror([32m'[VerificationService] Redis 杩炴帴閿欒锛屼娇鐢ㄦ湰鍦板瓨鍌?'[39m[33m,[39m err[33m.[39mmessage)[33m;[39m
     [90m    |[39m               [31m[1m^[22m[39m
     [90m 46 |[39m       redisClient [33m=[39m [36mnull[39m[33m;[39m
     [90m 47 |[39m     })[33m;[39m
     [90m 48 |[39m     [0m

      at EventEmitter.error (src/services/verificationService.js:45:15)
      at EventEmitter.silentEmit (node_modules/ioredis/built/Redis.js:529:30)
      at Socket.<anonymous> (node_modules/ioredis/built/redis/event_handler.js:221:14)

  console.error
    [VerificationService] Redis 杩炴帴閿欒锛屼娇鐢ㄦ湰鍦板瓨鍌?

    [0m [90m 43 |[39m     
     [90m 44 |[39m     redisClient[33m.[39mon([32m'error'[39m[33m,[39m (err) [33m=>[39m {
    [31m[1m>[22m[39m[90m 45 |[39m       console[33m.[39merror([32m'[VerificationService] Redis 杩炴帴閿欒锛屼娇鐢ㄦ湰鍦板瓨鍌?'[39m[33m,[39m err[33m.[39mmessage)[33m;[39m
     [90m    |[39m               [31m[1m^[22m[39m
     [90m 46 |[39m       redisClient [33m=[39m [36mnull[39m[33m;[39m
     [90m 47 |[39m     })[33m;[39m
     [90m 48 |[39m     [0m

      at EventEmitter.error (src/services/verificationService.js:45:15)
      at EventEmitter.silentEmit (node_modules/ioredis/built/Redis.js:529:30)
      at Socket.<anonymous> (node_modules/ioredis/built/redis/event_handler.js:221:14)

  console.error
    [VerificationService] Redis 杩炴帴閿欒锛屼娇鐢ㄦ湰鍦板瓨鍌?

    [0m [90m 43 |[39m     
     [90m 44 |[39m     redisClient[33m.[39mon([32m'error'[39m[33m,[39m (err) [33m=>[39m {
    [31m[1m>[22m[39m[90m 45 |[39m       console[33m.[39merror([32m'[VerificationService] Redis 杩炴帴閿欒锛屼娇鐢ㄦ湰鍦板瓨鍌?'[39m[33m,[39m err[33m.[39mmessage)[33m;[39m
     [90m    |[39m               [31m[1m^[22m[39m
     [90m 46 |[39m       redisClient [33m=[39m [36mnull[39m[33m;[39m
     [90m 47 |[39m     })[33m;[39m
     [90m 48 |[39m     [0m

      at EventEmitter.error (src/services/verificationService.js:45:15)
      at EventEmitter.silentEmit (node_modules/ioredis/built/Redis.js:529:30)
      at Socket.<anonymous> (node_modules/ioredis/built/redis/event_handler.js:221:14)

  console.error
    [VerificationService] Redis 杩炴帴閿欒锛屼娇鐢ㄦ湰鍦板瓨鍌?

    [0m [90m 43 |[39m     
     [90m 44 |[39m     redisClient[33m.[39mon([32m'error'[39m[33m,[39m (err) [33m=>[39m {
    [31m[1m>[22m[39m[90m 45 |[39m       console[33m.[39merror([32m'[VerificationService] Redis 杩炴帴閿欒锛屼娇鐢ㄦ湰鍦板瓨鍌?'[39m[33m,[39m err[33m.[39mmessage)[33m;[39m
     [90m    |[39m               [31m[1m^[22m[39m
     [90m 46 |[39m       redisClient [33m=[39m [36mnull[39m[33m;[39m
     [90m 47 |[39m     })[33m;[39m
     [90m 48 |[39m     [0m

      at EventEmitter.error (src/services/verificationService.js:45:15)
      at EventEmitter.silentEmit (node_modules/ioredis/built/Redis.js:529:30)
      at Socket.<anonymous> (node_modules/ioredis/built/redis/event_handler.js:221:14)

  console.error
    [VerificationService] Redis 杩炴帴閿欒锛屼娇鐢ㄦ湰鍦板瓨鍌?

    [0m [90m 43 |[39m     
     [90m 44 |[39m     redisClient[33m.[39mon([32m'error'[39m[33m,[39m (err) [33m=>[39m {
    [31m[1m>[22m[39m[90m 45 |[39m       console[33m.[39merror([32m'[VerificationService] Redis 杩炴帴閿欒锛屼娇鐢ㄦ湰鍦板瓨鍌?'[39m[33m,[39m err[33m.[39mmessage)[33m;[39m
     [90m    |[39m               [31m[1m^[22m[39m
     [90m 46 |[39m       redisClient [33m=[39m [36mnull[39m[33m;[39m
     [90m 47 |[39m     })[33m;[39m
     [90m 48 |[39m     [0m

      at EventEmitter.error (src/services/verificationService.js:45:15)
      at EventEmitter.silentEmit (node_modules/ioredis/built/Redis.js:529:30)
      at Socket.<anonymous> (node_modules/ioredis/built/redis/event_handler.js:221:14)

  console.error
    [VerificationService] Redis 杩炴帴閿欒锛屼娇鐢ㄦ湰鍦板瓨鍌?

    [0m [90m 43 |[39m     
     [90m 44 |[39m     redisClient[33m.[39mon([32m'error'[39m[33m,[39m (err) [33m=>[39m {
    [31m[1m>[22m[39m[90m 45 |[39m       console[33m.[39merror([32m'[VerificationService] Redis 杩炴帴閿欒锛屼娇鐢ㄦ湰鍦板瓨鍌?'[39m[33m,[39m err[33m.[39mmessage)[33m;[39m
     [90m    |[39m               [31m[1m^[22m[39m
     [90m 46 |[39m       redisClient [33m=[39m [36mnull[39m[33m;[39m
     [90m 47 |[39m     })[33m;[39m
     [90m 48 |[39m     [0m

      at EventEmitter.error (src/services/verificationService.js:45:15)
      at EventEmitter.silentEmit (node_modules/ioredis/built/Redis.js:529:30)
      at Socket.<anonymous> (node_modules/ioredis/built/redis/event_handler.js:221:14)

  console.error
    [VerificationService] Redis 杩炴帴閿欒锛屼娇鐢ㄦ湰鍦板瓨鍌?

    [0m [90m 43 |[39m     
     [90m 44 |[39m     redisClient[33m.[39mon([32m'error'[39m[33m,[39m (err) [33m=>[39m {
    [31m[1m>[22m[39m[90m 45 |[39m       console[33m.[39merror([32m'[VerificationService] Redis 杩炴帴閿欒锛屼娇鐢ㄦ湰鍦板瓨鍌?'[39m[33m,[39m err[33m.[39mmessage)[33m;[39m
     [90m    |[39m               [31m[1m^[22m[39m
     [90m 46 |[39m       redisClient [33m=[39m [36mnull[39m[33m;[39m
     [90m 47 |[39m     })[33m;[39m
     [90m 48 |[39m     [0m

      at EventEmitter.error (src/services/verificationService.js:45:15)
      at EventEmitter.silentEmit (node_modules/ioredis/built/Redis.js:529:30)
      at Socket.<anonymous> (node_modules/ioredis/built/redis/event_handler.js:221:14)

  console.error
    [VerificationService] Redis 杩炴帴閿欒锛屼娇鐢ㄦ湰鍦板瓨鍌?

    [0m [90m 43 |[39m     
     [90m 44 |[39m     redisClient[33m.[39mon([32m'error'[39m[33m,[39m (err) [33m=>[39m {
    [31m[1m>[22m[39m[90m 45 |[39m       console[33m.[39merror([32m'[VerificationService] Redis 杩炴帴閿欒锛屼娇鐢ㄦ湰鍦板瓨鍌?'[39m[33m,[39m err[33m.[39mmessage)[33m;[39m
     [90m    |[39m               [31m[1m^[22m[39m
     [90m 46 |[39m       redisClient [33m=[39m [36mnull[39m[33m;[39m
     [90m 47 |[39m     })[33m;[39m
     [90m 48 |[39m     [0m

      at EventEmitter.error (src/services/verificationService.js:45:15)
      at EventEmitter.silentEmit (node_modules/ioredis/built/Redis.js:529:30)
      at Socket.<anonymous> (node_modules/ioredis/built/redis/event_handler.js:221:14)

  console.error
    [VerificationService] Redis 杩炴帴閿欒锛屼娇鐢ㄦ湰鍦板瓨鍌?

    [0m [90m 43 |[39m     
     [90m 44 |[39m     redisClient[33m.[39mon([32m'error'[39m[33m,[39m (err) [33m=>[39m {
    [31m[1m>[22m[39m[90m 45 |[39m       console[33m.[39merror([32m'[VerificationService] Redis 杩炴帴閿欒锛屼娇鐢ㄦ湰鍦板瓨鍌?'[39m[33m,[39m err[33m.[39mmessage)[33m;[39m
     [90m    |[39m               [31m[1m^[22m[39m
     [90m 46 |[39m       redisClient [33m=[39m [36mnull[39m[33m;[39m
     [90m 47 |[39m     })[33m;[39m
     [90m 48 |[39m     [0m

      at EventEmitter.error (src/services/verificationService.js:45:15)
      at EventEmitter.silentEmit (node_modules/ioredis/built/Redis.js:529:30)
      at Socket.<anonymous> (node_modules/ioredis/built/redis/event_handler.js:221:14)

  console.error
    [VerificationService] Redis 杩炴帴閿欒锛屼娇鐢ㄦ湰鍦板瓨鍌?

    [0m [90m 43 |[39m     
     [90m 44 |[39m     redisClient[33m.[39mon([32m'error'[39m[33m,[39m (err) [33m=>[39m {
    [31m[1m>[22m[39m[90m 45 |[39m       console[33m.[39merror([32m'[VerificationService] Redis 杩炴帴閿欒锛屼娇鐢ㄦ湰鍦板瓨鍌?'[39m[33m,[39m err[33m.[39mmessage)[33m;[39m
     [90m    |[39m               [31m[1m^[22m[39m
     [90m 46 |[39m       redisClient [33m=[39m [36mnull[39m[33m;[39m
     [90m 47 |[39m     })[33m;[39m
     [90m 48 |[39m     [0m

      at EventEmitter.error (src/services/verificationService.js:45:15)
      at EventEmitter.silentEmit (node_modules/ioredis/built/Redis.js:529:30)
      at Socket.<anonymous> (node_modules/ioredis/built/redis/event_handler.js:221:14)

  console.error
    [VerificationService] 瀛樺偍楠岃瘉鐮佸け璐? Reached the max retries per request limit (which is 20). Refer to "maxRetriesPerRequest" option for details.

    [0m [90m 127 |[39m     }
     [90m 128 |[39m   } [36mcatch[39m (error) {
    [31m[1m>[22m[39m[90m 129 |[39m     console[33m.[39merror([32m'[VerificationService] 瀛樺偍楠岃瘉鐮佸け璐?'[39m[33m,[39m error[33m.[39mmessage)[33m;[39m
     [90m     |[39m             [31m[1m^[22m[39m
     [90m 130 |[39m     [90m// Fallback 鍒版湰鍦板瓨鍌?[39m
     [90m 131 |[39m     verificationCodeMap[33m.[39m[36mset[39m(key[33m,[39m {
     [90m 132 |[39m       code[33m,[39m[0m

      at Object.error [as generateAndSaveCode] (src/services/verificationService.js:129:13)
      at Object.<anonymous> (tests/services-comprehensive.test.js:52:25)

  console.error
    [VerificationService] Redis 杩炴帴閿欒锛屼娇鐢ㄦ湰鍦板瓨鍌?

    [0m [90m 43 |[39m     
     [90m 44 |[39m     redisClient[33m.[39mon([32m'error'[39m[33m,[39m (err) [33m=>[39m {
    [31m[1m>[22m[39m[90m 45 |[39m       console[33m.[39merror([32m'[VerificationService] Redis 杩炴帴閿欒锛屼娇鐢ㄦ湰鍦板瓨鍌?'[39m[33m,[39m err[33m.[39mmessage)[33m;[39m
     [90m    |[39m               [31m[1m^[22m[39m
     [90m 46 |[39m       redisClient [33m=[39m [36mnull[39m[33m;[39m
     [90m 47 |[39m     })[33m;[39m
     [90m 48 |[39m     [0m

      at EventEmitter.error (src/services/verificationService.js:45:15)
      at EventEmitter.silentEmit (node_modules/ioredis/built/Redis.js:529:30)
      at Socket.<anonymous> (node_modules/ioredis/built/redis/event_handler.js:221:14)

  console.error
    [VerificationService] Redis 杩炴帴閿欒锛屼娇鐢ㄦ湰鍦板瓨鍌?

    [0m [90m 43 |[39m     
     [90m 44 |[39m     redisClient[33m.[39mon([32m'error'[39m[33m,[39m (err) [33m=>[39m {
    [31m[1m>[22m[39m[90m 45 |[39m       console[33m.[39merror([32m'[VerificationService] Redis 杩炴帴閿欒锛屼娇鐢ㄦ湰鍦板瓨鍌?'[39m[33m,[39m err[33m.[39mmessage)[33m;[39m
     [90m    |[39m               [31m[1m^[22m[39m
     [90m 46 |[39m       redisClient [33m=[39m [36mnull[39m[33m;[39m
     [90m 47 |[39m     })[33m;[39m
     [90m 48 |[39m     [0m

      at EventEmitter.error (src/services/verificationService.js:45:15)
      at EventEmitter.silentEmit (node_modules/ioredis/built/Redis.js:529:30)
      at Socket.<anonymous> (node_modules/ioredis/built/redis/event_handler.js:221:14)

  console.error
    [VerificationService] Redis 杩炴帴閿欒锛屼娇鐢ㄦ湰鍦板瓨鍌?

    [0m [90m 43 |[39m     
     [90m 44 |[39m     redisClient[33m.[39mon([32m'error'[39m[33m,[39m (err) [33m=>[39m {
    [31m[1m>[22m[39m[90m 45 |[39m       console[33m.[39merror([32m'[VerificationService] Redis 杩炴帴閿欒锛屼娇鐢ㄦ湰鍦板瓨鍌?'[39m[33m,[39m err[33m.[39mmessage)[33m;[39m
     [90m    |[39m               [31m[1m^[22m[39m
     [90m 46 |[39m       redisClient [33m=[39m [36mnull[39m[33m;[39m
     [90m 47 |[39m     })[33m;[39m
     [90m 48 |[39m     [0m

      at EventEmitter.error (src/services/verificationService.js:45:15)
      at EventEmitter.silentEmit (node_modules/ioredis/built/Redis.js:529:30)
      at Socket.<anonymous> (node_modules/ioredis/built/redis/event_handler.js:221:14)

  console.error
    [VerificationService] Redis 杩炴帴閿欒锛屼娇鐢ㄦ湰鍦板瓨鍌?

    [0m [90m 43 |[39m     
     [90m 44 |[39m     redisClient[33m.[39mon([32m'error'[39m[33m,[39m (err) [33m=>[39m {
    [31m[1m>[22m[39m[90m 45 |[39m       console[33m.[39merror([32m'[VerificationService] Redis 杩炴帴閿欒锛屼娇鐢ㄦ湰鍦板瓨鍌?'[39m[33m,[39m err[33m.[39mmessage)[33m;[39m
     [90m    |[39m               [31m[1m^[22m[39m
     [90m 46 |[39m       redisClient [33m=[39m [36mnull[39m[33m;[39m
     [90m 47 |[39m     })[33m;[39m
     [90m 48 |[39m     [0m

      at EventEmitter.error (src/services/verificationService.js:45:15)
      at EventEmitter.silentEmit (node_modules/ioredis/built/Redis.js:529:30)
      at Socket.<anonymous> (node_modules/ioredis/built/redis/event_handler.js:221:14)

  console.error
    [VerificationService] Redis 杩炴帴閿欒锛屼娇鐢ㄦ湰鍦板瓨鍌?

    [0m [90m 43 |[39m     
     [90m 44 |[39m     redisClient[33m.[39mon([32m'error'[39m[33m,[39m (err) [33m=>[39m {
    [31m[1m>[22m[39m[90m 45 |[39m       console[33m.[39merror([32m'[VerificationService] Redis 杩炴帴閿欒锛屼娇鐢ㄦ湰鍦板瓨鍌?'[39m[33m,[39m err[33m.[39mmessage)[33m;[39m
     [90m    |[39m               [31m[1m^[22m[39m
     [90m 46 |[39m       redisClient [33m=[39m [36mnull[39m[33m;[39m
     [90m 47 |[39m     })[33m;[39m
     [90m 48 |[39m     [0m

      at EventEmitter.error (src/services/verificationService.js:45:15)
      at EventEmitter.silentEmit (node_modules/ioredis/built/Redis.js:529:30)
      at Socket.<anonymous> (node_modules/ioredis/built/redis/event_handler.js:221:14)

  console.error
    [VerificationService] Redis 杩炴帴閿欒锛屼娇鐢ㄦ湰鍦板瓨鍌?

    [0m [90m 43 |[39m     
     [90m 44 |[39m     redisClient[33m.[39mon([32m'error'[39m[33m,[39m (err) [33m=>[39m {
    [31m[1m>[22m[39m[90m 45 |[39m       console[33m.[39merror([32m'[VerificationService] Redis 杩炴帴閿欒锛屼娇鐢ㄦ湰鍦板瓨鍌?'[39m[33m,[39m err[33m.[39mmessage)[33m;[39m
     [90m    |[39m               [31m[1m^[22m[39m
     [90m 46 |[39m       redisClient [33m=[39m [36mnull[39m[33m;[39m
     [90m 47 |[39m     })[33m;[39m
     [90m 48 |[39m     [0m

      at EventEmitter.error (src/services/verificationService.js:45:15)
      at EventEmitter.silentEmit (node_modules/ioredis/built/Redis.js:529:30)
      at Socket.<anonymous> (node_modules/ioredis/built/redis/event_handler.js:221:14)

  console.error
    [VerificationService] Redis 杩炴帴閿欒锛屼娇鐢ㄦ湰鍦板瓨鍌?

    [0m [90m 43 |[39m     
     [90m 44 |[39m     redisClient[33m.[39mon([32m'error'[39m[33m,[39m (err) [33m=>[39m {
    [31m[1m>[22m[39m[90m 45 |[39m       console[33m.[39merror([32m'[VerificationService] Redis 杩炴帴閿欒锛屼娇鐢ㄦ湰鍦板瓨鍌?'[39m[33m,[39m err[33m.[39mmessage)[33m;[39m
     [90m    |[39m               [31m[1m^[22m[39m
     [90m 46 |[39m       redisClient [33m=[39m [36mnull[39m[33m;[39m
     [90m 47 |[39m     })[33m;[39m
     [90m 48 |[39m     [0m

      at EventEmitter.error (src/services/verificationService.js:45:15)
      at EventEmitter.silentEmit (node_modules/ioredis/built/Redis.js:529:30)
      at Socket.<anonymous> (node_modules/ioredis/built/redis/event_handler.js:221:14)

  console.error
    [VerificationService] Redis 杩炴帴閿欒锛屼娇鐢ㄦ湰鍦板瓨鍌?

    [0m [90m 43 |[39m     
     [90m 44 |[39m     redisClient[33m.[39mon([32m'error'[39m[33m,[39m (err) [33m=>[39m {
    [31m[1m>[22m[39m[90m 45 |[39m       console[33m.[39merror([32m'[VerificationService] Redis 杩炴帴閿欒锛屼娇鐢ㄦ湰鍦板瓨鍌?'[39m[33m,[39m err[33m.[39mmessage)[33m;[39m
     [90m    |[39m               [31m[1m^[22m[39m
     [90m 46 |[39m       redisClient [33m=[39m [36mnull[39m[33m;[39m
     [90m 47 |[39m     })[33m;[39m
     [90m 48 |[39m     [0m

      at EventEmitter.error (src/services/verificationService.js:45:15)
      at EventEmitter.silentEmit (node_modules/ioredis/built/Redis.js:529:30)
      at Socket.<anonymous> (node_modules/ioredis/built/redis/event_handler.js:221:14)

  console.error
    [VerificationService] Redis 杩炴帴閿欒锛屼娇鐢ㄦ湰鍦板瓨鍌?

    [0m [90m 43 |[39m     
     [90m 44 |[39m     redisClient[33m.[39mon([32m'error'[39m[33m,[39m (err) [33m=>[39m {
    [31m[1m>[22m[39m[90m 45 |[39m       console[33m.[39merror([32m'[VerificationService] Redis 杩炴帴閿欒锛屼娇鐢ㄦ湰鍦板瓨鍌?'[39m[33m,[39m err[33m.[39mmessage)[33m;[39m
     [90m    |[39m               [31m[1m^[22m[39m
     [90m 46 |[39m       redisClient [33m=[39m [36mnull[39m[33m;[39m
     [90m 47 |[39m     })[33m;[39m
     [90m 48 |[39m     [0m

      at EventEmitter.error (src/services/verificationService.js:45:15)
      at EventEmitter.silentEmit (node_modules/ioredis/built/Redis.js:529:30)
      at Socket.<anonymous> (node_modules/ioredis/built/redis/event_handler.js:221:14)

  console.error
    [VerificationService] Redis 杩炴帴閿欒锛屼娇鐢ㄦ湰鍦板瓨鍌?

    [0m [90m 43 |[39m     
     [90m 44 |[39m     redisClient[33m.[39mon([32m'error'[39m[33m,[39m (err) [33m=>[39m {
    [31m[1m>[22m[39m[90m 45 |[39m       console[33m.[39merror([32m'[VerificationService] Redis 杩炴帴閿欒锛屼娇鐢ㄦ湰鍦板瓨鍌?'[39m[33m,[39m err[33m.[39mmessage)[33m;[39m
     [90m    |[39m               [31m[1m^[22m[39m
     [90m 46 |[39m       redisClient [33m=[39m [36mnull[39m[33m;[39m
     [90m 47 |[39m     })[33m;[39m
     [90m 48 |[39m     [0m

      at EventEmitter.error (src/services/verificationService.js:45:15)
      at EventEmitter.silentEmit (node_modules/ioredis/built/Redis.js:529:30)
      at Socket.<anonymous> (node_modules/ioredis/built/redis/event_handler.js:221:14)

  console.error
    [VerificationService] Redis 杩炴帴閿欒锛屼娇鐢ㄦ湰鍦板瓨鍌?

    [0m [90m 43 |[39m     
     [90m 44 |[39m     redisClient[33m.[39mon([32m'error'[39m[33m,[39m (err) [33m=>[39m {
    [31m[1m>[22m[39m[90m 45 |[39m       console[33m.[39merror([32m'[VerificationService] Redis 杩炴帴閿欒锛屼娇鐢ㄦ湰鍦板瓨鍌?'[39m[33m,[39m err[33m.[39mmessage)[33m;[39m
     [90m    |[39m               [31m[1m^[22m[39m
     [90m 46 |[39m       redisClient [33m=[39m [36mnull[39m[33m;[39m
     [90m 47 |[39m     })[33m;[39m
     [90m 48 |[39m     [0m

      at EventEmitter.error (src/services/verificationService.js:45:15)
      at EventEmitter.silentEmit (node_modules/ioredis/built/Redis.js:529:30)
      at Socket.<anonymous> (node_modules/ioredis/built/redis/event_handler.js:221:14)

  console.error
    [VerificationService] Redis 杩炴帴閿欒锛屼娇鐢ㄦ湰鍦板瓨鍌?

    [0m [90m 43 |[39m     
     [90m 44 |[39m     redisClient[33m.[39mon([32m'error'[39m[33m,[39m (err) [33m=>[39m {
    [31m[1m>[22m[39m[90m 45 |[39m       console[33m.[39merror([32m'[VerificationService] Redis 杩炴帴閿欒锛屼娇鐢ㄦ湰鍦板瓨鍌?'[39m[33m,[39m err[33m.[39mmessage)[33m;[39m
     [90m    |[39m               [31m[1m^[22m[39m
     [90m 46 |[39m       redisClient [33m=[39m [36mnull[39m[33m;[39m
     [90m 47 |[39m     })[33m;[39m
     [90m 48 |[39m     [0m

      at EventEmitter.error (src/services/verificationService.js:45:15)
      at EventEmitter.silentEmit (node_modules/ioredis/built/Redis.js:529:30)
      at Socket.<anonymous> (node_modules/ioredis/built/redis/event_handler.js:221:14)

  console.error
    [VerificationService] Redis 杩炴帴閿欒锛屼娇鐢ㄦ湰鍦板瓨鍌?

    [0m [90m 43 |[39m     
     [90m 44 |[39m     redisClient[33m.[39mon([32m'error'[39m[33m,[39m (err) [33m=>[39m {
    [31m[1m>[22m[39m[90m 45 |[39m       console[33m.[39merror([32m'[VerificationService] Redis 杩炴帴閿欒锛屼娇鐢ㄦ湰鍦板瓨鍌?'[39m[33m,[39m err[33m.[39mmessage)[33m;[39m
     [90m    |[39m               [31m[1m^[22m[39m
     [90m 46 |[39m       redisClient [33m=[39m [36mnull[39m[33m;[39m
     [90m 47 |[39m     })[33m;[39m
     [90m 48 |[39m     [0m

      at EventEmitter.error (src/services/verificationService.js:45:15)
      at EventEmitter.silentEmit (node_modules/ioredis/built/Redis.js:529:30)
      at Socket.<anonymous> (node_modules/ioredis/built/redis/event_handler.js:221:14)

  console.error
    [VerificationService] Redis 杩炴帴閿欒锛屼娇鐢ㄦ湰鍦板瓨鍌?

    [0m [90m 43 |[39m     
     [90m 44 |[39m     redisClient[33m.[39mon([32m'error'[39m[33m,[39m (err) [33m=>[39m {
    [31m[1m>[22m[39m[90m 45 |[39m       console[33m.[39merror([32m'[VerificationService] Redis 杩炴帴閿欒锛屼娇鐢ㄦ湰鍦板瓨鍌?'[39m[33m,[39m err[33m.[39mmessage)[33m;[39m
     [90m    |[39m               [31m[1m^[22m[39m
     [90m 46 |[39m       redisClient [33m=[39m [36mnull[39m[33m;[39m
     [90m 47 |[39m     })[33m;[39m
     [90m 48 |[39m     [0m

      at EventEmitter.error (src/services/verificationService.js:45:15)
      at EventEmitter.silentEmit (node_modules/ioredis/built/Redis.js:529:30)
      at Socket.<anonymous> (node_modules/ioredis/built/redis/event_handler.js:221:14)

  console.error
    [VerificationService] Redis 杩炴帴閿欒锛屼娇鐢ㄦ湰鍦板瓨鍌?

    [0m [90m 43 |[39m     
     [90m 44 |[39m     redisClient[33m.[39mon([32m'error'[39m[33m,[39m (err) [33m=>[39m {
    [31m[1m>[22m[39m[90m 45 |[39m       console[33m.[39merror([32m'[VerificationService] Redis 杩炴帴閿欒锛屼娇鐢ㄦ湰鍦板瓨鍌?'[39m[33m,[39m err[33m.[39mmessage)[33m;[39m
     [90m    |[39m               [31m[1m^[22m[39m
     [90m 46 |[39m       redisClient [33m=[39m [36mnull[39m[33m;[39m
     [90m 47 |[39m     })[33m;[39m
     [90m 48 |[39m     [0m

      at EventEmitter.error (src/services/verificationService.js:45:15)
      at EventEmitter.silentEmit (node_modules/ioredis/built/Redis.js:529:30)
      at Socket.<anonymous> (node_modules/ioredis/built/redis/event_handler.js:221:14)

  console.error
    [VerificationService] Redis 杩炴帴閿欒锛屼娇鐢ㄦ湰鍦板瓨鍌?

    [0m [90m 43 |[39m     
     [90m 44 |[39m     redisClient[33m.[39mon([32m'error'[39m[33m,[39m (err) [33m=>[39m {
    [31m[1m>[22m[39m[90m 45 |[39m       console[33m.[39merror([32m'[VerificationService] Redis 杩炴帴閿欒锛屼娇鐢ㄦ湰鍦板瓨鍌?'[39m[33m,[39m err[33m.[39mmessage)[33m;[39m
     [90m    |[39m               [31m[1m^[22m[39m
     [90m 46 |[39m       redisClient [33m=[39m [36mnull[39m[33m;[39m
     [90m 47 |[39m     })[33m;[39m
     [90m 48 |[39m     [0m

      at EventEmitter.error (src/services/verificationService.js:45:15)
      at EventEmitter.silentEmit (node_modules/ioredis/built/Redis.js:529:30)
      at Socket.<anonymous> (node_modules/ioredis/built/redis/event_handler.js:221:14)

  console.error
    [VerificationService] Redis 杩炴帴閿欒锛屼娇鐢ㄦ湰鍦板瓨鍌?

    [0m [90m 43 |[39m     
     [90m 44 |[39m     redisClient[33m.[39mon([32m'error'[39m[33m,[39m (err) [33m=>[39m {
    [31m[1m>[22m[39m[90m 45 |[39m       console[33m.[39merror([32m'[VerificationService] Redis 杩炴帴閿欒锛屼娇鐢ㄦ湰鍦板瓨鍌?'[39m[33m,[39m err[33m.[39mmessage)[33m;[39m
     [90m    |[39m               [31m[1m^[22m[39m
     [90m 46 |[39m       redisClient [33m=[39m [36mnull[39m[33m;[39m
     [90m 47 |[39m     })[33m;[39m
     [90m 48 |[39m     [0m

      at EventEmitter.error (src/services/verificationService.js:45:15)
      at EventEmitter.silentEmit (node_modules/ioredis/built/Redis.js:529:30)
      at Socket.<anonymous> (node_modules/ioredis/built/redis/event_handler.js:221:14)

  console.error
    [VerificationService] Redis 杩炴帴閿欒锛屼娇鐢ㄦ湰鍦板瓨鍌?

    [0m [90m 43 |[39m     
     [90m 44 |[39m     redisClient[33m.[39mon([32m'error'[39m[33m,[39m (err) [33m=>[39m {
    [31m[1m>[22m[39m[90m 45 |[39m       console[33m.[39merror([32m'[VerificationService] Redis 杩炴帴閿欒锛屼娇鐢ㄦ湰鍦板瓨鍌?'[39m[33m,[39m err[33m.[39mmessage)[33m;[39m
     [90m    |[39m               [31m[1m^[22m[39m
     [90m 46 |[39m       redisClient [33m=[39m [36mnull[39m[33m;[39m
     [90m 47 |[39m     })[33m;[39m
     [90m 48 |[39m     [0m

      at EventEmitter.error (src/services/verificationService.js:45:15)
      at EventEmitter.silentEmit (node_modules/ioredis/built/Redis.js:529:30)
      at Socket.<anonymous> (node_modules/ioredis/built/redis/event_handler.js:221:14)

  console.error
    [VerificationService] Redis 杩炴帴閿欒锛屼娇鐢ㄦ湰鍦板瓨鍌?

    [0m [90m 43 |[39m     
     [90m 44 |[39m     redisClient[33m.[39mon([32m'error'[39m[33m,[39m (err) [33m=>[39m {
    [31m[1m>[22m[39m[90m 45 |[39m       console[33m.[39merror([32m'[VerificationService] Redis 杩炴帴閿欒锛屼娇鐢ㄦ湰鍦板瓨鍌?'[39m[33m,[39m err[33m.[39mmessage)[33m;[39m
     [90m    |[39m               [31m[1m^[22m[39m
     [90m 46 |[39m       redisClient [33m=[39m [36mnull[39m[33m;[39m
     [90m 47 |[39m     })[33m;[39m
     [90m 48 |[39m     [0m

      at EventEmitter.error (src/services/verificationService.js:45:15)
      at EventEmitter.silentEmit (node_modules/ioredis/built/Redis.js:529:30)
      at Socket.<anonymous> (node_modules/ioredis/built/redis/event_handler.js:221:14)

  console.error
    [VerificationService] Redis 杩炴帴閿欒锛屼娇鐢ㄦ湰鍦板瓨鍌?

    [0m [90m 43 |[39m     
     [90m 44 |[39m     redisClient[33m.[39mon([32m'error'[39m[33m,[39m (err) [33m=>[39m {
    [31m[1m>[22m[39m[90m 45 |[39m       console[33m.[39merror([32m'[VerificationService] Redis 杩炴帴閿欒锛屼娇鐢ㄦ湰鍦板瓨鍌?'[39m[33m,[39m err[33m.[39mmessage)[33m;[39m
     [90m    |[39m               [31m[1m^[22m[39m
     [90m 46 |[39m       redisClient [33m=[39m [36mnull[39m[33m;[39m
     [90m 47 |[39m     })[33m;[39m
     [90m 48 |[39m     [0m

      at EventEmitter.error (src/services/verificationService.js:45:15)
      at EventEmitter.silentEmit (node_modules/ioredis/built/Redis.js:529:30)
      at Socket.<anonymous> (node_modules/ioredis/built/redis/event_handler.js:221:14)

  console.error
    [VerificationService] Redis 杩炴帴閿欒锛屼娇鐢ㄦ湰鍦板瓨鍌?

    [0m [90m 43 |[39m     
     [90m 44 |[39m     redisClient[33m.[39mon([32m'error'[39m[33m,[39m (err) [33m=>[39m {
    [31m[1m>[22m[39m[90m 45 |[39m       console[33m.[39merror([32m'[VerificationService] Redis 杩炴帴閿欒锛屼娇鐢ㄦ湰鍦板瓨鍌?'[39m[33m,[39m err[33m.[39mmessage)[33m;[39m
     [90m    |[39m               [31m[1m^[22m[39m
     [90m 46 |[39m       redisClient [33m=[39m [36mnull[39m[33m;[39m
     [90m 47 |[39m     })[33m;[39m
     [90m 48 |[39m     [0m

      at EventEmitter.error (src/services/verificationService.js:45:15)
      at EventEmitter.silentEmit (node_modules/ioredis/built/Redis.js:529:30)
      at Socket.<anonymous> (node_modules/ioredis/built/redis/event_handler.js:221:14)

  console.error
    [VerificationService] Redis 杩炴帴閿欒锛屼娇鐢ㄦ湰鍦板瓨鍌?

    [0m [90m 43 |[39m     
     [90m 44 |[39m     redisClient[33m.[39mon([32m'error'[39m[33m,[39m (err) [33m=>[39m {
    [31m[1m>[22m[39m[90m 45 |[39m       console[33m.[39merror([32m'[VerificationService] Redis 杩炴帴閿欒锛屼娇鐢ㄦ湰鍦板瓨鍌?'[39m[33m,[39m err[33m.[39mmessage)[33m;[39m
     [90m    |[39m               [31m[1m^[22m[39m
     [90m 46 |[39m       redisClient [33m=[39m [36mnull[39m[33m;[39m
     [90m 47 |[39m     })[33m;[39m
     [90m 48 |[39m     [0m

      at EventEmitter.error (src/services/verificationService.js:45:15)
      at EventEmitter.silentEmit (node_modules/ioredis/built/Redis.js:529:30)
      at Socket.<anonymous> (node_modules/ioredis/built/redis/event_handler.js:221:14)

  console.error
    [VerificationService] Redis 杩炴帴閿欒锛屼娇鐢ㄦ湰鍦板瓨鍌?

    [0m [90m 43 |[39m     
     [90m 44 |[39m     redisClient[33m.[39mon([32m'error'[39m[33m,[39m (err) [33m=>[39m {
    [31m[1m>[22m[39m[90m 45 |[39m       console[33m.[39merror([32m'[VerificationService] Redis 杩炴帴閿欒锛屼娇鐢ㄦ湰鍦板瓨鍌?'[39m[33m,[39m err[33m.[39mmessage)[33m;[39m
     [90m    |[39m               [31m[1m^[22m[39m
     [90m 46 |[39m       redisClient [33m=[39m [36mnull[39m[33m;[39m
     [90m 47 |[39m     })[33m;[39m
     [90m 48 |[39m     [0m

      at EventEmitter.error (src/services/verificationService.js:45:15)
      at EventEmitter.silentEmit (node_modules/ioredis/built/Redis.js:529:30)
      at Socket.<anonymous> (node_modules/ioredis/built/redis/event_handler.js:221:14)

  console.error
    [VerificationService] Redis 杩炴帴閿欒锛屼娇鐢ㄦ湰鍦板瓨鍌?

    [0m [90m 43 |[39m     
     [90m 44 |[39m     redisClient[33m.[39mon([32m'error'[39m[33m,[39m (err) [33m=>[39m {
    [31m[1m>[22m[39m[90m 45 |[39m       console[33m.[39merror([32m'[VerificationService] Redis 杩炴帴閿欒锛屼娇鐢ㄦ湰鍦板瓨鍌?'[39m[33m,[39m err[33m.[39mmessage)[33m;[39m
     [90m    |[39m               [31m[1m^[22m[39m
     [90m 46 |[39m       redisClient [33m=[39m [36mnull[39m[33m;[39m
     [90m 47 |[39m     })[33m;[39m
     [90m 48 |[39m     [0m

      at EventEmitter.error (src/services/verificationService.js:45:15)
      at EventEmitter.silentEmit (node_modules/ioredis/built/Redis.js:529:30)
      at Socket.<anonymous> (node_modules/ioredis/built/redis/event_handler.js:221:14)

  console.error
    [VerificationService] Redis 杩炴帴閿欒锛屼娇鐢ㄦ湰鍦板瓨鍌?

    [0m [90m 43 |[39m     
     [90m 44 |[39m     redisClient[33m.[39mon([32m'error'[39m[33m,[39m (err) [33m=>[39m {
    [31m[1m>[22m[39m[90m 45 |[39m       console[33m.[39merror([32m'[VerificationService] Redis 杩炴帴閿欒锛屼娇鐢ㄦ湰鍦板瓨鍌?'[39m[33m,[39m err[33m.[39mmessage)[33m;[39m
     [90m    |[39m               [31m[1m^[22m[39m
     [90m 46 |[39m       redisClient [33m=[39m [36mnull[39m[33m;[39m
     [90m 47 |[39m     })[33m;[39m
     [90m 48 |[39m     [0m

      at EventEmitter.error (src/services/verificationService.js:45:15)
      at EventEmitter.silentEmit (node_modules/ioredis/built/Redis.js:529:30)
      at Socket.<anonymous> (node_modules/ioredis/built/redis/event_handler.js:221:14)

  console.error
    [VerificationService] Redis 杩炴帴閿欒锛屼娇鐢ㄦ湰鍦板瓨鍌?

    [0m [90m 43 |[39m     
     [90m 44 |[39m     redisClient[33m.[39mon([32m'error'[39m[33m,[39m (err) [33m=>[39m {
    [31m[1m>[22m[39m[90m 45 |[39m       console[33m.[39merror([32m'[VerificationService] Redis 杩炴帴閿欒锛屼娇鐢ㄦ湰鍦板瓨鍌?'[39m[33m,[39m err[33m.[39mmessage)[33m;[39m
     [90m    |[39m               [31m[1m^[22m[39m
     [90m 46 |[39m       redisClient [33m=[39m [36mnull[39m[33m;[39m
     [90m 47 |[39m     })[33m;[39m
     [90m 48 |[39m     [0m

      at EventEmitter.error (src/services/verificationService.js:45:15)
      at EventEmitter.silentEmit (node_modules/ioredis/built/Redis.js:529:30)
      at Socket.<anonymous> (node_modules/ioredis/built/redis/event_handler.js:221:14)

  console.error
    [VerificationService] Redis 杩炴帴閿欒锛屼娇鐢ㄦ湰鍦板瓨鍌?

    [0m [90m 43 |[39m     
     [90m 44 |[39m     redisClient[33m.[39mon([32m'error'[39m[33m,[39m (err) [33m=>[39m {
    [31m[1m>[22m[39m[90m 45 |[39m       console[33m.[39merror([32m'[VerificationService] Redis 杩炴帴閿欒锛屼娇鐢ㄦ湰鍦板瓨鍌?'[39m[33m,[39m err[33m.[39mmessage)[33m;[39m
     [90m    |[39m               [31m[1m^[22m[39m
     [90m 46 |[39m       redisClient [33m=[39m [36mnull[39m[33m;[39m
     [90m 47 |[39m     })[33m;[39m
     [90m 48 |[39m     [0m

      at EventEmitter.error (src/services/verificationService.js:45:15)
      at EventEmitter.silentEmit (node_modules/ioredis/built/Redis.js:529:30)
      at Socket.<anonymous> (node_modules/ioredis/built/redis/event_handler.js:221:14)

  console.error
    [VerificationService] Redis 杩炴帴閿欒锛屼娇鐢ㄦ湰鍦板瓨鍌?

    [0m [90m 43 |[39m     
     [90m 44 |[39m     redisClient[33m.[39mon([32m'error'[39m[33m,[39m (err) [33m=>[39m {
    [31m[1m>[22m[39m[90m 45 |[39m       console[33m.[39merror([32m'[VerificationService] Redis 杩炴帴閿欒锛屼娇鐢ㄦ湰鍦板瓨鍌?'[39m[33m,[39m err[33m.[39mmessage)[33m;[39m
     [90m    |[39m               [31m[1m^[22m[39m
     [90m 46 |[39m       redisClient [33m=[39m [36mnull[39m[33m;[39m
     [90m 47 |[39m     })[33m;[39m
     [90m 48 |[39m     [0m

      at EventEmitter.error (src/services/verificationService.js:45:15)
      at EventEmitter.silentEmit (node_modules/ioredis/built/Redis.js:529:30)
      at Socket.<anonymous> (node_modules/ioredis/built/redis/event_handler.js:221:14)

  console.error
    [VerificationService] Redis 杩炴帴閿欒锛屼娇鐢ㄦ湰鍦板瓨鍌?

    [0m [90m 43 |[39m     
     [90m 44 |[39m     redisClient[33m.[39mon([32m'error'[39m[33m,[39m (err) [33m=>[39m {
    [31m[1m>[22m[39m[90m 45 |[39m       console[33m.[39merror([32m'[VerificationService] Redis 杩炴帴閿欒锛屼娇鐢ㄦ湰鍦板瓨鍌?'[39m[33m,[39m err[33m.[39mmessage)[33m;[39m
     [90m    |[39m               [31m[1m^[22m[39m
     [90m 46 |[39m       redisClient [33m=[39m [36mnull[39m[33m;[39m
     [90m 47 |[39m     })[33m;[39m
     [90m 48 |[39m     [0m

      at EventEmitter.error (src/services/verificationService.js:45:15)
      at EventEmitter.silentEmit (node_modules/ioredis/built/Redis.js:529:30)
      at Socket.<anonymous> (node_modules/ioredis/built/redis/event_handler.js:221:14)

  console.error
    [VerificationService] Redis 杩炴帴閿欒锛屼娇鐢ㄦ湰鍦板瓨鍌?

    [0m [90m 43 |[39m     
     [90m 44 |[39m     redisClient[33m.[39mon([32m'error'[39m[33m,[39m (err) [33m=>[39m {
    [31m[1m>[22m[39m[90m 45 |[39m       console[33m.[39merror([32m'[VerificationService] Redis 杩炴帴閿欒锛屼娇鐢ㄦ湰鍦板瓨鍌?'[39m[33m,[39m err[33m.[39mmessage)[33m;[39m
     [90m    |[39m               [31m[1m^[22m[39m
     [90m 46 |[39m       redisClient [33m=[39m [36mnull[39m[33m;[39m
     [90m 47 |[39m     })[33m;[39m
     [90m 48 |[39m     [0m

      at EventEmitter.error (src/services/verificationService.js:45:15)
      at EventEmitter.silentEmit (node_modules/ioredis/built/Redis.js:529:30)
      at Socket.<anonymous> (node_modules/ioredis/built/redis/event_handler.js:221:14)

  console.error
    [VerificationService] Redis 杩炴帴閿欒锛屼娇鐢ㄦ湰鍦板瓨鍌?

    [0m [90m 43 |[39m     
     [90m 44 |[39m     redisClient[33m.[39mon([32m'error'[39m[33m,[39m (err) [33m=>[39m {
    [31m[1m>[22m[39m[90m 45 |[39m       console[33m.[39merror([32m'[VerificationService] Redis 杩炴帴閿欒锛屼娇鐢ㄦ湰鍦板瓨鍌?'[39m[33m,[39m err[33m.[39mmessage)[33m;[39m
     [90m    |[39m               [31m[1m^[22m[39m
     [90m 46 |[39m       redisClient [33m=[39m [36mnull[39m[33m;[39m
     [90m 47 |[39m     })[33m;[39m
     [90m 48 |[39m     [0m

      at EventEmitter.error (src/services/verificationService.js:45:15)
      at EventEmitter.silentEmit (node_modules/ioredis/built/Redis.js:529:30)
      at Socket.<anonymous> (node_modules/ioredis/built/redis/event_handler.js:221:14)

  console.error
    [VerificationService] Redis 杩炴帴閿欒锛屼娇鐢ㄦ湰鍦板瓨鍌?

    [0m [90m 43 |[39m     
     [90m 44 |[39m     redisClient[33m.[39mon([32m'error'[39m[33m,[39m (err) [33m=>[39m {
    [31m[1m>[22m[39m[90m 45 |[39m       console[33m.[39merror([32m'[VerificationService] Redis 杩炴帴閿欒锛屼娇鐢ㄦ湰鍦板瓨鍌?'[39m[33m,[39m err[33m.[39mmessage)[33m;[39m
     [90m    |[39m               [31m[1m^[22m[39m
     [90m 46 |[39m       redisClient [33m=[39m [36mnull[39m[33m;[39m
     [90m 47 |[39m     })[33m;[39m
     [90m 48 |[39m     [0m

      at EventEmitter.error (src/services/verificationService.js:45:15)
      at EventEmitter.silentEmit (node_modules/ioredis/built/Redis.js:529:30)
      at Socket.<anonymous> (node_modules/ioredis/built/redis/event_handler.js:221:14)

  console.error
    [VerificationService] Redis 杩炴帴閿欒锛屼娇鐢ㄦ湰鍦板瓨鍌?

    [0m [90m 43 |[39m     
     [90m 44 |[39m     redisClient[33m.[39mon([32m'error'[39m[33m,[39m (err) [33m=>[39m {
    [31m[1m>[22m[39m[90m 45 |[39m       console[33m.[39merror([32m'[VerificationService] Redis 杩炴帴閿欒锛屼娇鐢ㄦ湰鍦板瓨鍌?'[39m[33m,[39m err[33m.[39mmessage)[33m;[39m
     [90m    |[39m               [31m[1m^[22m[39m
     [90m 46 |[39m       redisClient [33m=[39m [36mnull[39m[33m;[39m
     [90m 47 |[39m     })[33m;[39m
     [90m 48 |[39m     [0m

      at EventEmitter.error (src/services/verificationService.js:45:15)
      at EventEmitter.silentEmit (node_modules/ioredis/built/Redis.js:529:30)
      at Socket.<anonymous> (node_modules/ioredis/built/redis/event_handler.js:221:14)

  console.error
    [VerificationService] Redis 杩炴帴閿欒锛屼娇鐢ㄦ湰鍦板瓨鍌?

    [0m [90m 43 |[39m     
     [90m 44 |[39m     redisClient[33m.[39mon([32m'error'[39m[33m,[39m (err) [33m=>[39m {
    [31m[1m>[22m[39m[90m 45 |[39m       console[33m.[39merror([32m'[VerificationService] Redis 杩炴帴閿欒锛屼娇鐢ㄦ湰鍦板瓨鍌?'[39m[33m,[39m err[33m.[39mmessage)[33m;[39m
     [90m    |[39m               [31m[1m^[22m[39m
     [90m 46 |[39m       redisClient [33m=[39m [36mnull[39m[33m;[39m
     [90m 47 |[39m     })[33m;[39m
     [90m 48 |[39m     [0m

      at EventEmitter.error (src/services/verificationService.js:45:15)
      at EventEmitter.silentEmit (node_modules/ioredis/built/Redis.js:529:30)
      at Socket.<anonymous> (node_modules/ioredis/built/redis/event_handler.js:221:14)

  console.error
    [VerificationService] Redis 杩炴帴閿欒锛屼娇鐢ㄦ湰鍦板瓨鍌?

    [0m [90m 43 |[39m     
     [90m 44 |[39m     redisClient[33m.[39mon([32m'error'[39m[33m,[39m (err) [33m=>[39m {
    [31m[1m>[22m[39m[90m 45 |[39m       console[33m.[39merror([32m'[VerificationService] Redis 杩炴帴閿欒锛屼娇鐢ㄦ湰鍦板瓨鍌?'[39m[33m,[39m err[33m.[39mmessage)[33m;[39m
     [90m    |[39m               [31m[1m^[22m[39m
     [90m 46 |[39m       redisClient [33m=[39m [36mnull[39m[33m;[39m
     [90m 47 |[39m     })[33m;[39m
     [90m 48 |[39m     [0m

      at EventEmitter.error (src/services/verificationService.js:45:15)
      at EventEmitter.silentEmit (node_modules/ioredis/built/Redis.js:529:30)
      at Socket.<anonymous> (node_modules/ioredis/built/redis/event_handler.js:221:14)

  console.error
    [VerificationService] Redis 杩炴帴閿欒锛屼娇鐢ㄦ湰鍦板瓨鍌?

    [0m [90m 43 |[39m     
     [90m 44 |[39m     redisClient[33m.[39mon([32m'error'[39m[33m,[39m (err) [33m=>[39m {
    [31m[1m>[22m[39m[90m 45 |[39m       console[33m.[39merror([32m'[VerificationService] Redis 杩炴帴閿欒锛屼娇鐢ㄦ湰鍦板瓨鍌?'[39m[33m,[39m err[33m.[39mmessage)[33m;[39m
     [90m    |[39m               [31m[1m^[22m[39m
     [90m 46 |[39m       redisClient [33m=[39m [36mnull[39m[33m;[39m
     [90m 47 |[39m     })[33m;[39m
     [90m 48 |[39m     [0m

      at EventEmitter.error (src/services/verificationService.js:45:15)
      at EventEmitter.silentEmit (node_modules/ioredis/built/Redis.js:529:30)
      at Socket.<anonymous> (node_modules/ioredis/built/redis/event_handler.js:221:14)

  console.error
    [VerificationService] Redis 杩炴帴閿欒锛屼娇鐢ㄦ湰鍦板瓨鍌?

    [0m [90m 43 |[39m     
     [90m 44 |[39m     redisClient[33m.[39mon([32m'error'[39m[33m,[39m (err) [33m=>[39m {
    [31m[1m>[22m[39m[90m 45 |[39m       console[33m.[39merror([32m'[VerificationService] Redis 杩炴帴閿欒锛屼娇鐢ㄦ湰鍦板瓨鍌?'[39m[33m,[39m err[33m.[39mmessage)[33m;[39m
     [90m    |[39m               [31m[1m^[22m[39m
     [90m 46 |[39m       redisClient [33m=[39m [36mnull[39m[33m;[39m
     [90m 47 |[39m     })[33m;[39m
     [90m 48 |[39m     [0m

      at EventEmitter.error (src/services/verificationService.js:45:15)
      at EventEmitter.silentEmit (node_modules/ioredis/built/Redis.js:529:30)
      at Socket.<anonymous> (node_modules/ioredis/built/redis/event_handler.js:221:14)

  console.error
    [VerificationService] Redis 杩炴帴閿欒锛屼娇鐢ㄦ湰鍦板瓨鍌?

    [0m [90m 43 |[39m     
     [90m 44 |[39m     redisClient[33m.[39mon([32m'error'[39m[33m,[39m (err) [33m=>[39m {
    [31m[1m>[22m[39m[90m 45 |[39m       console[33m.[39merror([32m'[VerificationService] Redis 杩炴帴閿欒锛屼娇鐢ㄦ湰鍦板瓨鍌?'[39m[33m,[39m err[33m.[39mmessage)[33m;[39m
     [90m    |[39m               [31m[1m^[22m[39m
     [90m 46 |[39m       redisClient [33m=[39m [36mnull[39m[33m;[39m
     [90m 47 |[39m     })[33m;[39m
     [90m 48 |[39m     [0m

      at EventEmitter.error (src/services/verificationService.js:45:15)
      at EventEmitter.silentEmit (node_modules/ioredis/built/Redis.js:529:30)
      at Socket.<anonymous> (node_modules/ioredis/built/redis/event_handler.js:221:14)

  console.error
    [VerificationService] Redis 杩炴帴閿欒锛屼娇鐢ㄦ湰鍦板瓨鍌?

    [0m [90m 43 |[39m     
     [90m 44 |[39m     redisClient[33m.[39mon([32m'error'[39m[33m,[39m (err) [33m=>[39m {
    [31m[1m>[22m[39m[90m 45 |[39m       console[33m.[39merror([32m'[VerificationService] Redis 杩炴帴閿欒锛屼娇鐢ㄦ湰鍦板瓨鍌?'[39m[33m,[39m err[33m.[39mmessage)[33m;[39m
     [90m    |[39m               [31m[1m^[22m[39m
     [90m 46 |[39m       redisClient [33m=[39m [36mnull[39m[33m;[39m
     [90m 47 |[39m     })[33m;[39m
     [90m 48 |[39m     [0m

      at EventEmitter.error (src/services/verificationService.js:45:15)
      at EventEmitter.silentEmit (node_modules/ioredis/built/Redis.js:529:30)
      at Socket.<anonymous> (node_modules/ioredis/built/redis/event_handler.js:221:14)

  console.error
    [VerificationService] Redis 杩炴帴閿欒锛屼娇鐢ㄦ湰鍦板瓨鍌?

    [0m [90m 43 |[39m     
     [90m 44 |[39m     redisClient[33m.[39mon([32m'error'[39m[33m,[39m (err) [33m=>[39m {
    [31m[1m>[22m[39m[90m 45 |[39m       console[33m.[39merror([32m'[VerificationService] Redis 杩炴帴閿欒锛屼娇鐢ㄦ湰鍦板瓨鍌?'[39m[33m,[39m err[33m.[39mmessage)[33m;[39m
     [90m    |[39m               [31m[1m^[22m[39m
     [90m 46 |[39m       redisClient [33m=[39m [36mnull[39m[33m;[39m
     [90m 47 |[39m     })[33m;[39m
     [90m 48 |[39m     [0m

      at EventEmitter.error (src/services/verificationService.js:45:15)
      at EventEmitter.silentEmit (node_modules/ioredis/built/Redis.js:529:30)
      at Socket.<anonymous> (node_modules/ioredis/built/redis/event_handler.js:221:14)

  console.error
    [VerificationService] Redis 杩炴帴閿欒锛屼娇鐢ㄦ湰鍦板瓨鍌?

    [0m [90m 43 |[39m     
     [90m 44 |[39m     redisClient[33m.[39mon([32m'error'[39m[33m,[39m (err) [33m=>[39m {
    [31m[1m>[22m[39m[90m 45 |[39m       console[33m.[39merror([32m'[VerificationService] Redis 杩炴帴閿欒锛屼娇鐢ㄦ湰鍦板瓨鍌?'[39m[33m,[39m err[33m.[39mmessage)[33m;[39m
     [90m    |[39m               [31m[1m^[22m[39m
     [90m 46 |[39m       redisClient [33m=[39m [36mnull[39m[33m;[39m
     [90m 47 |[39m     })[33m;[39m
     [90m 48 |[39m     [0m

      at EventEmitter.error (src/services/verificationService.js:45:15)
      at EventEmitter.silentEmit (node_modules/ioredis/built/Redis.js:529:30)
      at Socket.<anonymous> (node_modules/ioredis/built/redis/event_handler.js:221:14)

  console.error
    [VerificationService] 瀛樺偍楠岃瘉鐮佸け璐? Reached the max retries per request limit (which is 20). Refer to "maxRetriesPerRequest" option for details.

    [0m [90m 127 |[39m     }
     [90m 128 |[39m   } [36mcatch[39m (error) {
    [31m[1m>[22m[39m[90m 129 |[39m     console[33m.[39merror([32m'[VerificationService] 瀛樺偍楠岃瘉鐮佸け璐?'[39m[33m,[39m error[33m.[39mmessage)[33m;[39m
     [90m     |[39m             [31m[1m^[22m[39m
     [90m 130 |[39m     [90m// Fallback 鍒版湰鍦板瓨鍌?[39m
     [90m 131 |[39m     verificationCodeMap[33m.[39m[36mset[39m(key[33m,[39m {
     [90m 132 |[39m       code[33m,[39m[0m

      at Object.error [as generateAndSaveCode] (src/services/verificationService.js:129:13)
      at Object.<anonymous> (tests/services-comprehensive.test.js:53:28)

  console.error
    [VerificationService] Redis 杩炴帴閿欒锛屼娇鐢ㄦ湰鍦板瓨鍌?

    [0m [90m 43 |[39m     
     [90m 44 |[39m     redisClient[33m.[39mon([32m'error'[39m[33m,[39m (err) [33m=>[39m {
    [31m[1m>[22m[39m[90m 45 |[39m       console[33m.[39merror([32m'[VerificationService] Redis 杩炴帴閿欒锛屼娇鐢ㄦ湰鍦板瓨鍌?'[39m[33m,[39m err[33m.[39mmessage)[33m;[39m
     [90m    |[39m               [31m[1m^[22m[39m
     [90m 46 |[39m       redisClient [33m=[39m [36mnull[39m[33m;[39m
     [90m 47 |[39m     })[33m;[39m
     [90m 48 |[39m     [0m

      at EventEmitter.error (src/services/verificationService.js:45:15)
      at EventEmitter.silentEmit (node_modules/ioredis/built/Redis.js:529:30)
      at Socket.<anonymous> (node_modules/ioredis/built/redis/event_handler.js:221:14)

  console.error
    [VerificationService] Redis 杩炴帴閿欒锛屼娇鐢ㄦ湰鍦板瓨鍌?

    [0m [90m 43 |[39m     
     [90m 44 |[39m     redisClient[33m.[39mon([32m'error'[39m[33m,[39m (err) [33m=>[39m {
    [31m[1m>[22m[39m[90m 45 |[39m       console[33m.[39merror([32m'[VerificationService] Redis 杩炴帴閿欒锛屼娇鐢ㄦ湰鍦板瓨鍌?'[39m[33m,[39m err[33m.[39mmessage)[33m;[39m
     [90m    |[39m               [31m[1m^[22m[39m
     [90m 46 |[39m       redisClient [33m=[39m [36mnull[39m[33m;[39m
     [90m 47 |[39m     })[33m;[39m
     [90m 48 |[39m     [0m

      at EventEmitter.error (src/services/verificationService.js:45:15)
      at EventEmitter.silentEmit (node_modules/ioredis/built/Redis.js:529:30)
      at Socket.<anonymous> (node_modules/ioredis/built/redis/event_handler.js:221:14)

  console.error
    [VerificationService] Redis 杩炴帴閿欒锛屼娇鐢ㄦ湰鍦板瓨鍌?

    [0m [90m 43 |[39m     
     [90m 44 |[39m     redisClient[33m.[39mon([32m'error'[39m[33m,[39m (err) [33m=>[39m {
    [31m[1m>[22m[39m[90m 45 |[39m       console[33m.[39merror([32m'[VerificationService] Redis 杩炴帴閿欒锛屼娇鐢ㄦ湰鍦板瓨鍌?'[39m[33m,[39m err[33m.[39mmessage)[33m;[39m
     [90m    |[39m               [31m[1m^[22m[39m
     [90m 46 |[39m       redisClient [33m=[39m [36mnull[39m[33m;[39m
     [90m 47 |[39m     })[33m;[39m
     [90m 48 |[39m     [0m

      at EventEmitter.error (src/services/verificationService.js:45:15)
      at EventEmitter.silentEmit (node_modules/ioredis/built/Redis.js:529:30)
      at Socket.<anonymous> (node_modules/ioredis/built/redis/event_handler.js:221:14)

  console.error
    [VerificationService] Redis 杩炴帴閿欒锛屼娇鐢ㄦ湰鍦板瓨鍌?

    [0m [90m 43 |[39m     
     [90m 44 |[39m     redisClient[33m.[39mon([32m'error'[39m[33m,[39m (err) [33m=>[39m {
    [31m[1m>[22m[39m[90m 45 |[39m       console[33m.[39merror([32m'[VerificationService] Redis 杩炴帴閿欒锛屼娇鐢ㄦ湰鍦板瓨鍌?'[39m[33m,[39m err[33m.[39mmessage)[33m;[39m
     [90m    |[39m               [31m[1m^[22m[39m
     [90m 46 |[39m       redisClient [33m=[39m [36mnull[39m[33m;[39m
     [90m 47 |[39m     })[33m;[39m
     [90m 48 |[39m     [0m

      at EventEmitter.error (src/services/verificationService.js:45:15)
      at EventEmitter.silentEmit (node_modules/ioredis/built/Redis.js:529:30)
      at Socket.<anonymous> (node_modules/ioredis/built/redis/event_handler.js:221:14)

  console.error
    [VerificationService] Redis 杩炴帴閿欒锛屼娇鐢ㄦ湰鍦板瓨鍌?

    [0m [90m 43 |[39m     
     [90m 44 |[39m     redisClient[33m.[39mon([32m'error'[39m[33m,[39m (err) [33m=>[39m {
    [31m[1m>[22m[39m[90m 45 |[39m       console[33m.[39merror([32m'[VerificationService] Redis 杩炴帴閿欒锛屼娇鐢ㄦ湰鍦板瓨鍌?'[39m[33m,[39m err[33m.[39mmessage)[33m;[39m
     [90m    |[39m               [31m[1m^[22m[39m
     [90m 46 |[39m       redisClient [33m=[39m [36mnull[39m[33m;[39m
     [90m 47 |[39m     })[33m;[39m
     [90m 48 |[39m     [0m

      at EventEmitter.error (src/services/verificationService.js:45:15)
      at EventEmitter.silentEmit (node_modules/ioredis/built/Redis.js:529:30)
      at Socket.<anonymous> (node_modules/ioredis/built/redis/event_handler.js:221:14)

  console.error
    [VerificationService] Redis 杩炴帴閿欒锛屼娇鐢ㄦ湰鍦板瓨鍌?

    [0m [90m 43 |[39m     
     [90m 44 |[39m     redisClient[33m.[39mon([32m'error'[39m[33m,[39m (err) [33m=>[39m {
    [31m[1m>[22m[39m[90m 45 |[39m       console[33m.[39merror([32m'[VerificationService] Redis 杩炴帴閿欒锛屼娇鐢ㄦ湰鍦板瓨鍌?'[39m[33m,[39m err[33m.[39mmessage)[33m;[39m
     [90m    |[39m               [31m[1m^[22m[39m
     [90m 46 |[39m       redisClient [33m=[39m [36mnull[39m[33m;[39m
     [90m 47 |[39m     })[33m;[39m
     [90m 48 |[39m     [0m

      at EventEmitter.error (src/services/verificationService.js:45:15)
      at EventEmitter.silentEmit (node_modules/ioredis/built/Redis.js:529:30)
      at Socket.<anonymous> (node_modules/ioredis/built/redis/event_handler.js:221:14)

  console.error
    [VerificationService] Redis 杩炴帴閿欒锛屼娇鐢ㄦ湰鍦板瓨鍌?

    [0m [90m 43 |[39m     
     [90m 44 |[39m     redisClient[33m.[39mon([32m'error'[39m[33m,[39m (err) [33m=>[39m {
    [31m[1m>[22m[39m[90m 45 |[39m       console[33m.[39merror([32m'[VerificationService] Redis 杩炴帴閿欒锛屼娇鐢ㄦ湰鍦板瓨鍌?'[39m[33m,[39m err[33m.[39mmessage)[33m;[39m
     [90m    |[39m               [31m[1m^[22m[39m
     [90m 46 |[39m       redisClient [33m=[39m [36mnull[39m[33m;[39m
     [90m 47 |[39m     })[33m;[39m
     [90m 48 |[39m     [0m

      at EventEmitter.error (src/services/verificationService.js:45:15)
      at EventEmitter.silentEmit (node_modules/ioredis/built/Redis.js:529:30)
      at Socket.<anonymous> (node_modules/ioredis/built/redis/event_handler.js:221:14)

  console.error
    [VerificationService] Redis 杩炴帴閿欒锛屼娇鐢ㄦ湰鍦板瓨鍌?

    [0m [90m 43 |[39m     
     [90m 44 |[39m     redisClient[33m.[39mon([32m'error'[39m[33m,[39m (err) [33m=>[39m {
    [31m[1m>[22m[39m[90m 45 |[39m       console[33m.[39merror([32m'[VerificationService] Redis 杩炴帴閿欒锛屼娇鐢ㄦ湰鍦板瓨鍌?'[39m[33m,[39m err[33m.[39mmessage)[33m;[39m
     [90m    |[39m               [31m[1m^[22m[39m
     [90m 46 |[39m       redisClient [33m=[39m [36mnull[39m[33m;[39m
     [90m 47 |[39m     })[33m;[39m
     [90m 48 |[39m     [0m

      at EventEmitter.error (src/services/verificationService.js:45:15)
      at EventEmitter.silentEmit (node_modules/ioredis/built/Redis.js:529:30)
      at Socket.<anonymous> (node_modules/ioredis/built/redis/event_handler.js:221:14)

  console.error
    [VerificationService] Redis 杩炴帴閿欒锛屼娇鐢ㄦ湰鍦板瓨鍌?

    [0m [90m 43 |[39m     
     [90m 44 |[39m     redisClient[33m.[39mon([32m'error'[39m[33m,[39m (err) [33m=>[39m {
    [31m[1m>[22m[39m[90m 45 |[39m       console[33m.[39merror([32m'[VerificationService] Redis 杩炴帴閿欒锛屼娇鐢ㄦ湰鍦板瓨鍌?'[39m[33m,[39m err[33m.[39mmessage)[33m;[39m
     [90m    |[39m               [31m[1m^[22m[39m
     [90m 46 |[39m       redisClient [33m=[39m [36mnull[39m[33m;[39m
     [90m 47 |[39m     })[33m;[39m
     [90m 48 |[39m     [0m

      at EventEmitter.error (src/services/verificationService.js:45:15)
      at EventEmitter.silentEmit (node_modules/ioredis/built/Redis.js:529:30)
      at Socket.<anonymous> (node_modules/ioredis/built/redis/event_handler.js:221:14)

  console.error
    [VerificationService] Redis 杩炴帴閿欒锛屼娇鐢ㄦ湰鍦板瓨鍌?

    [0m [90m 43 |[39m     
     [90m 44 |[39m     redisClient[33m.[39mon([32m'error'[39m[33m,[39m (err) [33m=>[39m {
    [31m[1m>[22m[39m[90m 45 |[39m       console[33m.[39merror([32m'[VerificationService] Redis 杩炴帴閿欒锛屼娇鐢ㄦ湰鍦板瓨鍌?'[39m[33m,[39m err[33m.[39mmessage)[33m;[39m
     [90m    |[39m               [31m[1m^[22m[39m
     [90m 46 |[39m       redisClient [33m=[39m [36mnull[39m[33m;[39m
     [90m 47 |[39m     })[33m;[39m
     [90m 48 |[39m     [0m

      at EventEmitter.error (src/services/verificationService.js:45:15)
      at EventEmitter.silentEmit (node_modules/ioredis/built/Redis.js:529:30)
      at Socket.<anonymous> (node_modules/ioredis/built/redis/event_handler.js:221:14)

  console.error
    [VerificationService] Redis 杩炴帴閿欒锛屼娇鐢ㄦ湰鍦板瓨鍌?

    [0m [90m 43 |[39m     
     [90m 44 |[39m     redisClient[33m.[39mon([32m'error'[39m[33m,[39m (err) [33m=>[39m {
    [31m[1m>[22m[39m[90m 45 |[39m       console[33m.[39merror([32m'[VerificationService] Redis 杩炴帴閿欒锛屼娇鐢ㄦ湰鍦板瓨鍌?'[39m[33m,[39m err[33m.[39mmessage)[33m;[39m
     [90m    |[39m               [31m[1m^[22m[39m
     [90m 46 |[39m       redisClient [33m=[39m [36mnull[39m[33m;[39m
     [90m 47 |[39m     })[33m;[39m
     [90m 48 |[39m     [0m

      at EventEmitter.error (src/services/verificationService.js:45:15)
      at EventEmitter.silentEmit (node_modules/ioredis/built/Redis.js:529:30)
      at Socket.<anonymous> (node_modules/ioredis/built/redis/event_handler.js:221:14)

  console.error
    [VerificationService] Redis 杩炴帴閿欒锛屼娇鐢ㄦ湰鍦板瓨鍌?

    [0m [90m 43 |[39m     
     [90m 44 |[39m     redisClient[33m.[39mon([32m'error'[39m[33m,[39m (err) [33m=>[39m {
    [31m[1m>[22m[39m[90m 45 |[39m       console[33m.[39merror([32m'[VerificationService] Redis 杩炴帴閿欒锛屼娇鐢ㄦ湰鍦板瓨鍌?'[39m[33m,[39m err[33m.[39mmessage)[33m;[39m
     [90m    |[39m               [31m[1m^[22m[39m
     [90m 46 |[39m       redisClient [33m=[39m [36mnull[39m[33m;[39m
     [90m 47 |[39m     })[33m;[39m
     [90m 48 |[39m     [0m

      at EventEmitter.error (src/services/verificationService.js:45:15)
      at EventEmitter.silentEmit (node_modules/ioredis/built/Redis.js:529:30)
      at Socket.<anonymous> (node_modules/ioredis/built/redis/event_handler.js:221:14)

  console.error
    [VerificationService] Redis 杩炴帴閿欒锛屼娇鐢ㄦ湰鍦板瓨鍌?

    [0m [90m 43 |[39m     
     [90m 44 |[39m     redisClient[33m.[39mon([32m'error'[39m[33m,[39m (err) [33m=>[39m {
    [31m[1m>[22m[39m[90m 45 |[39m       console[33m.[39merror([32m'[VerificationService] Redis 杩炴帴閿欒锛屼娇鐢ㄦ湰鍦板瓨鍌?'[39m[33m,[39m err[33m.[39mmessage)[33m;[39m
     [90m    |[39m               [31m[1m^[22m[39m
     [90m 46 |[39m       redisClient [33m=[39m [36mnull[39m[33m;[39m
     [90m 47 |[39m     })[33m;[39m
     [90m 48 |[39m     [0m

      at EventEmitter.error (src/services/verificationService.js:45:15)
      at EventEmitter.silentEmit (node_modules/ioredis/built/Redis.js:529:30)
      at Socket.<anonymous> (node_modules/ioredis/built/redis/event_handler.js:221:14)

  console.error
    [VerificationService] Redis 杩炴帴閿欒锛屼娇鐢ㄦ湰鍦板瓨鍌?

    [0m [90m 43 |[39m     
     [90m 44 |[39m     redisClient[33m.[39mon([32m'error'[39m[33m,[39m (err) [33m=>[39m {
    [31m[1m>[22m[39m[90m 45 |[39m       console[33m.[39merror([32m'[VerificationService] Redis 杩炴帴閿欒锛屼娇鐢ㄦ湰鍦板瓨鍌?'[39m[33m,[39m err[33m.[39mmessage)[33m;[39m
     [90m    |[39m               [31m[1m^[22m[39m
     [90m 46 |[39m       redisClient [33m=[39m [36mnull[39m[33m;[39m
     [90m 47 |[39m     })[33m;[39m
     [90m 48 |[39m     [0m

      at EventEmitter.error (src/services/verificationService.js:45:15)
      at EventEmitter.silentEmit (node_modules/ioredis/built/Redis.js:529:30)
      at Socket.<anonymous> (node_modules/ioredis/built/redis/event_handler.js:221:14)

  console.error
    [VerificationService] Redis 杩炴帴閿欒锛屼娇鐢ㄦ湰鍦板瓨鍌?

    [0m [90m 43 |[39m     
     [90m 44 |[39m     redisClient[33m.[39mon([32m'error'[39m[33m,[39m (err) [33m=>[39m {
    [31m[1m>[22m[39m[90m 45 |[39m       console[33m.[39merror([32m'[VerificationService] Redis 杩炴帴閿欒锛屼娇鐢ㄦ湰鍦板瓨鍌?'[39m[33m,[39m err[33m.[39mmessage)[33m;[39m
     [90m    |[39m               [31m[1m^[22m[39m
     [90m 46 |[39m       redisClient [33m=[39m [36mnull[39m[33m;[39m
     [90m 47 |[39m     })[33m;[39m
     [90m 48 |[39m     [0m

      at EventEmitter.error (src/services/verificationService.js:45:15)
      at EventEmitter.silentEmit (node_modules/ioredis/built/Redis.js:529:30)
      at Socket.<anonymous> (node_modules/ioredis/built/redis/event_handler.js:221:14)

  console.error
    [VerificationService] Redis 杩炴帴閿欒锛屼娇鐢ㄦ湰鍦板瓨鍌?

    [0m [90m 43 |[39m     
     [90m 44 |[39m     redisClient[33m.[39mon([32m'error'[39m[33m,[39m (err) [33m=>[39m {
    [31m[1m>[22m[39m[90m 45 |[39m       console[33m.[39merror([32m'[VerificationService] Redis 杩炴帴閿欒锛屼娇鐢ㄦ湰鍦板瓨鍌?'[39m[33m,[39m err[33m.[39mmessage)[33m;[39m
     [90m    |[39m               [31m[1m^[22m[39m
     [90m 46 |[39m       redisClient [33m=[39m [36mnull[39m[33m;[39m
     [90m 47 |[39m     })[33m;[39m
     [90m 48 |[39m     [0m

      at EventEmitter.error (src/services/verificationService.js:45:15)
      at EventEmitter.silentEmit (node_modules/ioredis/built/Redis.js:529:30)
      at Socket.<anonymous> (node_modules/ioredis/built/redis/event_handler.js:221:14)

  console.error
    [VerificationService] Redis 杩炴帴閿欒锛屼娇鐢ㄦ湰鍦板瓨鍌?

    [0m [90m 43 |[39m     
     [90m 44 |[39m     redisClient[33m.[39mon([32m'error'[39m[33m,[39m (err) [33m=>[39m {
    [31m[1m>[22m[39m[90m 45 |[39m       console[33m.[39merror([32m'[VerificationService] Redis 杩炴帴閿欒锛屼娇鐢ㄦ湰鍦板瓨鍌?'[39m[33m,[39m err[33m.[39mmessage)[33m;[39m
     [90m    |[39m               [31m[1m^[22m[39m
     [90m 46 |[39m       redisClient [33m=[39m [36mnull[39m[33m;[39m
     [90m 47 |[39m     })[33m;[39m
     [90m 48 |[39m     [0m

      at EventEmitter.error (src/services/verificationService.js:45:15)
      at EventEmitter.silentEmit (node_modules/ioredis/built/Redis.js:529:30)
      at Socket.<anonymous> (node_modules/ioredis/built/redis/event_handler.js:221:14)

  console.error
    [VerificationService] Redis 杩炴帴閿欒锛屼娇鐢ㄦ湰鍦板瓨鍌?

    [0m [90m 43 |[39m     
     [90m 44 |[39m     redisClient[33m.[39mon([32m'error'[39m[33m,[39m (err) [33m=>[39m {
    [31m[1m>[22m[39m[90m 45 |[39m       console[33m.[39merror([32m'[VerificationService] Redis 杩炴帴閿欒锛屼娇鐢ㄦ湰鍦板瓨鍌?'[39m[33m,[39m err[33m.[39mmessage)[33m;[39m
     [90m    |[39m               [31m[1m^[22m[39m
     [90m 46 |[39m       redisClient [33m=[39m [36mnull[39m[33m;[39m
     [90m 47 |[39m     })[33m;[39m
     [90m 48 |[39m     [0m

      at EventEmitter.error (src/services/verificationService.js:45:15)
      at EventEmitter.silentEmit (node_modules/ioredis/built/Redis.js:529:30)
      at Socket.<anonymous> (node_modules/ioredis/built/redis/event_handler.js:221:14)

  console.error
    [VerificationService] Redis 杩炴帴閿欒锛屼娇鐢ㄦ湰鍦板瓨鍌?

    [0m [90m 43 |[39m     
     [90m 44 |[39m     redisClient[33m.[39mon([32m'error'[39m[33m,[39m (err) [33m=>[39m {
    [31m[1m>[22m[39m[90m 45 |[39m       console[33m.[39merror([32m'[VerificationService] Redis 杩炴帴閿欒锛屼娇鐢ㄦ湰鍦板瓨鍌?'[39m[33m,[39m err[33m.[39mmessage)[33m;[39m
     [90m    |[39m               [31m[1m^[22m[39m
     [90m 46 |[39m       redisClient [33m=[39m [36mnull[39m[33m;[39m
     [90m 47 |[39m     })[33m;[39m
     [90m 48 |[39m     [0m

      at EventEmitter.error (src/services/verificationService.js:45:15)
      at EventEmitter.silentEmit (node_modules/ioredis/built/Redis.js:529:30)
      at Socket.<anonymous> (node_modules/ioredis/built/redis/event_handler.js:221:14)

  console.error
    [VerificationService] Redis 杩炴帴閿欒锛屼娇鐢ㄦ湰鍦板瓨鍌?

    [0m [90m 43 |[39m     
     [90m 44 |[39m     redisClient[33m.[39mon([32m'error'[39m[33m,[39m (err) [33m=>[39m {
    [31m[1m>[22m[39m[90m 45 |[39m       console[33m.[39merror([32m'[VerificationService] Redis 杩炴帴閿欒锛屼娇鐢ㄦ湰鍦板瓨鍌?'[39m[33m,[39m err[33m.[39mmessage)[33m;[39m
     [90m    |[39m               [31m[1m^[22m[39m
     [90m 46 |[39m       redisClient [33m=[39m [36mnull[39m[33m;[39m
     [90m 47 |[39m     })[33m;[39m
     [90m 48 |[39m     [0m

      at EventEmitter.error (src/services/verificationService.js:45:15)
      at EventEmitter.silentEmit (node_modules/ioredis/built/Redis.js:529:30)
      at Socket.<anonymous> (node_modules/ioredis/built/redis/event_handler.js:221:14)

  console.error
    [VerificationService] Redis 杩炴帴閿欒锛屼娇鐢ㄦ湰鍦板瓨鍌?

    [0m [90m 43 |[39m     
     [90m 44 |[39m     redisClient[33m.[39mon([32m'error'[39m[33m,[39m (err) [33m=>[39m {
    [31m[1m>[22m[39m[90m 45 |[39m       console[33m.[39merror([32m'[VerificationService] Redis 杩炴帴閿欒锛屼娇鐢ㄦ湰鍦板瓨鍌?'[39m[33m,[39m err[33m.[39mmessage)[33m;[39m
     [90m    |[39m               [31m[1m^[22m[39m
     [90m 46 |[39m       redisClient [33m=[39m [36mnull[39m[33m;[39m
     [90m 47 |[39m     })[33m;[39m
     [90m 48 |[39m     [0m

      at EventEmitter.error (src/services/verificationService.js:45:15)
      at EventEmitter.silentEmit (node_modules/ioredis/built/Redis.js:529:30)
      at Socket.<anonymous> (node_modules/ioredis/built/redis/event_handler.js:221:14)

  console.error
    [VerificationService] Redis 杩炴帴閿欒锛屼娇鐢ㄦ湰鍦板瓨鍌?

    [0m [90m 43 |[39m     
     [90m 44 |[39m     redisClient[33m.[39mon([32m'error'[39m[33m,[39m (err) [33m=>[39m {
    [31m[1m>[22m[39m[90m 45 |[39m       console[33m.[39merror([32m'[VerificationService] Redis 杩炴帴閿欒锛屼娇鐢ㄦ湰鍦板瓨鍌?'[39m[33m,[39m err[33m.[39mmessage)[33m;[39m
     [90m    |[39m               [31m[1m^[22m[39m
     [90m 46 |[39m       redisClient [33m=[39m [36mnull[39m[33m;[39m
     [90m 47 |[39m     })[33m;[39m
     [90m 48 |[39m     [0m

      at EventEmitter.error (src/services/verificationService.js:45:15)
      at EventEmitter.silentEmit (node_modules/ioredis/built/Redis.js:529:30)
      at Socket.<anonymous> (node_modules/ioredis/built/redis/event_handler.js:221:14)

  console.error
    [VerificationService] Redis 杩炴帴閿欒锛屼娇鐢ㄦ湰鍦板瓨鍌?

    [0m [90m 43 |[39m     
     [90m 44 |[39m     redisClient[33m.[39mon([32m'error'[39m[33m,[39m (err) [33m=>[39m {
    [31m[1m>[22m[39m[90m 45 |[39m       console[33m.[39merror([32m'[VerificationService] Redis 杩炴帴閿欒锛屼娇鐢ㄦ湰鍦板瓨鍌?'[39m[33m,[39m err[33m.[39mmessage)[33m;[39m
     [90m    |[39m               [31m[1m^[22m[39m
     [90m 46 |[39m       redisClient [33m=[39m [36mnull[39m[33m;[39m
     [90m 47 |[39m     })[33m;[39m
     [90m 48 |[39m     [0m

      at EventEmitter.error (src/services/verificationService.js:45:15)
      at EventEmitter.silentEmit (node_modules/ioredis/built/Redis.js:529:30)
      at Socket.<anonymous> (node_modules/ioredis/built/redis/event_handler.js:221:14)

  console.error
    [VerificationService] Redis 杩炴帴閿欒锛屼娇鐢ㄦ湰鍦板瓨鍌?

    [0m [90m 43 |[39m     
     [90m 44 |[39m     redisClient[33m.[39mon([32m'error'[39m[33m,[39m (err) [33m=>[39m {
    [31m[1m>[22m[39m[90m 45 |[39m       console[33m.[39merror([32m'[VerificationService] Redis 杩炴帴閿欒锛屼娇鐢ㄦ湰鍦板瓨鍌?'[39m[33m,[39m err[33m.[39mmessage)[33m;[39m
     [90m    |[39m               [31m[1m^[22m[39m
     [90m 46 |[39m       redisClient [33m=[39m [36mnull[39m[33m;[39m
     [90m 47 |[39m     })[33m;[39m
     [90m 48 |[39m     [0m

      at EventEmitter.error (src/services/verificationService.js:45:15)
      at EventEmitter.silentEmit (node_modules/ioredis/built/Redis.js:529:30)
      at Socket.<anonymous> (node_modules/ioredis/built/redis/event_handler.js:221:14)

  console.error
    [VerificationService] Redis 杩炴帴閿欒锛屼娇鐢ㄦ湰鍦板瓨鍌?

    [0m [90m 43 |[39m     
     [90m 44 |[39m     redisClient[33m.[39mon([32m'error'[39m[33m,[39m (err) [33m=>[39m {
    [31m[1m>[22m[39m[90m 45 |[39m       console[33m.[39merror([32m'[VerificationService] Redis 杩炴帴閿欒锛屼娇鐢ㄦ湰鍦板瓨鍌?'[39m[33m,[39m err[33m.[39mmessage)[33m;[39m
     [90m    |[39m               [31m[1m^[22m[39m
     [90m 46 |[39m       redisClient [33m=[39m [36mnull[39m[33m;[39m
     [90m 47 |[39m     })[33m;[39m
     [90m 48 |[39m     [0m

      at EventEmitter.error (src/services/verificationService.js:45:15)
      at EventEmitter.silentEmit (node_modules/ioredis/built/Redis.js:529:30)
      at Socket.<anonymous> (node_modules/ioredis/built/redis/event_handler.js:221:14)

  console.error
    [VerificationService] Redis 杩炴帴閿欒锛屼娇鐢ㄦ湰鍦板瓨鍌?

    [0m [90m 43 |[39m     
     [90m 44 |[39m     redisClient[33m.[39mon([32m'error'[39m[33m,[39m (err) [33m=>[39m {
    [31m[1m>[22m[39m[90m 45 |[39m       console[33m.[39merror([32m'[VerificationService] Redis 杩炴帴閿欒锛屼娇鐢ㄦ湰鍦板瓨鍌?'[39m[33m,[39m err[33m.[39mmessage)[33m;[39m
     [90m    |[39m               [31m[1m^[22m[39m
     [90m 46 |[39m       redisClient [33m=[39m [36mnull[39m[33m;[39m
     [90m 47 |[39m     })[33m;[39m
     [90m 48 |[39m     [0m

      at EventEmitter.error (src/services/verificationService.js:45:15)
      at EventEmitter.silentEmit (node_modules/ioredis/built/Redis.js:529:30)
      at Socket.<anonymous> (node_modules/ioredis/built/redis/event_handler.js:221:14)

  console.error
    [VerificationService] Redis 杩炴帴閿欒锛屼娇鐢ㄦ湰鍦板瓨鍌?

    [0m [90m 43 |[39m     
     [90m 44 |[39m     redisClient[33m.[39mon([32m'error'[39m[33m,[39m (err) [33m=>[39m {
    [31m[1m>[22m[39m[90m 45 |[39m       console[33m.[39merror([32m'[VerificationService] Redis 杩炴帴閿欒锛屼娇鐢ㄦ湰鍦板瓨鍌?'[39m[33m,[39m err[33m.[39mmessage)[33m;[39m
     [90m    |[39m               [31m[1m^[22m[39m
     [90m 46 |[39m       redisClient [33m=[39m [36mnull[39m[33m;[39m
     [90m 47 |[39m     })[33m;[39m
     [90m 48 |[39m     [0m

      at EventEmitter.error (src/services/verificationService.js:45:15)
      at EventEmitter.silentEmit (node_modules/ioredis/built/Redis.js:529:30)
      at Socket.<anonymous> (node_modules/ioredis/built/redis/event_handler.js:221:14)

  console.error
    [VerificationService] Redis 杩炴帴閿欒锛屼娇鐢ㄦ湰鍦板瓨鍌?

    [0m [90m 43 |[39m     
     [90m 44 |[39m     redisClient[33m.[39mon([32m'error'[39m[33m,[39m (err) [33m=>[39m {
    [31m[1m>[22m[39m[90m 45 |[39m       console[33m.[39merror([32m'[VerificationService] Redis 杩炴帴閿欒锛屼娇鐢ㄦ湰鍦板瓨鍌?'[39m[33m,[39m err[33m.[39mmessage)[33m;[39m
     [90m    |[39m               [31m[1m^[22m[39m
     [90m 46 |[39m       redisClient [33m=[39m [36mnull[39m[33m;[39m
     [90m 47 |[39m     })[33m;[39m
     [90m 48 |[39m     [0m

      at EventEmitter.error (src/services/verificationService.js:45:15)
      at EventEmitter.silentEmit (node_modules/ioredis/built/Redis.js:529:30)
      at Socket.<anonymous> (node_modules/ioredis/built/redis/event_handler.js:221:14)

  console.error
    [VerificationService] Redis 杩炴帴閿欒锛屼娇鐢ㄦ湰鍦板瓨鍌?

    [0m [90m 43 |[39m     
     [90m 44 |[39m     redisClient[33m.[39mon([32m'error'[39m[33m,[39m (err) [33m=>[39m {
    [31m[1m>[22m[39m[90m 45 |[39m       console[33m.[39merror([32m'[VerificationService] Redis 杩炴帴閿欒锛屼娇鐢ㄦ湰鍦板瓨鍌?'[39m[33m,[39m err[33m.[39mmessage)[33m;[39m
     [90m    |[39m               [31m[1m^[22m[39m
     [90m 46 |[39m       redisClient [33m=[39m [36mnull[39m[33m;[39m
     [90m 47 |[39m     })[33m;[39m
     [90m 48 |[39m     [0m

      at EventEmitter.error (src/services/verificationService.js:45:15)
      at EventEmitter.silentEmit (node_modules/ioredis/built/Redis.js:529:30)
      at Socket.<anonymous> (node_modules/ioredis/built/redis/event_handler.js:221:14)

  console.error
    [VerificationService] Redis 杩炴帴閿欒锛屼娇鐢ㄦ湰鍦板瓨鍌?

    [0m [90m 43 |[39m     
     [90m 44 |[39m     redisClient[33m.[39mon([32m'error'[39m[33m,[39m (err) [33m=>[39m {
    [31m[1m>[22m[39m[90m 45 |[39m       console[33m.[39merror([32m'[VerificationService] Redis 杩炴帴閿欒锛屼娇鐢ㄦ湰鍦板瓨鍌?'[39m[33m,[39m err[33m.[39mmessage)[33m;[39m
     [90m    |[39m               [31m[1m^[22m[39m
     [90m 46 |[39m       redisClient [33m=[39m [36mnull[39m[33m;[39m
     [90m 47 |[39m     })[33m;[39m
     [90m 48 |[39m     [0m

      at EventEmitter.error (src/services/verificationService.js:45:15)
      at EventEmitter.silentEmit (node_modules/ioredis/built/Redis.js:529:30)
      at Socket.<anonymous> (node_modules/ioredis/built/redis/event_handler.js:221:14)

  console.error
    [VerificationService] Redis 杩炴帴閿欒锛屼娇鐢ㄦ湰鍦板瓨鍌?

    [0m [90m 43 |[39m     
     [90m 44 |[39m     redisClient[33m.[39mon([32m'error'[39m[33m,[39m (err) [33m=>[39m {
    [31m[1m>[22m[39m[90m 45 |[39m       console[33m.[39merror([32m'[VerificationService] Redis 杩炴帴閿欒锛屼娇鐢ㄦ湰鍦板瓨鍌?'[39m[33m,[39m err[33m.[39mmessage)[33m;[39m
     [90m    |[39m               [31m[1m^[22m[39m
     [90m 46 |[39m       redisClient [33m=[39m [36mnull[39m[33m;[39m
     [90m 47 |[39m     })[33m;[39m
     [90m 48 |[39m     [0m

      at EventEmitter.error (src/services/verificationService.js:45:15)
      at EventEmitter.silentEmit (node_modules/ioredis/built/Redis.js:529:30)
      at Socket.<anonymous> (node_modules/ioredis/built/redis/event_handler.js:221:14)

  console.error
    [VerificationService] Redis 杩炴帴閿欒锛屼娇鐢ㄦ湰鍦板瓨鍌?

    [0m [90m 43 |[39m     
     [90m 44 |[39m     redisClient[33m.[39mon([32m'error'[39m[33m,[39m (err) [33m=>[39m {
    [31m[1m>[22m[39m[90m 45 |[39m       console[33m.[39merror([32m'[VerificationService] Redis 杩炴帴閿欒锛屼娇鐢ㄦ湰鍦板瓨鍌?'[39m[33m,[39m err[33m.[39mmessage)[33m;[39m
     [90m    |[39m               [31m[1m^[22m[39m
     [90m 46 |[39m       redisClient [33m=[39m [36mnull[39m[33m;[39m
     [90m 47 |[39m     })[33m;[39m
     [90m 48 |[39m     [0m

      at EventEmitter.error (src/services/verificationService.js:45:15)
      at EventEmitter.silentEmit (node_modules/ioredis/built/Redis.js:529:30)
      at Socket.<anonymous> (node_modules/ioredis/built/redis/event_handler.js:221:14)

  console.error
    [VerificationService] Redis 杩炴帴閿欒锛屼娇鐢ㄦ湰鍦板瓨鍌?

    [0m [90m 43 |[39m     
     [90m 44 |[39m     redisClient[33m.[39mon([32m'error'[39m[33m,[39m (err) [33m=>[39m {
    [31m[1m>[22m[39m[90m 45 |[39m       console[33m.[39merror([32m'[VerificationService] Redis 杩炴帴閿欒锛屼娇鐢ㄦ湰鍦板瓨鍌?'[39m[33m,[39m err[33m.[39mmessage)[33m;[39m
     [90m    |[39m               [31m[1m^[22m[39m
     [90m 46 |[39m       redisClient [33m=[39m [36mnull[39m[33m;[39m
     [90m 47 |[39m     })[33m;[39m
     [90m 48 |[39m     [0m

      at EventEmitter.error (src/services/verificationService.js:45:15)
      at EventEmitter.silentEmit (node_modules/ioredis/built/Redis.js:529:30)
      at Socket.<anonymous> (node_modules/ioredis/built/redis/event_handler.js:221:14)

  console.error
    [VerificationService] Redis 杩炴帴閿欒锛屼娇鐢ㄦ湰鍦板瓨鍌?

    [0m [90m 43 |[39m     
     [90m 44 |[39m     redisClient[33m.[39mon([32m'error'[39m[33m,[39m (err) [33m=>[39m {
    [31m[1m>[22m[39m[90m 45 |[39m       console[33m.[39merror([32m'[VerificationService] Redis 杩炴帴閿欒锛屼娇鐢ㄦ湰鍦板瓨鍌?'[39m[33m,[39m err[33m.[39mmessage)[33m;[39m
     [90m    |[39m               [31m[1m^[22m[39m
     [90m 46 |[39m       redisClient [33m=[39m [36mnull[39m[33m;[39m
     [90m 47 |[39m     })[33m;[39m
     [90m 48 |[39m     [0m

      at EventEmitter.error (src/services/verificationService.js:45:15)
      at EventEmitter.silentEmit (node_modules/ioredis/built/Redis.js:529:30)
      at Socket.<anonymous> (node_modules/ioredis/built/redis/event_handler.js:221:14)

  console.error
    [VerificationService] Redis 杩炴帴閿欒锛屼娇鐢ㄦ湰鍦板瓨鍌?

    [0m [90m 43 |[39m     
     [90m 44 |[39m     redisClient[33m.[39mon([32m'error'[39m[33m,[39m (err) [33m=>[39m {
    [31m[1m>[22m[39m[90m 45 |[39m       console[33m.[39merror([32m'[VerificationService] Redis 杩炴帴閿欒锛屼娇鐢ㄦ湰鍦板瓨鍌?'[39m[33m,[39m err[33m.[39mmessage)[33m;[39m
     [90m    |[39m               [31m[1m^[22m[39m
     [90m 46 |[39m       redisClient [33m=[39m [36mnull[39m[33m;[39m
     [90m 47 |[39m     })[33m;[39m
     [90m 48 |[39m     [0m

      at EventEmitter.error (src/services/verificationService.js:45:15)
      at EventEmitter.silentEmit (node_modules/ioredis/built/Redis.js:529:30)
      at Socket.<anonymous> (node_modules/ioredis/built/redis/event_handler.js:221:14)

  console.error
    [VerificationService] Redis 杩炴帴閿欒锛屼娇鐢ㄦ湰鍦板瓨鍌?

    [0m [90m 43 |[39m     
     [90m 44 |[39m     redisClient[33m.[39mon([32m'error'[39m[33m,[39m (err) [33m=>[39m {
    [31m[1m>[22m[39m[90m 45 |[39m       console[33m.[39merror([32m'[VerificationService] Redis 杩炴帴閿欒锛屼娇鐢ㄦ湰鍦板瓨鍌?'[39m[33m,[39m err[33m.[39mmessage)[33m;[39m
     [90m    |[39m               [31m[1m^[22m[39m
     [90m 46 |[39m       redisClient [33m=[39m [36mnull[39m[33m;[39m
     [90m 47 |[39m     })[33m;[39m
     [90m 48 |[39m     [0m

      at EventEmitter.error (src/services/verificationService.js:45:15)
      at EventEmitter.silentEmit (node_modules/ioredis/built/Redis.js:529:30)
      at Socket.<anonymous> (node_modules/ioredis/built/redis/event_handler.js:221:14)

  console.error
    [VerificationService] Redis 杩炴帴閿欒锛屼娇鐢ㄦ湰鍦板瓨鍌?

    [0m [90m 43 |[39m     
     [90m 44 |[39m     redisClient[33m.[39mon([32m'error'[39m[33m,[39m (err) [33m=>[39m {
    [31m[1m>[22m[39m[90m 45 |[39m       console[33m.[39merror([32m'[VerificationService] Redis 杩炴帴閿欒锛屼娇鐢ㄦ湰鍦板瓨鍌?'[39m[33m,[39m err[33m.[39mmessage)[33m;[39m
     [90m    |[39m               [31m[1m^[22m[39m
     [90m 46 |[39m       redisClient [33m=[39m [36mnull[39m[33m;[39m
     [90m 47 |[39m     })[33m;[39m
     [90m 48 |[39m     [0m

      at EventEmitter.error (src/services/verificationService.js:45:15)
      at EventEmitter.silentEmit (node_modules/ioredis/built/Redis.js:529:30)
      at Socket.<anonymous> (node_modules/ioredis/built/redis/event_handler.js:221:14)

  console.error
    [VerificationService] Redis 杩炴帴閿欒锛屼娇鐢ㄦ湰鍦板瓨鍌?

    [0m [90m 43 |[39m     
     [90m 44 |[39m     redisClient[33m.[39mon([32m'error'[39m[33m,[39m (err) [33m=>[39m {
    [31m[1m>[22m[39m[90m 45 |[39m       console[33m.[39merror([32m'[VerificationService] Redis 杩炴帴閿欒锛屼娇鐢ㄦ湰鍦板瓨鍌?'[39m[33m,[39m err[33m.[39mmessage)[33m;[39m
     [90m    |[39m               [31m[1m^[22m[39m
     [90m 46 |[39m       redisClient [33m=[39m [36mnull[39m[33m;[39m
     [90m 47 |[39m     })[33m;[39m
     [90m 48 |[39m     [0m

      at EventEmitter.error (src/services/verificationService.js:45:15)
      at EventEmitter.silentEmit (node_modules/ioredis/built/Redis.js:529:30)
      at Socket.<anonymous> (node_modules/ioredis/built/redis/event_handler.js:221:14)

  console.error
    [VerificationService] Redis 杩炴帴閿欒锛屼娇鐢ㄦ湰鍦板瓨鍌?

    [0m [90m 43 |[39m     
     [90m 44 |[39m     redisClient[33m.[39mon([32m'error'[39m[33m,[39m (err) [33m=>[39m {
    [31m[1m>[22m[39m[90m 45 |[39m       console[33m.[39merror([32m'[VerificationService] Redis 杩炴帴閿欒锛屼娇鐢ㄦ湰鍦板瓨鍌?'[39m[33m,[39m err[33m.[39mmessage)[33m;[39m
     [90m    |[39m               [31m[1m^[22m[39m
     [90m 46 |[39m       redisClient [33m=[39m [36mnull[39m[33m;[39m
     [90m 47 |[39m     })[33m;[39m
     [90m 48 |[39m     [0m

      at EventEmitter.error (src/services/verificationService.js:45:15)
      at EventEmitter.silentEmit (node_modules/ioredis/built/Redis.js:529:30)
      at Socket.<anonymous> (node_modules/ioredis/built/redis/event_handler.js:221:14)

  console.error
    [VerificationService] Redis 杩炴帴閿欒锛屼娇鐢ㄦ湰鍦板瓨鍌?

    [0m [90m 43 |[39m     
     [90m 44 |[39m     redisClient[33m.[39mon([32m'error'[39m[33m,[39m (err) [33m=>[39m {
    [31m[1m>[22m[39m[90m 45 |[39m       console[33m.[39merror([32m'[VerificationService] Redis 杩炴帴閿欒锛屼娇鐢ㄦ湰鍦板瓨鍌?'[39m[33m,[39m err[33m.[39mmessage)[33m;[39m
     [90m    |[39m               [31m[1m^[22m[39m
     [90m 46 |[39m       redisClient [33m=[39m [36mnull[39m[33m;[39m
     [90m 47 |[39m     })[33m;[39m
     [90m 48 |[39m     [0m

      at EventEmitter.error (src/services/verificationService.js:45:15)
      at EventEmitter.silentEmit (node_modules/ioredis/built/Redis.js:529:30)
      at Socket.<anonymous> (node_modules/ioredis/built/redis/event_handler.js:221:14)

  console.error
    [VerificationService] Redis 杩炴帴閿欒锛屼娇鐢ㄦ湰鍦板瓨鍌?

    [0m [90m 43 |[39m     
     [90m 44 |[39m     redisClient[33m.[39mon([32m'error'[39m[33m,[39m (err) [33m=>[39m {
    [31m[1m>[22m[39m[90m 45 |[39m       console[33m.[39merror([32m'[VerificationService] Redis 杩炴帴閿欒锛屼娇鐢ㄦ湰鍦板瓨鍌?'[39m[33m,[39m err[33m.[39mmessage)[33m;[39m
     [90m    |[39m               [31m[1m^[22m[39m
     [90m 46 |[39m       redisClient [33m=[39m [36mnull[39m[33m;[39m
     [90m 47 |[39m     })[33m;[39m
     [90m 48 |[39m     [0m

      at EventEmitter.error (src/services/verificationService.js:45:15)
      at EventEmitter.silentEmit (node_modules/ioredis/built/Redis.js:529:30)
      at Socket.<anonymous> (node_modules/ioredis/built/redis/event_handler.js:221:14)

  console.error
    [VerificationService] Redis 杩炴帴閿欒锛屼娇鐢ㄦ湰鍦板瓨鍌?

    [0m [90m 43 |[39m     
     [90m 44 |[39m     redisClient[33m.[39mon([32m'error'[39m[33m,[39m (err) [33m=>[39m {
    [31m[1m>[22m[39m[90m 45 |[39m       console[33m.[39merror([32m'[VerificationService] Redis 杩炴帴閿欒锛屼娇鐢ㄦ湰鍦板瓨鍌?'[39m[33m,[39m err[33m.[39mmessage)[33m;[39m
     [90m    |[39m               [31m[1m^[22m[39m
     [90m 46 |[39m       redisClient [33m=[39m [36mnull[39m[33m;[39m
     [90m 47 |[39m     })[33m;[39m
     [90m 48 |[39m     [0m

      at EventEmitter.error (src/services/verificationService.js:45:15)
      at EventEmitter.silentEmit (node_modules/ioredis/built/Redis.js:529:30)
      at Socket.<anonymous> (node_modules/ioredis/built/redis/event_handler.js:221:14)

  console.error
    [VerificationService] Redis 杩炴帴閿欒锛屼娇鐢ㄦ湰鍦板瓨鍌?

    [0m [90m 43 |[39m     
     [90m 44 |[39m     redisClient[33m.[39mon([32m'error'[39m[33m,[39m (err) [33m=>[39m {
    [31m[1m>[22m[39m[90m 45 |[39m       console[33m.[39merror([32m'[VerificationService] Redis 杩炴帴閿欒锛屼娇鐢ㄦ湰鍦板瓨鍌?'[39m[33m,[39m err[33m.[39mmessage)[33m;[39m
     [90m    |[39m               [31m[1m^[22m[39m
     [90m 46 |[39m       redisClient [33m=[39m [36mnull[39m[33m;[39m
     [90m 47 |[39m     })[33m;[39m
     [90m 48 |[39m     [0m

      at EventEmitter.error (src/services/verificationService.js:45:15)
      at EventEmitter.silentEmit (node_modules/ioredis/built/Redis.js:529:30)
      at Socket.<anonymous> (node_modules/ioredis/built/redis/event_handler.js:221:14)

  console.error
    [VerificationService] Redis 杩炴帴閿欒锛屼娇鐢ㄦ湰鍦板瓨鍌?

    [0m [90m 43 |[39m     
     [90m 44 |[39m     redisClient[33m.[39mon([32m'error'[39m[33m,[39m (err) [33m=>[39m {
    [31m[1m>[22m[39m[90m 45 |[39m       console[33m.[39merror([32m'[VerificationService] Redis 杩炴帴閿欒锛屼娇鐢ㄦ湰鍦板瓨鍌?'[39m[33m,[39m err[33m.[39mmessage)[33m;[39m
     [90m    |[39m               [31m[1m^[22m[39m
     [90m 46 |[39m       redisClient [33m=[39m [36mnull[39m[33m;[39m
     [90m 47 |[39m     })[33m;[39m
     [90m 48 |[39m     [0m

      at EventEmitter.error (src/services/verificationService.js:45:15)
      at EventEmitter.silentEmit (node_modules/ioredis/built/Redis.js:529:30)
      at Socket.<anonymous> (node_modules/ioredis/built/redis/event_handler.js:221:14)

  console.error
    [VerificationService] Redis 杩炴帴閿欒锛屼娇鐢ㄦ湰鍦板瓨鍌?

    [0m [90m 43 |[39m     
     [90m 44 |[39m     redisClient[33m.[39mon([32m'error'[39m[33m,[39m (err) [33m=>[39m {
    [31m[1m>[22m[39m[90m 45 |[39m       console[33m.[39merror([32m'[VerificationService] Redis 杩炴帴閿欒锛屼娇鐢ㄦ湰鍦板瓨鍌?'[39m[33m,[39m err[33m.[39mmessage)[33m;[39m
     [90m    |[39m               [31m[1m^[22m[39m
     [90m 46 |[39m       redisClient [33m=[39m [36mnull[39m[33m;[39m
     [90m 47 |[39m     })[33m;[39m
     [90m 48 |[39m     [0m

      at EventEmitter.error (src/services/verificationService.js:45:15)
      at EventEmitter.silentEmit (node_modules/ioredis/built/Redis.js:529:30)
      at Socket.<anonymous> (node_modules/ioredis/built/redis/event_handler.js:221:14)

  console.error
    [VerificationService] Redis 杩炴帴閿欒锛屼娇鐢ㄦ湰鍦板瓨鍌?

    [0m [90m 43 |[39m     
     [90m 44 |[39m     redisClient[33m.[39mon([32m'error'[39m[33m,[39m (err) [33m=>[39m {
    [31m[1m>[22m[39m[90m 45 |[39m       console[33m.[39merror([32m'[VerificationService] Redis 杩炴帴閿欒锛屼娇鐢ㄦ湰鍦板瓨鍌?'[39m[33m,[39m err[33m.[39mmessage)[33m;[39m
     [90m    |[39m               [31m[1m^[22m[39m
     [90m 46 |[39m       redisClient [33m=[39m [36mnull[39m[33m;[39m
     [90m 47 |[39m     })[33m;[39m
     [90m 48 |[39m     [0m

      at EventEmitter.error (src/services/verificationService.js:45:15)
      at EventEmitter.silentEmit (node_modules/ioredis/built/Redis.js:529:30)
      at Socket.<anonymous> (node_modules/ioredis/built/redis/event_handler.js:221:14)

  console.error
    [VerificationService] Redis 杩炴帴閿欒锛屼娇鐢ㄦ湰鍦板瓨鍌?

    [0m [90m 43 |[39m     
     [90m 44 |[39m     redisClient[33m.[39mon([32m'error'[39m[33m,[39m (err) [33m=>[39m {
    [31m[1m>[22m[39m[90m 45 |[39m       console[33m.[39merror([32m'[VerificationService] Redis 杩炴帴閿欒锛屼娇鐢ㄦ湰鍦板瓨鍌?'[39m[33m,[39m err[33m.[39mmessage)[33m;[39m
     [90m    |[39m               [31m[1m^[22m[39m
     [90m 46 |[39m       redisClient [33m=[39m [36mnull[39m[33m;[39m
     [90m 47 |[39m     })[33m;[39m
     [90m 48 |[39m     [0m

      at EventEmitter.error (src/services/verificationService.js:45:15)
      at EventEmitter.silentEmit (node_modules/ioredis/built/Redis.js:529:30)
      at Socket.<anonymous> (node_modules/ioredis/built/redis/event_handler.js:221:14)

  console.error
    [VerificationService] Redis 杩炴帴閿欒锛屼娇鐢ㄦ湰鍦板瓨鍌?

    [0m [90m 43 |[39m     
     [90m 44 |[39m     redisClient[33m.[39mon([32m'error'[39m[33m,[39m (err) [33m=>[39m {
    [31m[1m>[22m[39m[90m 45 |[39m       console[33m.[39merror([32m'[VerificationService] Redis 杩炴帴閿欒锛屼娇鐢ㄦ湰鍦板瓨鍌?'[39m[33m,[39m err[33m.[39mmessage)[33m;[39m
     [90m    |[39m               [31m[1m^[22m[39m
     [90m 46 |[39m       redisClient [33m=[39m [36mnull[39m[33m;[39m
     [90m 47 |[39m     })[33m;[39m
     [90m 48 |[39m     [0m

      at EventEmitter.error (src/services/verificationService.js:45:15)
      at EventEmitter.silentEmit (node_modules/ioredis/built/Redis.js:529:30)
      at Socket.<anonymous> (node_modules/ioredis/built/redis/event_handler.js:221:14)

  console.error
    [VerificationService] Redis 杩炴帴閿欒锛屼娇鐢ㄦ湰鍦板瓨鍌?

    [0m [90m 43 |[39m     
     [90m 44 |[39m     redisClient[33m.[39mon([32m'error'[39m[33m,[39m (err) [33m=>[39m {
    [31m[1m>[22m[39m[90m 45 |[39m       console[33m.[39merror([32m'[VerificationService] Redis 杩炴帴閿欒锛屼娇鐢ㄦ湰鍦板瓨鍌?'[39m[33m,[39m err[33m.[39mmessage)[33m;[39m
     [90m    |[39m               [31m[1m^[22m[39m
     [90m 46 |[39m       redisClient [33m=[39m [36mnull[39m[33m;[39m
     [90m 47 |[39m     })[33m;[39m
     [90m 48 |[39m     [0m

      at EventEmitter.error (src/services/verificationService.js:45:15)
      at EventEmitter.silentEmit (node_modules/ioredis/built/Redis.js:529:30)
      at Socket.<anonymous> (node_modules/ioredis/built/redis/event_handler.js:221:14)

  console.error
    [VerificationService] Redis 杩炴帴閿欒锛屼娇鐢ㄦ湰鍦板瓨鍌?

    [0m [90m 43 |[39m     
     [90m 44 |[39m     redisClient[33m.[39mon([32m'error'[39m[33m,[39m (err) [33m=>[39m {
    [31m[1m>[22m[39m[90m 45 |[39m       console[33m.[39merror([32m'[VerificationService] Redis 杩炴帴閿欒锛屼娇鐢ㄦ湰鍦板瓨鍌?'[39m[33m,[39m err[33m.[39mmessage)[33m;[39m
     [90m    |[39m               [31m[1m^[22m[39m
     [90m 46 |[39m       redisClient [33m=[39m [36mnull[39m[33m;[39m
     [90m 47 |[39m     })[33m;[39m
     [90m 48 |[39m     [0m

      at EventEmitter.error (src/services/verificationService.js:45:15)
      at EventEmitter.silentEmit (node_modules/ioredis/built/Redis.js:529:30)
      at Socket.<anonymous> (node_modules/ioredis/built/redis/event_handler.js:221:14)

  console.error
    [VerificationService] Redis 杩炴帴閿欒锛屼娇鐢ㄦ湰鍦板瓨鍌?

    [0m [90m 43 |[39m     
     [90m 44 |[39m     redisClient[33m.[39mon([32m'error'[39m[33m,[39m (err) [33m=>[39m {
    [31m[1m>[22m[39m[90m 45 |[39m       console[33m.[39merror([32m'[VerificationService] Redis 杩炴帴閿欒锛屼娇鐢ㄦ湰鍦板瓨鍌?'[39m[33m,[39m err[33m.[39mmessage)[33m;[39m
     [90m    |[39m               [31m[1m^[22m[39m
     [90m 46 |[39m       redisClient [33m=[39m [36mnull[39m[33m;[39m
     [90m 47 |[39m     })[33m;[39m
     [90m 48 |[39m     [0m

      at EventEmitter.error (src/services/verificationService.js:45:15)
      at EventEmitter.silentEmit (node_modules/ioredis/built/Redis.js:529:30)
      at Socket.<anonymous> (node_modules/ioredis/built/redis/event_handler.js:221:14)

  console.error
    [VerificationService] Redis 杩炴帴閿欒锛屼娇鐢ㄦ湰鍦板瓨鍌?

    [0m [90m 43 |[39m     
     [90m 44 |[39m     redisClient[33m.[39mon([32m'error'[39m[33m,[39m (err) [33m=>[39m {
    [31m[1m>[22m[39m[90m 45 |[39m       console[33m.[39merror([32m'[VerificationService] Redis 杩炴帴閿欒锛屼娇鐢ㄦ湰鍦板瓨鍌?'[39m[33m,[39m err[33m.[39mmessage)[33m;[39m
     [90m    |[39m               [31m[1m^[22m[39m
     [90m 46 |[39m       redisClient [33m=[39m [36mnull[39m[33m;[39m
     [90m 47 |[39m     })[33m;[39m
     [90m 48 |[39m     [0m

      at EventEmitter.error (src/services/verificationService.js:45:15)
      at EventEmitter.silentEmit (node_modules/ioredis/built/Redis.js:529:30)
      at Socket.<anonymous> (node_modules/ioredis/built/redis/event_handler.js:221:14)

  console.error
    [VerificationService] Redis 杩炴帴閿欒锛屼娇鐢ㄦ湰鍦板瓨鍌?

    [0m [90m 43 |[39m     
     [90m 44 |[39m     redisClient[33m.[39mon([32m'error'[39m[33m,[39m (err) [33m=>[39m {
    [31m[1m>[22m[39m[90m 45 |[39m       console[33m.[39merror([32m'[VerificationService] Redis 杩炴帴閿欒锛屼娇鐢ㄦ湰鍦板瓨鍌?'[39m[33m,[39m err[33m.[39mmessage)[33m;[39m
     [90m    |[39m               [31m[1m^[22m[39m
     [90m 46 |[39m       redisClient [33m=[39m [36mnull[39m[33m;[39m
     [90m 47 |[39m     })[33m;[39m
     [90m 48 |[39m     [0m

      at EventEmitter.error (src/services/verificationService.js:45:15)
      at EventEmitter.silentEmit (node_modules/ioredis/built/Redis.js:529:30)
      at Socket.<anonymous> (node_modules/ioredis/built/redis/event_handler.js:221:14)

  console.error
    [VerificationService] Redis 杩炴帴閿欒锛屼娇鐢ㄦ湰鍦板瓨鍌?

    [0m [90m 43 |[39m     
     [90m 44 |[39m     redisClient[33m.[39mon([32m'error'[39m[33m,[39m (err) [33m=>[39m {
    [31m[1m>[22m[39m[90m 45 |[39m       console[33m.[39merror([32m'[VerificationService] Redis 杩炴帴閿欒锛屼娇鐢ㄦ湰鍦板瓨鍌?'[39m[33m,[39m err[33m.[39mmessage)[33m;[39m
     [90m    |[39m               [31m[1m^[22m[39m
     [90m 46 |[39m       redisClient [33m=[39m [36mnull[39m[33m;[39m
     [90m 47 |[39m     })[33m;[39m
     [90m 48 |[39m     [0m

      at EventEmitter.error (src/services/verificationService.js:45:15)
      at EventEmitter.silentEmit (node_modules/ioredis/built/Redis.js:529:30)
      at Socket.<anonymous> (node_modules/ioredis/built/redis/event_handler.js:221:14)

  console.error
    [VerificationService] Redis 杩炴帴閿欒锛屼娇鐢ㄦ湰鍦板瓨鍌?

    [0m [90m 43 |[39m     
     [90m 44 |[39m     redisClient[33m.[39mon([32m'error'[39m[33m,[39m (err) [33m=>[39m {
    [31m[1m>[22m[39m[90m 45 |[39m       console[33m.[39merror([32m'[VerificationService] Redis 杩炴帴閿欒锛屼娇鐢ㄦ湰鍦板瓨鍌?'[39m[33m,[39m err[33m.[39mmessage)[33m;[39m
     [90m    |[39m               [31m[1m^[22m[39m
     [90m 46 |[39m       redisClient [33m=[39m [36mnull[39m[33m;[39m
     [90m 47 |[39m     })[33m;[39m
     [90m 48 |[39m     [0m

      at EventEmitter.error (src/services/verificationService.js:45:15)
      at EventEmitter.silentEmit (node_modules/ioredis/built/Redis.js:529:30)
      at Socket.<anonymous> (node_modules/ioredis/built/redis/event_handler.js:221:14)

  console.error
    [VerificationService] Redis 杩炴帴閿欒锛屼娇鐢ㄦ湰鍦板瓨鍌?

    [0m [90m 43 |[39m     
     [90m 44 |[39m     redisClient[33m.[39mon([32m'error'[39m[33m,[39m (err) [33m=>[39m {
    [31m[1m>[22m[39m[90m 45 |[39m       console[33m.[39merror([32m'[VerificationService] Redis 杩炴帴閿欒锛屼娇鐢ㄦ湰鍦板瓨鍌?'[39m[33m,[39m err[33m.[39mmessage)[33m;[39m
     [90m    |[39m               [31m[1m^[22m[39m
     [90m 46 |[39m       redisClient [33m=[39m [36mnull[39m[33m;[39m
     [90m 47 |[39m     })[33m;[39m
     [90m 48 |[39m     [0m

      at EventEmitter.error (src/services/verificationService.js:45:15)
      at EventEmitter.silentEmit (node_modules/ioredis/built/Redis.js:529:30)
      at Socket.<anonymous> (node_modules/ioredis/built/redis/event_handler.js:221:14)

  console.error
    [VerificationService] Redis 杩炴帴閿欒锛屼娇鐢ㄦ湰鍦板瓨鍌?

    [0m [90m 43 |[39m     
     [90m 44 |[39m     redisClient[33m.[39mon([32m'error'[39m[33m,[39m (err) [33m=>[39m {
    [31m[1m>[22m[39m[90m 45 |[39m       console[33m.[39merror([32m'[VerificationService] Redis 杩炴帴閿欒锛屼娇鐢ㄦ湰鍦板瓨鍌?'[39m[33m,[39m err[33m.[39mmessage)[33m;[39m
     [90m    |[39m               [31m[1m^[22m[39m
     [90m 46 |[39m       redisClient [33m=[39m [36mnull[39m[33m;[39m
     [90m 47 |[39m     })[33m;[39m
     [90m 48 |[39m     [0m

      at EventEmitter.error (src/services/verificationService.js:45:15)
      at EventEmitter.silentEmit (node_modules/ioredis/built/Redis.js:529:30)
      at Socket.<anonymous> (node_modules/ioredis/built/redis/event_handler.js:221:14)

  console.error
    [VerificationService] 楠岃瘉楠岃瘉鐮佸け璐? Reached the max retries per request limit (which is 20). Refer to "maxRetriesPerRequest" option for details.

    [0m [90m 196 |[39m     }
     [90m 197 |[39m   } [36mcatch[39m (error) {
    [31m[1m>[22m[39m[90m 198 |[39m     console[33m.[39merror([32m'[VerificationService] 楠岃瘉楠岃瘉鐮佸け璐?'[39m[33m,[39m error[33m.[39mmessage)[33m;[39m
     [90m     |[39m             [31m[1m^[22m[39m
     [90m 199 |[39m     [90m// 澶辫触鏃跺皾璇曟湰鍦板瓨鍌?[39m
     [90m 200 |[39m     [36mconst[39m stored [33m=[39m verificationCodeMap[33m.[39m[36mget[39m(key)[33m;[39m
     [90m 201 |[39m     [36mif[39m (stored [33m&&[39m stored[33m.[39mcode [33m===[39m code [33m&&[39m stored[33m.[39mexpiresAt [33m>[39m [33mDate[39m[33m.[39mnow()) {[0m

      at Object.error [as verifyCode] (src/services/verificationService.js:198:13)
      at Object.<anonymous> (tests/services-comprehensive.test.js:59:37)

  console.error
    [VerificationService] Redis 杩炴帴閿欒锛屼娇鐢ㄦ湰鍦板瓨鍌?

    [0m [90m 43 |[39m     
     [90m 44 |[39m     redisClient[33m.[39mon([32m'error'[39m[33m,[39m (err) [33m=>[39m {
    [31m[1m>[22m[39m[90m 45 |[39m       console[33m.[39merror([32m'[VerificationService] Redis 杩炴帴閿欒锛屼娇鐢ㄦ湰鍦板瓨鍌?'[39m[33m,[39m err[33m.[39mmessage)[33m;[39m
     [90m    |[39m               [31m[1m^[22m[39m
     [90m 46 |[39m       redisClient [33m=[39m [36mnull[39m[33m;[39m
     [90m 47 |[39m     })[33m;[39m
     [90m 48 |[39m     [0m

      at EventEmitter.error (src/services/verificationService.js:45:15)
      at EventEmitter.silentEmit (node_modules/ioredis/built/Redis.js:529:30)
      at Socket.<anonymous> (node_modules/ioredis/built/redis/event_handler.js:221:14)

  console.error
    [VerificationService] Redis 杩炴帴閿欒锛屼娇鐢ㄦ湰鍦板瓨鍌?

    [0m [90m 43 |[39m     
     [90m 44 |[39m     redisClient[33m.[39mon([32m'error'[39m[33m,[39m (err) [33m=>[39m {
    [31m[1m>[22m[39m[90m 45 |[39m       console[33m.[39merror([32m'[VerificationService] Redis 杩炴帴閿欒锛屼娇鐢ㄦ湰鍦板瓨鍌?'[39m[33m,[39m err[33m.[39mmessage)[33m;[39m
     [90m    |[39m               [31m[1m^[22m[39m
     [90m 46 |[39m       redisClient [33m=[39m [36mnull[39m[33m;[39m
     [90m 47 |[39m     })[33m;[39m
     [90m 48 |[39m     [0m

      at EventEmitter.error (src/services/verificationService.js:45:15)
      at EventEmitter.silentEmit (node_modules/ioredis/built/Redis.js:529:30)
      at Socket.<anonymous> (node_modules/ioredis/built/redis/event_handler.js:221:14)

  console.error
    [VerificationService] Redis 杩炴帴閿欒锛屼娇鐢ㄦ湰鍦板瓨鍌?

    [0m [90m 43 |[39m     
     [90m 44 |[39m     redisClient[33m.[39mon([32m'error'[39m[33m,[39m (err) [33m=>[39m {
    [31m[1m>[22m[39m[90m 45 |[39m       console[33m.[39merror([32m'[VerificationService] Redis 杩炴帴閿欒锛屼娇鐢ㄦ湰鍦板瓨鍌?'[39m[33m,[39m err[33m.[39mmessage)[33m;[39m
     [90m    |[39m               [31m[1m^[22m[39m
     [90m 46 |[39m       redisClient [33m=[39m [36mnull[39m[33m;[39m
     [90m 47 |[39m     })[33m;[39m
     [90m 48 |[39m     [0m

      at EventEmitter.error (src/services/verificationService.js:45:15)
      at EventEmitter.silentEmit (node_modules/ioredis/built/Redis.js:529:30)
      at Socket.<anonymous> (node_modules/ioredis/built/redis/event_handler.js:221:14)

  console.error
    [VerificationService] Redis 杩炴帴閿欒锛屼娇鐢ㄦ湰鍦板瓨鍌?

    [0m [90m 43 |[39m     
     [90m 44 |[39m     redisClient[33m.[39mon([32m'error'[39m[33m,[39m (err) [33m=>[39m {
    [31m[1m>[22m[39m[90m 45 |[39m       console[33m.[39merror([32m'[VerificationService] Redis 杩炴帴閿欒锛屼娇鐢ㄦ湰鍦板瓨鍌?'[39m[33m,[39m err[33m.[39mmessage)[33m;[39m
     [90m    |[39m               [31m[1m^[22m[39m
     [90m 46 |[39m       redisClient [33m=[39m [36mnull[39m[33m;[39m
     [90m 47 |[39m     })[33m;[39m
     [90m 48 |[39m     [0m

      at EventEmitter.error (src/services/verificationService.js:45:15)
      at EventEmitter.silentEmit (node_modules/ioredis/built/Redis.js:529:30)
      at Socket.<anonymous> (node_modules/ioredis/built/redis/event_handler.js:221:14)

  console.error
    [VerificationService] Redis 杩炴帴閿欒锛屼娇鐢ㄦ湰鍦板瓨鍌?

    [0m [90m 43 |[39m     
     [90m 44 |[39m     redisClient[33m.[39mon([32m'error'[39m[33m,[39m (err) [33m=>[39m {
    [31m[1m>[22m[39m[90m 45 |[39m       console[33m.[39merror([32m'[VerificationService] Redis 杩炴帴閿欒锛屼娇鐢ㄦ湰鍦板瓨鍌?'[39m[33m,[39m err[33m.[39mmessage)[33m;[39m
     [90m    |[39m               [31m[1m^[22m[39m
     [90m 46 |[39m       redisClient [33m=[39m [36mnull[39m[33m;[39m
     [90m 47 |[39m     })[33m;[39m
     [90m 48 |[39m     [0m

      at EventEmitter.error (src/services/verificationService.js:45:15)
      at EventEmitter.silentEmit (node_modules/ioredis/built/Redis.js:529:30)
      at Socket.<anonymous> (node_modules/ioredis/built/redis/event_handler.js:221:14)

  console.error
    [VerificationService] Redis 杩炴帴閿欒锛屼娇鐢ㄦ湰鍦板瓨鍌?

    [0m [90m 43 |[39m     
     [90m 44 |[39m     redisClient[33m.[39mon([32m'error'[39m[33m,[39m (err) [33m=>[39m {
    [31m[1m>[22m[39m[90m 45 |[39m       console[33m.[39merror([32m'[VerificationService] Redis 杩炴帴閿欒锛屼娇鐢ㄦ湰鍦板瓨鍌?'[39m[33m,[39m err[33m.[39mmessage)[33m;[39m
     [90m    |[39m               [31m[1m^[22m[39m
     [90m 46 |[39m       redisClient [33m=[39m [36mnull[39m[33m;[39m
     [90m 47 |[39m     })[33m;[39m
     [90m 48 |[39m     [0m

      at EventEmitter.error (src/services/verificationService.js:45:15)
      at EventEmitter.silentEmit (node_modules/ioredis/built/Redis.js:529:30)
      at Socket.<anonymous> (node_modules/ioredis/built/redis/event_handler.js:221:14)

  console.error
    [VerificationService] Redis 杩炴帴閿欒锛屼娇鐢ㄦ湰鍦板瓨鍌?

    [0m [90m 43 |[39m     
     [90m 44 |[39m     redisClient[33m.[39mon([32m'error'[39m[33m,[39m (err) [33m=>[39m {
    [31m[1m>[22m[39m[90m 45 |[39m       console[33m.[39merror([32m'[VerificationService] Redis 杩炴帴閿欒锛屼娇鐢ㄦ湰鍦板瓨鍌?'[39m[33m,[39m err[33m.[39mmessage)[33m;[39m
     [90m    |[39m               [31m[1m^[22m[39m
     [90m 46 |[39m       redisClient [33m=[39m [36mnull[39m[33m;[39m
     [90m 47 |[39m     })[33m;[39m
     [90m 48 |[39m     [0m

      at EventEmitter.error (src/services/verificationService.js:45:15)
      at EventEmitter.silentEmit (node_modules/ioredis/built/Redis.js:529:30)
      at Socket.<anonymous> (node_modules/ioredis/built/redis/event_handler.js:221:14)

  console.error
    [VerificationService] Redis 杩炴帴閿欒锛屼娇鐢ㄦ湰鍦板瓨鍌?

    [0m [90m 43 |[39m     
     [90m 44 |[39m     redisClient[33m.[39mon([32m'error'[39m[33m,[39m (err) [33m=>[39m {
    [31m[1m>[22m[39m[90m 45 |[39m       console[33m.[39merror([32m'[VerificationService] Redis 杩炴帴閿欒锛屼娇鐢ㄦ湰鍦板瓨鍌?'[39m[33m,[39m err[33m.[39mmessage)[33m;[39m
     [90m    |[39m               [31m[1m^[22m[39m
     [90m 46 |[39m       redisClient [33m=[39m [36mnull[39m[33m;[39m
     [90m 47 |[39m     })[33m;[39m
     [90m 48 |[39m     [0m

      at EventEmitter.error (src/services/verificationService.js:45:15)
      at EventEmitter.silentEmit (node_modules/ioredis/built/Redis.js:529:30)
      at Socket.<anonymous> (node_modules/ioredis/built/redis/event_handler.js:221:14)

  console.error
    [VerificationService] Redis 杩炴帴閿欒锛屼娇鐢ㄦ湰鍦板瓨鍌?

    [0m [90m 43 |[39m     
     [90m 44 |[39m     redisClient[33m.[39mon([32m'error'[39m[33m,[39m (err) [33m=>[39m {
    [31m[1m>[22m[39m[90m 45 |[39m       console[33m.[39merror([32m'[VerificationService] Redis 杩炴帴閿欒锛屼娇鐢ㄦ湰鍦板瓨鍌?'[39m[33m,[39m err[33m.[39mmessage)[33m;[39m
     [90m    |[39m               [31m[1m^[22m[39m
     [90m 46 |[39m       redisClient [33m=[39m [36mnull[39m[33m;[39m
     [90m 47 |[39m     })[33m;[39m
     [90m 48 |[39m     [0m

      at EventEmitter.error (src/services/verificationService.js:45:15)
      at EventEmitter.silentEmit (node_modules/ioredis/built/Redis.js:529:30)
      at Socket.<anonymous> (node_modules/ioredis/built/redis/event_handler.js:221:14)

  console.error
    [VerificationService] Redis 杩炴帴閿欒锛屼娇鐢ㄦ湰鍦板瓨鍌?

    [0m [90m 43 |[39m     
     [90m 44 |[39m     redisClient[33m.[39mon([32m'error'[39m[33m,[39m (err) [33m=>[39m {
    [31m[1m>[22m[39m[90m 45 |[39m       console[33m.[39merror([32m'[VerificationService] Redis 杩炴帴閿欒锛屼娇鐢ㄦ湰鍦板瓨鍌?'[39m[33m,[39m err[33m.[39mmessage)[33m;[39m
     [90m    |[39m               [31m[1m^[22m[39m
     [90m 46 |[39m       redisClient [33m=[39m [36mnull[39m[33m;[39m
     [90m 47 |[39m     })[33m;[39m
     [90m 48 |[39m     [0m

      at EventEmitter.error (src/services/verificationService.js:45:15)
      at EventEmitter.silentEmit (node_modules/ioredis/built/Redis.js:529:30)
      at Socket.<anonymous> (node_modules/ioredis/built/redis/event_handler.js:221:14)

  console.error
    [VerificationService] Redis 杩炴帴閿欒锛屼娇鐢ㄦ湰鍦板瓨鍌?

    [0m [90m 43 |[39m     
     [90m 44 |[39m     redisClient[33m.[39mon([32m'error'[39m[33m,[39m (err) [33m=>[39m {
    [31m[1m>[22m[39m[90m 45 |[39m       console[33m.[39merror([32m'[VerificationService] Redis 杩炴帴閿欒锛屼娇鐢ㄦ湰鍦板瓨鍌?'[39m[33m,[39m err[33m.[39mmessage)[33m;[39m
     [90m    |[39m               [31m[1m^[22m[39m
     [90m 46 |[39m       redisClient [33m=[39m [36mnull[39m[33m;[39m
     [90m 47 |[39m     })[33m;[39m
     [90m 48 |[39m     [0m

      at EventEmitter.error (src/services/verificationService.js:45:15)
      at EventEmitter.silentEmit (node_modules/ioredis/built/Redis.js:529:30)
      at Socket.<anonymous> (node_modules/ioredis/built/redis/event_handler.js:221:14)

  console.error
    [VerificationService] Redis 杩炴帴閿欒锛屼娇鐢ㄦ湰鍦板瓨鍌?

    [0m [90m 43 |[39m     
     [90m 44 |[39m     redisClient[33m.[39mon([32m'error'[39m[33m,[39m (err) [33m=>[39m {
    [31m[1m>[22m[39m[90m 45 |[39m       console[33m.[39merror([32m'[VerificationService] Redis 杩炴帴閿欒锛屼娇鐢ㄦ湰鍦板瓨鍌?'[39m[33m,[39m err[33m.[39mmessage)[33m;[39m
     [90m    |[39m               [31m[1m^[22m[39m
     [90m 46 |[39m       redisClient [33m=[39m [36mnull[39m[33m;[39m
     [90m 47 |[39m     })[33m;[39m
     [90m 48 |[39m     [0m

      at EventEmitter.error (src/services/verificationService.js:45:15)
      at EventEmitter.silentEmit (node_modules/ioredis/built/Redis.js:529:30)
      at Socket.<anonymous> (node_modules/ioredis/built/redis/event_handler.js:221:14)

  console.error
    [VerificationService] Redis 杩炴帴閿欒锛屼娇鐢ㄦ湰鍦板瓨鍌?

    [0m [90m 43 |[39m     
     [90m 44 |[39m     redisClient[33m.[39mon([32m'error'[39m[33m,[39m (err) [33m=>[39m {
    [31m[1m>[22m[39m[90m 45 |[39m       console[33m.[39merror([32m'[VerificationService] Redis 杩炴帴閿欒锛屼娇鐢ㄦ湰鍦板瓨鍌?'[39m[33m,[39m err[33m.[39mmessage)[33m;[39m
     [90m    |[39m               [31m[1m^[22m[39m
     [90m 46 |[39m       redisClient [33m=[39m [36mnull[39m[33m;[39m
     [90m 47 |[39m     })[33m;[39m
     [90m 48 |[39m     [0m

      at EventEmitter.error (src/services/verificationService.js:45:15)
      at EventEmitter.silentEmit (node_modules/ioredis/built/Redis.js:529:30)
      at Socket.<anonymous> (node_modules/ioredis/built/redis/event_handler.js:221:14)

  console.error
    [VerificationService] Redis 杩炴帴閿欒锛屼娇鐢ㄦ湰鍦板瓨鍌?

    [0m [90m 43 |[39m     
     [90m 44 |[39m     redisClient[33m.[39mon([32m'error'[39m[33m,[39m (err) [33m=>[39m {
    [31m[1m>[22m[39m[90m 45 |[39m       console[33m.[39merror([32m'[VerificationService] Redis 杩炴帴閿欒锛屼娇鐢ㄦ湰鍦板瓨鍌?'[39m[33m,[39m err[33m.[39mmessage)[33m;[39m
     [90m    |[39m               [31m[1m^[22m[39m
     [90m 46 |[39m       redisClient [33m=[39m [36mnull[39m[33m;[39m
     [90m 47 |[39m     })[33m;[39m
     [90m 48 |[39m     [0m

      at EventEmitter.error (src/services/verificationService.js:45:15)
      at EventEmitter.silentEmit (node_modules/ioredis/built/Redis.js:529:30)
      at Socket.<anonymous> (node_modules/ioredis/built/redis/event_handler.js:221:14)

  console.error
    [VerificationService] Redis 杩炴帴閿欒锛屼娇鐢ㄦ湰鍦板瓨鍌?

    [0m [90m 43 |[39m     
     [90m 44 |[39m     redisClient[33m.[39mon([32m'error'[39m[33m,[39m (err) [33m=>[39m {
    [31m[1m>[22m[39m[90m 45 |[39m       console[33m.[39merror([32m'[VerificationService] Redis 杩炴帴閿欒锛屼娇鐢ㄦ湰鍦板瓨鍌?'[39m[33m,[39m err[33m.[39mmessage)[33m;[39m
     [90m    |[39m               [31m[1m^[22m[39m
     [90m 46 |[39m       redisClient [33m=[39m [36mnull[39m[33m;[39m
     [90m 47 |[39m     })[33m;[39m
     [90m 48 |[39m     [0m

      at EventEmitter.error (src/services/verificationService.js:45:15)
      at EventEmitter.silentEmit (node_modules/ioredis/built/Redis.js:529:30)
      at Socket.<anonymous> (node_modules/ioredis/built/redis/event_handler.js:221:14)

  console.error
    [VerificationService] Redis 杩炴帴閿欒锛屼娇鐢ㄦ湰鍦板瓨鍌?

    [0m [90m 43 |[39m     
     [90m 44 |[39m     redisClient[33m.[39mon([32m'error'[39m[33m,[39m (err) [33m=>[39m {
    [31m[1m>[22m[39m[90m 45 |[39m       console[33m.[39merror([32m'[VerificationService] Redis 杩炴帴閿欒锛屼娇鐢ㄦ湰鍦板瓨鍌?'[39m[33m,[39m err[33m.[39mmessage)[33m;[39m
     [90m    |[39m               [31m[1m^[22m[39m
     [90m 46 |[39m       redisClient [33m=[39m [36mnull[39m[33m;[39m
     [90m 47 |[39m     })[33m;[39m
     [90m 48 |[39m     [0m

      at EventEmitter.error (src/services/verificationService.js:45:15)
      at EventEmitter.silentEmit (node_modules/ioredis/built/Redis.js:529:30)
      at Socket.<anonymous> (node_modules/ioredis/built/redis/event_handler.js:221:14)

  console.error
    [VerificationService] Redis 杩炴帴閿欒锛屼娇鐢ㄦ湰鍦板瓨鍌?

    [0m [90m 43 |[39m     
     [90m 44 |[39m     redisClient[33m.[39mon([32m'error'[39m[33m,[39m (err) [33m=>[39m {
    [31m[1m>[22m[39m[90m 45 |[39m       console[33m.[39merror([32m'[VerificationService] Redis 杩炴帴閿欒锛屼娇鐢ㄦ湰鍦板瓨鍌?'[39m[33m,[39m err[33m.[39mmessage)[33m;[39m
     [90m    |[39m               [31m[1m^[22m[39m
     [90m 46 |[39m       redisClient [33m=[39m [36mnull[39m[33m;[39m
     [90m 47 |[39m     })[33m;[39m
     [90m 48 |[39m     [0m

      at EventEmitter.error (src/services/verificationService.js:45:15)
      at EventEmitter.silentEmit (node_modules/ioredis/built/Redis.js:529:30)
      at Socket.<anonymous> (node_modules/ioredis/built/redis/event_handler.js:221:14)

  console.error
    [VerificationService] Redis 杩炴帴閿欒锛屼娇鐢ㄦ湰鍦板瓨鍌?

    [0m [90m 43 |[39m     
     [90m 44 |[39m     redisClient[33m.[39mon([32m'error'[39m[33m,[39m (err) [33m=>[39m {
    [31m[1m>[22m[39m[90m 45 |[39m       console[33m.[39merror([32m'[VerificationService] Redis 杩炴帴閿欒锛屼娇鐢ㄦ湰鍦板瓨鍌?'[39m[33m,[39m err[33m.[39mmessage)[33m;[39m
     [90m    |[39m               [31m[1m^[22m[39m
     [90m 46 |[39m       redisClient [33m=[39m [36mnull[39m[33m;[39m
     [90m 47 |[39m     })[33m;[39m
     [90m 48 |[39m     [0m

      at EventEmitter.error (src/services/verificationService.js:45:15)
      at EventEmitter.silentEmit (node_modules/ioredis/built/Redis.js:529:30)
      at Socket.<anonymous> (node_modules/ioredis/built/redis/event_handler.js:221:14)

  console.error
    [VerificationService] Redis 杩炴帴閿欒锛屼娇鐢ㄦ湰鍦板瓨鍌?

    [0m [90m 43 |[39m     
     [90m 44 |[39m     redisClient[33m.[39mon([32m'error'[39m[33m,[39m (err) [33m=>[39m {
    [31m[1m>[22m[39m[90m 45 |[39m       console[33m.[39merror([32m'[VerificationService] Redis 杩炴帴閿欒锛屼娇鐢ㄦ湰鍦板瓨鍌?'[39m[33m,[39m err[33m.[39mmessage)[33m;[39m
     [90m    |[39m               [31m[1m^[22m[39m
     [90m 46 |[39m       redisClient [33m=[39m [36mnull[39m[33m;[39m
     [90m 47 |[39m     })[33m;[39m
     [90m 48 |[39m     [0m

      at EventEmitter.error (src/services/verificationService.js:45:15)
      at EventEmitter.silentEmit (node_modules/ioredis/built/Redis.js:529:30)
      at Socket.<anonymous> (node_modules/ioredis/built/redis/event_handler.js:221:14)

  console.error
    [VerificationService] Redis 杩炴帴閿欒锛屼娇鐢ㄦ湰鍦板瓨鍌?

    [0m [90m 43 |[39m     
     [90m 44 |[39m     redisClient[33m.[39mon([32m'error'[39m[33m,[39m (err) [33m=>[39m {
    [31m[1m>[22m[39m[90m 45 |[39m       console[33m.[39merror([32m'[VerificationService] Redis 杩炴帴閿欒锛屼娇鐢ㄦ湰鍦板瓨鍌?'[39m[33m,[39m err[33m.[39mmessage)[33m;[39m
     [90m    |[39m               [31m[1m^[22m[39m
     [90m 46 |[39m       redisClient [33m=[39m [36mnull[39m[33m;[39m
     [90m 47 |[39m     })[33m;[39m
     [90m 48 |[39m     [0m

      at EventEmitter.error (src/services/verificationService.js:45:15)
      at EventEmitter.silentEmit (node_modules/ioredis/built/Redis.js:529:30)
      at Socket.<anonymous> (node_modules/ioredis/built/redis/event_handler.js:221:14)

  console.error
    [VerificationService] Redis 杩炴帴閿欒锛屼娇鐢ㄦ湰鍦板瓨鍌?

    [0m [90m 43 |[39m     
     [90m 44 |[39m     redisClient[33m.[39mon([32m'error'[39m[33m,[39m (err) [33m=>[39m {
    [31m[1m>[22m[39m[90m 45 |[39m       console[33m.[39merror([32m'[VerificationService] Redis 杩炴帴閿欒锛屼娇鐢ㄦ湰鍦板瓨鍌?'[39m[33m,[39m err[33m.[39mmessage)[33m;[39m
     [90m    |[39m               [31m[1m^[22m[39m
     [90m 46 |[39m       redisClient [33m=[39m [36mnull[39m[33m;[39m
     [90m 47 |[39m     })[33m;[39m
     [90m 48 |[39m     [0m

      at EventEmitter.error (src/services/verificationService.js:45:15)
      at EventEmitter.silentEmit (node_modules/ioredis/built/Redis.js:529:30)
      at Socket.<anonymous> (node_modules/ioredis/built/redis/event_handler.js:221:14)

  console.error
    [VerificationService] Redis 杩炴帴閿欒锛屼娇鐢ㄦ湰鍦板瓨鍌?

    [0m [90m 43 |[39m     
     [90m 44 |[39m     redisClient[33m.[39mon([32m'error'[39m[33m,[39m (err) [33m=>[39m {
    [31m[1m>[22m[39m[90m 45 |[39m       console[33m.[39merror([32m'[VerificationService] Redis 杩炴帴閿欒锛屼娇鐢ㄦ湰鍦板瓨鍌?'[39m[33m,[39m err[33m.[39mmessage)[33m;[39m
     [90m    |[39m               [31m[1m^[22m[39m
     [90m 46 |[39m       redisClient [33m=[39m [36mnull[39m[33m;[39m
     [90m 47 |[39m     })[33m;[39m
     [90m 48 |[39m     [0m

      at EventEmitter.error (src/services/verificationService.js:45:15)
      at EventEmitter.silentEmit (node_modules/ioredis/built/Redis.js:529:30)
      at Socket.<anonymous> (node_modules/ioredis/built/redis/event_handler.js:221:14)

  console.error
    [VerificationService] Redis 杩炴帴閿欒锛屼娇鐢ㄦ湰鍦板瓨鍌?

    [0m [90m 43 |[39m     
     [90m 44 |[39m     redisClient[33m.[39mon([32m'error'[39m[33m,[39m (err) [33m=>[39m {
    [31m[1m>[22m[39m[90m 45 |[39m       console[33m.[39merror([32m'[VerificationService] Redis 杩炴帴閿欒锛屼娇鐢ㄦ湰鍦板瓨鍌?'[39m[33m,[39m err[33m.[39mmessage)[33m;[39m
     [90m    |[39m               [31m[1m^[22m[39m
     [90m 46 |[39m       redisClient [33m=[39m [36mnull[39m[33m;[39m
     [90m 47 |[39m     })[33m;[39m
     [90m 48 |[39m     [0m

      at EventEmitter.error (src/services/verificationService.js:45:15)
      at EventEmitter.silentEmit (node_modules/ioredis/built/Redis.js:529:30)
      at Socket.<anonymous> (node_modules/ioredis/built/redis/event_handler.js:221:14)

  console.error
    [VerificationService] Redis 杩炴帴閿欒锛屼娇鐢ㄦ湰鍦板瓨鍌?

    [0m [90m 43 |[39m     
     [90m 44 |[39m     redisClient[33m.[39mon([32m'error'[39m[33m,[39m (err) [33m=>[39m {
    [31m[1m>[22m[39m[90m 45 |[39m       console[33m.[39merror([32m'[VerificationService] Redis 杩炴帴閿欒锛屼娇鐢ㄦ湰鍦板瓨鍌?'[39m[33m,[39m err[33m.[39mmessage)[33m;[39m
     [90m    |[39m               [31m[1m^[22m[39m
     [90m 46 |[39m       redisClient [33m=[39m [36mnull[39m[33m;[39m
     [90m 47 |[39m     })[33m;[39m
     [90m 48 |[39m     [0m

      at EventEmitter.error (src/services/verificationService.js:45:15)
      at EventEmitter.silentEmit (node_modules/ioredis/built/Redis.js:529:30)
      at Socket.<anonymous> (node_modules/ioredis/built/redis/event_handler.js:221:14)

  console.error
    [VerificationService] Redis 杩炴帴閿欒锛屼娇鐢ㄦ湰鍦板瓨鍌?

    [0m [90m 43 |[39m     
     [90m 44 |[39m     redisClient[33m.[39mon([32m'error'[39m[33m,[39m (err) [33m=>[39m {
    [31m[1m>[22m[39m[90m 45 |[39m       console[33m.[39merror([32m'[VerificationService] Redis 杩炴帴閿欒锛屼娇鐢ㄦ湰鍦板瓨鍌?'[39m[33m,[39m err[33m.[39mmessage)[33m;[39m
     [90m    |[39m               [31m[1m^[22m[39m
     [90m 46 |[39m       redisClient [33m=[39m [36mnull[39m[33m;[39m
     [90m 47 |[39m     })[33m;[39m
     [90m 48 |[39m     [0m

      at EventEmitter.error (src/services/verificationService.js:45:15)
      at EventEmitter.silentEmit (node_modules/ioredis/built/Redis.js:529:30)
      at Socket.<anonymous> (node_modules/ioredis/built/redis/event_handler.js:221:14)

  console.error
    [VerificationService] Redis 杩炴帴閿欒锛屼娇鐢ㄦ湰鍦板瓨鍌?

    [0m [90m 43 |[39m     
     [90m 44 |[39m     redisClient[33m.[39mon([32m'error'[39m[33m,[39m (err) [33m=>[39m {
    [31m[1m>[22m[39m[90m 45 |[39m       console[33m.[39merror([32m'[VerificationService] Redis 杩炴帴閿欒锛屼娇鐢ㄦ湰鍦板瓨鍌?'[39m[33m,[39m err[33m.[39mmessage)[33m;[39m
     [90m    |[39m               [31m[1m^[22m[39m
     [90m 46 |[39m       redisClient [33m=[39m [36mnull[39m[33m;[39m
     [90m 47 |[39m     })[33m;[39m
     [90m 48 |[39m     [0m

      at EventEmitter.error (src/services/verificationService.js:45:15)
      at EventEmitter.silentEmit (node_modules/ioredis/built/Redis.js:529:30)
      at Socket.<anonymous> (node_modules/ioredis/built/redis/event_handler.js:221:14)

  console.error
    [VerificationService] Redis 杩炴帴閿欒锛屼娇鐢ㄦ湰鍦板瓨鍌?

    [0m [90m 43 |[39m     
     [90m 44 |[39m     redisClient[33m.[39mon([32m'error'[39m[33m,[39m (err) [33m=>[39m {
    [31m[1m>[22m[39m[90m 45 |[39m       console[33m.[39merror([32m'[VerificationService] Redis 杩炴帴閿欒锛屼娇鐢ㄦ湰鍦板瓨鍌?'[39m[33m,[39m err[33m.[39mmessage)[33m;[39m
     [90m    |[39m               [31m[1m^[22m[39m
     [90m 46 |[39m       redisClient [33m=[39m [36mnull[39m[33m;[39m
     [90m 47 |[39m     })[33m;[39m
     [90m 48 |[39m     [0m

      at EventEmitter.error (src/services/verificationService.js:45:15)
      at EventEmitter.silentEmit (node_modules/ioredis/built/Redis.js:529:30)
      at Socket.<anonymous> (node_modules/ioredis/built/redis/event_handler.js:221:14)

  console.error
    [VerificationService] Redis 杩炴帴閿欒锛屼娇鐢ㄦ湰鍦板瓨鍌?

    [0m [90m 43 |[39m     
     [90m 44 |[39m     redisClient[33m.[39mon([32m'error'[39m[33m,[39m (err) [33m=>[39m {
    [31m[1m>[22m[39m[90m 45 |[39m       console[33m.[39merror([32m'[VerificationService] Redis 杩炴帴閿欒锛屼娇鐢ㄦ湰鍦板瓨鍌?'[39m[33m,[39m err[33m.[39mmessage)[33m;[39m
     [90m    |[39m               [31m[1m^[22m[39m
     [90m 46 |[39m       redisClient [33m=[39m [36mnull[39m[33m;[39m
     [90m 47 |[39m     })[33m;[39m
     [90m 48 |[39m     [0m

      at EventEmitter.error (src/services/verificationService.js:45:15)
      at EventEmitter.silentEmit (node_modules/ioredis/built/Redis.js:529:30)
      at Socket.<anonymous> (node_modules/ioredis/built/redis/event_handler.js:221:14)

  console.error
    [VerificationService] Redis 杩炴帴閿欒锛屼娇鐢ㄦ湰鍦板瓨鍌?

    [0m [90m 43 |[39m     
     [90m 44 |[39m     redisClient[33m.[39mon([32m'error'[39m[33m,[39m (err) [33m=>[39m {
    [31m[1m>[22m[39m[90m 45 |[39m       console[33m.[39merror([32m'[VerificationService] Redis 杩炴帴閿欒锛屼娇鐢ㄦ湰鍦板瓨鍌?'[39m[33m,[39m err[33m.[39mmessage)[33m;[39m
     [90m    |[39m               [31m[1m^[22m[39m
     [90m 46 |[39m       redisClient [33m=[39m [36mnull[39m[33m;[39m
     [90m 47 |[39m     })[33m;[39m
     [90m 48 |[39m     [0m

      at EventEmitter.error (src/services/verificationService.js:45:15)
      at EventEmitter.silentEmit (node_modules/ioredis/built/Redis.js:529:30)
      at Socket.<anonymous> (node_modules/ioredis/built/redis/event_handler.js:221:14)

  console.error
    [VerificationService] Redis 杩炴帴閿欒锛屼娇鐢ㄦ湰鍦板瓨鍌?

    [0m [90m 43 |[39m     
     [90m 44 |[39m     redisClient[33m.[39mon([32m'error'[39m[33m,[39m (err) [33m=>[39m {
    [31m[1m>[22m[39m[90m 45 |[39m       console[33m.[39merror([32m'[VerificationService] Redis 杩炴帴閿欒锛屼娇鐢ㄦ湰鍦板瓨鍌?'[39m[33m,[39m err[33m.[39mmessage)[33m;[39m
     [90m    |[39m               [31m[1m^[22m[39m
     [90m 46 |[39m       redisClient [33m=[39m [36mnull[39m[33m;[39m
     [90m 47 |[39m     })[33m;[39m
     [90m 48 |[39m     [0m

      at EventEmitter.error (src/services/verificationService.js:45:15)
      at EventEmitter.silentEmit (node_modules/ioredis/built/Redis.js:529:30)
      at Socket.<anonymous> (node_modules/ioredis/built/redis/event_handler.js:221:14)

  console.error
    [VerificationService] Redis 杩炴帴閿欒锛屼娇鐢ㄦ湰鍦板瓨鍌?

    [0m [90m 43 |[39m     
     [90m 44 |[39m     redisClient[33m.[39mon([32m'error'[39m[33m,[39m (err) [33m=>[39m {
    [31m[1m>[22m[39m[90m 45 |[39m       console[33m.[39merror([32m'[VerificationService] Redis 杩炴帴閿欒锛屼娇鐢ㄦ湰鍦板瓨鍌?'[39m[33m,[39m err[33m.[39mmessage)[33m;[39m
     [90m    |[39m               [31m[1m^[22m[39m
     [90m 46 |[39m       redisClient [33m=[39m [36mnull[39m[33m;[39m
     [90m 47 |[39m     })[33m;[39m
     [90m 48 |[39m     [0m

      at EventEmitter.error (src/services/verificationService.js:45:15)
      at EventEmitter.silentEmit (node_modules/ioredis/built/Redis.js:529:30)
      at Socket.<anonymous> (node_modules/ioredis/built/redis/event_handler.js:221:14)

  console.error
    [VerificationService] Redis 杩炴帴閿欒锛屼娇鐢ㄦ湰鍦板瓨鍌?

    [0m [90m 43 |[39m     
     [90m 44 |[39m     redisClient[33m.[39mon([32m'error'[39m[33m,[39m (err) [33m=>[39m {
    [31m[1m>[22m[39m[90m 45 |[39m       console[33m.[39merror([32m'[VerificationService] Redis 杩炴帴閿欒锛屼娇鐢ㄦ湰鍦板瓨鍌?'[39m[33m,[39m err[33m.[39mmessage)[33m;[39m
     [90m    |[39m               [31m[1m^[22m[39m
     [90m 46 |[39m       redisClient [33m=[39m [36mnull[39m[33m;[39m
     [90m 47 |[39m     })[33m;[39m
     [90m 48 |[39m     [0m

      at EventEmitter.error (src/services/verificationService.js:45:15)
      at EventEmitter.silentEmit (node_modules/ioredis/built/Redis.js:529:30)
      at Socket.<anonymous> (node_modules/ioredis/built/redis/event_handler.js:221:14)

  console.error
    [VerificationService] Redis 杩炴帴閿欒锛屼娇鐢ㄦ湰鍦板瓨鍌?

    [0m [90m 43 |[39m     
     [90m 44 |[39m     redisClient[33m.[39mon([32m'error'[39m[33m,[39m (err) [33m=>[39m {
    [31m[1m>[22m[39m[90m 45 |[39m       console[33m.[39merror([32m'[VerificationService] Redis 杩炴帴閿欒锛屼娇鐢ㄦ湰鍦板瓨鍌?'[39m[33m,[39m err[33m.[39mmessage)[33m;[39m
     [90m    |[39m               [31m[1m^[22m[39m
     [90m 46 |[39m       redisClient [33m=[39m [36mnull[39m[33m;[39m
     [90m 47 |[39m     })[33m;[39m
     [90m 48 |[39m     [0m

      at EventEmitter.error (src/services/verificationService.js:45:15)
      at EventEmitter.silentEmit (node_modules/ioredis/built/Redis.js:529:30)
      at Socket.<anonymous> (node_modules/ioredis/built/redis/event_handler.js:221:14)

  console.error
    [VerificationService] Redis 杩炴帴閿欒锛屼娇鐢ㄦ湰鍦板瓨鍌?

    [0m [90m 43 |[39m     
     [90m 44 |[39m     redisClient[33m.[39mon([32m'error'[39m[33m,[39m (err) [33m=>[39m {
    [31m[1m>[22m[39m[90m 45 |[39m       console[33m.[39merror([32m'[VerificationService] Redis 杩炴帴閿欒锛屼娇鐢ㄦ湰鍦板瓨鍌?'[39m[33m,[39m err[33m.[39mmessage)[33m;[39m
     [90m    |[39m               [31m[1m^[22m[39m
     [90m 46 |[39m       redisClient [33m=[39m [36mnull[39m[33m;[39m
     [90m 47 |[39m     })[33m;[39m
     [90m 48 |[39m     [0m

      at EventEmitter.error (src/services/verificationService.js:45:15)
      at EventEmitter.silentEmit (node_modules/ioredis/built/Redis.js:529:30)
      at Socket.<anonymous> (node_modules/ioredis/built/redis/event_handler.js:221:14)

  console.error
    [VerificationService] Redis 杩炴帴閿欒锛屼娇鐢ㄦ湰鍦板瓨鍌?

    [0m [90m 43 |[39m     
     [90m 44 |[39m     redisClient[33m.[39mon([32m'error'[39m[33m,[39m (err) [33m=>[39m {
    [31m[1m>[22m[39m[90m 45 |[39m       console[33m.[39merror([32m'[VerificationService] Redis 杩炴帴閿欒锛屼娇鐢ㄦ湰鍦板瓨鍌?'[39m[33m,[39m err[33m.[39mmessage)[33m;[39m
     [90m    |[39m               [31m[1m^[22m[39m
     [90m 46 |[39m       redisClient [33m=[39m [36mnull[39m[33m;[39m
     [90m 47 |[39m     })[33m;[39m
     [90m 48 |[39m     [0m

      at EventEmitter.error (src/services/verificationService.js:45:15)
      at EventEmitter.silentEmit (node_modules/ioredis/built/Redis.js:529:30)
      at Socket.<anonymous> (node_modules/ioredis/built/redis/event_handler.js:221:14)

  console.error
    [VerificationService] Redis 杩炴帴閿欒锛屼娇鐢ㄦ湰鍦板瓨鍌?

    [0m [90m 43 |[39m     
     [90m 44 |[39m     redisClient[33m.[39mon([32m'error'[39m[33m,[39m (err) [33m=>[39m {
    [31m[1m>[22m[39m[90m 45 |[39m       console[33m.[39merror([32m'[VerificationService] Redis 杩炴帴閿欒锛屼娇鐢ㄦ湰鍦板瓨鍌?'[39m[33m,[39m err[33m.[39mmessage)[33m;[39m
     [90m    |[39m               [31m[1m^[22m[39m
     [90m 46 |[39m       redisClient [33m=[39m [36mnull[39m[33m;[39m
     [90m 47 |[39m     })[33m;[39m
     [90m 48 |[39m     [0m

      at EventEmitter.error (src/services/verificationService.js:45:15)
      at EventEmitter.silentEmit (node_modules/ioredis/built/Redis.js:529:30)
      at Socket.<anonymous> (node_modules/ioredis/built/redis/event_handler.js:221:14)

  console.error
    [VerificationService] Redis 杩炴帴閿欒锛屼娇鐢ㄦ湰鍦板瓨鍌?

    [0m [90m 43 |[39m     
     [90m 44 |[39m     redisClient[33m.[39mon([32m'error'[39m[33m,[39m (err) [33m=>[39m {
    [31m[1m>[22m[39m[90m 45 |[39m       console[33m.[39merror([32m'[VerificationService] Redis 杩炴帴閿欒锛屼娇鐢ㄦ湰鍦板瓨鍌?'[39m[33m,[39m err[33m.[39mmessage)[33m;[39m
     [90m    |[39m               [31m[1m^[22m[39m
     [90m 46 |[39m       redisClient [33m=[39m [36mnull[39m[33m;[39m
     [90m 47 |[39m     })[33m;[39m
     [90m 48 |[39m     [0m

      at EventEmitter.error (src/services/verificationService.js:45:15)
      at EventEmitter.silentEmit (node_modules/ioredis/built/Redis.js:529:30)
      at Socket.<anonymous> (node_modules/ioredis/built/redis/event_handler.js:221:14)

  console.error
    [VerificationService] Redis 杩炴帴閿欒锛屼娇鐢ㄦ湰鍦板瓨鍌?

    [0m [90m 43 |[39m     
     [90m 44 |[39m     redisClient[33m.[39mon([32m'error'[39m[33m,[39m (err) [33m=>[39m {
    [31m[1m>[22m[39m[90m 45 |[39m       console[33m.[39merror([32m'[VerificationService] Redis 杩炴帴閿欒锛屼娇鐢ㄦ湰鍦板瓨鍌?'[39m[33m,[39m err[33m.[39mmessage)[33m;[39m
     [90m    |[39m               [31m[1m^[22m[39m
     [90m 46 |[39m       redisClient [33m=[39m [36mnull[39m[33m;[39m
     [90m 47 |[39m     })[33m;[39m
     [90m 48 |[39m     [0m

      at EventEmitter.error (src/services/verificationService.js:45:15)
      at EventEmitter.silentEmit (node_modules/ioredis/built/Redis.js:529:30)
      at Socket.<anonymous> (node_modules/ioredis/built/redis/event_handler.js:221:14)

  console.error
    [VerificationService] Redis 杩炴帴閿欒锛屼娇鐢ㄦ湰鍦板瓨鍌?

    [0m [90m 43 |[39m     
     [90m 44 |[39m     redisClient[33m.[39mon([32m'error'[39m[33m,[39m (err) [33m=>[39m {
    [31m[1m>[22m[39m[90m 45 |[39m       console[33m.[39merror([32m'[VerificationService] Redis 杩炴帴閿欒锛屼娇鐢ㄦ湰鍦板瓨鍌?'[39m[33m,[39m err[33m.[39mmessage)[33m;[39m
     [90m    |[39m               [31m[1m^[22m[39m
     [90m 46 |[39m       redisClient [33m=[39m [36mnull[39m[33m;[39m
     [90m 47 |[39m     })[33m;[39m
     [90m 48 |[39m     [0m

      at EventEmitter.error (src/services/verificationService.js:45:15)
      at EventEmitter.silentEmit (node_modules/ioredis/built/Redis.js:529:30)
      at Socket.<anonymous> (node_modules/ioredis/built/redis/event_handler.js:221:14)

  console.error
    [VerificationService] Redis 杩炴帴閿欒锛屼娇鐢ㄦ湰鍦板瓨鍌?

    [0m [90m 43 |[39m     
     [90m 44 |[39m     redisClient[33m.[39mon([32m'error'[39m[33m,[39m (err) [33m=>[39m {
    [31m[1m>[22m[39m[90m 45 |[39m       console[33m.[39merror([32m'[VerificationService] Redis 杩炴帴閿欒锛屼娇鐢ㄦ湰鍦板瓨鍌?'[39m[33m,[39m err[33m.[39mmessage)[33m;[39m
     [90m    |[39m               [31m[1m^[22m[39m
     [90m 46 |[39m       redisClient [33m=[39m [36mnull[39m[33m;[39m
     [90m 47 |[39m     })[33m;[39m
     [90m 48 |[39m     [0m

      at EventEmitter.error (src/services/verificationService.js:45:15)
      at EventEmitter.silentEmit (node_modules/ioredis/built/Redis.js:529:30)
      at Socket.<anonymous> (node_modules/ioredis/built/redis/event_handler.js:221:14)

  console.error
    [VerificationService] Redis 杩炴帴閿欒锛屼娇鐢ㄦ湰鍦板瓨鍌?

    [0m [90m 43 |[39m     
     [90m 44 |[39m     redisClient[33m.[39mon([32m'error'[39m[33m,[39m (err) [33m=>[39m {
    [31m[1m>[22m[39m[90m 45 |[39m       console[33m.[39merror([32m'[VerificationService] Redis 杩炴帴閿欒锛屼娇鐢ㄦ湰鍦板瓨鍌?'[39m[33m,[39m err[33m.[39mmessage)[33m;[39m
     [90m    |[39m               [31m[1m^[22m[39m
     [90m 46 |[39m       redisClient [33m=[39m [36mnull[39m[33m;[39m
     [90m 47 |[39m     })[33m;[39m
     [90m 48 |[39m     [0m

      at EventEmitter.error (src/services/verificationService.js:45:15)
      at EventEmitter.silentEmit (node_modules/ioredis/built/Redis.js:529:30)
      at Socket.<anonymous> (node_modules/ioredis/built/redis/event_handler.js:221:14)

  console.error
    [VerificationService] Redis 杩炴帴閿欒锛屼娇鐢ㄦ湰鍦板瓨鍌?

    [0m [90m 43 |[39m     
     [90m 44 |[39m     redisClient[33m.[39mon([32m'error'[39m[33m,[39m (err) [33m=>[39m {
    [31m[1m>[22m[39m[90m 45 |[39m       console[33m.[39merror([32m'[VerificationService] Redis 杩炴帴閿欒锛屼娇鐢ㄦ湰鍦板瓨鍌?'[39m[33m,[39m err[33m.[39mmessage)[33m;[39m
     [90m    |[39m               [31m[1m^[22m[39m
     [90m 46 |[39m       redisClient [33m=[39m [36mnull[39m[33m;[39m
     [90m 47 |[39m     })[33m;[39m
     [90m 48 |[39m     [0m

      at EventEmitter.error (src/services/verificationService.js:45:15)
      at EventEmitter.silentEmit (node_modules/ioredis/built/Redis.js:529:30)
      at Socket.<anonymous> (node_modules/ioredis/built/redis/event_handler.js:221:14)

  console.error
    [VerificationService] Redis 杩炴帴閿欒锛屼娇鐢ㄦ湰鍦板瓨鍌?

    [0m [90m 43 |[39m     
     [90m 44 |[39m     redisClient[33m.[39mon([32m'error'[39m[33m,[39m (err) [33m=>[39m {
    [31m[1m>[22m[39m[90m 45 |[39m       console[33m.[39merror([32m'[VerificationService] Redis 杩炴帴閿欒锛屼娇鐢ㄦ湰鍦板瓨鍌?'[39m[33m,[39m err[33m.[39mmessage)[33m;[39m
     [90m    |[39m               [31m[1m^[22m[39m
     [90m 46 |[39m       redisClient [33m=[39m [36mnull[39m[33m;[39m
     [90m 47 |[39m     })[33m;[39m
     [90m 48 |[39m     [0m

      at EventEmitter.error (src/services/verificationService.js:45:15)
      at EventEmitter.silentEmit (node_modules/ioredis/built/Redis.js:529:30)
      at Socket.<anonymous> (node_modules/ioredis/built/redis/event_handler.js:221:14)

  console.error
    [VerificationService] Redis 杩炴帴閿欒锛屼娇鐢ㄦ湰鍦板瓨鍌?

    [0m [90m 43 |[39m     
     [90m 44 |[39m     redisClient[33m.[39mon([32m'error'[39m[33m,[39m (err) [33m=>[39m {
    [31m[1m>[22m[39m[90m 45 |[39m       console[33m.[39merror([32m'[VerificationService] Redis 杩炴帴閿欒锛屼娇鐢ㄦ湰鍦板瓨鍌?'[39m[33m,[39m err[33m.[39mmessage)[33m;[39m
     [90m    |[39m               [31m[1m^[22m[39m
     [90m 46 |[39m       redisClient [33m=[39m [36mnull[39m[33m;[39m
     [90m 47 |[39m     })[33m;[39m
     [90m 48 |[39m     [0m

      at EventEmitter.error (src/services/verificationService.js:45:15)
      at EventEmitter.silentEmit (node_modules/ioredis/built/Redis.js:529:30)
      at Socket.<anonymous> (node_modules/ioredis/built/redis/event_handler.js:221:14)

  console.error
    [VerificationService] Redis 杩炴帴閿欒锛屼娇鐢ㄦ湰鍦板瓨鍌?

    [0m [90m 43 |[39m     
     [90m 44 |[39m     redisClient[33m.[39mon([32m'error'[39m[33m,[39m (err) [33m=>[39m {
    [31m[1m>[22m[39m[90m 45 |[39m       console[33m.[39merror([32m'[VerificationService] Redis 杩炴帴閿欒锛屼娇鐢ㄦ湰鍦板瓨鍌?'[39m[33m,[39m err[33m.[39mmessage)[33m;[39m
     [90m    |[39m               [31m[1m^[22m[39m
     [90m 46 |[39m       redisClient [33m=[39m [36mnull[39m[33m;[39m
     [90m 47 |[39m     })[33m;[39m
     [90m 48 |[39m     [0m

      at EventEmitter.error (src/services/verificationService.js:45:15)
      at EventEmitter.silentEmit (node_modules/ioredis/built/Redis.js:529:30)
      at Socket.<anonymous> (node_modules/ioredis/built/redis/event_handler.js:221:14)

  console.error
    [VerificationService] Redis 杩炴帴閿欒锛屼娇鐢ㄦ湰鍦板瓨鍌?

    [0m [90m 43 |[39m     
     [90m 44 |[39m     redisClient[33m.[39mon([32m'error'[39m[33m,[39m (err) [33m=>[39m {
    [31m[1m>[22m[39m[90m 45 |[39m       console[33m.[39merror([32m'[VerificationService] Redis 杩炴帴閿欒锛屼娇鐢ㄦ湰鍦板瓨鍌?'[39m[33m,[39m err[33m.[39mmessage)[33m;[39m
     [90m    |[39m               [31m[1m^[22m[39m
     [90m 46 |[39m       redisClient [33m=[39m [36mnull[39m[33m;[39m
     [90m 47 |[39m     })[33m;[39m
     [90m 48 |[39m     [0m

      at EventEmitter.error (src/services/verificationService.js:45:15)
      at EventEmitter.silentEmit (node_modules/ioredis/built/Redis.js:529:30)
      at Socket.<anonymous> (node_modules/ioredis/built/redis/event_handler.js:221:14)

  console.error
    [VerificationService] Redis 杩炴帴閿欒锛屼娇鐢ㄦ湰鍦板瓨鍌?

    [0m [90m 43 |[39m     
     [90m 44 |[39m     redisClient[33m.[39mon([32m'error'[39m[33m,[39m (err) [33m=>[39m {
    [31m[1m>[22m[39m[90m 45 |[39m       console[33m.[39merror([32m'[VerificationService] Redis 杩炴帴閿欒锛屼娇鐢ㄦ湰鍦板瓨鍌?'[39m[33m,[39m err[33m.[39mmessage)[33m;[39m
     [90m    |[39m               [31m[1m^[22m[39m
     [90m 46 |[39m       redisClient [33m=[39m [36mnull[39m[33m;[39m
     [90m 47 |[39m     })[33m;[39m
     [90m 48 |[39m     [0m

      at EventEmitter.error (src/services/verificationService.js:45:15)
      at EventEmitter.silentEmit (node_modules/ioredis/built/Redis.js:529:30)
      at Socket.<anonymous> (node_modules/ioredis/built/redis/event_handler.js:221:14)

  console.error
    [VerificationService] Redis 杩炴帴閿欒锛屼娇鐢ㄦ湰鍦板瓨鍌?

    [0m [90m 43 |[39m     
     [90m 44 |[39m     redisClient[33m.[39mon([32m'error'[39m[33m,[39m (err) [33m=>[39m {
    [31m[1m>[22m[39m[90m 45 |[39m       console[33m.[39merror([32m'[VerificationService] Redis 杩炴帴閿欒锛屼娇鐢ㄦ湰鍦板瓨鍌?'[39m[33m,[39m err[33m.[39mmessage)[33m;[39m
     [90m    |[39m               [31m[1m^[22m[39m
     [90m 46 |[39m       redisClient [33m=[39m [36mnull[39m[33m;[39m
     [90m 47 |[39m     })[33m;[39m
     [90m 48 |[39m     [0m

      at EventEmitter.error (src/services/verificationService.js:45:15)
      at EventEmitter.silentEmit (node_modules/ioredis/built/Redis.js:529:30)
      at Socket.<anonymous> (node_modules/ioredis/built/redis/event_handler.js:221:14)

  console.error
    [VerificationService] Redis 杩炴帴閿欒锛屼娇鐢ㄦ湰鍦板瓨鍌?

    [0m [90m 43 |[39m     
     [90m 44 |[39m     redisClient[33m.[39mon([32m'error'[39m[33m,[39m (err) [33m=>[39m {
    [31m[1m>[22m[39m[90m 45 |[39m       console[33m.[39merror([32m'[VerificationService] Redis 杩炴帴閿欒锛屼娇鐢ㄦ湰鍦板瓨鍌?'[39m[33m,[39m err[33m.[39mmessage)[33m;[39m
     [90m    |[39m               [31m[1m^[22m[39m
     [90m 46 |[39m       redisClient [33m=[39m [36mnull[39m[33m;[39m
     [90m 47 |[39m     })[33m;[39m
     [90m 48 |[39m     [0m

      at EventEmitter.error (src/services/verificationService.js:45:15)
      at EventEmitter.silentEmit (node_modules/ioredis/built/Redis.js:529:30)
      at Socket.<anonymous> (node_modules/ioredis/built/redis/event_handler.js:221:14)

  console.error
    [VerificationService] Redis 杩炴帴閿欒锛屼娇鐢ㄦ湰鍦板瓨鍌?

    [0m [90m 43 |[39m     
     [90m 44 |[39m     redisClient[33m.[39mon([32m'error'[39m[33m,[39m (err) [33m=>[39m {
    [31m[1m>[22m[39m[90m 45 |[39m       console[33m.[39merror([32m'[VerificationService] Redis 杩炴帴閿欒锛屼娇鐢ㄦ湰鍦板瓨鍌?'[39m[33m,[39m err[33m.[39mmessage)[33m;[39m
     [90m    |[39m               [31m[1m^[22m[39m
     [90m 46 |[39m       redisClient [33m=[39m [36mnull[39m[33m;[39m
     [90m 47 |[39m     })[33m;[39m
     [90m 48 |[39m     [0m

      at EventEmitter.error (src/services/verificationService.js:45:15)
      at EventEmitter.silentEmit (node_modules/ioredis/built/Redis.js:529:30)
      at Socket.<anonymous> (node_modules/ioredis/built/redis/event_handler.js:221:14)

  console.error
    [VerificationService] Redis 杩炴帴閿欒锛屼娇鐢ㄦ湰鍦板瓨鍌?

    [0m [90m 43 |[39m     
     [90m 44 |[39m     redisClient[33m.[39mon([32m'error'[39m[33m,[39m (err) [33m=>[39m {
    [31m[1m>[22m[39m[90m 45 |[39m       console[33m.[39merror([32m'[VerificationService] Redis 杩炴帴閿欒锛屼娇鐢ㄦ湰鍦板瓨鍌?'[39m[33m,[39m err[33m.[39mmessage)[33m;[39m
     [90m    |[39m               [31m[1m^[22m[39m
     [90m 46 |[39m       redisClient [33m=[39m [36mnull[39m[33m;[39m
     [90m 47 |[39m     })[33m;[39m
     [90m 48 |[39m     [0m

      at EventEmitter.error (src/services/verificationService.js:45:15)
      at EventEmitter.silentEmit (node_modules/ioredis/built/Redis.js:529:30)
      at Socket.<anonymous> (node_modules/ioredis/built/redis/event_handler.js:221:14)

  console.error
    [VerificationService] Redis 杩炴帴閿欒锛屼娇鐢ㄦ湰鍦板瓨鍌?

    [0m [90m 43 |[39m     
     [90m 44 |[39m     redisClient[33m.[39mon([32m'error'[39m[33m,[39m (err) [33m=>[39m {
    [31m[1m>[22m[39m[90m 45 |[39m       console[33m.[39merror([32m'[VerificationService] Redis 杩炴帴閿欒锛屼娇鐢ㄦ湰鍦板瓨鍌?'[39m[33m,[39m err[33m.[39mmessage)[33m;[39m
     [90m    |[39m               [31m[1m^[22m[39m
     [90m 46 |[39m       redisClient [33m=[39m [36mnull[39m[33m;[39m
     [90m 47 |[39m     })[33m;[39m
     [90m 48 |[39m     [0m

      at EventEmitter.error (src/services/verificationService.js:45:15)
      at EventEmitter.silentEmit (node_modules/ioredis/built/Redis.js:529:30)
      at Socket.<anonymous> (node_modules/ioredis/built/redis/event_handler.js:221:14)

  console.error
    [VerificationService] 瀛樺偍楠岃瘉鐮佸け璐? Reached the max retries per request limit (which is 20). Refer to "maxRetriesPerRequest" option for details.

    [0m [90m 127 |[39m     }
     [90m 128 |[39m   } [36mcatch[39m (error) {
    [31m[1m>[22m[39m[90m 129 |[39m     console[33m.[39merror([32m'[VerificationService] 瀛樺偍楠岃瘉鐮佸け璐?'[39m[33m,[39m error[33m.[39mmessage)[33m;[39m
     [90m     |[39m             [31m[1m^[22m[39m
     [90m 130 |[39m     [90m// Fallback 鍒版湰鍦板瓨鍌?[39m
     [90m 131 |[39m     verificationCodeMap[33m.[39m[36mset[39m(key[33m,[39m {
     [90m 132 |[39m       code[33m,[39m[0m

      at Object.error [as generateAndSaveCode] (src/services/verificationService.js:129:13)
      at Object.<anonymous> (tests/services-comprehensive.test.js:69:20)

  console.error
    [VerificationService] Redis 杩炴帴閿欒锛屼娇鐢ㄦ湰鍦板瓨鍌?

    [0m [90m 43 |[39m     
     [90m 44 |[39m     redisClient[33m.[39mon([32m'error'[39m[33m,[39m (err) [33m=>[39m {
    [31m[1m>[22m[39m[90m 45 |[39m       console[33m.[39merror([32m'[VerificationService] Redis 杩炴帴閿欒锛屼娇鐢ㄦ湰鍦板瓨鍌?'[39m[33m,[39m err[33m.[39mmessage)[33m;[39m
     [90m    |[39m               [31m[1m^[22m[39m
     [90m 46 |[39m       redisClient [33m=[39m [36mnull[39m[33m;[39m
     [90m 47 |[39m     })[33m;[39m
     [90m 48 |[39m     [0m

      at EventEmitter.error (src/services/verificationService.js:45:15)
      at EventEmitter.silentEmit (node_modules/ioredis/built/Redis.js:529:30)
      at Socket.<anonymous> (node_modules/ioredis/built/redis/event_handler.js:221:14)

  console.error
    [VerificationService] Redis 杩炴帴閿欒锛屼娇鐢ㄦ湰鍦板瓨鍌?

    [0m [90m 43 |[39m     
     [90m 44 |[39m     redisClient[33m.[39mon([32m'error'[39m[33m,[39m (err) [33m=>[39m {
    [31m[1m>[22m[39m[90m 45 |[39m       console[33m.[39merror([32m'[VerificationService] Redis 杩炴帴閿欒锛屼娇鐢ㄦ湰鍦板瓨鍌?'[39m[33m,[39m err[33m.[39mmessage)[33m;[39m
     [90m    |[39m               [31m[1m^[22m[39m
     [90m 46 |[39m       redisClient [33m=[39m [36mnull[39m[33m;[39m
     [90m 47 |[39m     })[33m;[39m
     [90m 48 |[39m     [0m

      at EventEmitter.error (src/services/verificationService.js:45:15)
      at EventEmitter.silentEmit (node_modules/ioredis/built/Redis.js:529:30)
      at Socket.<anonymous> (node_modules/ioredis/built/redis/event_handler.js:221:14)

  console.error
    [VerificationService] Redis 杩炴帴閿欒锛屼娇鐢ㄦ湰鍦板瓨鍌?

    [0m [90m 43 |[39m     
     [90m 44 |[39m     redisClient[33m.[39mon([32m'error'[39m[33m,[39m (err) [33m=>[39m {
    [31m[1m>[22m[39m[90m 45 |[39m       console[33m.[39merror([32m'[VerificationService] Redis 杩炴帴閿欒锛屼娇鐢ㄦ湰鍦板瓨鍌?'[39m[33m,[39m err[33m.[39mmessage)[33m;[39m
     [90m    |[39m               [31m[1m^[22m[39m
     [90m 46 |[39m       redisClient [33m=[39m [36mnull[39m[33m;[39m
     [90m 47 |[39m     })[33m;[39m
     [90m 48 |[39m     [0m

      at EventEmitter.error (src/services/verificationService.js:45:15)
      at EventEmitter.silentEmit (node_modules/ioredis/built/Redis.js:529:30)
      at Socket.<anonymous> (node_modules/ioredis/built/redis/event_handler.js:221:14)

  console.error
    [VerificationService] Redis 杩炴帴閿欒锛屼娇鐢ㄦ湰鍦板瓨鍌?

    [0m [90m 43 |[39m     
     [90m 44 |[39m     redisClient[33m.[39mon([32m'error'[39m[33m,[39m (err) [33m=>[39m {
    [31m[1m>[22m[39m[90m 45 |[39m       console[33m.[39merror([32m'[VerificationService] Redis 杩炴帴閿欒锛屼娇鐢ㄦ湰鍦板瓨鍌?'[39m[33m,[39m err[33m.[39mmessage)[33m;[39m
     [90m    |[39m               [31m[1m^[22m[39m
     [90m 46 |[39m       redisClient [33m=[39m [36mnull[39m[33m;[39m
     [90m 47 |[39m     })[33m;[39m
     [90m 48 |[39m     [0m

      at EventEmitter.error (src/services/verificationService.js:45:15)
      at EventEmitter.silentEmit (node_modules/ioredis/built/Redis.js:529:30)
      at Socket.<anonymous> (node_modules/ioredis/built/redis/event_handler.js:221:14)

  console.error
    [VerificationService] Redis 杩炴帴閿欒锛屼娇鐢ㄦ湰鍦板瓨鍌?

    [0m [90m 43 |[39m     
     [90m 44 |[39m     redisClient[33m.[39mon([32m'error'[39m[33m,[39m (err) [33m=>[39m {
    [31m[1m>[22m[39m[90m 45 |[39m       console[33m.[39merror([32m'[VerificationService] Redis 杩炴帴閿欒锛屼娇鐢ㄦ湰鍦板瓨鍌?'[39m[33m,[39m err[33m.[39mmessage)[33m;[39m
     [90m    |[39m               [31m[1m^[22m[39m
     [90m 46 |[39m       redisClient [33m=[39m [36mnull[39m[33m;[39m
     [90m 47 |[39m     })[33m;[39m
     [90m 48 |[39m     [0m

      at EventEmitter.error (src/services/verificationService.js:45:15)
      at EventEmitter.silentEmit (node_modules/ioredis/built/Redis.js:529:30)
      at Socket.<anonymous> (node_modules/ioredis/built/redis/event_handler.js:221:14)

  console.error
    [VerificationService] Redis 杩炴帴閿欒锛屼娇鐢ㄦ湰鍦板瓨鍌?

    [0m [90m 43 |[39m     
     [90m 44 |[39m     redisClient[33m.[39mon([32m'error'[39m[33m,[39m (err) [33m=>[39m {
    [31m[1m>[22m[39m[90m 45 |[39m       console[33m.[39merror([32m'[VerificationService] Redis 杩炴帴閿欒锛屼娇鐢ㄦ湰鍦板瓨鍌?'[39m[33m,[39m err[33m.[39mmessage)[33m;[39m
     [90m    |[39m               [31m[1m^[22m[39m
     [90m 46 |[39m       redisClient [33m=[39m [36mnull[39m[33m;[39m
     [90m 47 |[39m     })[33m;[39m
     [90m 48 |[39m     [0m

      at EventEmitter.error (src/services/verificationService.js:45:15)
      at EventEmitter.silentEmit (node_modules/ioredis/built/Redis.js:529:30)
      at Socket.<anonymous> (node_modules/ioredis/built/redis/event_handler.js:221:14)

  console.error
    [VerificationService] Redis 杩炴帴閿欒锛屼娇鐢ㄦ湰鍦板瓨鍌?

    [0m [90m 43 |[39m     
     [90m 44 |[39m     redisClient[33m.[39mon([32m'error'[39m[33m,[39m (err) [33m=>[39m {
    [31m[1m>[22m[39m[90m 45 |[39m       console[33m.[39merror([32m'[VerificationService] Redis 杩炴帴閿欒锛屼娇鐢ㄦ湰鍦板瓨鍌?'[39m[33m,[39m err[33m.[39mmessage)[33m;[39m
     [90m    |[39m               [31m[1m^[22m[39m
     [90m 46 |[39m       redisClient [33m=[39m [36mnull[39m[33m;[39m
     [90m 47 |[39m     })[33m;[39m
     [90m 48 |[39m     [0m

      at EventEmitter.error (src/services/verificationService.js:45:15)
      at EventEmitter.silentEmit (node_modules/ioredis/built/Redis.js:529:30)
      at Socket.<anonymous> (node_modules/ioredis/built/redis/event_handler.js:221:14)

  console.error
    [VerificationService] Redis 杩炴帴閿欒锛屼娇鐢ㄦ湰鍦板瓨鍌?

    [0m [90m 43 |[39m     
     [90m 44 |[39m     redisClient[33m.[39mon([32m'error'[39m[33m,[39m (err) [33m=>[39m {
    [31m[1m>[22m[39m[90m 45 |[39m       console[33m.[39merror([32m'[VerificationService] Redis 杩炴帴閿欒锛屼娇鐢ㄦ湰鍦板瓨鍌?'[39m[33m,[39m err[33m.[39mmessage)[33m;[39m
     [90m    |[39m               [31m[1m^[22m[39m
     [90m 46 |[39m       redisClient [33m=[39m [36mnull[39m[33m;[39m
     [90m 47 |[39m     })[33m;[39m
     [90m 48 |[39m     [0m

      at EventEmitter.error (src/services/verificationService.js:45:15)
      at EventEmitter.silentEmit (node_modules/ioredis/built/Redis.js:529:30)
      at Socket.<anonymous> (node_modules/ioredis/built/redis/event_handler.js:221:14)

  console.error
    [VerificationService] Redis 杩炴帴閿欒锛屼娇鐢ㄦ湰鍦板瓨鍌?

    [0m [90m 43 |[39m     
     [90m 44 |[39m     redisClient[33m.[39mon([32m'error'[39m[33m,[39m (err) [33m=>[39m {
    [31m[1m>[22m[39m[90m 45 |[39m       console[33m.[39merror([32m'[VerificationService] Redis 杩炴帴閿欒锛屼娇鐢ㄦ湰鍦板瓨鍌?'[39m[33m,[39m err[33m.[39mmessage)[33m;[39m
     [90m    |[39m               [31m[1m^[22m[39m
     [90m 46 |[39m       redisClient [33m=[39m [36mnull[39m[33m;[39m
     [90m 47 |[39m     })[33m;[39m
     [90m 48 |[39m     [0m

      at EventEmitter.error (src/services/verificationService.js:45:15)
      at EventEmitter.silentEmit (node_modules/ioredis/built/Redis.js:529:30)
      at Socket.<anonymous> (node_modules/ioredis/built/redis/event_handler.js:221:14)

  console.error
    [VerificationService] Redis 杩炴帴閿欒锛屼娇鐢ㄦ湰鍦板瓨鍌?

    [0m [90m 43 |[39m     
     [90m 44 |[39m     redisClient[33m.[39mon([32m'error'[39m[33m,[39m (err) [33m=>[39m {
    [31m[1m>[22m[39m[90m 45 |[39m       console[33m.[39merror([32m'[VerificationService] Redis 杩炴帴閿欒锛屼娇鐢ㄦ湰鍦板瓨鍌?'[39m[33m,[39m err[33m.[39mmessage)[33m;[39m
     [90m    |[39m               [31m[1m^[22m[39m
     [90m 46 |[39m       redisClient [33m=[39m [36mnull[39m[33m;[39m
     [90m 47 |[39m     })[33m;[39m
     [90m 48 |[39m     [0m

      at EventEmitter.error (src/services/verificationService.js:45:15)
      at EventEmitter.silentEmit (node_modules/ioredis/built/Redis.js:529:30)
      at Socket.<anonymous> (node_modules/ioredis/built/redis/event_handler.js:221:14)

  console.error
    [VerificationService] Redis 杩炴帴閿欒锛屼娇鐢ㄦ湰鍦板瓨鍌?

    [0m [90m 43 |[39m     
     [90m 44 |[39m     redisClient[33m.[39mon([32m'error'[39m[33m,[39m (err) [33m=>[39m {
    [31m[1m>[22m[39m[90m 45 |[39m       console[33m.[39merror([32m'[VerificationService] Redis 杩炴帴閿欒锛屼娇鐢ㄦ湰鍦板瓨鍌?'[39m[33m,[39m err[33m.[39mmessage)[33m;[39m
     [90m    |[39m               [31m[1m^[22m[39m
     [90m 46 |[39m       redisClient [33m=[39m [36mnull[39m[33m;[39m
     [90m 47 |[39m     })[33m;[39m
     [90m 48 |[39m     [0m

      at EventEmitter.error (src/services/verificationService.js:45:15)
      at EventEmitter.silentEmit (node_modules/ioredis/built/Redis.js:529:30)
      at Socket.<anonymous> (node_modules/ioredis/built/redis/event_handler.js:221:14)

  console.error
    [VerificationService] Redis 杩炴帴閿欒锛屼娇鐢ㄦ湰鍦板瓨鍌?

    [0m [90m 43 |[39m     
     [90m 44 |[39m     redisClient[33m.[39mon([32m'error'[39m[33m,[39m (err) [33m=>[39m {
    [31m[1m>[22m[39m[90m 45 |[39m       console[33m.[39merror([32m'[VerificationService] Redis 杩炴帴閿欒锛屼娇鐢ㄦ湰鍦板瓨鍌?'[39m[33m,[39m err[33m.[39mmessage)[33m;[39m
     [90m    |[39m               [31m[1m^[22m[39m
     [90m 46 |[39m       redisClient [33m=[39m [36mnull[39m[33m;[39m
     [90m 47 |[39m     })[33m;[39m
     [90m 48 |[39m     [0m

      at EventEmitter.error (src/services/verificationService.js:45:15)
      at EventEmitter.silentEmit (node_modules/ioredis/built/Redis.js:529:30)
      at Socket.<anonymous> (node_modules/ioredis/built/redis/event_handler.js:221:14)

  console.error
    [VerificationService] Redis 杩炴帴閿欒锛屼娇鐢ㄦ湰鍦板瓨鍌?

    [0m [90m 43 |[39m     
     [90m 44 |[39m     redisClient[33m.[39mon([32m'error'[39m[33m,[39m (err) [33m=>[39m {
    [31m[1m>[22m[39m[90m 45 |[39m       console[33m.[39merror([32m'[VerificationService] Redis 杩炴帴閿欒锛屼娇鐢ㄦ湰鍦板瓨鍌?'[39m[33m,[39m err[33m.[39mmessage)[33m;[39m
     [90m    |[39m               [31m[1m^[22m[39m
     [90m 46 |[39m       redisClient [33m=[39m [36mnull[39m[33m;[39m
     [90m 47 |[39m     })[33m;[39m
     [90m 48 |[39m     [0m

      at EventEmitter.error (src/services/verificationService.js:45:15)
      at EventEmitter.silentEmit (node_modules/ioredis/built/Redis.js:529:30)
      at Socket.<anonymous> (node_modules/ioredis/built/redis/event_handler.js:221:14)

  console.error
    [VerificationService] Redis 杩炴帴閿欒锛屼娇鐢ㄦ湰鍦板瓨鍌?

    [0m [90m 43 |[39m     
     [90m 44 |[39m     redisClient[33m.[39mon([32m'error'[39m[33m,[39m (err) [33m=>[39m {
    [31m[1m>[22m[39m[90m 45 |[39m       console[33m.[39merror([32m'[VerificationService] Redis 杩炴帴閿欒锛屼娇鐢ㄦ湰鍦板瓨鍌?'[39m[33m,[39m err[33m.[39mmessage)[33m;[39m
     [90m    |[39m               [31m[1m^[22m[39m
     [90m 46 |[39m       redisClient [33m=[39m [36mnull[39m[33m;[39m
     [90m 47 |[39m     })[33m;[39m
     [90m 48 |[39m     [0m

      at EventEmitter.error (src/services/verificationService.js:45:15)
      at EventEmitter.silentEmit (node_modules/ioredis/built/Redis.js:529:30)
      at Socket.<anonymous> (node_modules/ioredis/built/redis/event_handler.js:221:14)

  console.error
    [VerificationService] Redis 杩炴帴閿欒锛屼娇鐢ㄦ湰鍦板瓨鍌?

    [0m [90m 43 |[39m     
     [90m 44 |[39m     redisClient[33m.[39mon([32m'error'[39m[33m,[39m (err) [33m=>[39m {
    [31m[1m>[22m[39m[90m 45 |[39m       console[33m.[39merror([32m'[VerificationService] Redis 杩炴帴閿欒锛屼娇鐢ㄦ湰鍦板瓨鍌?'[39m[33m,[39m err[33m.[39mmessage)[33m;[39m
     [90m    |[39m               [31m[1m^[22m[39m
     [90m 46 |[39m       redisClient [33m=[39m [36mnull[39m[33m;[39m
     [90m 47 |[39m     })[33m;[39m
     [90m 48 |[39m     [0m

      at EventEmitter.error (src/services/verificationService.js:45:15)
      at EventEmitter.silentEmit (node_modules/ioredis/built/Redis.js:529:30)
      at Socket.<anonymous> (node_modules/ioredis/built/redis/event_handler.js:221:14)

  console.error
    [VerificationService] Redis 杩炴帴閿欒锛屼娇鐢ㄦ湰鍦板瓨鍌?

    [0m [90m 43 |[39m     
     [90m 44 |[39m     redisClient[33m.[39mon([32m'error'[39m[33m,[39m (err) [33m=>[39m {
    [31m[1m>[22m[39m[90m 45 |[39m       console[33m.[39merror([32m'[VerificationService] Redis 杩炴帴閿欒锛屼娇鐢ㄦ湰鍦板瓨鍌?'[39m[33m,[39m err[33m.[39mmessage)[33m;[39m
     [90m    |[39m               [31m[1m^[22m[39m
     [90m 46 |[39m       redisClient [33m=[39m [36mnull[39m[33m;[39m
     [90m 47 |[39m     })[33m;[39m
     [90m 48 |[39m     [0m

      at EventEmitter.error (src/services/verificationService.js:45:15)
      at EventEmitter.silentEmit (node_modules/ioredis/built/Redis.js:529:30)
      at Socket.<anonymous> (node_modules/ioredis/built/redis/event_handler.js:221:14)

  console.error
    [VerificationService] Redis 杩炴帴閿欒锛屼娇鐢ㄦ湰鍦板瓨鍌?

    [0m [90m 43 |[39m     
     [90m 44 |[39m     redisClient[33m.[39mon([32m'error'[39m[33m,[39m (err) [33m=>[39m {
    [31m[1m>[22m[39m[90m 45 |[39m       console[33m.[39merror([32m'[VerificationService] Redis 杩炴帴閿欒锛屼娇鐢ㄦ湰鍦板瓨鍌?'[39m[33m,[39m err[33m.[39mmessage)[33m;[39m
     [90m    |[39m               [31m[1m^[22m[39m
     [90m 46 |[39m       redisClient [33m=[39m [36mnull[39m[33m;[39m
     [90m 47 |[39m     })[33m;[39m
     [90m 48 |[39m     [0m

      at EventEmitter.error (src/services/verificationService.js:45:15)
      at EventEmitter.silentEmit (node_modules/ioredis/built/Redis.js:529:30)
      at Socket.<anonymous> (node_modules/ioredis/built/redis/event_handler.js:221:14)

  console.error
    [VerificationService] Redis 杩炴帴閿欒锛屼娇鐢ㄦ湰鍦板瓨鍌?

    [0m [90m 43 |[39m     
     [90m 44 |[39m     redisClient[33m.[39mon([32m'error'[39m[33m,[39m (err) [33m=>[39m {
    [31m[1m>[22m[39m[90m 45 |[39m       console[33m.[39merror([32m'[VerificationService] Redis 杩炴帴閿欒锛屼娇鐢ㄦ湰鍦板瓨鍌?'[39m[33m,[39m err[33m.[39mmessage)[33m;[39m
     [90m    |[39m               [31m[1m^[22m[39m
     [90m 46 |[39m       redisClient [33m=[39m [36mnull[39m[33m;[39m
     [90m 47 |[39m     })[33m;[39m
     [90m 48 |[39m     [0m

      at EventEmitter.error (src/services/verificationService.js:45:15)
      at EventEmitter.silentEmit (node_modules/ioredis/built/Redis.js:529:30)
      at Socket.<anonymous> (node_modules/ioredis/built/redis/event_handler.js:221:14)

  console.error
    [VerificationService] Redis 杩炴帴閿欒锛屼娇鐢ㄦ湰鍦板瓨鍌?

    [0m [90m 43 |[39m     
     [90m 44 |[39m     redisClient[33m.[39mon([32m'error'[39m[33m,[39m (err) [33m=>[39m {
    [31m[1m>[22m[39m[90m 45 |[39m       console[33m.[39merror([32m'[VerificationService] Redis 杩炴帴閿欒锛屼娇鐢ㄦ湰鍦板瓨鍌?'[39m[33m,[39m err[33m.[39mmessage)[33m;[39m
     [90m    |[39m               [31m[1m^[22m[39m
     [90m 46 |[39m       redisClient [33m=[39m [36mnull[39m[33m;[39m
     [90m 47 |[39m     })[33m;[39m
     [90m 48 |[39m     [0m

      at EventEmitter.error (src/services/verificationService.js:45:15)
      at EventEmitter.silentEmit (node_modules/ioredis/built/Redis.js:529:30)
      at Socket.<anonymous> (node_modules/ioredis/built/redis/event_handler.js:221:14)

  console.error
    [VerificationService] Redis 杩炴帴閿欒锛屼娇鐢ㄦ湰鍦板瓨鍌?

    [0m [90m 43 |[39m     
     [90m 44 |[39m     redisClient[33m.[39mon([32m'error'[39m[33m,[39m (err) [33m=>[39m {
    [31m[1m>[22m[39m[90m 45 |[39m       console[33m.[39merror([32m'[VerificationService] Redis 杩炴帴閿欒锛屼娇鐢ㄦ湰鍦板瓨鍌?'[39m[33m,[39m err[33m.[39mmessage)[33m;[39m
     [90m    |[39m               [31m[1m^[22m[39m
     [90m 46 |[39m       redisClient [33m=[39m [36mnull[39m[33m;[39m
     [90m 47 |[39m     })[33m;[39m
     [90m 48 |[39m     [0m

      at EventEmitter.error (src/services/verificationService.js:45:15)
      at EventEmitter.silentEmit (node_modules/ioredis/built/Redis.js:529:30)
      at Socket.<anonymous> (node_modules/ioredis/built/redis/event_handler.js:221:14)

  console.error
    [VerificationService] Redis 杩炴帴閿欒锛屼娇鐢ㄦ湰鍦板瓨鍌?

    [0m [90m 43 |[39m     
     [90m 44 |[39m     redisClient[33m.[39mon([32m'error'[39m[33m,[39m (err) [33m=>[39m {
    [31m[1m>[22m[39m[90m 45 |[39m       console[33m.[39merror([32m'[VerificationService] Redis 杩炴帴閿欒锛屼娇鐢ㄦ湰鍦板瓨鍌?'[39m[33m,[39m err[33m.[39mmessage)[33m;[39m
     [90m    |[39m               [31m[1m^[22m[39m
     [90m 46 |[39m       redisClient [33m=[39m [36mnull[39m[33m;[39m
     [90m 47 |[39m     })[33m;[39m
     [90m 48 |[39m     [0m

      at EventEmitter.error (src/services/verificationService.js:45:15)
      at EventEmitter.silentEmit (node_modules/ioredis/built/Redis.js:529:30)
      at Socket.<anonymous> (node_modules/ioredis/built/redis/event_handler.js:221:14)

  console.error
    [VerificationService] Redis 杩炴帴閿欒锛屼娇鐢ㄦ湰鍦板瓨鍌?

    [0m [90m 43 |[39m     
     [90m 44 |[39m     redisClient[33m.[39mon([32m'error'[39m[33m,[39m (err) [33m=>[39m {
    [31m[1m>[22m[39m[90m 45 |[39m       console[33m.[39merror([32m'[VerificationService] Redis 杩炴帴閿欒锛屼娇鐢ㄦ湰鍦板瓨鍌?'[39m[33m,[39m err[33m.[39mmessage)[33m;[39m
     [90m    |[39m               [31m[1m^[22m[39m
     [90m 46 |[39m       redisClient [33m=[39m [36mnull[39m[33m;[39m
     [90m 47 |[39m     })[33m;[39m
     [90m 48 |[39m     [0m

      at EventEmitter.error (src/services/verificationService.js:45:15)
      at EventEmitter.silentEmit (node_modules/ioredis/built/Redis.js:529:30)
      at Socket.<anonymous> (node_modules/ioredis/built/redis/event_handler.js:221:14)

  console.error
    [VerificationService] Redis 杩炴帴閿欒锛屼娇鐢ㄦ湰鍦板瓨鍌?

    [0m [90m 43 |[39m     
     [90m 44 |[39m     redisClient[33m.[39mon([32m'error'[39m[33m,[39m (err) [33m=>[39m {
    [31m[1m>[22m[39m[90m 45 |[39m       console[33m.[39merror([32m'[VerificationService] Redis 杩炴帴閿欒锛屼娇鐢ㄦ湰鍦板瓨鍌?'[39m[33m,[39m err[33m.[39mmessage)[33m;[39m
     [90m    |[39m               [31m[1m^[22m[39m
     [90m 46 |[39m       redisClient [33m=[39m [36mnull[39m[33m;[39m
     [90m 47 |[39m     })[33m;[39m
     [90m 48 |[39m     [0m

      at EventEmitter.error (src/services/verificationService.js:45:15)
      at EventEmitter.silentEmit (node_modules/ioredis/built/Redis.js:529:30)
      at Socket.<anonymous> (node_modules/ioredis/built/redis/event_handler.js:221:14)

  console.error
    [VerificationService] 楠岃瘉楠岃瘉鐮佸け璐? Reached the max retries per request limit (which is 20). Refer to "maxRetriesPerRequest" option for details.

    [0m [90m 196 |[39m     }
     [90m 197 |[39m   } [36mcatch[39m (error) {
    [31m[1m>[22m[39m[90m 198 |[39m     console[33m.[39merror([32m'[VerificationService] 楠岃瘉楠岃瘉鐮佸け璐?'[39m[33m,[39m error[33m.[39mmessage)[33m;[39m
     [90m     |[39m             [31m[1m^[22m[39m
     [90m 199 |[39m     [90m// 澶辫触鏃跺皾璇曟湰鍦板瓨鍌?[39m
     [90m 200 |[39m     [36mconst[39m stored [33m=[39m verificationCodeMap[33m.[39m[36mget[39m(key)[33m;[39m
     [90m 201 |[39m     [36mif[39m (stored [33m&&[39m stored[33m.[39mcode [33m===[39m code [33m&&[39m stored[33m.[39mexpiresAt [33m>[39m [33mDate[39m[33m.[39mnow()) {[0m

      at Object.error [as verifyCode] (src/services/verificationService.js:198:13)
      at Object.<anonymous> (tests/services-comprehensive.test.js:63:37)

  console.error
    [VerificationService] Redis 杩炴帴閿欒锛屼娇鐢ㄦ湰鍦板瓨鍌?

    [0m [90m 43 |[39m     
     [90m 44 |[39m     redisClient[33m.[39mon([32m'error'[39m[33m,[39m (err) [33m=>[39m {
    [31m[1m>[22m[39m[90m 45 |[39m       console[33m.[39merror([32m'[VerificationService] Redis 杩炴帴閿欒锛屼娇鐢ㄦ湰鍦板瓨鍌?'[39m[33m,[39m err[33m.[39mmessage)[33m;[39m
     [90m    |[39m               [31m[1m^[22m[39m
     [90m 46 |[39m       redisClient [33m=[39m [36mnull[39m[33m;[39m
     [90m 47 |[39m     })[33m;[39m
     [90m 48 |[39m     [0m

      at EventEmitter.error (src/services/verificationService.js:45:15)
      at EventEmitter.silentEmit (node_modules/ioredis/built/Redis.js:529:30)
      at Socket.<anonymous> (node_modules/ioredis/built/redis/event_handler.js:221:14)

  console.error
    [VerificationService] Redis 杩炴帴閿欒锛屼娇鐢ㄦ湰鍦板瓨鍌?

    [0m [90m 43 |[39m     
     [90m 44 |[39m     redisClient[33m.[39mon([32m'error'[39m[33m,[39m (err) [33m=>[39m {
    [31m[1m>[22m[39m[90m 45 |[39m       console[33m.[39merror([32m'[VerificationService] Redis 杩炴帴閿欒锛屼娇鐢ㄦ湰鍦板瓨鍌?'[39m[33m,[39m err[33m.[39mmessage)[33m;[39m
     [90m    |[39m               [31m[1m^[22m[39m
     [90m 46 |[39m       redisClient [33m=[39m [36mnull[39m[33m;[39m
     [90m 47 |[39m     })[33m;[39m
     [90m 48 |[39m     [0m

      at EventEmitter.error (src/services/verificationService.js:45:15)
      at EventEmitter.silentEmit (node_modules/ioredis/built/Redis.js:529:30)
      at Socket.<anonymous> (node_modules/ioredis/built/redis/event_handler.js:221:14)

  console.error
    [VerificationService] Redis 杩炴帴閿欒锛屼娇鐢ㄦ湰鍦板瓨鍌?

    [0m [90m 43 |[39m     
     [90m 44 |[39m     redisClient[33m.[39mon([32m'error'[39m[33m,[39m (err) [33m=>[39m {
    [31m[1m>[22m[39m[90m 45 |[39m       console[33m.[39merror([32m'[VerificationService] Redis 杩炴帴閿欒锛屼娇鐢ㄦ湰鍦板瓨鍌?'[39m[33m,[39m err[33m.[39mmessage)[33m;[39m
     [90m    |[39m               [31m[1m^[22m[39m
     [90m 46 |[39m       redisClient [33m=[39m [36mnull[39m[33m;[39m
     [90m 47 |[39m     })[33m;[39m
     [90m 48 |[39m     [0m

      at EventEmitter.error (src/services/verificationService.js:45:15)
      at EventEmitter.silentEmit (node_modules/ioredis/built/Redis.js:529:30)
      at Socket.<anonymous> (node_modules/ioredis/built/redis/event_handler.js:221:14)

  console.error
    [VerificationService] Redis 杩炴帴閿欒锛屼娇鐢ㄦ湰鍦板瓨鍌?

    [0m [90m 43 |[39m     
     [90m 44 |[39m     redisClient[33m.[39mon([32m'error'[39m[33m,[39m (err) [33m=>[39m {
    [31m[1m>[22m[39m[90m 45 |[39m       console[33m.[39merror([32m'[VerificationService] Redis 杩炴帴閿欒锛屼娇鐢ㄦ湰鍦板瓨鍌?'[39m[33m,[39m err[33m.[39mmessage)[33m;[39m
     [90m    |[39m               [31m[1m^[22m[39m
     [90m 46 |[39m       redisClient [33m=[39m [36mnull[39m[33m;[39m
     [90m 47 |[39m     })[33m;[39m
     [90m 48 |[39m     [0m

      at EventEmitter.error (src/services/verificationService.js:45:15)
      at EventEmitter.silentEmit (node_modules/ioredis/built/Redis.js:529:30)
      at Socket.<anonymous> (node_modules/ioredis/built/redis/event_handler.js:221:14)

  console.error
    [VerificationService] Redis 杩炴帴閿欒锛屼娇鐢ㄦ湰鍦板瓨鍌?

    [0m [90m 43 |[39m     
     [90m 44 |[39m     redisClient[33m.[39mon([32m'error'[39m[33m,[39m (err) [33m=>[39m {
    [31m[1m>[22m[39m[90m 45 |[39m       console[33m.[39merror([32m'[VerificationService] Redis 杩炴帴閿欒锛屼娇鐢ㄦ湰鍦板瓨鍌?'[39m[33m,[39m err[33m.[39mmessage)[33m;[39m
     [90m    |[39m               [31m[1m^[22m[39m
     [90m 46 |[39m       redisClient [33m=[39m [36mnull[39m[33m;[39m
     [90m 47 |[39m     })[33m;[39m
     [90m 48 |[39m     [0m

      at EventEmitter.error (src/services/verificationService.js:45:15)
      at EventEmitter.silentEmit (node_modules/ioredis/built/Redis.js:529:30)
      at Socket.<anonymous> (node_modules/ioredis/built/redis/event_handler.js:221:14)

  console.error
    [VerificationService] Redis 杩炴帴閿欒锛屼娇鐢ㄦ湰鍦板瓨鍌?

    [0m [90m 43 |[39m     
     [90m 44 |[39m     redisClient[33m.[39mon([32m'error'[39m[33m,[39m (err) [33m=>[39m {
    [31m[1m>[22m[39m[90m 45 |[39m       console[33m.[39merror([32m'[VerificationService] Redis 杩炴帴閿欒锛屼娇鐢ㄦ湰鍦板瓨鍌?'[39m[33m,[39m err[33m.[39mmessage)[33m;[39m
     [90m    |[39m               [31m[1m^[22m[39m
     [90m 46 |[39m       redisClient [33m=[39m [36mnull[39m[33m;[39m
     [90m 47 |[39m     })[33m;[39m
     [90m 48 |[39m     [0m

      at EventEmitter.error (src/services/verificationService.js:45:15)
      at EventEmitter.silentEmit (node_modules/ioredis/built/Redis.js:529:30)
      at Socket.<anonymous> (node_modules/ioredis/built/redis/event_handler.js:221:14)

  console.error
    [VerificationService] Redis 杩炴帴閿欒锛屼娇鐢ㄦ湰鍦板瓨鍌?

    [0m [90m 43 |[39m     
     [90m 44 |[39m     redisClient[33m.[39mon([32m'error'[39m[33m,[39m (err) [33m=>[39m {
    [31m[1m>[22m[39m[90m 45 |[39m       console[33m.[39merror([32m'[VerificationService] Redis 杩炴帴閿欒锛屼娇鐢ㄦ湰鍦板瓨鍌?'[39m[33m,[39m err[33m.[39mmessage)[33m;[39m
     [90m    |[39m               [31m[1m^[22m[39m
     [90m 46 |[39m       redisClient [33m=[39m [36mnull[39m[33m;[39m
     [90m 47 |[39m     })[33m;[39m
     [90m 48 |[39m     [0m

      at EventEmitter.error (src/services/verificationService.js:45:15)
      at EventEmitter.silentEmit (node_modules/ioredis/built/Redis.js:529:30)
      at Socket.<anonymous> (node_modules/ioredis/built/redis/event_handler.js:221:14)

  console.error
    [VerificationService] Redis 杩炴帴閿欒锛屼娇鐢ㄦ湰鍦板瓨鍌?

    [0m [90m 43 |[39m     
     [90m 44 |[39m     redisClient[33m.[39mon([32m'error'[39m[33m,[39m (err) [33m=>[39m {
    [31m[1m>[22m[39m[90m 45 |[39m       console[33m.[39merror([32m'[VerificationService] Redis 杩炴帴閿欒锛屼娇鐢ㄦ湰鍦板瓨鍌?'[39m[33m,[39m err[33m.[39mmessage)[33m;[39m
     [90m    |[39m               [31m[1m^[22m[39m
     [90m 46 |[39m       redisClient [33m=[39m [36mnull[39m[33m;[39m
     [90m 47 |[39m     })[33m;[39m
     [90m 48 |[39m     [0m

      at EventEmitter.error (src/services/verificationService.js:45:15)
      at EventEmitter.silentEmit (node_modules/ioredis/built/Redis.js:529:30)
      at Socket.<anonymous> (node_modules/ioredis/built/redis/event_handler.js:221:14)

  console.error
    [VerificationService] Redis 杩炴帴閿欒锛屼娇鐢ㄦ湰鍦板瓨鍌?

    [0m [90m 43 |[39m     
     [90m 44 |[39m     redisClient[33m.[39mon([32m'error'[39m[33m,[39m (err) [33m=>[39m {
    [31m[1m>[22m[39m[90m 45 |[39m       console[33m.[39merror([32m'[VerificationService] Redis 杩炴帴閿欒锛屼娇鐢ㄦ湰鍦板瓨鍌?'[39m[33m,[39m err[33m.[39mmessage)[33m;[39m
     [90m    |[39m               [31m[1m^[22m[39m
     [90m 46 |[39m       redisClient [33m=[39m [36mnull[39m[33m;[39m
     [90m 47 |[39m     })[33m;[39m
     [90m 48 |[39m     [0m

      at EventEmitter.error (src/services/verificationService.js:45:15)
      at EventEmitter.silentEmit (node_modules/ioredis/built/Redis.js:529:30)
      at Socket.<anonymous> (node_modules/ioredis/built/redis/event_handler.js:221:14)

  console.error
    [VerificationService] Redis 杩炴帴閿欒锛屼娇鐢ㄦ湰鍦板瓨鍌?

    [0m [90m 43 |[39m     
     [90m 44 |[39m     redisClient[33m.[39mon([32m'error'[39m[33m,[39m (err) [33m=>[39m {
    [31m[1m>[22m[39m[90m 45 |[39m       console[33m.[39merror([32m'[VerificationService] Redis 杩炴帴閿欒锛屼娇鐢ㄦ湰鍦板瓨鍌?'[39m[33m,[39m err[33m.[39mmessage)[33m;[39m
     [90m    |[39m               [31m[1m^[22m[39m
     [90m 46 |[39m       redisClient [33m=[39m [36mnull[39m[33m;[39m
     [90m 47 |[39m     })[33m;[39m
     [90m 48 |[39m     [0m

      at EventEmitter.error (src/services/verificationService.js:45:15)
      at EventEmitter.silentEmit (node_modules/ioredis/built/Redis.js:529:30)
      at Socket.<anonymous> (node_modules/ioredis/built/redis/event_handler.js:221:14)

  console.error
    [VerificationService] Redis 杩炴帴閿欒锛屼娇鐢ㄦ湰鍦板瓨鍌?

    [0m [90m 43 |[39m     
     [90m 44 |[39m     redisClient[33m.[39mon([32m'error'[39m[33m,[39m (err) [33m=>[39m {
    [31m[1m>[22m[39m[90m 45 |[39m       console[33m.[39merror([32m'[VerificationService] Redis 杩炴帴閿欒锛屼娇鐢ㄦ湰鍦板瓨鍌?'[39m[33m,[39m err[33m.[39mmessage)[33m;[39m
     [90m    |[39m               [31m[1m^[22m[39m
     [90m 46 |[39m       redisClient [33m=[39m [36mnull[39m[33m;[39m
     [90m 47 |[39m     })[33m;[39m
     [90m 48 |[39m     [0m

      at EventEmitter.error (src/services/verificationService.js:45:15)
      at EventEmitter.silentEmit (node_modules/ioredis/built/Redis.js:529:30)
      at Socket.<anonymous> (node_modules/ioredis/built/redis/event_handler.js:221:14)

  console.error
    [VerificationService] Redis 杩炴帴閿欒锛屼娇鐢ㄦ湰鍦板瓨鍌?

    [0m [90m 43 |[39m     
     [90m 44 |[39m     redisClient[33m.[39mon([32m'error'[39m[33m,[39m (err) [33m=>[39m {
    [31m[1m>[22m[39m[90m 45 |[39m       console[33m.[39merror([32m'[VerificationService] Redis 杩炴帴閿欒锛屼娇鐢ㄦ湰鍦板瓨鍌?'[39m[33m,[39m err[33m.[39mmessage)[33m;[39m
     [90m    |[39m               [31m[1m^[22m[39m
     [90m 46 |[39m       redisClient [33m=[39m [36mnull[39m[33m;[39m
     [90m 47 |[39m     })[33m;[39m
     [90m 48 |[39m     [0m

      at EventEmitter.error (src/services/verificationService.js:45:15)
      at EventEmitter.silentEmit (node_modules/ioredis/built/Redis.js:529:30)
      at Socket.<anonymous> (node_modules/ioredis/built/redis/event_handler.js:221:14)

  console.error
    [VerificationService] Redis 杩炴帴閿欒锛屼娇鐢ㄦ湰鍦板瓨鍌?

    [0m [90m 43 |[39m     
     [90m 44 |[39m     redisClient[33m.[39mon([32m'error'[39m[33m,[39m (err) [33m=>[39m {
    [31m[1m>[22m[39m[90m 45 |[39m       console[33m.[39merror([32m'[VerificationService] Redis 杩炴帴閿欒锛屼娇鐢ㄦ湰鍦板瓨鍌?'[39m[33m,[39m err[33m.[39mmessage)[33m;[39m
     [90m    |[39m               [31m[1m^[22m[39m
     [90m 46 |[39m       redisClient [33m=[39m [36mnull[39m[33m;[39m
     [90m 47 |[39m     })[33m;[39m
     [90m 48 |[39m     [0m

      at EventEmitter.error (src/services/verificationService.js:45:15)
      at EventEmitter.silentEmit (node_modules/ioredis/built/Redis.js:529:30)
      at Socket.<anonymous> (node_modules/ioredis/built/redis/event_handler.js:221:14)

  console.error
    [VerificationService] Redis 杩炴帴閿欒锛屼娇鐢ㄦ湰鍦板瓨鍌?

    [0m [90m 43 |[39m     
     [90m 44 |[39m     redisClient[33m.[39mon([32m'error'[39m[33m,[39m (err) [33m=>[39m {
    [31m[1m>[22m[39m[90m 45 |[39m       console[33m.[39merror([32m'[VerificationService] Redis 杩炴帴閿欒锛屼娇鐢ㄦ湰鍦板瓨鍌?'[39m[33m,[39m err[33m.[39mmessage)[33m;[39m
     [90m    |[39m               [31m[1m^[22m[39m
     [90m 46 |[39m       redisClient [33m=[39m [36mnull[39m[33m;[39m
     [90m 47 |[39m     })[33m;[39m
     [90m 48 |[39m     [0m

      at EventEmitter.error (src/services/verificationService.js:45:15)
      at EventEmitter.silentEmit (node_modules/ioredis/built/Redis.js:529:30)
      at Socket.<anonymous> (node_modules/ioredis/built/redis/event_handler.js:221:14)

  console.error
    [VerificationService] Redis 杩炴帴閿欒锛屼娇鐢ㄦ湰鍦板瓨鍌?

    [0m [90m 43 |[39m     
     [90m 44 |[39m     redisClient[33m.[39mon([32m'error'[39m[33m,[39m (err) [33m=>[39m {
    [31m[1m>[22m[39m[90m 45 |[39m       console[33m.[39merror([32m'[VerificationService] Redis 杩炴帴閿欒锛屼娇鐢ㄦ湰鍦板瓨鍌?'[39m[33m,[39m err[33m.[39mmessage)[33m;[39m
     [90m    |[39m               [31m[1m^[22m[39m
     [90m 46 |[39m       redisClient [33m=[39m [36mnull[39m[33m;[39m
     [90m 47 |[39m     })[33m;[39m
     [90m 48 |[39m     [0m

      at EventEmitter.error (src/services/verificationService.js:45:15)
      at EventEmitter.silentEmit (node_modules/ioredis/built/Redis.js:529:30)
      at Socket.<anonymous> (node_modules/ioredis/built/redis/event_handler.js:221:14)

  console.error
    [VerificationService] Redis 杩炴帴閿欒锛屼娇鐢ㄦ湰鍦板瓨鍌?

    [0m [90m 43 |[39m     
     [90m 44 |[39m     redisClient[33m.[39mon([32m'error'[39m[33m,[39m (err) [33m=>[39m {
    [31m[1m>[22m[39m[90m 45 |[39m       console[33m.[39merror([32m'[VerificationService] Redis 杩炴帴閿欒锛屼娇鐢ㄦ湰鍦板瓨鍌?'[39m[33m,[39m err[33m.[39mmessage)[33m;[39m
     [90m    |[39m               [31m[1m^[22m[39m
     [90m 46 |[39m       redisClient [33m=[39m [36mnull[39m[33m;[39m
     [90m 47 |[39m     })[33m;[39m
     [90m 48 |[39m     [0m

      at EventEmitter.error (src/services/verificationService.js:45:15)
      at EventEmitter.silentEmit (node_modules/ioredis/built/Redis.js:529:30)
      at Socket.<anonymous> (node_modules/ioredis/built/redis/event_handler.js:221:14)

  console.error
    [VerificationService] Redis 杩炴帴閿欒锛屼娇鐢ㄦ湰鍦板瓨鍌?

    [0m [90m 43 |[39m     
     [90m 44 |[39m     redisClient[33m.[39mon([32m'error'[39m[33m,[39m (err) [33m=>[39m {
    [31m[1m>[22m[39m[90m 45 |[39m       console[33m.[39merror([32m'[VerificationService] Redis 杩炴帴閿欒锛屼娇鐢ㄦ湰鍦板瓨鍌?'[39m[33m,[39m err[33m.[39mmessage)[33m;[39m
     [90m    |[39m               [31m[1m^[22m[39m
     [90m 46 |[39m       redisClient [33m=[39m [36mnull[39m[33m;[39m
     [90m 47 |[39m     })[33m;[39m
     [90m 48 |[39m     [0m

      at EventEmitter.error (src/services/verificationService.js:45:15)
      at EventEmitter.silentEmit (node_modules/ioredis/built/Redis.js:529:30)
      at Socket.<anonymous> (node_modules/ioredis/built/redis/event_handler.js:221:14)

  console.error
    [VerificationService] Redis 杩炴帴閿欒锛屼娇鐢ㄦ湰鍦板瓨鍌?

    [0m [90m 43 |[39m     
     [90m 44 |[39m     redisClient[33m.[39mon([32m'error'[39m[33m,[39m (err) [33m=>[39m {
    [31m[1m>[22m[39m[90m 45 |[39m       console[33m.[39merror([32m'[VerificationService] Redis 杩炴帴閿欒锛屼娇鐢ㄦ湰鍦板瓨鍌?'[39m[33m,[39m err[33m.[39mmessage)[33m;[39m
     [90m    |[39m               [31m[1m^[22m[39m
     [90m 46 |[39m       redisClient [33m=[39m [36mnull[39m[33m;[39m
     [90m 47 |[39m     })[33m;[39m
     [90m 48 |[39m     [0m

      at EventEmitter.error (src/services/verificationService.js:45:15)
      at EventEmitter.silentEmit (node_modules/ioredis/built/Redis.js:529:30)
      at Socket.<anonymous> (node_modules/ioredis/built/redis/event_handler.js:221:14)

  console.error
    [VerificationService] Redis 杩炴帴閿欒锛屼娇鐢ㄦ湰鍦板瓨鍌?

    [0m [90m 43 |[39m     
     [90m 44 |[39m     redisClient[33m.[39mon([32m'error'[39m[33m,[39m (err) [33m=>[39m {
    [31m[1m>[22m[39m[90m 45 |[39m       console[33m.[39merror([32m'[VerificationService] Redis 杩炴帴閿欒锛屼娇鐢ㄦ湰鍦板瓨鍌?'[39m[33m,[39m err[33m.[39mmessage)[33m;[39m
     [90m    |[39m               [31m[1m^[22m[39m
     [90m 46 |[39m       redisClient [33m=[39m [36mnull[39m[33m;[39m
     [90m 47 |[39m     })[33m;[39m
     [90m 48 |[39m     [0m

      at EventEmitter.error (src/services/verificationService.js:45:15)
      at EventEmitter.silentEmit (node_modules/ioredis/built/Redis.js:529:30)
      at Socket.<anonymous> (node_modules/ioredis/built/redis/event_handler.js:221:14)

  console.error
    [VerificationService] Redis 杩炴帴閿欒锛屼娇鐢ㄦ湰鍦板瓨鍌?

    [0m [90m 43 |[39m     
     [90m 44 |[39m     redisClient[33m.[39mon([32m'error'[39m[33m,[39m (err) [33m=>[39m {
    [31m[1m>[22m[39m[90m 45 |[39m       console[33m.[39merror([32m'[VerificationService] Redis 杩炴帴閿欒锛屼娇鐢ㄦ湰鍦板瓨鍌?'[39m[33m,[39m err[33m.[39mmessage)[33m;[39m
     [90m    |[39m               [31m[1m^[22m[39m
     [90m 46 |[39m       redisClient [33m=[39m [36mnull[39m[33m;[39m
     [90m 47 |[39m     })[33m;[39m
     [90m 48 |[39m     [0m

      at EventEmitter.error (src/services/verificationService.js:45:15)
      at EventEmitter.silentEmit (node_modules/ioredis/built/Redis.js:529:30)
      at Socket.<anonymous> (node_modules/ioredis/built/redis/event_handler.js:221:14)

  console.error
    [VerificationService] Redis 杩炴帴閿欒锛屼娇鐢ㄦ湰鍦板瓨鍌?

    [0m [90m 43 |[39m     
     [90m 44 |[39m     redisClient[33m.[39mon([32m'error'[39m[33m,[39m (err) [33m=>[39m {
    [31m[1m>[22m[39m[90m 45 |[39m       console[33m.[39merror([32m'[VerificationService] Redis 杩炴帴閿欒锛屼娇鐢ㄦ湰鍦板瓨鍌?'[39m[33m,[39m err[33m.[39mmessage)[33m;[39m
     [90m    |[39m               [31m[1m^[22m[39m
     [90m 46 |[39m       redisClient [33m=[39m [36mnull[39m[33m;[39m
     [90m 47 |[39m     })[33m;[39m
     [90m 48 |[39m     [0m

      at EventEmitter.error (src/services/verificationService.js:45:15)
      at EventEmitter.silentEmit (node_modules/ioredis/built/Redis.js:529:30)
      at Socket.<anonymous> (node_modules/ioredis/built/redis/event_handler.js:221:14)

  console.error
    [VerificationService] Redis 杩炴帴閿欒锛屼娇鐢ㄦ湰鍦板瓨鍌?

    [0m [90m 43 |[39m     
     [90m 44 |[39m     redisClient[33m.[39mon([32m'error'[39m[33m,[39m (err) [33m=>[39m {
    [31m[1m>[22m[39m[90m 45 |[39m       console[33m.[39merror([32m'[VerificationService] Redis 杩炴帴閿欒锛屼娇鐢ㄦ湰鍦板瓨鍌?'[39m[33m,[39m err[33m.[39mmessage)[33m;[39m
     [90m    |[39m               [31m[1m^[22m[39m
     [90m 46 |[39m       redisClient [33m=[39m [36mnull[39m[33m;[39m
     [90m 47 |[39m     })[33m;[39m
     [90m 48 |[39m     [0m

      at EventEmitter.error (src/services/verificationService.js:45:15)
      at EventEmitter.silentEmit (node_modules/ioredis/built/Redis.js:529:30)
      at Socket.<anonymous> (node_modules/ioredis/built/redis/event_handler.js:221:14)

  console.error
    [VerificationService] Redis 杩炴帴閿欒锛屼娇鐢ㄦ湰鍦板瓨鍌?

    [0m [90m 43 |[39m     
     [90m 44 |[39m     redisClient[33m.[39mon([32m'error'[39m[33m,[39m (err) [33m=>[39m {
    [31m[1m>[22m[39m[90m 45 |[39m       console[33m.[39merror([32m'[VerificationService] Redis 杩炴帴閿欒锛屼娇鐢ㄦ湰鍦板瓨鍌?'[39m[33m,[39m err[33m.[39mmessage)[33m;[39m
     [90m    |[39m               [31m[1m^[22m[39m
     [90m 46 |[39m       redisClient [33m=[39m [36mnull[39m[33m;[39m
     [90m 47 |[39m     })[33m;[39m
     [90m 48 |[39m     [0m

      at EventEmitter.error (src/services/verificationService.js:45:15)
      at EventEmitter.silentEmit (node_modules/ioredis/built/Redis.js:529:30)
      at Socket.<anonymous> (node_modules/ioredis/built/redis/event_handler.js:221:14)

  console.error
    [VerificationService] Redis 杩炴帴閿欒锛屼娇鐢ㄦ湰鍦板瓨鍌?

    [0m [90m 43 |[39m     
     [90m 44 |[39m     redisClient[33m.[39mon([32m'error'[39m[33m,[39m (err) [33m=>[39m {
    [31m[1m>[22m[39m[90m 45 |[39m       console[33m.[39merror([32m'[VerificationService] Redis 杩炴帴閿欒锛屼娇鐢ㄦ湰鍦板瓨鍌?'[39m[33m,[39m err[33m.[39mmessage)[33m;[39m
     [90m    |[39m               [31m[1m^[22m[39m
     [90m 46 |[39m       redisClient [33m=[39m [36mnull[39m[33m;[39m
     [90m 47 |[39m     })[33m;[39m
     [90m 48 |[39m     [0m

      at EventEmitter.error (src/services/verificationService.js:45:15)
      at EventEmitter.silentEmit (node_modules/ioredis/built/Redis.js:529:30)
      at Socket.<anonymous> (node_modules/ioredis/built/redis/event_handler.js:221:14)

  console.error
    [VerificationService] Redis 杩炴帴閿欒锛屼娇鐢ㄦ湰鍦板瓨鍌?

    [0m [90m 43 |[39m     
     [90m 44 |[39m     redisClient[33m.[39mon([32m'error'[39m[33m,[39m (err) [33m=>[39m {
    [31m[1m>[22m[39m[90m 45 |[39m       console[33m.[39merror([32m'[VerificationService] Redis 杩炴帴閿欒锛屼娇鐢ㄦ湰鍦板瓨鍌?'[39m[33m,[39m err[33m.[39mmessage)[33m;[39m
     [90m    |[39m               [31m[1m^[22m[39m
     [90m 46 |[39m       redisClient [33m=[39m [36mnull[39m[33m;[39m
     [90m 47 |[39m     })[33m;[39m
     [90m 48 |[39m     [0m

      at EventEmitter.error (src/services/verificationService.js:45:15)
      at EventEmitter.silentEmit (node_modules/ioredis/built/Redis.js:529:30)
      at Socket.<anonymous> (node_modules/ioredis/built/redis/event_handler.js:221:14)

  console.error
    [VerificationService] Redis 杩炴帴閿欒锛屼娇鐢ㄦ湰鍦板瓨鍌?

    [0m [90m 43 |[39m     
     [90m 44 |[39m     redisClient[33m.[39mon([32m'error'[39m[33m,[39m (err) [33m=>[39m {
    [31m[1m>[22m[39m[90m 45 |[39m       console[33m.[39merror([32m'[VerificationService] Redis 杩炴帴閿欒锛屼娇鐢ㄦ湰鍦板瓨鍌?'[39m[33m,[39m err[33m.[39mmessage)[33m;[39m
     [90m    |[39m               [31m[1m^[22m[39m
     [90m 46 |[39m       redisClient [33m=[39m [36mnull[39m[33m;[39m
     [90m 47 |[39m     })[33m;[39m
     [90m 48 |[39m     [0m

      at EventEmitter.error (src/services/verificationService.js:45:15)
      at EventEmitter.silentEmit (node_modules/ioredis/built/Redis.js:529:30)
      at Socket.<anonymous> (node_modules/ioredis/built/redis/event_handler.js:221:14)

  console.error
    [VerificationService] Redis 杩炴帴閿欒锛屼娇鐢ㄦ湰鍦板瓨鍌?

    [0m [90m 43 |[39m     
     [90m 44 |[39m     redisClient[33m.[39mon([32m'error'[39m[33m,[39m (err) [33m=>[39m {
    [31m[1m>[22m[39m[90m 45 |[39m       console[33m.[39merror([32m'[VerificationService] Redis 杩炴帴閿欒锛屼娇鐢ㄦ湰鍦板瓨鍌?'[39m[33m,[39m err[33m.[39mmessage)[33m;[39m
     [90m    |[39m               [31m[1m^[22m[39m
     [90m 46 |[39m       redisClient [33m=[39m [36mnull[39m[33m;[39m
     [90m 47 |[39m     })[33m;[39m
     [90m 48 |[39m     [0m

      at EventEmitter.error (src/services/verificationService.js:45:15)
      at EventEmitter.silentEmit (node_modules/ioredis/built/Redis.js:529:30)
      at Socket.<anonymous> (node_modules/ioredis/built/redis/event_handler.js:221:14)

  console.error
    [VerificationService] Redis 杩炴帴閿欒锛屼娇鐢ㄦ湰鍦板瓨鍌?

    [0m [90m 43 |[39m     
     [90m 44 |[39m     redisClient[33m.[39mon([32m'error'[39m[33m,[39m (err) [33m=>[39m {
    [31m[1m>[22m[39m[90m 45 |[39m       console[33m.[39merror([32m'[VerificationService] Redis 杩炴帴閿欒锛屼娇鐢ㄦ湰鍦板瓨鍌?'[39m[33m,[39m err[33m.[39mmessage)[33m;[39m
     [90m    |[39m               [31m[1m^[22m[39m
     [90m 46 |[39m       redisClient [33m=[39m [36mnull[39m[33m;[39m
     [90m 47 |[39m     })[33m;[39m
     [90m 48 |[39m     [0m

      at EventEmitter.error (src/services/verificationService.js:45:15)
      at EventEmitter.silentEmit (node_modules/ioredis/built/Redis.js:529:30)
      at Socket.<anonymous> (node_modules/ioredis/built/redis/event_handler.js:221:14)

  console.error
    [VerificationService] Redis 杩炴帴閿欒锛屼娇鐢ㄦ湰鍦板瓨鍌?

    [0m [90m 43 |[39m     
     [90m 44 |[39m     redisClient[33m.[39mon([32m'error'[39m[33m,[39m (err) [33m=>[39m {
    [31m[1m>[22m[39m[90m 45 |[39m       console[33m.[39merror([32m'[VerificationService] Redis 杩炴帴閿欒锛屼娇鐢ㄦ湰鍦板瓨鍌?'[39m[33m,[39m err[33m.[39mmessage)[33m;[39m
     [90m    |[39m               [31m[1m^[22m[39m
     [90m 46 |[39m       redisClient [33m=[39m [36mnull[39m[33m;[39m
     [90m 47 |[39m     })[33m;[39m
     [90m 48 |[39m     [0m

      at EventEmitter.error (src/services/verificationService.js:45:15)
      at EventEmitter.silentEmit (node_modules/ioredis/built/Redis.js:529:30)
      at Socket.<anonymous> (node_modules/ioredis/built/redis/event_handler.js:221:14)

  console.error
    [VerificationService] Redis 杩炴帴閿欒锛屼娇鐢ㄦ湰鍦板瓨鍌?

    [0m [90m 43 |[39m     
     [90m 44 |[39m     redisClient[33m.[39mon([32m'error'[39m[33m,[39m (err) [33m=>[39m {
    [31m[1m>[22m[39m[90m 45 |[39m       console[33m.[39merror([32m'[VerificationService] Redis 杩炴帴閿欒锛屼娇鐢ㄦ湰鍦板瓨鍌?'[39m[33m,[39m err[33m.[39mmessage)[33m;[39m
     [90m    |[39m               [31m[1m^[22m[39m
     [90m 46 |[39m       redisClient [33m=[39m [36mnull[39m[33m;[39m
     [90m 47 |[39m     })[33m;[39m
     [90m 48 |[39m     [0m

      at EventEmitter.error (src/services/verificationService.js:45:15)
      at EventEmitter.silentEmit (node_modules/ioredis/built/Redis.js:529:30)
      at Socket.<anonymous> (node_modules/ioredis/built/redis/event_handler.js:221:14)

  console.error
    [VerificationService] Redis 杩炴帴閿欒锛屼娇鐢ㄦ湰鍦板瓨鍌?

    [0m [90m 43 |[39m     
     [90m 44 |[39m     redisClient[33m.[39mon([32m'error'[39m[33m,[39m (err) [33m=>[39m {
    [31m[1m>[22m[39m[90m 45 |[39m       console[33m.[39merror([32m'[VerificationService] Redis 杩炴帴閿欒锛屼娇鐢ㄦ湰鍦板瓨鍌?'[39m[33m,[39m err[33m.[39mmessage)[33m;[39m
     [90m    |[39m               [31m[1m^[22m[39m
     [90m 46 |[39m       redisClient [33m=[39m [36mnull[39m[33m;[39m
     [90m 47 |[39m     })[33m;[39m
     [90m 48 |[39m     [0m

      at EventEmitter.error (src/services/verificationService.js:45:15)
      at EventEmitter.silentEmit (node_modules/ioredis/built/Redis.js:529:30)
      at Socket.<anonymous> (node_modules/ioredis/built/redis/event_handler.js:221:14)

  console.error
    [VerificationService] Redis 杩炴帴閿欒锛屼娇鐢ㄦ湰鍦板瓨鍌?

    [0m [90m 43 |[39m     
     [90m 44 |[39m     redisClient[33m.[39mon([32m'error'[39m[33m,[39m (err) [33m=>[39m {
    [31m[1m>[22m[39m[90m 45 |[39m       console[33m.[39merror([32m'[VerificationService] Redis 杩炴帴閿欒锛屼娇鐢ㄦ湰鍦板瓨鍌?'[39m[33m,[39m err[33m.[39mmessage)[33m;[39m
     [90m    |[39m               [31m[1m^[22m[39m
     [90m 46 |[39m       redisClient [33m=[39m [36mnull[39m[33m;[39m
     [90m 47 |[39m     })[33m;[39m
     [90m 48 |[39m     [0m

      at EventEmitter.error (src/services/verificationService.js:45:15)
      at EventEmitter.silentEmit (node_modules/ioredis/built/Redis.js:529:30)
      at Socket.<anonymous> (node_modules/ioredis/built/redis/event_handler.js:221:14)

  console.error
    [VerificationService] Redis 杩炴帴閿欒锛屼娇鐢ㄦ湰鍦板瓨鍌?

    [0m [90m 43 |[39m     
     [90m 44 |[39m     redisClient[33m.[39mon([32m'error'[39m[33m,[39m (err) [33m=>[39m {
    [31m[1m>[22m[39m[90m 45 |[39m       console[33m.[39merror([32m'[VerificationService] Redis 杩炴帴閿欒锛屼娇鐢ㄦ湰鍦板瓨鍌?'[39m[33m,[39m err[33m.[39mmessage)[33m;[39m
     [90m    |[39m               [31m[1m^[22m[39m
     [90m 46 |[39m       redisClient [33m=[39m [36mnull[39m[33m;[39m
     [90m 47 |[39m     })[33m;[39m
     [90m 48 |[39m     [0m

      at EventEmitter.error (src/services/verificationService.js:45:15)
      at EventEmitter.silentEmit (node_modules/ioredis/built/Redis.js:529:30)
      at Socket.<anonymous> (node_modules/ioredis/built/redis/event_handler.js:221:14)

  console.error
    [VerificationService] Redis 杩炴帴閿欒锛屼娇鐢ㄦ湰鍦板瓨鍌?

    [0m [90m 43 |[39m     
     [90m 44 |[39m     redisClient[33m.[39mon([32m'error'[39m[33m,[39m (err) [33m=>[39m {
    [31m[1m>[22m[39m[90m 45 |[39m       console[33m.[39merror([32m'[VerificationService] Redis 杩炴帴閿欒锛屼娇鐢ㄦ湰鍦板瓨鍌?'[39m[33m,[39m err[33m.[39mmessage)[33m;[39m
     [90m    |[39m               [31m[1m^[22m[39m
     [90m 46 |[39m       redisClient [33m=[39m [36mnull[39m[33m;[39m
     [90m 47 |[39m     })[33m;[39m
     [90m 48 |[39m     [0m

      at EventEmitter.error (src/services/verificationService.js:45:15)
      at EventEmitter.silentEmit (node_modules/ioredis/built/Redis.js:529:30)
      at Socket.<anonymous> (node_modules/ioredis/built/redis/event_handler.js:221:14)

  console.error
    [VerificationService] Redis 杩炴帴閿欒锛屼娇鐢ㄦ湰鍦板瓨鍌?

    [0m [90m 43 |[39m     
     [90m 44 |[39m     redisClient[33m.[39mon([32m'error'[39m[33m,[39m (err) [33m=>[39m {
    [31m[1m>[22m[39m[90m 45 |[39m       console[33m.[39merror([32m'[VerificationService] Redis 杩炴帴閿欒锛屼娇鐢ㄦ湰鍦板瓨鍌?'[39m[33m,[39m err[33m.[39mmessage)[33m;[39m
     [90m    |[39m               [31m[1m^[22m[39m
     [90m 46 |[39m       redisClient [33m=[39m [36mnull[39m[33m;[39m
     [90m 47 |[39m     })[33m;[39m
     [90m 48 |[39m     [0m

      at EventEmitter.error (src/services/verificationService.js:45:15)
      at EventEmitter.silentEmit (node_modules/ioredis/built/Redis.js:529:30)
      at Socket.<anonymous> (node_modules/ioredis/built/redis/event_handler.js:221:14)

  console.error
    [VerificationService] Redis 杩炴帴閿欒锛屼娇鐢ㄦ湰鍦板瓨鍌?

    [0m [90m 43 |[39m     
     [90m 44 |[39m     redisClient[33m.[39mon([32m'error'[39m[33m,[39m (err) [33m=>[39m {
    [31m[1m>[22m[39m[90m 45 |[39m       console[33m.[39merror([32m'[VerificationService] Redis 杩炴帴閿欒锛屼娇鐢ㄦ湰鍦板瓨鍌?'[39m[33m,[39m err[33m.[39mmessage)[33m;[39m
     [90m    |[39m               [31m[1m^[22m[39m
     [90m 46 |[39m       redisClient [33m=[39m [36mnull[39m[33m;[39m
     [90m 47 |[39m     })[33m;[39m
     [90m 48 |[39m     [0m

      at EventEmitter.error (src/services/verificationService.js:45:15)
      at EventEmitter.silentEmit (node_modules/ioredis/built/Redis.js:529:30)
      at Socket.<anonymous> (node_modules/ioredis/built/redis/event_handler.js:221:14)

  console.error
    [VerificationService] Redis 杩炴帴閿欒锛屼娇鐢ㄦ湰鍦板瓨鍌?

    [0m [90m 43 |[39m     
     [90m 44 |[39m     redisClient[33m.[39mon([32m'error'[39m[33m,[39m (err) [33m=>[39m {
    [31m[1m>[22m[39m[90m 45 |[39m       console[33m.[39merror([32m'[VerificationService] Redis 杩炴帴閿欒锛屼娇鐢ㄦ湰鍦板瓨鍌?'[39m[33m,[39m err[33m.[39mmessage)[33m;[39m
     [90m    |[39m               [31m[1m^[22m[39m
     [90m 46 |[39m       redisClient [33m=[39m [36mnull[39m[33m;[39m
     [90m 47 |[39m     })[33m;[39m
     [90m 48 |[39m     [0m

      at EventEmitter.error (src/services/verificationService.js:45:15)
      at EventEmitter.silentEmit (node_modules/ioredis/built/Redis.js:529:30)
      at Socket.<anonymous> (node_modules/ioredis/built/redis/event_handler.js:221:14)

  console.error
    [VerificationService] Redis 杩炴帴閿欒锛屼娇鐢ㄦ湰鍦板瓨鍌?

    [0m [90m 43 |[39m     
     [90m 44 |[39m     redisClient[33m.[39mon([32m'error'[39m[33m,[39m (err) [33m=>[39m {
    [31m[1m>[22m[39m[90m 45 |[39m       console[33m.[39merror([32m'[VerificationService] Redis 杩炴帴閿欒锛屼娇鐢ㄦ湰鍦板瓨鍌?'[39m[33m,[39m err[33m.[39mmessage)[33m;[39m
     [90m    |[39m               [31m[1m^[22m[39m
     [90m 46 |[39m       redisClient [33m=[39m [36mnull[39m[33m;[39m
     [90m 47 |[39m     })[33m;[39m
     [90m 48 |[39m     [0m

      at EventEmitter.error (src/services/verificationService.js:45:15)
      at EventEmitter.silentEmit (node_modules/ioredis/built/Redis.js:529:30)
      at Socket.<anonymous> (node_modules/ioredis/built/redis/event_handler.js:221:14)

  console.error
    [VerificationService] Redis 杩炴帴閿欒锛屼娇鐢ㄦ湰鍦板瓨鍌?

    [0m [90m 43 |[39m     
     [90m 44 |[39m     redisClient[33m.[39mon([32m'error'[39m[33m,[39m (err) [33m=>[39m {
    [31m[1m>[22m[39m[90m 45 |[39m       console[33m.[39merror([32m'[VerificationService] Redis 杩炴帴閿欒锛屼娇鐢ㄦ湰鍦板瓨鍌?'[39m[33m,[39m err[33m.[39mmessage)[33m;[39m
     [90m    |[39m               [31m[1m^[22m[39m
     [90m 46 |[39m       redisClient [33m=[39m [36mnull[39m[33m;[39m
     [90m 47 |[39m     })[33m;[39m
     [90m 48 |[39m     [0m

      at EventEmitter.error (src/services/verificationService.js:45:15)
      at EventEmitter.silentEmit (node_modules/ioredis/built/Redis.js:529:30)
      at Socket.<anonymous> (node_modules/ioredis/built/redis/event_handler.js:221:14)

  console.error
    [VerificationService] Redis 杩炴帴閿欒锛屼娇鐢ㄦ湰鍦板瓨鍌?

    [0m [90m 43 |[39m     
     [90m 44 |[39m     redisClient[33m.[39mon([32m'error'[39m[33m,[39m (err) [33m=>[39m {
    [31m[1m>[22m[39m[90m 45 |[39m       console[33m.[39merror([32m'[VerificationService] Redis 杩炴帴閿欒锛屼娇鐢ㄦ湰鍦板瓨鍌?'[39m[33m,[39m err[33m.[39mmessage)[33m;[39m
     [90m    |[39m               [31m[1m^[22m[39m
     [90m 46 |[39m       redisClient [33m=[39m [36mnull[39m[33m;[39m
     [90m 47 |[39m     })[33m;[39m
     [90m 48 |[39m     [0m

      at EventEmitter.error (src/services/verificationService.js:45:15)
      at EventEmitter.silentEmit (node_modules/ioredis/built/Redis.js:529:30)
      at Socket.<anonymous> (node_modules/ioredis/built/redis/event_handler.js:221:14)

  console.error
    [VerificationService] Redis 杩炴帴閿欒锛屼娇鐢ㄦ湰鍦板瓨鍌?

    [0m [90m 43 |[39m     
     [90m 44 |[39m     redisClient[33m.[39mon([32m'error'[39m[33m,[39m (err) [33m=>[39m {
    [31m[1m>[22m[39m[90m 45 |[39m       console[33m.[39merror([32m'[VerificationService] Redis 杩炴帴閿欒锛屼娇鐢ㄦ湰鍦板瓨鍌?'[39m[33m,[39m err[33m.[39mmessage)[33m;[39m
     [90m    |[39m               [31m[1m^[22m[39m
     [90m 46 |[39m       redisClient [33m=[39m [36mnull[39m[33m;[39m
     [90m 47 |[39m     })[33m;[39m
     [90m 48 |[39m     [0m

      at EventEmitter.error (src/services/verificationService.js:45:15)
      at EventEmitter.silentEmit (node_modules/ioredis/built/Redis.js:529:30)
      at Socket.<anonymous> (node_modules/ioredis/built/redis/event_handler.js:221:14)

  console.error
    [VerificationService] Redis 杩炴帴閿欒锛屼娇鐢ㄦ湰鍦板瓨鍌?

    [0m [90m 43 |[39m     
     [90m 44 |[39m     redisClient[33m.[39mon([32m'error'[39m[33m,[39m (err) [33m=>[39m {
    [31m[1m>[22m[39m[90m 45 |[39m       console[33m.[39merror([32m'[VerificationService] Redis 杩炴帴閿欒锛屼娇鐢ㄦ湰鍦板瓨鍌?'[39m[33m,[39m err[33m.[39mmessage)[33m;[39m
     [90m    |[39m               [31m[1m^[22m[39m
     [90m 46 |[39m       redisClient [33m=[39m [36mnull[39m[33m;[39m
     [90m 47 |[39m     })[33m;[39m
     [90m 48 |[39m     [0m

      at EventEmitter.error (src/services/verificationService.js:45:15)
      at EventEmitter.silentEmit (node_modules/ioredis/built/Redis.js:529:30)
      at Socket.<anonymous> (node_modules/ioredis/built/redis/event_handler.js:221:14)

  console.error
    [VerificationService] Redis 杩炴帴閿欒锛屼娇鐢ㄦ湰鍦板瓨鍌?

    [0m [90m 43 |[39m     
     [90m 44 |[39m     redisClient[33m.[39mon([32m'error'[39m[33m,[39m (err) [33m=>[39m {
    [31m[1m>[22m[39m[90m 45 |[39m       console[33m.[39merror([32m'[VerificationService] Redis 杩炴帴閿欒锛屼娇鐢ㄦ湰鍦板瓨鍌?'[39m[33m,[39m err[33m.[39mmessage)[33m;[39m
     [90m    |[39m               [31m[1m^[22m[39m
     [90m 46 |[39m       redisClient [33m=[39m [36mnull[39m[33m;[39m
     [90m 47 |[39m     })[33m;[39m
     [90m 48 |[39m     [0m

      at EventEmitter.error (src/services/verificationService.js:45:15)
      at EventEmitter.silentEmit (node_modules/ioredis/built/Redis.js:529:30)
      at Socket.<anonymous> (node_modules/ioredis/built/redis/event_handler.js:221:14)

  console.error
    [VerificationService] Redis 杩炴帴閿欒锛屼娇鐢ㄦ湰鍦板瓨鍌?

    [0m [90m 43 |[39m     
     [90m 44 |[39m     redisClient[33m.[39mon([32m'error'[39m[33m,[39m (err) [33m=>[39m {
    [31m[1m>[22m[39m[90m 45 |[39m       console[33m.[39merror([32m'[VerificationService] Redis 杩炴帴閿欒锛屼娇鐢ㄦ湰鍦板瓨鍌?'[39m[33m,[39m err[33m.[39mmessage)[33m;[39m
     [90m    |[39m               [31m[1m^[22m[39m
     [90m 46 |[39m       redisClient [33m=[39m [36mnull[39m[33m;[39m
     [90m 47 |[39m     })[33m;[39m
     [90m 48 |[39m     [0m

      at EventEmitter.error (src/services/verificationService.js:45:15)
      at EventEmitter.silentEmit (node_modules/ioredis/built/Redis.js:529:30)
      at Socket.<anonymous> (node_modules/ioredis/built/redis/event_handler.js:221:14)

  console.error
    [VerificationService] 楠岃瘉楠岃瘉鐮佸け璐? Reached the max retries per request limit (which is 20). Refer to "maxRetriesPerRequest" option for details.

    [0m [90m 196 |[39m     }
     [90m 197 |[39m   } [36mcatch[39m (error) {
    [31m[1m>[22m[39m[90m 198 |[39m     console[33m.[39merror([32m'[VerificationService] 楠岃瘉楠岃瘉鐮佸け璐?'[39m[33m,[39m error[33m.[39mmessage)[33m;[39m
     [90m     |[39m             [31m[1m^[22m[39m
     [90m 199 |[39m     [90m// 澶辫触鏃跺皾璇曟湰鍦板瓨鍌?[39m
     [90m 200 |[39m     [36mconst[39m stored [33m=[39m verificationCodeMap[33m.[39m[36mget[39m(key)[33m;[39m
     [90m 201 |[39m     [36mif[39m (stored [33m&&[39m stored[33m.[39mcode [33m===[39m code [33m&&[39m stored[33m.[39mexpiresAt [33m>[39m [33mDate[39m[33m.[39mnow()) {[0m

      at Object.error [as verifyCode] (src/services/verificationService.js:198:13)
      at Object.<anonymous> (tests/services-comprehensive.test.js:74:23)

  console.error
    [VerificationService] Redis 杩炴帴閿欒锛屼娇鐢ㄦ湰鍦板瓨鍌?

    [0m [90m 43 |[39m     
     [90m 44 |[39m     redisClient[33m.[39mon([32m'error'[39m[33m,[39m (err) [33m=>[39m {
    [31m[1m>[22m[39m[90m 45 |[39m       console[33m.[39merror([32m'[VerificationService] Redis 杩炴帴閿欒锛屼娇鐢ㄦ湰鍦板瓨鍌?'[39m[33m,[39m err[33m.[39mmessage)[33m;[39m
     [90m    |[39m               [31m[1m^[22m[39m
     [90m 46 |[39m       redisClient [33m=[39m [36mnull[39m[33m;[39m
     [90m 47 |[39m     })[33m;[39m
     [90m 48 |[39m     [0m

      at EventEmitter.error (src/services/verificationService.js:45:15)
      at EventEmitter.silentEmit (node_modules/ioredis/built/Redis.js:529:30)
      at Socket.<anonymous> (node_modules/ioredis/built/redis/event_handler.js:221:14)

  console.error
    [VerificationService] Redis 杩炴帴閿欒锛屼娇鐢ㄦ湰鍦板瓨鍌?

    [0m [90m 43 |[39m     
     [90m 44 |[39m     redisClient[33m.[39mon([32m'error'[39m[33m,[39m (err) [33m=>[39m {
    [31m[1m>[22m[39m[90m 45 |[39m       console[33m.[39merror([32m'[VerificationService] Redis 杩炴帴閿欒锛屼娇鐢ㄦ湰鍦板瓨鍌?'[39m[33m,[39m err[33m.[39mmessage)[33m;[39m
     [90m    |[39m               [31m[1m^[22m[39m
     [90m 46 |[39m       redisClient [33m=[39m [36mnull[39m[33m;[39m
     [90m 47 |[39m     })[33m;[39m
     [90m 48 |[39m     [0m

      at EventEmitter.error (src/services/verificationService.js:45:15)
      at EventEmitter.silentEmit (node_modules/ioredis/built/Redis.js:529:30)
      at Socket.<anonymous> (node_modules/ioredis/built/redis/event_handler.js:221:14)

  console.error
    [VerificationService] Redis 杩炴帴閿欒锛屼娇鐢ㄦ湰鍦板瓨鍌?

    [0m [90m 43 |[39m     
     [90m 44 |[39m     redisClient[33m.[39mon([32m'error'[39m[33m,[39m (err) [33m=>[39m {
    [31m[1m>[22m[39m[90m 45 |[39m       console[33m.[39merror([32m'[VerificationService] Redis 杩炴帴閿欒锛屼娇鐢ㄦ湰鍦板瓨鍌?'[39m[33m,[39m err[33m.[39mmessage)[33m;[39m
     [90m    |[39m               [31m[1m^[22m[39m
     [90m 46 |[39m       redisClient [33m=[39m [36mnull[39m[33m;[39m
     [90m 47 |[39m     })[33m;[39m
     [90m 48 |[39m     [0m

      at EventEmitter.error (src/services/verificationService.js:45:15)
      at EventEmitter.silentEmit (node_modules/ioredis/built/Redis.js:529:30)
      at Socket.<anonymous> (node_modules/ioredis/built/redis/event_handler.js:221:14)

  console.error
    [VerificationService] Redis 杩炴帴閿欒锛屼娇鐢ㄦ湰鍦板瓨鍌?

    [0m [90m 43 |[39m     
     [90m 44 |[39m     redisClient[33m.[39mon([32m'error'[39m[33m,[39m (err) [33m=>[39m {
    [31m[1m>[22m[39m[90m 45 |[39m       console[33m.[39merror([32m'[VerificationService] Redis 杩炴帴閿欒锛屼娇鐢ㄦ湰鍦板瓨鍌?'[39m[33m,[39m err[33m.[39mmessage)[33m;[39m
     [90m    |[39m               [31m[1m^[22m[39m
     [90m 46 |[39m       redisClient [33m=[39m [36mnull[39m[33m;[39m
     [90m 47 |[39m     })[33m;[39m
     [90m 48 |[39m     [0m

      at EventEmitter.error (src/services/verificationService.js:45:15)
      at EventEmitter.silentEmit (node_modules/ioredis/built/Redis.js:529:30)
      at Socket.<anonymous> (node_modules/ioredis/built/redis/event_handler.js:221:14)

  console.error
    [VerificationService] Redis 杩炴帴閿欒锛屼娇鐢ㄦ湰鍦板瓨鍌?

    [0m [90m 43 |[39m     
     [90m 44 |[39m     redisClient[33m.[39mon([32m'error'[39m[33m,[39m (err) [33m=>[39m {
    [31m[1m>[22m[39m[90m 45 |[39m       console[33m.[39merror([32m'[VerificationService] Redis 杩炴帴閿欒锛屼娇鐢ㄦ湰鍦板瓨鍌?'[39m[33m,[39m err[33m.[39mmessage)[33m;[39m
     [90m    |[39m               [31m[1m^[22m[39m
     [90m 46 |[39m       redisClient [33m=[39m [36mnull[39m[33m;[39m
     [90m 47 |[39m     })[33m;[39m
     [90m 48 |[39m     [0m

      at EventEmitter.error (src/services/verificationService.js:45:15)
      at EventEmitter.silentEmit (node_modules/ioredis/built/Redis.js:529:30)
      at Socket.<anonymous> (node_modules/ioredis/built/redis/event_handler.js:221:14)

  console.error
    [VerificationService] Redis 杩炴帴閿欒锛屼娇鐢ㄦ湰鍦板瓨鍌?

    [0m [90m 43 |[39m     
     [90m 44 |[39m     redisClient[33m.[39mon([32m'error'[39m[33m,[39m (err) [33m=>[39m {
    [31m[1m>[22m[39m[90m 45 |[39m       console[33m.[39merror([32m'[VerificationService] Redis 杩炴帴閿欒锛屼娇鐢ㄦ湰鍦板瓨鍌?'[39m[33m,[39m err[33m.[39mmessage)[33m;[39m
     [90m    |[39m               [31m[1m^[22m[39m
     [90m 46 |[39m       redisClient [33m=[39m [36mnull[39m[33m;[39m
     [90m 47 |[39m     })[33m;[39m
     [90m 48 |[39m     [0m

      at EventEmitter.error (src/services/verificationService.js:45:15)
      at EventEmitter.silentEmit (node_modules/ioredis/built/Redis.js:529:30)
      at Socket.<anonymous> (node_modules/ioredis/built/redis/event_handler.js:221:14)

  console.error
    [VerificationService] Redis 杩炴帴閿欒锛屼娇鐢ㄦ湰鍦板瓨鍌?

    [0m [90m 43 |[39m     
     [90m 44 |[39m     redisClient[33m.[39mon([32m'error'[39m[33m,[39m (err) [33m=>[39m {
    [31m[1m>[22m[39m[90m 45 |[39m       console[33m.[39merror([32m'[VerificationService] Redis 杩炴帴閿欒锛屼娇鐢ㄦ湰鍦板瓨鍌?'[39m[33m,[39m err[33m.[39mmessage)[33m;[39m
     [90m    |[39m               [31m[1m^[22m[39m
     [90m 46 |[39m       redisClient [33m=[39m [36mnull[39m[33m;[39m
     [90m 47 |[39m     })[33m;[39m
     [90m 48 |[39m     [0m

      at EventEmitter.error (src/services/verificationService.js:45:15)
      at EventEmitter.silentEmit (node_modules/ioredis/built/Redis.js:529:30)
      at Socket.<anonymous> (node_modules/ioredis/built/redis/event_handler.js:221:14)

  console.error
    [VerificationService] Redis 杩炴帴閿欒锛屼娇鐢ㄦ湰鍦板瓨鍌?

    [0m [90m 43 |[39m     
     [90m 44 |[39m     redisClient[33m.[39mon([32m'error'[39m[33m,[39m (err) [33m=>[39m {
    [31m[1m>[22m[39m[90m 45 |[39m       console[33m.[39merror([32m'[VerificationService] Redis 杩炴帴閿欒锛屼娇鐢ㄦ湰鍦板瓨鍌?'[39m[33m,[39m err[33m.[39mmessage)[33m;[39m
     [90m    |[39m               [31m[1m^[22m[39m
     [90m 46 |[39m       redisClient [33m=[39m [36mnull[39m[33m;[39m
     [90m 47 |[39m     })[33m;[39m
     [90m 48 |[39m     [0m

      at EventEmitter.error (src/services/verificationService.js:45:15)
      at EventEmitter.silentEmit (node_modules/ioredis/built/Redis.js:529:30)
      at Socket.<anonymous> (node_modules/ioredis/built/redis/event_handler.js:221:14)

  console.error
    [VerificationService] Redis 杩炴帴閿欒锛屼娇鐢ㄦ湰鍦板瓨鍌?

    [0m [90m 43 |[39m     
     [90m 44 |[39m     redisClient[33m.[39mon([32m'error'[39m[33m,[39m (err) [33m=>[39m {
    [31m[1m>[22m[39m[90m 45 |[39m       console[33m.[39merror([32m'[VerificationService] Redis 杩炴帴閿欒锛屼娇鐢ㄦ湰鍦板瓨鍌?'[39m[33m,[39m err[33m.[39mmessage)[33m;[39m
     [90m    |[39m               [31m[1m^[22m[39m
     [90m 46 |[39m       redisClient [33m=[39m [36mnull[39m[33m;[39m
     [90m 47 |[39m     })[33m;[39m
     [90m 48 |[39m     [0m

      at EventEmitter.error (src/services/verificationService.js:45:15)
      at EventEmitter.silentEmit (node_modules/ioredis/built/Redis.js:529:30)
      at Socket.<anonymous> (node_modules/ioredis/built/redis/event_handler.js:221:14)

  console.error
    [VerificationService] Redis 杩炴帴閿欒锛屼娇鐢ㄦ湰鍦板瓨鍌?

    [0m [90m 43 |[39m     
     [90m 44 |[39m     redisClient[33m.[39mon([32m'error'[39m[33m,[39m (err) [33m=>[39m {
    [31m[1m>[22m[39m[90m 45 |[39m       console[33m.[39merror([32m'[VerificationService] Redis 杩炴帴閿欒锛屼娇鐢ㄦ湰鍦板瓨鍌?'[39m[33m,[39m err[33m.[39mmessage)[33m;[39m
     [90m    |[39m               [31m[1m^[22m[39m
     [90m 46 |[39m       redisClient [33m=[39m [36mnull[39m[33m;[39m
     [90m 47 |[39m     })[33m;[39m
     [90m 48 |[39m     [0m

      at EventEmitter.error (src/services/verificationService.js:45:15)
      at EventEmitter.silentEmit (node_modules/ioredis/built/Redis.js:529:30)
      at Socket.<anonymous> (node_modules/ioredis/built/redis/event_handler.js:221:14)

  console.error
    [VerificationService] Redis 杩炴帴閿欒锛屼娇鐢ㄦ湰鍦板瓨鍌?

    [0m [90m 43 |[39m     
     [90m 44 |[39m     redisClient[33m.[39mon([32m'error'[39m[33m,[39m (err) [33m=>[39m {
    [31m[1m>[22m[39m[90m 45 |[39m       console[33m.[39merror([32m'[VerificationService] Redis 杩炴帴閿欒锛屼娇鐢ㄦ湰鍦板瓨鍌?'[39m[33m,[39m err[33m.[39mmessage)[33m;[39m
     [90m    |[39m               [31m[1m^[22m[39m
     [90m 46 |[39m       redisClient [33m=[39m [36mnull[39m[33m;[39m
     [90m 47 |[39m     })[33m;[39m
     [90m 48 |[39m     [0m

      at EventEmitter.error (src/services/verificationService.js:45:15)
      at EventEmitter.silentEmit (node_modules/ioredis/built/Redis.js:529:30)
      at Socket.<anonymous> (node_modules/ioredis/built/redis/event_handler.js:221:14)

  console.error
    [VerificationService] Redis 杩炴帴閿欒锛屼娇鐢ㄦ湰鍦板瓨鍌?

    [0m [90m 43 |[39m     
     [90m 44 |[39m     redisClient[33m.[39mon([32m'error'[39m[33m,[39m (err) [33m=>[39m {
    [31m[1m>[22m[39m[90m 45 |[39m       console[33m.[39merror([32m'[VerificationService] Redis 杩炴帴閿欒锛屼娇鐢ㄦ湰鍦板瓨鍌?'[39m[33m,[39m err[33m.[39mmessage)[33m;[39m
     [90m    |[39m               [31m[1m^[22m[39m
     [90m 46 |[39m       redisClient [33m=[39m [36mnull[39m[33m;[39m
     [90m 47 |[39m     })[33m;[39m
     [90m 48 |[39m     [0m

      at EventEmitter.error (src/services/verificationService.js:45:15)
      at EventEmitter.silentEmit (node_modules/ioredis/built/Redis.js:529:30)
      at Socket.<anonymous> (node_modules/ioredis/built/redis/event_handler.js:221:14)

  console.error
    [VerificationService] Redis 杩炴帴閿欒锛屼娇鐢ㄦ湰鍦板瓨鍌?

    [0m [90m 43 |[39m     
     [90m 44 |[39m     redisClient[33m.[39mon([32m'error'[39m[33m,[39m (err) [33m=>[39m {
    [31m[1m>[22m[39m[90m 45 |[39m       console[33m.[39merror([32m'[VerificationService] Redis 杩炴帴閿欒锛屼娇鐢ㄦ湰鍦板瓨鍌?'[39m[33m,[39m err[33m.[39mmessage)[33m;[39m
     [90m    |[39m               [31m[1m^[22m[39m
     [90m 46 |[39m       redisClient [33m=[39m [36mnull[39m[33m;[39m
     [90m 47 |[39m     })[33m;[39m
     [90m 48 |[39m     [0m

      at EventEmitter.error (src/services/verificationService.js:45:15)
      at EventEmitter.silentEmit (node_modules/ioredis/built/Redis.js:529:30)
      at Socket.<anonymous> (node_modules/ioredis/built/redis/event_handler.js:221:14)

  console.error
    [VerificationService] Redis 杩炴帴閿欒锛屼娇鐢ㄦ湰鍦板瓨鍌?

    [0m [90m 43 |[39m     
     [90m 44 |[39m     redisClient[33m.[39mon([32m'error'[39m[33m,[39m (err) [33m=>[39m {
    [31m[1m>[22m[39m[90m 45 |[39m       console[33m.[39merror([32m'[VerificationService] Redis 杩炴帴閿欒锛屼娇鐢ㄦ湰鍦板瓨鍌?'[39m[33m,[39m err[33m.[39mmessage)[33m;[39m
     [90m    |[39m               [31m[1m^[22m[39m
     [90m 46 |[39m       redisClient [33m=[39m [36mnull[39m[33m;[39m
     [90m 47 |[39m     })[33m;[39m
     [90m 48 |[39m     [0m

      at EventEmitter.error (src/services/verificationService.js:45:15)
      at EventEmitter.silentEmit (node_modules/ioredis/built/Redis.js:529:30)
      at Socket.<anonymous> (node_modules/ioredis/built/redis/event_handler.js:221:14)

  console.error
    [VerificationService] Redis 杩炴帴閿欒锛屼娇鐢ㄦ湰鍦板瓨鍌?

    [0m [90m 43 |[39m     
     [90m 44 |[39m     redisClient[33m.[39mon([32m'error'[39m[33m,[39m (err) [33m=>[39m {
    [31m[1m>[22m[39m[90m 45 |[39m       console[33m.[39merror([32m'[VerificationService] Redis 杩炴帴閿欒锛屼娇鐢ㄦ湰鍦板瓨鍌?'[39m[33m,[39m err[33m.[39mmessage)[33m;[39m
     [90m    |[39m               [31m[1m^[22m[39m
     [90m 46 |[39m       redisClient [33m=[39m [36mnull[39m[33m;[39m
     [90m 47 |[39m     })[33m;[39m
     [90m 48 |[39m     [0m

      at EventEmitter.error (src/services/verificationService.js:45:15)
      at EventEmitter.silentEmit (node_modules/ioredis/built/Redis.js:529:30)
      at Socket.<anonymous> (node_modules/ioredis/built/redis/event_handler.js:221:14)

  console.error
    [VerificationService] Redis 杩炴帴閿欒锛屼娇鐢ㄦ湰鍦板瓨鍌?

    [0m [90m 43 |[39m     
     [90m 44 |[39m     redisClient[33m.[39mon([32m'error'[39m[33m,[39m (err) [33m=>[39m {
    [31m[1m>[22m[39m[90m 45 |[39m       console[33m.[39merror([32m'[VerificationService] Redis 杩炴帴閿欒锛屼娇鐢ㄦ湰鍦板瓨鍌?'[39m[33m,[39m err[33m.[39mmessage)[33m;[39m
     [90m    |[39m               [31m[1m^[22m[39m
     [90m 46 |[39m       redisClient [33m=[39m [36mnull[39m[33m;[39m
     [90m 47 |[39m     })[33m;[39m
     [90m 48 |[39m     [0m

      at EventEmitter.error (src/services/verificationService.js:45:15)
      at EventEmitter.silentEmit (node_modules/ioredis/built/Redis.js:529:30)
      at Socket.<anonymous> (node_modules/ioredis/built/redis/event_handler.js:221:14)

  console.error
    [VerificationService] Redis 杩炴帴閿欒锛屼娇鐢ㄦ湰鍦板瓨鍌?

    [0m [90m 43 |[39m     
     [90m 44 |[39m     redisClient[33m.[39mon([32m'error'[39m[33m,[39m (err) [33m=>[39m {
    [31m[1m>[22m[39m[90m 45 |[39m       console[33m.[39merror([32m'[VerificationService] Redis 杩炴帴閿欒锛屼娇鐢ㄦ湰鍦板瓨鍌?'[39m[33m,[39m err[33m.[39mmessage)[33m;[39m
     [90m    |[39m               [31m[1m^[22m[39m
     [90m 46 |[39m       redisClient [33m=[39m [36mnull[39m[33m;[39m
     [90m 47 |[39m     })[33m;[39m
     [90m 48 |[39m     [0m

      at EventEmitter.error (src/services/verificationService.js:45:15)
      at EventEmitter.silentEmit (node_modules/ioredis/built/Redis.js:529:30)
      at Socket.<anonymous> (node_modules/ioredis/built/redis/event_handler.js:221:14)

  console.error
    [VerificationService] Redis 杩炴帴閿欒锛屼娇鐢ㄦ湰鍦板瓨鍌?

    [0m [90m 43 |[39m     
     [90m 44 |[39m     redisClient[33m.[39mon([32m'error'[39m[33m,[39m (err) [33m=>[39m {
    [31m[1m>[22m[39m[90m 45 |[39m       console[33m.[39merror([32m'[VerificationService] Redis 杩炴帴閿欒锛屼娇鐢ㄦ湰鍦板瓨鍌?'[39m[33m,[39m err[33m.[39mmessage)[33m;[39m
     [90m    |[39m               [31m[1m^[22m[39m
     [90m 46 |[39m       redisClient [33m=[39m [36mnull[39m[33m;[39m
     [90m 47 |[39m     })[33m;[39m
     [90m 48 |[39m     [0m

      at EventEmitter.error (src/services/verificationService.js:45:15)
      at EventEmitter.silentEmit (node_modules/ioredis/built/Redis.js:529:30)
      at Socket.<anonymous> (node_modules/ioredis/built/redis/event_handler.js:221:14)

  console.error
    [VerificationService] Redis 杩炴帴閿欒锛屼娇鐢ㄦ湰鍦板瓨鍌?

    [0m [90m 43 |[39m     
     [90m 44 |[39m     redisClient[33m.[39mon([32m'error'[39m[33m,[39m (err) [33m=>[39m {
    [31m[1m>[22m[39m[90m 45 |[39m       console[33m.[39merror([32m'[VerificationService] Redis 杩炴帴閿欒锛屼娇鐢ㄦ湰鍦板瓨鍌?'[39m[33m,[39m err[33m.[39mmessage)[33m;[39m
     [90m    |[39m               [31m[1m^[22m[39m
     [90m 46 |[39m       redisClient [33m=[39m [36mnull[39m[33m;[39m
     [90m 47 |[39m     })[33m;[39m
     [90m 48 |[39m     [0m

      at EventEmitter.error (src/services/verificationService.js:45:15)
      at EventEmitter.silentEmit (node_modules/ioredis/built/Redis.js:529:30)
      at Socket.<anonymous> (node_modules/ioredis/built/redis/event_handler.js:221:14)

  console.error
    [VerificationService] Redis 杩炴帴閿欒锛屼娇鐢ㄦ湰鍦板瓨鍌?

    [0m [90m 43 |[39m     
     [90m 44 |[39m     redisClient[33m.[39mon([32m'error'[39m[33m,[39m (err) [33m=>[39m {
    [31m[1m>[22m[39m[90m 45 |[39m       console[33m.[39merror([32m'[VerificationService] Redis 杩炴帴閿欒锛屼娇鐢ㄦ湰鍦板瓨鍌?'[39m[33m,[39m err[33m.[39mmessage)[33m;[39m
     [90m    |[39m               [31m[1m^[22m[39m
     [90m 46 |[39m       redisClient [33m=[39m [36mnull[39m[33m;[39m
     [90m 47 |[39m     })[33m;[39m
     [90m 48 |[39m     [0m

      at EventEmitter.error (src/services/verificationService.js:45:15)
      at EventEmitter.silentEmit (node_modules/ioredis/built/Redis.js:529:30)
      at Socket.<anonymous> (node_modules/ioredis/built/redis/event_handler.js:221:14)

  console.error
    [VerificationService] Redis 杩炴帴閿欒锛屼娇鐢ㄦ湰鍦板瓨鍌?

    [0m [90m 43 |[39m     
     [90m 44 |[39m     redisClient[33m.[39mon([32m'error'[39m[33m,[39m (err) [33m=>[39m {
    [31m[1m>[22m[39m[90m 45 |[39m       console[33m.[39merror([32m'[VerificationService] Redis 杩炴帴閿欒锛屼娇鐢ㄦ湰鍦板瓨鍌?'[39m[33m,[39m err[33m.[39mmessage)[33m;[39m
     [90m    |[39m               [31m[1m^[22m[39m
     [90m 46 |[39m       redisClient [33m=[39m [36mnull[39m[33m;[39m
     [90m 47 |[39m     })[33m;[39m
     [90m 48 |[39m     [0m

      at EventEmitter.error (src/services/verificationService.js:45:15)
      at EventEmitter.silentEmit (node_modules/ioredis/built/Redis.js:529:30)
      at Socket.<anonymous> (node_modules/ioredis/built/redis/event_handler.js:221:14)

  console.error
    [VerificationService] Redis 杩炴帴閿欒锛屼娇鐢ㄦ湰鍦板瓨鍌?

    [0m [90m 43 |[39m     
     [90m 44 |[39m     redisClient[33m.[39mon([32m'error'[39m[33m,[39m (err) [33m=>[39m {
    [31m[1m>[22m[39m[90m 45 |[39m       console[33m.[39merror([32m'[VerificationService] Redis 杩炴帴閿欒锛屼娇鐢ㄦ湰鍦板瓨鍌?'[39m[33m,[39m err[33m.[39mmessage)[33m;[39m
     [90m    |[39m               [31m[1m^[22m[39m
     [90m 46 |[39m       redisClient [33m=[39m [36mnull[39m[33m;[39m
     [90m 47 |[39m     })[33m;[39m
     [90m 48 |[39m     [0m

      at EventEmitter.error (src/services/verificationService.js:45:15)
      at EventEmitter.silentEmit (node_modules/ioredis/built/Redis.js:529:30)
      at Socket.<anonymous> (node_modules/ioredis/built/redis/event_handler.js:221:14)

  console.error
    [VerificationService] Redis 杩炴帴閿欒锛屼娇鐢ㄦ湰鍦板瓨鍌?

    [0m [90m 43 |[39m     
     [90m 44 |[39m     redisClient[33m.[39mon([32m'error'[39m[33m,[39m (err) [33m=>[39m {
    [31m[1m>[22m[39m[90m 45 |[39m       console[33m.[39merror([32m'[VerificationService] Redis 杩炴帴閿欒锛屼娇鐢ㄦ湰鍦板瓨鍌?'[39m[33m,[39m err[33m.[39mmessage)[33m;[39m
     [90m    |[39m               [31m[1m^[22m[39m
     [90m 46 |[39m       redisClient [33m=[39m [36mnull[39m[33m;[39m
     [90m 47 |[39m     })[33m;[39m
     [90m 48 |[39m     [0m

      at EventEmitter.error (src/services/verificationService.js:45:15)
      at EventEmitter.silentEmit (node_modules/ioredis/built/Redis.js:529:30)
      at Socket.<anonymous> (node_modules/ioredis/built/redis/event_handler.js:221:14)

  console.error
    [VerificationService] Redis 杩炴帴閿欒锛屼娇鐢ㄦ湰鍦板瓨鍌?

    [0m [90m 43 |[39m     
     [90m 44 |[39m     redisClient[33m.[39mon([32m'error'[39m[33m,[39m (err) [33m=>[39m {
    [31m[1m>[22m[39m[90m 45 |[39m       console[33m.[39merror([32m'[VerificationService] Redis 杩炴帴閿欒锛屼娇鐢ㄦ湰鍦板瓨鍌?'[39m[33m,[39m err[33m.[39mmessage)[33m;[39m
     [90m    |[39m               [31m[1m^[22m[39m
     [90m 46 |[39m       redisClient [33m=[39m [36mnull[39m[33m;[39m
     [90m 47 |[39m     })[33m;[39m
     [90m 48 |[39m     [0m

      at EventEmitter.error (src/services/verificationService.js:45:15)
      at EventEmitter.silentEmit (node_modules/ioredis/built/Redis.js:529:30)
      at Socket.<anonymous> (node_modules/ioredis/built/redis/event_handler.js:221:14)

  console.error
    [VerificationService] Redis 杩炴帴閿欒锛屼娇鐢ㄦ湰鍦板瓨鍌?

    [0m [90m 43 |[39m     
     [90m 44 |[39m     redisClient[33m.[39mon([32m'error'[39m[33m,[39m (err) [33m=>[39m {
    [31m[1m>[22m[39m[90m 45 |[39m       console[33m.[39merror([32m'[VerificationService] Redis 杩炴帴閿欒锛屼娇鐢ㄦ湰鍦板瓨鍌?'[39m[33m,[39m err[33m.[39mmessage)[33m;[39m
     [90m    |[39m               [31m[1m^[22m[39m
     [90m 46 |[39m       redisClient [33m=[39m [36mnull[39m[33m;[39m
     [90m 47 |[39m     })[33m;[39m
     [90m 48 |[39m     [0m

      at EventEmitter.error (src/services/verificationService.js:45:15)
      at EventEmitter.silentEmit (node_modules/ioredis/built/Redis.js:529:30)
      at Socket.<anonymous> (node_modules/ioredis/built/redis/event_handler.js:221:14)

  console.error
    [VerificationService] Redis 杩炴帴閿欒锛屼娇鐢ㄦ湰鍦板瓨鍌?

    [0m [90m 43 |[39m     
     [90m 44 |[39m     redisClient[33m.[39mon([32m'error'[39m[33m,[39m (err) [33m=>[39m {
    [31m[1m>[22m[39m[90m 45 |[39m       console[33m.[39merror([32m'[VerificationService] Redis 杩炴帴閿欒锛屼娇鐢ㄦ湰鍦板瓨鍌?'[39m[33m,[39m err[33m.[39mmessage)[33m;[39m
     [90m    |[39m               [31m[1m^[22m[39m
     [90m 46 |[39m       redisClient [33m=[39m [36mnull[39m[33m;[39m
     [90m 47 |[39m     })[33m;[39m
     [90m 48 |[39m     [0m

      at EventEmitter.error (src/services/verificationService.js:45:15)
      at EventEmitter.silentEmit (node_modules/ioredis/built/Redis.js:529:30)
      at Socket.<anonymous> (node_modules/ioredis/built/redis/event_handler.js:221:14)

  console.error
    [VerificationService] Redis 杩炴帴閿欒锛屼娇鐢ㄦ湰鍦板瓨鍌?

    [0m [90m 43 |[39m     
     [90m 44 |[39m     redisClient[33m.[39mon([32m'error'[39m[33m,[39m (err) [33m=>[39m {
    [31m[1m>[22m[39m[90m 45 |[39m       console[33m.[39merror([32m'[VerificationService] Redis 杩炴帴閿欒锛屼娇鐢ㄦ湰鍦板瓨鍌?'[39m[33m,[39m err[33m.[39mmessage)[33m;[39m
     [90m    |[39m               [31m[1m^[22m[39m
     [90m 46 |[39m       redisClient [33m=[39m [36mnull[39m[33m;[39m
     [90m 47 |[39m     })[33m;[39m
     [90m 48 |[39m     [0m

      at EventEmitter.error (src/services/verificationService.js:45:15)
      at EventEmitter.silentEmit (node_modules/ioredis/built/Redis.js:529:30)
      at Socket.<anonymous> (node_modules/ioredis/built/redis/event_handler.js:221:14)

  console.error
    [VerificationService] Redis 杩炴帴閿欒锛屼娇鐢ㄦ湰鍦板瓨鍌?

    [0m [90m 43 |[39m     
     [90m 44 |[39m     redisClient[33m.[39mon([32m'error'[39m[33m,[39m (err) [33m=>[39m {
    [31m[1m>[22m[39m[90m 45 |[39m       console[33m.[39merror([32m'[VerificationService] Redis 杩炴帴閿欒锛屼娇鐢ㄦ湰鍦板瓨鍌?'[39m[33m,[39m err[33m.[39mmessage)[33m;[39m
     [90m    |[39m               [31m[1m^[22m[39m
     [90m 46 |[39m       redisClient [33m=[39m [36mnull[39m[33m;[39m
     [90m 47 |[39m     })[33m;[39m
     [90m 48 |[39m     [0m

      at EventEmitter.error (src/services/verificationService.js:45:15)
      at EventEmitter.silentEmit (node_modules/ioredis/built/Redis.js:529:30)
      at Socket.<anonymous> (node_modules/ioredis/built/redis/event_handler.js:221:14)

  console.error
    [VerificationService] Redis 杩炴帴閿欒锛屼娇鐢ㄦ湰鍦板瓨鍌?

    [0m [90m 43 |[39m     
     [90m 44 |[39m     redisClient[33m.[39mon([32m'error'[39m[33m,[39m (err) [33m=>[39m {
    [31m[1m>[22m[39m[90m 45 |[39m       console[33m.[39merror([32m'[VerificationService] Redis 杩炴帴閿欒锛屼娇鐢ㄦ湰鍦板瓨鍌?'[39m[33m,[39m err[33m.[39mmessage)[33m;[39m
     [90m    |[39m               [31m[1m^[22m[39m
     [90m 46 |[39m       redisClient [33m=[39m [36mnull[39m[33m;[39m
     [90m 47 |[39m     })[33m;[39m
     [90m 48 |[39m     [0m

      at EventEmitter.error (src/services/verificationService.js:45:15)
      at EventEmitter.silentEmit (node_modules/ioredis/built/Redis.js:529:30)
      at Socket.<anonymous> (node_modules/ioredis/built/redis/event_handler.js:221:14)

  console.error
    [VerificationService] Redis 杩炴帴閿欒锛屼娇鐢ㄦ湰鍦板瓨鍌?

    [0m [90m 43 |[39m     
     [90m 44 |[39m     redisClient[33m.[39mon([32m'error'[39m[33m,[39m (err) [33m=>[39m {
    [31m[1m>[22m[39m[90m 45 |[39m       console[33m.[39merror([32m'[VerificationService] Redis 杩炴帴閿欒锛屼娇鐢ㄦ湰鍦板瓨鍌?'[39m[33m,[39m err[33m.[39mmessage)[33m;[39m
     [90m    |[39m               [31m[1m^[22m[39m
     [90m 46 |[39m       redisClient [33m=[39m [36mnull[39m[33m;[39m
     [90m 47 |[39m     })[33m;[39m
     [90m 48 |[39m     [0m

      at EventEmitter.error (src/services/verificationService.js:45:15)
      at EventEmitter.silentEmit (node_modules/ioredis/built/Redis.js:529:30)
      at Socket.<anonymous> (node_modules/ioredis/built/redis/event_handler.js:221:14)

  console.error
    [VerificationService] Redis 杩炴帴閿欒锛屼娇鐢ㄦ湰鍦板瓨鍌?

    [0m [90m 43 |[39m     
     [90m 44 |[39m     redisClient[33m.[39mon([32m'error'[39m[33m,[39m (err) [33m=>[39m {
    [31m[1m>[22m[39m[90m 45 |[39m       console[33m.[39merror([32m'[VerificationService] Redis 杩炴帴閿欒锛屼娇鐢ㄦ湰鍦板瓨鍌?'[39m[33m,[39m err[33m.[39mmessage)[33m;[39m
     [90m    |[39m               [31m[1m^[22m[39m
     [90m 46 |[39m       redisClient [33m=[39m [36mnull[39m[33m;[39m
     [90m 47 |[39m     })[33m;[39m
     [90m 48 |[39m     [0m

      at EventEmitter.error (src/services/verificationService.js:45:15)
      at EventEmitter.silentEmit (node_modules/ioredis/built/Redis.js:529:30)
      at Socket.<anonymous> (node_modules/ioredis/built/redis/event_handler.js:221:14)

  console.error
    [VerificationService] Redis 杩炴帴閿欒锛屼娇鐢ㄦ湰鍦板瓨鍌?

    [0m [90m 43 |[39m     
     [90m 44 |[39m     redisClient[33m.[39mon([32m'error'[39m[33m,[39m (err) [33m=>[39m {
    [31m[1m>[22m[39m[90m 45 |[39m       console[33m.[39merror([32m'[VerificationService] Redis 杩炴帴閿欒锛屼娇鐢ㄦ湰鍦板瓨鍌?'[39m[33m,[39m err[33m.[39mmessage)[33m;[39m
     [90m    |[39m               [31m[1m^[22m[39m
     [90m 46 |[39m       redisClient [33m=[39m [36mnull[39m[33m;[39m
     [90m 47 |[39m     })[33m;[39m
     [90m 48 |[39m     [0m

      at EventEmitter.error (src/services/verificationService.js:45:15)
      at EventEmitter.silentEmit (node_modules/ioredis/built/Redis.js:529:30)
      at Socket.<anonymous> (node_modules/ioredis/built/redis/event_handler.js:221:14)

  console.error
    [VerificationService] Redis 杩炴帴閿欒锛屼娇鐢ㄦ湰鍦板瓨鍌?

    [0m [90m 43 |[39m     
     [90m 44 |[39m     redisClient[33m.[39mon([32m'error'[39m[33m,[39m (err) [33m=>[39m {
    [31m[1m>[22m[39m[90m 45 |[39m       console[33m.[39merror([32m'[VerificationService] Redis 杩炴帴閿欒锛屼娇鐢ㄦ湰鍦板瓨鍌?'[39m[33m,[39m err[33m.[39mmessage)[33m;[39m
     [90m    |[39m               [31m[1m^[22m[39m
     [90m 46 |[39m       redisClient [33m=[39m [36mnull[39m[33m;[39m
     [90m 47 |[39m     })[33m;[39m
     [90m 48 |[39m     [0m

      at EventEmitter.error (src/services/verificationService.js:45:15)
      at EventEmitter.silentEmit (node_modules/ioredis/built/Redis.js:529:30)
      at Socket.<anonymous> (node_modules/ioredis/built/redis/event_handler.js:221:14)

  console.error
    [VerificationService] Redis 杩炴帴閿欒锛屼娇鐢ㄦ湰鍦板瓨鍌?

    [0m [90m 43 |[39m     
     [90m 44 |[39m     redisClient[33m.[39mon([32m'error'[39m[33m,[39m (err) [33m=>[39m {
    [31m[1m>[22m[39m[90m 45 |[39m       console[33m.[39merror([32m'[VerificationService] Redis 杩炴帴閿欒锛屼娇鐢ㄦ湰鍦板瓨鍌?'[39m[33m,[39m err[33m.[39mmessage)[33m;[39m
     [90m    |[39m               [31m[1m^[22m[39m
     [90m 46 |[39m       redisClient [33m=[39m [36mnull[39m[33m;[39m
     [90m 47 |[39m     })[33m;[39m
     [90m 48 |[39m     [0m

      at EventEmitter.error (src/services/verificationService.js:45:15)
      at EventEmitter.silentEmit (node_modules/ioredis/built/Redis.js:529:30)
      at Socket.<anonymous> (node_modules/ioredis/built/redis/event_handler.js:221:14)

  console.error
    [VerificationService] Redis 杩炴帴閿欒锛屼娇鐢ㄦ湰鍦板瓨鍌?

    [0m [90m 43 |[39m     
     [90m 44 |[39m     redisClient[33m.[39mon([32m'error'[39m[33m,[39m (err) [33m=>[39m {
    [31m[1m>[22m[39m[90m 45 |[39m       console[33m.[39merror([32m'[VerificationService] Redis 杩炴帴閿欒锛屼娇鐢ㄦ湰鍦板瓨鍌?'[39m[33m,[39m err[33m.[39mmessage)[33m;[39m
     [90m    |[39m               [31m[1m^[22m[39m
     [90m 46 |[39m       redisClient [33m=[39m [36mnull[39m[33m;[39m
     [90m 47 |[39m     })[33m;[39m
     [90m 48 |[39m     [0m

      at EventEmitter.error (src/services/verificationService.js:45:15)
      at EventEmitter.silentEmit (node_modules/ioredis/built/Redis.js:529:30)
      at Socket.<anonymous> (node_modules/ioredis/built/redis/event_handler.js:221:14)

  console.error
    [VerificationService] Redis 杩炴帴閿欒锛屼娇鐢ㄦ湰鍦板瓨鍌?

    [0m [90m 43 |[39m     
     [90m 44 |[39m     redisClient[33m.[39mon([32m'error'[39m[33m,[39m (err) [33m=>[39m {
    [31m[1m>[22m[39m[90m 45 |[39m       console[33m.[39merror([32m'[VerificationService] Redis 杩炴帴閿欒锛屼娇鐢ㄦ湰鍦板瓨鍌?'[39m[33m,[39m err[33m.[39mmessage)[33m;[39m
     [90m    |[39m               [31m[1m^[22m[39m
     [90m 46 |[39m       redisClient [33m=[39m [36mnull[39m[33m;[39m
     [90m 47 |[39m     })[33m;[39m
     [90m 48 |[39m     [0m

      at EventEmitter.error (src/services/verificationService.js:45:15)
      at EventEmitter.silentEmit (node_modules/ioredis/built/Redis.js:529:30)
      at Socket.<anonymous> (node_modules/ioredis/built/redis/event_handler.js:221:14)

  console.error
    [VerificationService] Redis 杩炴帴閿欒锛屼娇鐢ㄦ湰鍦板瓨鍌?

    [0m [90m 43 |[39m     
     [90m 44 |[39m     redisClient[33m.[39mon([32m'error'[39m[33m,[39m (err) [33m=>[39m {
    [31m[1m>[22m[39m[90m 45 |[39m       console[33m.[39merror([32m'[VerificationService] Redis 杩炴帴閿欒锛屼娇鐢ㄦ湰鍦板瓨鍌?'[39m[33m,[39m err[33m.[39mmessage)[33m;[39m
     [90m    |[39m               [31m[1m^[22m[39m
     [90m 46 |[39m       redisClient [33m=[39m [36mnull[39m[33m;[39m
     [90m 47 |[39m     })[33m;[39m
     [90m 48 |[39m     [0m

      at EventEmitter.error (src/services/verificationService.js:45:15)
      at EventEmitter.silentEmit (node_modules/ioredis/built/Redis.js:529:30)
      at Socket.<anonymous> (node_modules/ioredis/built/redis/event_handler.js:221:14)

  console.error
    [VerificationService] Redis 杩炴帴閿欒锛屼娇鐢ㄦ湰鍦板瓨鍌?

    [0m [90m 43 |[39m     
     [90m 44 |[39m     redisClient[33m.[39mon([32m'error'[39m[33m,[39m (err) [33m=>[39m {
    [31m[1m>[22m[39m[90m 45 |[39m       console[33m.[39merror([32m'[VerificationService] Redis 杩炴帴閿欒锛屼娇鐢ㄦ湰鍦板瓨鍌?'[39m[33m,[39m err[33m.[39mmessage)[33m;[39m
     [90m    |[39m               [31m[1m^[22m[39m
     [90m 46 |[39m       redisClient [33m=[39m [36mnull[39m[33m;[39m
     [90m 47 |[39m     })[33m;[39m
     [90m 48 |[39m     [0m

      at EventEmitter.error (src/services/verificationService.js:45:15)
      at EventEmitter.silentEmit (node_modules/ioredis/built/Redis.js:529:30)
      at Socket.<anonymous> (node_modules/ioredis/built/redis/event_handler.js:221:14)

  console.error
    [VerificationService] Redis 杩炴帴閿欒锛屼娇鐢ㄦ湰鍦板瓨鍌?

    [0m [90m 43 |[39m     
     [90m 44 |[39m     redisClient[33m.[39mon([32m'error'[39m[33m,[39m (err) [33m=>[39m {
    [31m[1m>[22m[39m[90m 45 |[39m       console[33m.[39merror([32m'[VerificationService] Redis 杩炴帴閿欒锛屼娇鐢ㄦ湰鍦板瓨鍌?'[39m[33m,[39m err[33m.[39mmessage)[33m;[39m
     [90m    |[39m               [31m[1m^[22m[39m
     [90m 46 |[39m       redisClient [33m=[39m [36mnull[39m[33m;[39m
     [90m 47 |[39m     })[33m;[39m
     [90m 48 |[39m     [0m

      at EventEmitter.error (src/services/verificationService.js:45:15)
      at EventEmitter.silentEmit (node_modules/ioredis/built/Redis.js:529:30)
      at Socket.<anonymous> (node_modules/ioredis/built/redis/event_handler.js:221:14)

  console.error
    [VerificationService] Redis 杩炴帴閿欒锛屼娇鐢ㄦ湰鍦板瓨鍌?

    [0m [90m 43 |[39m     
     [90m 44 |[39m     redisClient[33m.[39mon([32m'error'[39m[33m,[39m (err) [33m=>[39m {
    [31m[1m>[22m[39m[90m 45 |[39m       console[33m.[39merror([32m'[VerificationService] Redis 杩炴帴閿欒锛屼娇鐢ㄦ湰鍦板瓨鍌?'[39m[33m,[39m err[33m.[39mmessage)[33m;[39m
     [90m    |[39m               [31m[1m^[22m[39m
     [90m 46 |[39m       redisClient [33m=[39m [36mnull[39m[33m;[39m
     [90m 47 |[39m     })[33m;[39m
     [90m 48 |[39m     [0m

      at EventEmitter.error (src/services/verificationService.js:45:15)
      at EventEmitter.silentEmit (node_modules/ioredis/built/Redis.js:529:30)
      at Socket.<anonymous> (node_modules/ioredis/built/redis/event_handler.js:221:14)

  console.error
    [VerificationService] Redis 杩炴帴閿欒锛屼娇鐢ㄦ湰鍦板瓨鍌?

    [0m [90m 43 |[39m     
     [90m 44 |[39m     redisClient[33m.[39mon([32m'error'[39m[33m,[39m (err) [33m=>[39m {
    [31m[1m>[22m[39m[90m 45 |[39m       console[33m.[39merror([32m'[VerificationService] Redis 杩炴帴閿欒锛屼娇鐢ㄦ湰鍦板瓨鍌?'[39m[33m,[39m err[33m.[39mmessage)[33m;[39m
     [90m    |[39m               [31m[1m^[22m[39m
     [90m 46 |[39m       redisClient [33m=[39m [36mnull[39m[33m;[39m
     [90m 47 |[39m     })[33m;[39m
     [90m 48 |[39m     [0m

      at EventEmitter.error (src/services/verificationService.js:45:15)
      at EventEmitter.silentEmit (node_modules/ioredis/built/Redis.js:529:30)
      at Socket.<anonymous> (node_modules/ioredis/built/redis/event_handler.js:221:14)

  console.error
    [VerificationService] Redis 杩炴帴閿欒锛屼娇鐢ㄦ湰鍦板瓨鍌?

    [0m [90m 43 |[39m     
     [90m 44 |[39m     redisClient[33m.[39mon([32m'error'[39m[33m,[39m (err) [33m=>[39m {
    [31m[1m>[22m[39m[90m 45 |[39m       console[33m.[39merror([32m'[VerificationService] Redis 杩炴帴閿欒锛屼娇鐢ㄦ湰鍦板瓨鍌?'[39m[33m,[39m err[33m.[39mmessage)[33m;[39m
     [90m    |[39m               [31m[1m^[22m[39m
     [90m 46 |[39m       redisClient [33m=[39m [36mnull[39m[33m;[39m
     [90m 47 |[39m     })[33m;[39m
     [90m 48 |[39m     [0m

      at EventEmitter.error (src/services/verificationService.js:45:15)
      at EventEmitter.silentEmit (node_modules/ioredis/built/Redis.js:529:30)
      at Socket.<anonymous> (node_modules/ioredis/built/redis/event_handler.js:221:14)

  console.error
    [VerificationService] Redis 杩炴帴閿欒锛屼娇鐢ㄦ湰鍦板瓨鍌?

    [0m [90m 43 |[39m     
     [90m 44 |[39m     redisClient[33m.[39mon([32m'error'[39m[33m,[39m (err) [33m=>[39m {
    [31m[1m>[22m[39m[90m 45 |[39m       console[33m.[39merror([32m'[VerificationService] Redis 杩炴帴閿欒锛屼娇鐢ㄦ湰鍦板瓨鍌?'[39m[33m,[39m err[33m.[39mmessage)[33m;[39m
     [90m    |[39m               [31m[1m^[22m[39m
     [90m 46 |[39m       redisClient [33m=[39m [36mnull[39m[33m;[39m
     [90m 47 |[39m     })[33m;[39m
     [90m 48 |[39m     [0m

      at EventEmitter.error (src/services/verificationService.js:45:15)
      at EventEmitter.silentEmit (node_modules/ioredis/built/Redis.js:529:30)
      at Socket.<anonymous> (node_modules/ioredis/built/redis/event_handler.js:221:14)

  console.error
    [VerificationService] Redis 杩炴帴閿欒锛屼娇鐢ㄦ湰鍦板瓨鍌?

    [0m [90m 43 |[39m     
     [90m 44 |[39m     redisClient[33m.[39mon([32m'error'[39m[33m,[39m (err) [33m=>[39m {
    [31m[1m>[22m[39m[90m 45 |[39m       console[33m.[39merror([32m'[VerificationService] Redis 杩炴帴閿欒锛屼娇鐢ㄦ湰鍦板瓨鍌?'[39m[33m,[39m err[33m.[39mmessage)[33m;[39m
     [90m    |[39m               [31m[1m^[22m[39m
     [90m 46 |[39m       redisClient [33m=[39m [36mnull[39m[33m;[39m
     [90m 47 |[39m     })[33m;[39m
     [90m 48 |[39m     [0m

      at EventEmitter.error (src/services/verificationService.js:45:15)
      at EventEmitter.silentEmit (node_modules/ioredis/built/Redis.js:529:30)
      at Socket.<anonymous> (node_modules/ioredis/built/redis/event_handler.js:221:14)

  console.error
    [VerificationService] Redis 杩炴帴閿欒锛屼娇鐢ㄦ湰鍦板瓨鍌?

    [0m [90m 43 |[39m     
     [90m 44 |[39m     redisClient[33m.[39mon([32m'error'[39m[33m,[39m (err) [33m=>[39m {
    [31m[1m>[22m[39m[90m 45 |[39m       console[33m.[39merror([32m'[VerificationService] Redis 杩炴帴閿欒锛屼娇鐢ㄦ湰鍦板瓨鍌?'[39m[33m,[39m err[33m.[39mmessage)[33m;[39m
     [90m    |[39m               [31m[1m^[22m[39m
     [90m 46 |[39m       redisClient [33m=[39m [36mnull[39m[33m;[39m
     [90m 47 |[39m     })[33m;[39m
     [90m 48 |[39m     [0m

      at EventEmitter.error (src/services/verificationService.js:45:15)
      at EventEmitter.silentEmit (node_modules/ioredis/built/Redis.js:529:30)
      at Socket.<anonymous> (node_modules/ioredis/built/redis/event_handler.js:221:14)

  console.error
    [VerificationService] Redis 杩炴帴閿欒锛屼娇鐢ㄦ湰鍦板瓨鍌?

    [0m [90m 43 |[39m     
     [90m 44 |[39m     redisClient[33m.[39mon([32m'error'[39m[33m,[39m (err) [33m=>[39m {
    [31m[1m>[22m[39m[90m 45 |[39m       console[33m.[39merror([32m'[VerificationService] Redis 杩炴帴閿欒锛屼娇鐢ㄦ湰鍦板瓨鍌?'[39m[33m,[39m err[33m.[39mmessage)[33m;[39m
     [90m    |[39m               [31m[1m^[22m[39m
     [90m 46 |[39m       redisClient [33m=[39m [36mnull[39m[33m;[39m
     [90m 47 |[39m     })[33m;[39m
     [90m 48 |[39m     [0m

      at EventEmitter.error (src/services/verificationService.js:45:15)
      at EventEmitter.silentEmit (node_modules/ioredis/built/Redis.js:529:30)
      at Socket.<anonymous> (node_modules/ioredis/built/redis/event_handler.js:221:14)

  console.error
    [VerificationService] Redis 杩炴帴閿欒锛屼娇鐢ㄦ湰鍦板瓨鍌?

    [0m [90m 43 |[39m     
     [90m 44 |[39m     redisClient[33m.[39mon([32m'error'[39m[33m,[39m (err) [33m=>[39m {
    [31m[1m>[22m[39m[90m 45 |[39m       console[33m.[39merror([32m'[VerificationService] Redis 杩炴帴閿欒锛屼娇鐢ㄦ湰鍦板瓨鍌?'[39m[33m,[39m err[33m.[39mmessage)[33m;[39m
     [90m    |[39m               [31m[1m^[22m[39m
     [90m 46 |[39m       redisClient [33m=[39m [36mnull[39m[33m;[39m
     [90m 47 |[39m     })[33m;[39m
     [90m 48 |[39m     [0m

      at EventEmitter.error (src/services/verificationService.js:45:15)
      at EventEmitter.silentEmit (node_modules/ioredis/built/Redis.js:529:30)
      at Socket.<anonymous> (node_modules/ioredis/built/redis/event_handler.js:221:14)

  console.error
    [VerificationService] Redis 杩炴帴閿欒锛屼娇鐢ㄦ湰鍦板瓨鍌?

    [0m [90m 43 |[39m     
     [90m 44 |[39m     redisClient[33m.[39mon([32m'error'[39m[33m,[39m (err) [33m=>[39m {
    [31m[1m>[22m[39m[90m 45 |[39m       console[33m.[39merror([32m'[VerificationService] Redis 杩炴帴閿欒锛屼娇鐢ㄦ湰鍦板瓨鍌?'[39m[33m,[39m err[33m.[39mmessage)[33m;[39m
     [90m    |[39m               [31m[1m^[22m[39m
     [90m 46 |[39m       redisClient [33m=[39m [36mnull[39m[33m;[39m
     [90m 47 |[39m     })[33m;[39m
     [90m 48 |[39m     [0m

      at EventEmitter.error (src/services/verificationService.js:45:15)
      at EventEmitter.silentEmit (node_modules/ioredis/built/Redis.js:529:30)
      at Socket.<anonymous> (node_modules/ioredis/built/redis/event_handler.js:221:14)

  console.error
    [VerificationService] Redis 杩炴帴閿欒锛屼娇鐢ㄦ湰鍦板瓨鍌?

    [0m [90m 43 |[39m     
     [90m 44 |[39m     redisClient[33m.[39mon([32m'error'[39m[33m,[39m (err) [33m=>[39m {
    [31m[1m>[22m[39m[90m 45 |[39m       console[33m.[39merror([32m'[VerificationService] Redis 杩炴帴閿欒锛屼娇鐢ㄦ湰鍦板瓨鍌?'[39m[33m,[39m err[33m.[39mmessage)[33m;[39m
     [90m    |[39m               [31m[1m^[22m[39m
     [90m 46 |[39m       redisClient [33m=[39m [36mnull[39m[33m;[39m
     [90m 47 |[39m     })[33m;[39m
     [90m 48 |[39m     [0m

      at EventEmitter.error (src/services/verificationService.js:45:15)
      at EventEmitter.silentEmit (node_modules/ioredis/built/Redis.js:529:30)
      at Socket.<anonymous> (node_modules/ioredis/built/redis/event_handler.js:221:14)

  console.error
    [VerificationService] Redis 杩炴帴閿欒锛屼娇鐢ㄦ湰鍦板瓨鍌?

    [0m [90m 43 |[39m     
     [90m 44 |[39m     redisClient[33m.[39mon([32m'error'[39m[33m,[39m (err) [33m=>[39m {
    [31m[1m>[22m[39m[90m 45 |[39m       console[33m.[39merror([32m'[VerificationService] Redis 杩炴帴閿欒锛屼娇鐢ㄦ湰鍦板瓨鍌?'[39m[33m,[39m err[33m.[39mmessage)[33m;[39m
     [90m    |[39m               [31m[1m^[22m[39m
     [90m 46 |[39m       redisClient [33m=[39m [36mnull[39m[33m;[39m
     [90m 47 |[39m     })[33m;[39m
     [90m 48 |[39m     [0m

      at EventEmitter.error (src/services/verificationService.js:45:15)
      at EventEmitter.silentEmit (node_modules/ioredis/built/Redis.js:529:30)
      at Socket.<anonymous> (node_modules/ioredis/built/redis/event_handler.js:221:14)

  console.error
    [VerificationService] Redis 杩炴帴閿欒锛屼娇鐢ㄦ湰鍦板瓨鍌?

    [0m [90m 43 |[39m     
     [90m 44 |[39m     redisClient[33m.[39mon([32m'error'[39m[33m,[39m (err) [33m=>[39m {
    [31m[1m>[22m[39m[90m 45 |[39m       console[33m.[39merror([32m'[VerificationService] Redis 杩炴帴閿欒锛屼娇鐢ㄦ湰鍦板瓨鍌?'[39m[33m,[39m err[33m.[39mmessage)[33m;[39m
     [90m    |[39m               [31m[1m^[22m[39m
     [90m 46 |[39m       redisClient [33m=[39m [36mnull[39m[33m;[39m
     [90m 47 |[39m     })[33m;[39m
     [90m 48 |[39m     [0m

      at EventEmitter.error (src/services/verificationService.js:45:15)
      at EventEmitter.silentEmit (node_modules/ioredis/built/Redis.js:529:30)
      at Socket.<anonymous> (node_modules/ioredis/built/redis/event_handler.js:221:14)

  console.error
    [VerificationService] Redis 杩炴帴閿欒锛屼娇鐢ㄦ湰鍦板瓨鍌?

    [0m [90m 43 |[39m     
     [90m 44 |[39m     redisClient[33m.[39mon([32m'error'[39m[33m,[39m (err) [33m=>[39m {
    [31m[1m>[22m[39m[90m 45 |[39m       console[33m.[39merror([32m'[VerificationService] Redis 杩炴帴閿欒锛屼娇鐢ㄦ湰鍦板瓨鍌?'[39m[33m,[39m err[33m.[39mmessage)[33m;[39m
     [90m    |[39m               [31m[1m^[22m[39m
     [90m 46 |[39m       redisClient [33m=[39m [36mnull[39m[33m;[39m
     [90m 47 |[39m     })[33m;[39m
     [90m 48 |[39m     [0m

      at EventEmitter.error (src/services/verificationService.js:45:15)
      at EventEmitter.silentEmit (node_modules/ioredis/built/Redis.js:529:30)
      at Socket.<anonymous> (node_modules/ioredis/built/redis/event_handler.js:221:14)

  console.error
    [VerificationService] Redis 杩炴帴閿欒锛屼娇鐢ㄦ湰鍦板瓨鍌?

    [0m [90m 43 |[39m     
     [90m 44 |[39m     redisClient[33m.[39mon([32m'error'[39m[33m,[39m (err) [33m=>[39m {
    [31m[1m>[22m[39m[90m 45 |[39m       console[33m.[39merror([32m'[VerificationService] Redis 杩炴帴閿欒锛屼娇鐢ㄦ湰鍦板瓨鍌?'[39m[33m,[39m err[33m.[39mmessage)[33m;[39m
     [90m    |[39m               [31m[1m^[22m[39m
     [90m 46 |[39m       redisClient [33m=[39m [36mnull[39m[33m;[39m
     [90m 47 |[39m     })[33m;[39m
     [90m 48 |[39m     [0m

      at EventEmitter.error (src/services/verificationService.js:45:15)
      at EventEmitter.silentEmit (node_modules/ioredis/built/Redis.js:529:30)
      at Socket.<anonymous> (node_modules/ioredis/built/redis/event_handler.js:221:14)

  console.error
    [VerificationService] Redis 杩炴帴閿欒锛屼娇鐢ㄦ湰鍦板瓨鍌?

    [0m [90m 43 |[39m     
     [90m 44 |[39m     redisClient[33m.[39mon([32m'error'[39m[33m,[39m (err) [33m=>[39m {
    [31m[1m>[22m[39m[90m 45 |[39m       console[33m.[39merror([32m'[VerificationService] Redis 杩炴帴閿欒锛屼娇鐢ㄦ湰鍦板瓨鍌?'[39m[33m,[39m err[33m.[39mmessage)[33m;[39m
     [90m    |[39m               [31m[1m^[22m[39m
     [90m 46 |[39m       redisClient [33m=[39m [36mnull[39m[33m;[39m
     [90m 47 |[39m     })[33m;[39m
     [90m 48 |[39m     [0m

      at EventEmitter.error (src/services/verificationService.js:45:15)
      at EventEmitter.silentEmit (node_modules/ioredis/built/Redis.js:529:30)
      at Socket.<anonymous> (node_modules/ioredis/built/redis/event_handler.js:221:14)

  console.error
    [VerificationService] Redis 杩炴帴閿欒锛屼娇鐢ㄦ湰鍦板瓨鍌?

    [0m [90m 43 |[39m     
     [90m 44 |[39m     redisClient[33m.[39mon([32m'error'[39m[33m,[39m (err) [33m=>[39m {
    [31m[1m>[22m[39m[90m 45 |[39m       console[33m.[39merror([32m'[VerificationService] Redis 杩炴帴閿欒锛屼娇鐢ㄦ湰鍦板瓨鍌?'[39m[33m,[39m err[33m.[39mmessage)[33m;[39m
     [90m    |[39m               [31m[1m^[22m[39m
     [90m 46 |[39m       redisClient [33m=[39m [36mnull[39m[33m;[39m
     [90m 47 |[39m     })[33m;[39m
     [90m 48 |[39m     [0m

      at EventEmitter.error (src/services/verificationService.js:45:15)
      at EventEmitter.silentEmit (node_modules/ioredis/built/Redis.js:529:30)
      at Socket.<anonymous> (node_modules/ioredis/built/redis/event_handler.js:221:14)

  console.error
    [VerificationService] Redis 杩炴帴閿欒锛屼娇鐢ㄦ湰鍦板瓨鍌?

    [0m [90m 43 |[39m     
     [90m 44 |[39m     redisClient[33m.[39mon([32m'error'[39m[33m,[39m (err) [33m=>[39m {
    [31m[1m>[22m[39m[90m 45 |[39m       console[33m.[39merror([32m'[VerificationService] Redis 杩炴帴閿欒锛屼娇鐢ㄦ湰鍦板瓨鍌?'[39m[33m,[39m err[33m.[39mmessage)[33m;[39m
     [90m    |[39m               [31m[1m^[22m[39m
     [90m 46 |[39m       redisClient [33m=[39m [36mnull[39m[33m;[39m
     [90m 47 |[39m     })[33m;[39m
     [90m 48 |[39m     [0m

      at EventEmitter.error (src/services/verificationService.js:45:15)
      at EventEmitter.silentEmit (node_modules/ioredis/built/Redis.js:529:30)
      at Socket.<anonymous> (node_modules/ioredis/built/redis/event_handler.js:221:14)

  console.error
    [VerificationService] Redis 杩炴帴閿欒锛屼娇鐢ㄦ湰鍦板瓨鍌?

    [0m [90m 43 |[39m     
     [90m 44 |[39m     redisClient[33m.[39mon([32m'error'[39m[33m,[39m (err) [33m=>[39m {
    [31m[1m>[22m[39m[90m 45 |[39m       console[33m.[39merror([32m'[VerificationService] Redis 杩炴帴閿欒锛屼娇鐢ㄦ湰鍦板瓨鍌?'[39m[33m,[39m err[33m.[39mmessage)[33m;[39m
     [90m    |[39m               [31m[1m^[22m[39m
     [90m 46 |[39m       redisClient [33m=[39m [36mnull[39m[33m;[39m
     [90m 47 |[39m     })[33m;[39m
     [90m 48 |[39m     [0m

      at EventEmitter.error (src/services/verificationService.js:45:15)
      at EventEmitter.silentEmit (node_modules/ioredis/built/Redis.js:529:30)
      at Socket.<anonymous> (node_modules/ioredis/built/redis/event_handler.js:221:14)

  console.error
    [VerificationService] Redis 杩炴帴閿欒锛屼娇鐢ㄦ湰鍦板瓨鍌?

    [0m [90m 43 |[39m     
     [90m 44 |[39m     redisClient[33m.[39mon([32m'error'[39m[33m,[39m (err) [33m=>[39m {
    [31m[1m>[22m[39m[90m 45 |[39m       console[33m.[39merror([32m'[VerificationService] Redis 杩炴帴閿欒锛屼娇鐢ㄦ湰鍦板瓨鍌?'[39m[33m,[39m err[33m.[39mmessage)[33m;[39m
     [90m    |[39m               [31m[1m^[22m[39m
     [90m 46 |[39m       redisClient [33m=[39m [36mnull[39m[33m;[39m
     [90m 47 |[39m     })[33m;[39m
     [90m 48 |[39m     [0m

      at EventEmitter.error (src/services/verificationService.js:45:15)
      at EventEmitter.silentEmit (node_modules/ioredis/built/Redis.js:529:30)
      at Socket.<anonymous> (node_modules/ioredis/built/redis/event_handler.js:221:14)

  console.error
    [VerificationService] Redis 杩炴帴閿欒锛屼娇鐢ㄦ湰鍦板瓨鍌?

    [0m [90m 43 |[39m     
     [90m 44 |[39m     redisClient[33m.[39mon([32m'error'[39m[33m,[39m (err) [33m=>[39m {
    [31m[1m>[22m[39m[90m 45 |[39m       console[33m.[39merror([32m'[VerificationService] Redis 杩炴帴閿欒锛屼娇鐢ㄦ湰鍦板瓨鍌?'[39m[33m,[39m err[33m.[39mmessage)[33m;[39m
     [90m    |[39m               [31m[1m^[22m[39m
     [90m 46 |[39m       redisClient [33m=[39m [36mnull[39m[33m;[39m
     [90m 47 |[39m     })[33m;[39m
     [90m 48 |[39m     [0m

      at EventEmitter.error (src/services/verificationService.js:45:15)
      at EventEmitter.silentEmit (node_modules/ioredis/built/Redis.js:529:30)
      at Socket.<anonymous> (node_modules/ioredis/built/redis/event_handler.js:221:14)

  console.error
    [VerificationService] Redis 杩炴帴閿欒锛屼娇鐢ㄦ湰鍦板瓨鍌?

    [0m [90m 43 |[39m     
     [90m 44 |[39m     redisClient[33m.[39mon([32m'error'[39m[33m,[39m (err) [33m=>[39m {
    [31m[1m>[22m[39m[90m 45 |[39m       console[33m.[39merror([32m'[VerificationService] Redis 杩炴帴閿欒锛屼娇鐢ㄦ湰鍦板瓨鍌?'[39m[33m,[39m err[33m.[39mmessage)[33m;[39m
     [90m    |[39m               [31m[1m^[22m[39m
     [90m 46 |[39m       redisClient [33m=[39m [36mnull[39m[33m;[39m
     [90m 47 |[39m     })[33m;[39m
     [90m 48 |[39m     [0m

      at EventEmitter.error (src/services/verificationService.js:45:15)
      at EventEmitter.silentEmit (node_modules/ioredis/built/Redis.js:529:30)
      at Socket.<anonymous> (node_modules/ioredis/built/redis/event_handler.js:221:14)

  console.error
    [VerificationService] Redis 杩炴帴閿欒锛屼娇鐢ㄦ湰鍦板瓨鍌?

    [0m [90m 43 |[39m     
     [90m 44 |[39m     redisClient[33m.[39mon([32m'error'[39m[33m,[39m (err) [33m=>[39m {
    [31m[1m>[22m[39m[90m 45 |[39m       console[33m.[39merror([32m'[VerificationService] Redis 杩炴帴閿欒锛屼娇鐢ㄦ湰鍦板瓨鍌?'[39m[33m,[39m err[33m.[39mmessage)[33m;[39m
     [90m    |[39m               [31m[1m^[22m[39m
     [90m 46 |[39m       redisClient [33m=[39m [36mnull[39m[33m;[39m
     [90m 47 |[39m     })[33m;[39m
     [90m 48 |[39m     [0m

      at EventEmitter.error (src/services/verificationService.js:45:15)
      at EventEmitter.silentEmit (node_modules/ioredis/built/Redis.js:529:30)
      at Socket.<anonymous> (node_modules/ioredis/built/redis/event_handler.js:221:14)

  console.error
    [VerificationService] Redis 杩炴帴閿欒锛屼娇鐢ㄦ湰鍦板瓨鍌?

    [0m [90m 43 |[39m     
     [90m 44 |[39m     redisClient[33m.[39mon([32m'error'[39m[33m,[39m (err) [33m=>[39m {
    [31m[1m>[22m[39m[90m 45 |[39m       console[33m.[39merror([32m'[VerificationService] Redis 杩炴帴閿欒锛屼娇鐢ㄦ湰鍦板瓨鍌?'[39m[33m,[39m err[33m.[39mmessage)[33m;[39m
     [90m    |[39m               [31m[1m^[22m[39m
     [90m 46 |[39m       redisClient [33m=[39m [36mnull[39m[33m;[39m
     [90m 47 |[39m     })[33m;[39m
     [90m 48 |[39m     [0m

      at EventEmitter.error (src/services/verificationService.js:45:15)
      at EventEmitter.silentEmit (node_modules/ioredis/built/Redis.js:529:30)
      at Socket.<anonymous> (node_modules/ioredis/built/redis/event_handler.js:221:14)

  console.error
    [VerificationService] Redis 杩炴帴閿欒锛屼娇鐢ㄦ湰鍦板瓨鍌?

    [0m [90m 43 |[39m     
     [90m 44 |[39m     redisClient[33m.[39mon([32m'error'[39m[33m,[39m (err) [33m=>[39m {
    [31m[1m>[22m[39m[90m 45 |[39m       console[33m.[39merror([32m'[VerificationService] Redis 杩炴帴閿欒锛屼娇鐢ㄦ湰鍦板瓨鍌?'[39m[33m,[39m err[33m.[39mmessage)[33m;[39m
     [90m    |[39m               [31m[1m^[22m[39m
     [90m 46 |[39m       redisClient [33m=[39m [36mnull[39m[33m;[39m
     [90m 47 |[39m     })[33m;[39m
     [90m 48 |[39m     [0m

      at EventEmitter.error (src/services/verificationService.js:45:15)
      at EventEmitter.silentEmit (node_modules/ioredis/built/Redis.js:529:30)
      at Socket.<anonymous> (node_modules/ioredis/built/redis/event_handler.js:221:14)

  console.error
    [VerificationService] Redis 杩炴帴閿欒锛屼娇鐢ㄦ湰鍦板瓨鍌?

    [0m [90m 43 |[39m     
     [90m 44 |[39m     redisClient[33m.[39mon([32m'error'[39m[33m,[39m (err) [33m=>[39m {
    [31m[1m>[22m[39m[90m 45 |[39m       console[33m.[39merror([32m'[VerificationService] Redis 杩炴帴閿欒锛屼娇鐢ㄦ湰鍦板瓨鍌?'[39m[33m,[39m err[33m.[39mmessage)[33m;[39m
     [90m    |[39m               [31m[1m^[22m[39m
     [90m 46 |[39m       redisClient [33m=[39m [36mnull[39m[33m;[39m
     [90m 47 |[39m     })[33m;[39m
     [90m 48 |[39m     [0m

      at EventEmitter.error (src/services/verificationService.js:45:15)
      at EventEmitter.silentEmit (node_modules/ioredis/built/Redis.js:529:30)
      at Socket.<anonymous> (node_modules/ioredis/built/redis/event_handler.js:221:14)

  console.error
    [VerificationService] Redis 杩炴帴閿欒锛屼娇鐢ㄦ湰鍦板瓨鍌?

    [0m [90m 43 |[39m     
     [90m 44 |[39m     redisClient[33m.[39mon([32m'error'[39m[33m,[39m (err) [33m=>[39m {
    [31m[1m>[22m[39m[90m 45 |[39m       console[33m.[39merror([32m'[VerificationService] Redis 杩炴帴閿欒锛屼娇鐢ㄦ湰鍦板瓨鍌?'[39m[33m,[39m err[33m.[39mmessage)[33m;[39m
     [90m    |[39m               [31m[1m^[22m[39m
     [90m 46 |[39m       redisClient [33m=[39m [36mnull[39m[33m;[39m
     [90m 47 |[39m     })[33m;[39m
     [90m 48 |[39m     [0m

      at EventEmitter.error (src/services/verificationService.js:45:15)
      at EventEmitter.silentEmit (node_modules/ioredis/built/Redis.js:529:30)
      at Socket.<anonymous> (node_modules/ioredis/built/redis/event_handler.js:221:14)

  console.error
    [VerificationService] Redis 杩炴帴閿欒锛屼娇鐢ㄦ湰鍦板瓨鍌?

    [0m [90m 43 |[39m     
     [90m 44 |[39m     redisClient[33m.[39mon([32m'error'[39m[33m,[39m (err) [33m=>[39m {
    [31m[1m>[22m[39m[90m 45 |[39m       console[33m.[39merror([32m'[VerificationService] Redis 杩炴帴閿欒锛屼娇鐢ㄦ湰鍦板瓨鍌?'[39m[33m,[39m err[33m.[39mmessage)[33m;[39m
     [90m    |[39m               [31m[1m^[22m[39m
     [90m 46 |[39m       redisClient [33m=[39m [36mnull[39m[33m;[39m
     [90m 47 |[39m     })[33m;[39m
     [90m 48 |[39m     [0m

      at EventEmitter.error (src/services/verificationService.js:45:15)
      at EventEmitter.silentEmit (node_modules/ioredis/built/Redis.js:529:30)
      at Socket.<anonymous> (node_modules/ioredis/built/redis/event_handler.js:221:14)

  console.error
    [VerificationService] Redis 杩炴帴閿欒锛屼娇鐢ㄦ湰鍦板瓨鍌?

    [0m [90m 43 |[39m     
     [90m 44 |[39m     redisClient[33m.[39mon([32m'error'[39m[33m,[39m (err) [33m=>[39m {
    [31m[1m>[22m[39m[90m 45 |[39m       console[33m.[39merror([32m'[VerificationService] Redis 杩炴帴閿欒锛屼娇鐢ㄦ湰鍦板瓨鍌?'[39m[33m,[39m err[33m.[39mmessage)[33m;[39m
     [90m    |[39m               [31m[1m^[22m[39m
     [90m 46 |[39m       redisClient [33m=[39m [36mnull[39m[33m;[39m
     [90m 47 |[39m     })[33m;[39m
     [90m 48 |[39m     [0m

      at EventEmitter.error (src/services/verificationService.js:45:15)
      at EventEmitter.silentEmit (node_modules/ioredis/built/Redis.js:529:30)
      at Socket.<anonymous> (node_modules/ioredis/built/redis/event_handler.js:221:14)

  console.error
    [VerificationService] Redis 杩炴帴閿欒锛屼娇鐢ㄦ湰鍦板瓨鍌?

    [0m [90m 43 |[39m     
     [90m 44 |[39m     redisClient[33m.[39mon([32m'error'[39m[33m,[39m (err) [33m=>[39m {
    [31m[1m>[22m[39m[90m 45 |[39m       console[33m.[39merror([32m'[VerificationService] Redis 杩炴帴閿欒锛屼娇鐢ㄦ湰鍦板瓨鍌?'[39m[33m,[39m err[33m.[39mmessage)[33m;[39m
     [90m    |[39m               [31m[1m^[22m[39m
     [90m 46 |[39m       redisClient [33m=[39m [36mnull[39m[33m;[39m
     [90m 47 |[39m     })[33m;[39m
     [90m 48 |[39m     [0m

      at EventEmitter.error (src/services/verificationService.js:45:15)
      at EventEmitter.silentEmit (node_modules/ioredis/built/Redis.js:529:30)
      at Socket.<anonymous> (node_modules/ioredis/built/redis/event_handler.js:221:14)

  console.error
    [VerificationService] Redis 杩炴帴閿欒锛屼娇鐢ㄦ湰鍦板瓨鍌?

    [0m [90m 43 |[39m     
     [90m 44 |[39m     redisClient[33m.[39mon([32m'error'[39m[33m,[39m (err) [33m=>[39m {
    [31m[1m>[22m[39m[90m 45 |[39m       console[33m.[39merror([32m'[VerificationService] Redis 杩炴帴閿欒锛屼娇鐢ㄦ湰鍦板瓨鍌?'[39m[33m,[39m err[33m.[39mmessage)[33m;[39m
     [90m    |[39m               [31m[1m^[22m[39m
     [90m 46 |[39m       redisClient [33m=[39m [36mnull[39m[33m;[39m
     [90m 47 |[39m     })[33m;[39m
     [90m 48 |[39m     [0m

      at EventEmitter.error (src/services/verificationService.js:45:15)
      at EventEmitter.silentEmit (node_modules/ioredis/built/Redis.js:529:30)
      at Socket.<anonymous> (node_modules/ioredis/built/redis/event_handler.js:221:14)

  console.error
    [VerificationService] Redis 杩炴帴閿欒锛屼娇鐢ㄦ湰鍦板瓨鍌?

    [0m [90m 43 |[39m     
     [90m 44 |[39m     redisClient[33m.[39mon([32m'error'[39m[33m,[39m (err) [33m=>[39m {
    [31m[1m>[22m[39m[90m 45 |[39m       console[33m.[39merror([32m'[VerificationService] Redis 杩炴帴閿欒锛屼娇鐢ㄦ湰鍦板瓨鍌?'[39m[33m,[39m err[33m.[39mmessage)[33m;[39m
     [90m    |[39m               [31m[1m^[22m[39m
     [90m 46 |[39m       redisClient [33m=[39m [36mnull[39m[33m;[39m
     [90m 47 |[39m     })[33m;[39m
     [90m 48 |[39m     [0m

      at EventEmitter.error (src/services/verificationService.js:45:15)
      at EventEmitter.silentEmit (node_modules/ioredis/built/Redis.js:529:30)
      at Socket.<anonymous> (node_modules/ioredis/built/redis/event_handler.js:221:14)

  console.error
    [VerificationService] Redis 杩炴帴閿欒锛屼娇鐢ㄦ湰鍦板瓨鍌?

    [0m [90m 43 |[39m     
     [90m 44 |[39m     redisClient[33m.[39mon([32m'error'[39m[33m,[39m (err) [33m=>[39m {
    [31m[1m>[22m[39m[90m 45 |[39m       console[33m.[39merror([32m'[VerificationService] Redis 杩炴帴閿欒锛屼娇鐢ㄦ湰鍦板瓨鍌?'[39m[33m,[39m err[33m.[39mmessage)[33m;[39m
     [90m    |[39m               [31m[1m^[22m[39m
     [90m 46 |[39m       redisClient [33m=[39m [36mnull[39m[33m;[39m
     [90m 47 |[39m     })[33m;[39m
     [90m 48 |[39m     [0m

      at EventEmitter.error (src/services/verificationService.js:45:15)
      at EventEmitter.silentEmit (node_modules/ioredis/built/Redis.js:529:30)
      at Socket.<anonymous> (node_modules/ioredis/built/redis/event_handler.js:221:14)

  console.error
    [VerificationService] 瀛樺偍楠岃瘉鐮佸け璐? Reached the max retries per request limit (which is 20). Refer to "maxRetriesPerRequest" option for details.

    [0m [90m 127 |[39m     }
     [90m 128 |[39m   } [36mcatch[39m (error) {
    [31m[1m>[22m[39m[90m 129 |[39m     console[33m.[39merror([32m'[VerificationService] 瀛樺偍楠岃瘉鐮佸け璐?'[39m[33m,[39m error[33m.[39mmessage)[33m;[39m
     [90m     |[39m             [31m[1m^[22m[39m
     [90m 130 |[39m     [90m// Fallback 鍒版湰鍦板瓨鍌?[39m
     [90m 131 |[39m     verificationCodeMap[33m.[39m[36mset[39m(key[33m,[39m {
     [90m 132 |[39m       code[33m,[39m[0m

      at Object.error [as generateAndSaveCode] (src/services/verificationService.js:129:13)
      at Object.<anonymous> (tests/services-comprehensive.test.js:83:9)

  console.error
    [VerificationService] Redis 杩炴帴閿欒锛屼娇鐢ㄦ湰鍦板瓨鍌?

    [0m [90m 43 |[39m     
     [90m 44 |[39m     redisClient[33m.[39mon([32m'error'[39m[33m,[39m (err) [33m=>[39m {
    [31m[1m>[22m[39m[90m 45 |[39m       console[33m.[39merror([32m'[VerificationService] Redis 杩炴帴閿欒锛屼娇鐢ㄦ湰鍦板瓨鍌?'[39m[33m,[39m err[33m.[39mmessage)[33m;[39m
     [90m    |[39m               [31m[1m^[22m[39m
     [90m 46 |[39m       redisClient [33m=[39m [36mnull[39m[33m;[39m
     [90m 47 |[39m     })[33m;[39m
     [90m 48 |[39m     [0m

      at EventEmitter.error (src/services/verificationService.js:45:15)
      at EventEmitter.silentEmit (node_modules/ioredis/built/Redis.js:529:30)
      at Socket.<anonymous> (node_modules/ioredis/built/redis/event_handler.js:221:14)

  console.error
    [VerificationService] Redis 杩炴帴閿欒锛屼娇鐢ㄦ湰鍦板瓨鍌?

    [0m [90m 43 |[39m     
     [90m 44 |[39m     redisClient[33m.[39mon([32m'error'[39m[33m,[39m (err) [33m=>[39m {
    [31m[1m>[22m[39m[90m 45 |[39m       console[33m.[39merror([32m'[VerificationService] Redis 杩炴帴閿欒锛屼娇鐢ㄦ湰鍦板瓨鍌?'[39m[33m,[39m err[33m.[39mmessage)[33m;[39m
     [90m    |[39m               [31m[1m^[22m[39m
     [90m 46 |[39m       redisClient [33m=[39m [36mnull[39m[33m;[39m
     [90m 47 |[39m     })[33m;[39m
     [90m 48 |[39m     [0m

      at EventEmitter.error (src/services/verificationService.js:45:15)
      at EventEmitter.silentEmit (node_modules/ioredis/built/Redis.js:529:30)
      at Socket.<anonymous> (node_modules/ioredis/built/redis/event_handler.js:221:14)

  console.error
    [VerificationService] Redis 杩炴帴閿欒锛屼娇鐢ㄦ湰鍦板瓨鍌?

    [0m [90m 43 |[39m     
     [90m 44 |[39m     redisClient[33m.[39mon([32m'error'[39m[33m,[39m (err) [33m=>[39m {
    [31m[1m>[22m[39m[90m 45 |[39m       console[33m.[39merror([32m'[VerificationService] Redis 杩炴帴閿欒锛屼娇鐢ㄦ湰鍦板瓨鍌?'[39m[33m,[39m err[33m.[39mmessage)[33m;[39m
     [90m    |[39m               [31m[1m^[22m[39m
     [90m 46 |[39m       redisClient [33m=[39m [36mnull[39m[33m;[39m
     [90m 47 |[39m     })[33m;[39m
     [90m 48 |[39m     [0m

      at EventEmitter.error (src/services/verificationService.js:45:15)
      at EventEmitter.silentEmit (node_modules/ioredis/built/Redis.js:529:30)
      at Socket.<anonymous> (node_modules/ioredis/built/redis/event_handler.js:221:14)

  console.error
    [VerificationService] Redis 杩炴帴閿欒锛屼娇鐢ㄦ湰鍦板瓨鍌?

    [0m [90m 43 |[39m     
     [90m 44 |[39m     redisClient[33m.[39mon([32m'error'[39m[33m,[39m (err) [33m=>[39m {
    [31m[1m>[22m[39m[90m 45 |[39m       console[33m.[39merror([32m'[VerificationService] Redis 杩炴帴閿欒锛屼娇鐢ㄦ湰鍦板瓨鍌?'[39m[33m,[39m err[33m.[39mmessage)[33m;[39m
     [90m    |[39m               [31m[1m^[22m[39m
     [90m 46 |[39m       redisClient [33m=[39m [36mnull[39m[33m;[39m
     [90m 47 |[39m     })[33m;[39m
     [90m 48 |[39m     [0m

      at EventEmitter.error (src/services/verificationService.js:45:15)
      at EventEmitter.silentEmit (node_modules/ioredis/built/Redis.js:529:30)
      at Socket.<anonymous> (node_modules/ioredis/built/redis/event_handler.js:221:14)

  console.error
    [VerificationService] Redis 杩炴帴閿欒锛屼娇鐢ㄦ湰鍦板瓨鍌?

    [0m [90m 43 |[39m     
     [90m 44 |[39m     redisClient[33m.[39mon([32m'error'[39m[33m,[39m (err) [33m=>[39m {
    [31m[1m>[22m[39m[90m 45 |[39m       console[33m.[39merror([32m'[VerificationService] Redis 杩炴帴閿欒锛屼娇鐢ㄦ湰鍦板瓨鍌?'[39m[33m,[39m err[33m.[39mmessage)[33m;[39m
     [90m    |[39m               [31m[1m^[22m[39m
     [90m 46 |[39m       redisClient [33m=[39m [36mnull[39m[33m;[39m
     [90m 47 |[39m     })[33m;[39m
     [90m 48 |[39m     [0m

      at EventEmitter.error (src/services/verificationService.js:45:15)
      at EventEmitter.silentEmit (node_modules/ioredis/built/Redis.js:529:30)
      at Socket.<anonymous> (node_modules/ioredis/built/redis/event_handler.js:221:14)

  console.error
    [VerificationService] Redis 杩炴帴閿欒锛屼娇鐢ㄦ湰鍦板瓨鍌?

    [0m [90m 43 |[39m     
     [90m 44 |[39m     redisClient[33m.[39mon([32m'error'[39m[33m,[39m (err) [33m=>[39m {
    [31m[1m>[22m[39m[90m 45 |[39m       console[33m.[39merror([32m'[VerificationService] Redis 杩炴帴閿欒锛屼娇鐢ㄦ湰鍦板瓨鍌?'[39m[33m,[39m err[33m.[39mmessage)[33m;[39m
     [90m    |[39m               [31m[1m^[22m[39m
     [90m 46 |[39m       redisClient [33m=[39m [36mnull[39m[33m;[39m
     [90m 47 |[39m     })[33m;[39m
     [90m 48 |[39m     [0m

      at EventEmitter.error (src/services/verificationService.js:45:15)
      at EventEmitter.silentEmit (node_modules/ioredis/built/Redis.js:529:30)
      at Socket.<anonymous> (node_modules/ioredis/built/redis/event_handler.js:221:14)

  console.error
    [VerificationService] Redis 杩炴帴閿欒锛屼娇鐢ㄦ湰鍦板瓨鍌?

    [0m [90m 43 |[39m     
     [90m 44 |[39m     redisClient[33m.[39mon([32m'error'[39m[33m,[39m (err) [33m=>[39m {
    [31m[1m>[22m[39m[90m 45 |[39m       console[33m.[39merror([32m'[VerificationService] Redis 杩炴帴閿欒锛屼娇鐢ㄦ湰鍦板瓨鍌?'[39m[33m,[39m err[33m.[39mmessage)[33m;[39m
     [90m    |[39m               [31m[1m^[22m[39m
     [90m 46 |[39m       redisClient [33m=[39m [36mnull[39m[33m;[39m
     [90m 47 |[39m     })[33m;[39m
     [90m 48 |[39m     [0m

      at EventEmitter.error (src/services/verificationService.js:45:15)
      at EventEmitter.silentEmit (node_modules/ioredis/built/Redis.js:529:30)
      at Socket.<anonymous> (node_modules/ioredis/built/redis/event_handler.js:221:14)

  console.error
    [VerificationService] Redis 杩炴帴閿欒锛屼娇鐢ㄦ湰鍦板瓨鍌?

    [0m [90m 43 |[39m     
     [90m 44 |[39m     redisClient[33m.[39mon([32m'error'[39m[33m,[39m (err) [33m=>[39m {
    [31m[1m>[22m[39m[90m 45 |[39m       console[33m.[39merror([32m'[VerificationService] Redis 杩炴帴閿欒锛屼娇鐢ㄦ湰鍦板瓨鍌?'[39m[33m,[39m err[33m.[39mmessage)[33m;[39m
     [90m    |[39m               [31m[1m^[22m[39m
     [90m 46 |[39m       redisClient [33m=[39m [36mnull[39m[33m;[39m
     [90m 47 |[39m     })[33m;[39m
     [90m 48 |[39m     [0m

      at EventEmitter.error (src/services/verificationService.js:45:15)
      at EventEmitter.silentEmit (node_modules/ioredis/built/Redis.js:529:30)
      at Socket.<anonymous> (node_modules/ioredis/built/redis/event_handler.js:221:14)

  console.error
    [VerificationService] Redis 杩炴帴閿欒锛屼娇鐢ㄦ湰鍦板瓨鍌?

    [0m [90m 43 |[39m     
     [90m 44 |[39m     redisClient[33m.[39mon([32m'error'[39m[33m,[39m (err) [33m=>[39m {
    [31m[1m>[22m[39m[90m 45 |[39m       console[33m.[39merror([32m'[VerificationService] Redis 杩炴帴閿欒锛屼娇鐢ㄦ湰鍦板瓨鍌?'[39m[33m,[39m err[33m.[39mmessage)[33m;[39m
     [90m    |[39m               [31m[1m^[22m[39m
     [90m 46 |[39m       redisClient [33m=[39m [36mnull[39m[33m;[39m
     [90m 47 |[39m     })[33m;[39m
     [90m 48 |[39m     [0m

      at EventEmitter.error (src/services/verificationService.js:45:15)
      at EventEmitter.silentEmit (node_modules/ioredis/built/Redis.js:529:30)
      at Socket.<anonymous> (node_modules/ioredis/built/redis/event_handler.js:221:14)

  console.error
    [VerificationService] Redis 杩炴帴閿欒锛屼娇鐢ㄦ湰鍦板瓨鍌?

    [0m [90m 43 |[39m     
     [90m 44 |[39m     redisClient[33m.[39mon([32m'error'[39m[33m,[39m (err) [33m=>[39m {
    [31m[1m>[22m[39m[90m 45 |[39m       console[33m.[39merror([32m'[VerificationService] Redis 杩炴帴閿欒锛屼娇鐢ㄦ湰鍦板瓨鍌?'[39m[33m,[39m err[33m.[39mmessage)[33m;[39m
     [90m    |[39m               [31m[1m^[22m[39m
     [90m 46 |[39m       redisClient [33m=[39m [36mnull[39m[33m;[39m
     [90m 47 |[39m     })[33m;[39m
     [90m 48 |[39m     [0m

      at EventEmitter.error (src/services/verificationService.js:45:15)
      at EventEmitter.silentEmit (node_modules/ioredis/built/Redis.js:529:30)
      at Socket.<anonymous> (node_modules/ioredis/built/redis/event_handler.js:221:14)

  console.error
    [VerificationService] Redis 杩炴帴閿欒锛屼娇鐢ㄦ湰鍦板瓨鍌?

    [0m [90m 43 |[39m     
     [90m 44 |[39m     redisClient[33m.[39mon([32m'error'[39m[33m,[39m (err) [33m=>[39m {
    [31m[1m>[22m[39m[90m 45 |[39m       console[33m.[39merror([32m'[VerificationService] Redis 杩炴帴閿欒锛屼娇鐢ㄦ湰鍦板瓨鍌?'[39m[33m,[39m err[33m.[39mmessage)[33m;[39m
     [90m    |[39m               [31m[1m^[22m[39m
     [90m 46 |[39m       redisClient [33m=[39m [36mnull[39m[33m;[39m
     [90m 47 |[39m     })[33m;[39m
     [90m 48 |[39m     [0m

      at EventEmitter.error (src/services/verificationService.js:45:15)
      at EventEmitter.silentEmit (node_modules/ioredis/built/Redis.js:529:30)
      at Socket.<anonymous> (node_modules/ioredis/built/redis/event_handler.js:221:14)

  console.error
    [VerificationService] Redis 杩炴帴閿欒锛屼娇鐢ㄦ湰鍦板瓨鍌?

    [0m [90m 43 |[39m     
     [90m 44 |[39m     redisClient[33m.[39mon([32m'error'[39m[33m,[39m (err) [33m=>[39m {
    [31m[1m>[22m[39m[90m 45 |[39m       console[33m.[39merror([32m'[VerificationService] Redis 杩炴帴閿欒锛屼娇鐢ㄦ湰鍦板瓨鍌?'[39m[33m,[39m err[33m.[39mmessage)[33m;[39m
     [90m    |[39m               [31m[1m^[22m[39m
     [90m 46 |[39m       redisClient [33m=[39m [36mnull[39m[33m;[39m
     [90m 47 |[39m     })[33m;[39m
     [90m 48 |[39m     [0m

      at EventEmitter.error (src/services/verificationService.js:45:15)
      at EventEmitter.silentEmit (node_modules/ioredis/built/Redis.js:529:30)
      at Socket.<anonymous> (node_modules/ioredis/built/redis/event_handler.js:221:14)

  console.error
    [VerificationService] Redis 杩炴帴閿欒锛屼娇鐢ㄦ湰鍦板瓨鍌?

    [0m [90m 43 |[39m     
     [90m 44 |[39m     redisClient[33m.[39mon([32m'error'[39m[33m,[39m (err) [33m=>[39m {
    [31m[1m>[22m[39m[90m 45 |[39m       console[33m.[39merror([32m'[VerificationService] Redis 杩炴帴閿欒锛屼娇鐢ㄦ湰鍦板瓨鍌?'[39m[33m,[39m err[33m.[39mmessage)[33m;[39m
     [90m    |[39m               [31m[1m^[22m[39m
     [90m 46 |[39m       redisClient [33m=[39m [36mnull[39m[33m;[39m
     [90m 47 |[39m     })[33m;[39m
     [90m 48 |[39m     [0m

      at EventEmitter.error (src/services/verificationService.js:45:15)
      at EventEmitter.silentEmit (node_modules/ioredis/built/Redis.js:529:30)
      at Socket.<anonymous> (node_modules/ioredis/built/redis/event_handler.js:221:14)

  console.error
    [VerificationService] Redis 杩炴帴閿欒锛屼娇鐢ㄦ湰鍦板瓨鍌?

    [0m [90m 43 |[39m     
     [90m 44 |[39m     redisClient[33m.[39mon([32m'error'[39m[33m,[39m (err) [33m=>[39m {
    [31m[1m>[22m[39m[90m 45 |[39m       console[33m.[39merror([32m'[VerificationService] Redis 杩炴帴閿欒锛屼娇鐢ㄦ湰鍦板瓨鍌?'[39m[33m,[39m err[33m.[39mmessage)[33m;[39m
     [90m    |[39m               [31m[1m^[22m[39m
     [90m 46 |[39m       redisClient [33m=[39m [36mnull[39m[33m;[39m
     [90m 47 |[39m     })[33m;[39m
     [90m 48 |[39m     [0m

      at EventEmitter.error (src/services/verificationService.js:45:15)
      at EventEmitter.silentEmit (node_modules/ioredis/built/Redis.js:529:30)
      at Socket.<anonymous> (node_modules/ioredis/built/redis/event_handler.js:221:14)

  console.error
    [VerificationService] Redis 杩炴帴閿欒锛屼娇鐢ㄦ湰鍦板瓨鍌?

    [0m [90m 43 |[39m     
     [90m 44 |[39m     redisClient[33m.[39mon([32m'error'[39m[33m,[39m (err) [33m=>[39m {
    [31m[1m>[22m[39m[90m 45 |[39m       console[33m.[39merror([32m'[VerificationService] Redis 杩炴帴閿欒锛屼娇鐢ㄦ湰鍦板瓨鍌?'[39m[33m,[39m err[33m.[39mmessage)[33m;[39m
     [90m    |[39m               [31m[1m^[22m[39m
     [90m 46 |[39m       redisClient [33m=[39m [36mnull[39m[33m;[39m
     [90m 47 |[39m     })[33m;[39m
     [90m 48 |[39m     [0m

      at EventEmitter.error (src/services/verificationService.js:45:15)
      at EventEmitter.silentEmit (node_modules/ioredis/built/Redis.js:529:30)
      at Socket.<anonymous> (node_modules/ioredis/built/redis/event_handler.js:221:14)

  console.error
    [VerificationService] Redis 杩炴帴閿欒锛屼娇鐢ㄦ湰鍦板瓨鍌?

    [0m [90m 43 |[39m     
     [90m 44 |[39m     redisClient[33m.[39mon([32m'error'[39m[33m,[39m (err) [33m=>[39m {
    [31m[1m>[22m[39m[90m 45 |[39m       console[33m.[39merror([32m'[VerificationService] Redis 杩炴帴閿欒锛屼娇鐢ㄦ湰鍦板瓨鍌?'[39m[33m,[39m err[33m.[39mmessage)[33m;[39m
     [90m    |[39m               [31m[1m^[22m[39m
     [90m 46 |[39m       redisClient [33m=[39m [36mnull[39m[33m;[39m
     [90m 47 |[39m     })[33m;[39m
     [90m 48 |[39m     [0m

      at EventEmitter.error (src/services/verificationService.js:45:15)
      at EventEmitter.silentEmit (node_modules/ioredis/built/Redis.js:529:30)
      at Socket.<anonymous> (node_modules/ioredis/built/redis/event_handler.js:221:14)

  console.error
    [VerificationService] Redis 杩炴帴閿欒锛屼娇鐢ㄦ湰鍦板瓨鍌?

    [0m [90m 43 |[39m     
     [90m 44 |[39m     redisClient[33m.[39mon([32m'error'[39m[33m,[39m (err) [33m=>[39m {
    [31m[1m>[22m[39m[90m 45 |[39m       console[33m.[39merror([32m'[VerificationService] Redis 杩炴帴閿欒锛屼娇鐢ㄦ湰鍦板瓨鍌?'[39m[33m,[39m err[33m.[39mmessage)[33m;[39m
     [90m    |[39m               [31m[1m^[22m[39m
     [90m 46 |[39m       redisClient [33m=[39m [36mnull[39m[33m;[39m
     [90m 47 |[39m     })[33m;[39m
     [90m 48 |[39m     [0m

      at EventEmitter.error (src/services/verificationService.js:45:15)
      at EventEmitter.silentEmit (node_modules/ioredis/built/Redis.js:529:30)
      at Socket.<anonymous> (node_modules/ioredis/built/redis/event_handler.js:221:14)

  console.error
    [VerificationService] Redis 杩炴帴閿欒锛屼娇鐢ㄦ湰鍦板瓨鍌?

    [0m [90m 43 |[39m     
     [90m 44 |[39m     redisClient[33m.[39mon([32m'error'[39m[33m,[39m (err) [33m=>[39m {
    [31m[1m>[22m[39m[90m 45 |[39m       console[33m.[39merror([32m'[VerificationService] Redis 杩炴帴閿欒锛屼娇鐢ㄦ湰鍦板瓨鍌?'[39m[33m,[39m err[33m.[39mmessage)[33m;[39m
     [90m    |[39m               [31m[1m^[22m[39m
     [90m 46 |[39m       redisClient [33m=[39m [36mnull[39m[33m;[39m
     [90m 47 |[39m     })[33m;[39m
     [90m 48 |[39m     [0m

      at EventEmitter.error (src/services/verificationService.js:45:15)
      at EventEmitter.silentEmit (node_modules/ioredis/built/Redis.js:529:30)
      at Socket.<anonymous> (node_modules/ioredis/built/redis/event_handler.js:221:14)

  console.error
    [VerificationService] Redis 杩炴帴閿欒锛屼娇鐢ㄦ湰鍦板瓨鍌?

    [0m [90m 43 |[39m     
     [90m 44 |[39m     redisClient[33m.[39mon([32m'error'[39m[33m,[39m (err) [33m=>[39m {
    [31m[1m>[22m[39m[90m 45 |[39m       console[33m.[39merror([32m'[VerificationService] Redis 杩炴帴閿欒锛屼娇鐢ㄦ湰鍦板瓨鍌?'[39m[33m,[39m err[33m.[39mmessage)[33m;[39m
     [90m    |[39m               [31m[1m^[22m[39m
     [90m 46 |[39m       redisClient [33m=[39m [36mnull[39m[33m;[39m
     [90m 47 |[39m     })[33m;[39m
     [90m 48 |[39m     [0m

      at EventEmitter.error (src/services/verificationService.js:45:15)
      at EventEmitter.silentEmit (node_modules/ioredis/built/Redis.js:529:30)
      at Socket.<anonymous> (node_modules/ioredis/built/redis/event_handler.js:221:14)

  console.error
    [VerificationService] Redis 杩炴帴閿欒锛屼娇鐢ㄦ湰鍦板瓨鍌?

    [0m [90m 43 |[39m     
     [90m 44 |[39m     redisClient[33m.[39mon([32m'error'[39m[33m,[39m (err) [33m=>[39m {
    [31m[1m>[22m[39m[90m 45 |[39m       console[33m.[39merror([32m'[VerificationService] Redis 杩炴帴閿欒锛屼娇鐢ㄦ湰鍦板瓨鍌?'[39m[33m,[39m err[33m.[39mmessage)[33m;[39m
     [90m    |[39m               [31m[1m^[22m[39m
     [90m 46 |[39m       redisClient [33m=[39m [36mnull[39m[33m;[39m
     [90m 47 |[39m     })[33m;[39m
     [90m 48 |[39m     [0m

      at EventEmitter.error (src/services/verificationService.js:45:15)
      at EventEmitter.silentEmit (node_modules/ioredis/built/Redis.js:529:30)
      at Socket.<anonymous> (node_modules/ioredis/built/redis/event_handler.js:221:14)

  console.error
    [VerificationService] Redis 杩炴帴閿欒锛屼娇鐢ㄦ湰鍦板瓨鍌?

    [0m [90m 43 |[39m     
     [90m 44 |[39m     redisClient[33m.[39mon([32m'error'[39m[33m,[39m (err) [33m=>[39m {
    [31m[1m>[22m[39m[90m 45 |[39m       console[33m.[39merror([32m'[VerificationService] Redis 杩炴帴閿欒锛屼娇鐢ㄦ湰鍦板瓨鍌?'[39m[33m,[39m err[33m.[39mmessage)[33m;[39m
     [90m    |[39m               [31m[1m^[22m[39m
     [90m 46 |[39m       redisClient [33m=[39m [36mnull[39m[33m;[39m
     [90m 47 |[39m     })[33m;[39m
     [90m 48 |[39m     [0m

      at EventEmitter.error (src/services/verificationService.js:45:15)
      at EventEmitter.silentEmit (node_modules/ioredis/built/Redis.js:529:30)
      at Socket.<anonymous> (node_modules/ioredis/built/redis/event_handler.js:221:14)

  console.error
    [VerificationService] Redis 杩炴帴閿欒锛屼娇鐢ㄦ湰鍦板瓨鍌?

    [0m [90m 43 |[39m     
     [90m 44 |[39m     redisClient[33m.[39mon([32m'error'[39m[33m,[39m (err) [33m=>[39m {
    [31m[1m>[22m[39m[90m 45 |[39m       console[33m.[39merror([32m'[VerificationService] Redis 杩炴帴閿欒锛屼娇鐢ㄦ湰鍦板瓨鍌?'[39m[33m,[39m err[33m.[39mmessage)[33m;[39m
     [90m    |[39m               [31m[1m^[22m[39m
     [90m 46 |[39m       redisClient [33m=[39m [36mnull[39m[33m;[39m
     [90m 47 |[39m     })[33m;[39m
     [90m 48 |[39m     [0m

      at EventEmitter.error (src/services/verificationService.js:45:15)
      at EventEmitter.silentEmit (node_modules/ioredis/built/Redis.js:529:30)
      at Socket.<anonymous> (node_modules/ioredis/built/redis/event_handler.js:221:14)

  console.error
    [VerificationService] Redis 杩炴帴閿欒锛屼娇鐢ㄦ湰鍦板瓨鍌?

    [0m [90m 43 |[39m     
     [90m 44 |[39m     redisClient[33m.[39mon([32m'error'[39m[33m,[39m (err) [33m=>[39m {
    [31m[1m>[22m[39m[90m 45 |[39m       console[33m.[39merror([32m'[VerificationService] Redis 杩炴帴閿欒锛屼娇鐢ㄦ湰鍦板瓨鍌?'[39m[33m,[39m err[33m.[39mmessage)[33m;[39m
     [90m    |[39m               [31m[1m^[22m[39m
     [90m 46 |[39m       redisClient [33m=[39m [36mnull[39m[33m;[39m
     [90m 47 |[39m     })[33m;[39m
     [90m 48 |[39m     [0m

      at EventEmitter.error (src/services/verificationService.js:45:15)
      at EventEmitter.silentEmit (node_modules/ioredis/built/Redis.js:529:30)
      at Socket.<anonymous> (node_modules/ioredis/built/redis/event_handler.js:221:14)

  console.error
    [VerificationService] Redis 杩炴帴閿欒锛屼娇鐢ㄦ湰鍦板瓨鍌?

    [0m [90m 43 |[39m     
     [90m 44 |[39m     redisClient[33m.[39mon([32m'error'[39m[33m,[39m (err) [33m=>[39m {
    [31m[1m>[22m[39m[90m 45 |[39m       console[33m.[39merror([32m'[VerificationService] Redis 杩炴帴閿欒锛屼娇鐢ㄦ湰鍦板瓨鍌?'[39m[33m,[39m err[33m.[39mmessage)[33m;[39m
     [90m    |[39m               [31m[1m^[22m[39m
     [90m 46 |[39m       redisClient [33m=[39m [36mnull[39m[33m;[39m
     [90m 47 |[39m     })[33m;[39m
     [90m 48 |[39m     [0m

      at EventEmitter.error (src/services/verificationService.js:45:15)
      at EventEmitter.silentEmit (node_modules/ioredis/built/Redis.js:529:30)
      at Socket.<anonymous> (node_modules/ioredis/built/redis/event_handler.js:221:14)

  console.error
    [VerificationService] Redis 杩炴帴閿欒锛屼娇鐢ㄦ湰鍦板瓨鍌?

    [0m [90m 43 |[39m     
     [90m 44 |[39m     redisClient[33m.[39mon([32m'error'[39m[33m,[39m (err) [33m=>[39m {
    [31m[1m>[22m[39m[90m 45 |[39m       console[33m.[39merror([32m'[VerificationService] Redis 杩炴帴閿欒锛屼娇鐢ㄦ湰鍦板瓨鍌?'[39m[33m,[39m err[33m.[39mmessage)[33m;[39m
     [90m    |[39m               [31m[1m^[22m[39m
     [90m 46 |[39m       redisClient [33m=[39m [36mnull[39m[33m;[39m
     [90m 47 |[39m     })[33m;[39m
     [90m 48 |[39m     [0m

      at EventEmitter.error (src/services/verificationService.js:45:15)
      at EventEmitter.silentEmit (node_modules/ioredis/built/Redis.js:529:30)
      at Socket.<anonymous> (node_modules/ioredis/built/redis/event_handler.js:221:14)

  console.error
    [VerificationService] Redis 杩炴帴閿欒锛屼娇鐢ㄦ湰鍦板瓨鍌?

    [0m [90m 43 |[39m     
     [90m 44 |[39m     redisClient[33m.[39mon([32m'error'[39m[33m,[39m (err) [33m=>[39m {
    [31m[1m>[22m[39m[90m 45 |[39m       console[33m.[39merror([32m'[VerificationService] Redis 杩炴帴閿欒锛屼娇鐢ㄦ湰鍦板瓨鍌?'[39m[33m,[39m err[33m.[39mmessage)[33m;[39m
     [90m    |[39m               [31m[1m^[22m[39m
     [90m 46 |[39m       redisClient [33m=[39m [36mnull[39m[33m;[39m
     [90m 47 |[39m     })[33m;[39m
     [90m 48 |[39m     [0m

      at EventEmitter.error (src/services/verificationService.js:45:15)
      at EventEmitter.silentEmit (node_modules/ioredis/built/Redis.js:529:30)
      at Socket.<anonymous> (node_modules/ioredis/built/redis/event_handler.js:221:14)

  console.error
    [VerificationService] Redis 杩炴帴閿欒锛屼娇鐢ㄦ湰鍦板瓨鍌?

    [0m [90m 43 |[39m     
     [90m 44 |[39m     redisClient[33m.[39mon([32m'error'[39m[33m,[39m (err) [33m=>[39m {
    [31m[1m>[22m[39m[90m 45 |[39m       console[33m.[39merror([32m'[VerificationService] Redis 杩炴帴閿欒锛屼娇鐢ㄦ湰鍦板瓨鍌?'[39m[33m,[39m err[33m.[39mmessage)[33m;[39m
     [90m    |[39m               [31m[1m^[22m[39m
     [90m 46 |[39m       redisClient [33m=[39m [36mnull[39m[33m;[39m
     [90m 47 |[39m     })[33m;[39m
     [90m 48 |[39m     [0m

      at EventEmitter.error (src/services/verificationService.js:45:15)
      at EventEmitter.silentEmit (node_modules/ioredis/built/Redis.js:529:30)
      at Socket.<anonymous> (node_modules/ioredis/built/redis/event_handler.js:221:14)

  console.error
    [VerificationService] Redis 杩炴帴閿欒锛屼娇鐢ㄦ湰鍦板瓨鍌?

    [0m [90m 43 |[39m     
     [90m 44 |[39m     redisClient[33m.[39mon([32m'error'[39m[33m,[39m (err) [33m=>[39m {
    [31m[1m>[22m[39m[90m 45 |[39m       console[33m.[39merror([32m'[VerificationService] Redis 杩炴帴閿欒锛屼娇鐢ㄦ湰鍦板瓨鍌?'[39m[33m,[39m err[33m.[39mmessage)[33m;[39m
     [90m    |[39m               [31m[1m^[22m[39m
     [90m 46 |[39m       redisClient [33m=[39m [36mnull[39m[33m;[39m
     [90m 47 |[39m     })[33m;[39m
     [90m 48 |[39m     [0m

      at EventEmitter.error (src/services/verificationService.js:45:15)
      at EventEmitter.silentEmit (node_modules/ioredis/built/Redis.js:529:30)
      at Socket.<anonymous> (node_modules/ioredis/built/redis/event_handler.js:221:14)

  console.error
    [VerificationService] Redis 杩炴帴閿欒锛屼娇鐢ㄦ湰鍦板瓨鍌?

    [0m [90m 43 |[39m     
     [90m 44 |[39m     redisClient[33m.[39mon([32m'error'[39m[33m,[39m (err) [33m=>[39m {
    [31m[1m>[22m[39m[90m 45 |[39m       console[33m.[39merror([32m'[VerificationService] Redis 杩炴帴閿欒锛屼娇鐢ㄦ湰鍦板瓨鍌?'[39m[33m,[39m err[33m.[39mmessage)[33m;[39m
     [90m    |[39m               [31m[1m^[22m[39m
     [90m 46 |[39m       redisClient [33m=[39m [36mnull[39m[33m;[39m
     [90m 47 |[39m     })[33m;[39m
     [90m 48 |[39m     [0m

      at EventEmitter.error (src/services/verificationService.js:45:15)
      at EventEmitter.silentEmit (node_modules/ioredis/built/Redis.js:529:30)
      at Socket.<anonymous> (node_modules/ioredis/built/redis/event_handler.js:221:14)

  console.error
    [VerificationService] Redis 杩炴帴閿欒锛屼娇鐢ㄦ湰鍦板瓨鍌?

    [0m [90m 43 |[39m     
     [90m 44 |[39m     redisClient[33m.[39mon([32m'error'[39m[33m,[39m (err) [33m=>[39m {
    [31m[1m>[22m[39m[90m 45 |[39m       console[33m.[39merror([32m'[VerificationService] Redis 杩炴帴閿欒锛屼娇鐢ㄦ湰鍦板瓨鍌?'[39m[33m,[39m err[33m.[39mmessage)[33m;[39m
     [90m    |[39m               [31m[1m^[22m[39m
     [90m 46 |[39m       redisClient [33m=[39m [36mnull[39m[33m;[39m
     [90m 47 |[39m     })[33m;[39m
     [90m 48 |[39m     [0m

      at EventEmitter.error (src/services/verificationService.js:45:15)
      at EventEmitter.silentEmit (node_modules/ioredis/built/Redis.js:529:30)
      at Socket.<anonymous> (node_modules/ioredis/built/redis/event_handler.js:221:14)

  console.error
    [VerificationService] Redis 杩炴帴閿欒锛屼娇鐢ㄦ湰鍦板瓨鍌?

    [0m [90m 43 |[39m     
     [90m 44 |[39m     redisClient[33m.[39mon([32m'error'[39m[33m,[39m (err) [33m=>[39m {
    [31m[1m>[22m[39m[90m 45 |[39m       console[33m.[39merror([32m'[VerificationService] Redis 杩炴帴閿欒锛屼娇鐢ㄦ湰鍦板瓨鍌?'[39m[33m,[39m err[33m.[39mmessage)[33m;[39m
     [90m    |[39m               [31m[1m^[22m[39m
     [90m 46 |[39m       redisClient [33m=[39m [36mnull[39m[33m;[39m
     [90m 47 |[39m     })[33m;[39m
     [90m 48 |[39m     [0m

      at EventEmitter.error (src/services/verificationService.js:45:15)
      at EventEmitter.silentEmit (node_modules/ioredis/built/Redis.js:529:30)
      at Socket.<anonymous> (node_modules/ioredis/built/redis/event_handler.js:221:14)

  console.error
    [VerificationService] Redis 杩炴帴閿欒锛屼娇鐢ㄦ湰鍦板瓨鍌?

    [0m [90m 43 |[39m     
     [90m 44 |[39m     redisClient[33m.[39mon([32m'error'[39m[33m,[39m (err) [33m=>[39m {
    [31m[1m>[22m[39m[90m 45 |[39m       console[33m.[39merror([32m'[VerificationService] Redis 杩炴帴閿欒锛屼娇鐢ㄦ湰鍦板瓨鍌?'[39m[33m,[39m err[33m.[39mmessage)[33m;[39m
     [90m    |[39m               [31m[1m^[22m[39m
     [90m 46 |[39m       redisClient [33m=[39m [36mnull[39m[33m;[39m
     [90m 47 |[39m     })[33m;[39m
     [90m 48 |[39m     [0m

      at EventEmitter.error (src/services/verificationService.js:45:15)
      at EventEmitter.silentEmit (node_modules/ioredis/built/Redis.js:529:30)
      at Socket.<anonymous> (node_modules/ioredis/built/redis/event_handler.js:221:14)

  console.error
    [VerificationService] Redis 杩炴帴閿欒锛屼娇鐢ㄦ湰鍦板瓨鍌?

    [0m [90m 43 |[39m     
     [90m 44 |[39m     redisClient[33m.[39mon([32m'error'[39m[33m,[39m (err) [33m=>[39m {
    [31m[1m>[22m[39m[90m 45 |[39m       console[33m.[39merror([32m'[VerificationService] Redis 杩炴帴閿欒锛屼娇鐢ㄦ湰鍦板瓨鍌?'[39m[33m,[39m err[33m.[39mmessage)[33m;[39m
     [90m    |[39m               [31m[1m^[22m[39m
     [90m 46 |[39m       redisClient [33m=[39m [36mnull[39m[33m;[39m
     [90m 47 |[39m     })[33m;[39m
     [90m 48 |[39m     [0m

      at EventEmitter.error (src/services/verificationService.js:45:15)
      at EventEmitter.silentEmit (node_modules/ioredis/built/Redis.js:529:30)
      at Socket.<anonymous> (node_modules/ioredis/built/redis/event_handler.js:221:14)

  console.error
    [VerificationService] Redis 杩炴帴閿欒锛屼娇鐢ㄦ湰鍦板瓨鍌?

    [0m [90m 43 |[39m     
     [90m 44 |[39m     redisClient[33m.[39mon([32m'error'[39m[33m,[39m (err) [33m=>[39m {
    [31m[1m>[22m[39m[90m 45 |[39m       console[33m.[39merror([32m'[VerificationService] Redis 杩炴帴閿欒锛屼娇鐢ㄦ湰鍦板瓨鍌?'[39m[33m,[39m err[33m.[39mmessage)[33m;[39m
     [90m    |[39m               [31m[1m^[22m[39m
     [90m 46 |[39m       redisClient [33m=[39m [36mnull[39m[33m;[39m
     [90m 47 |[39m     })[33m;[39m
     [90m 48 |[39m     [0m

      at EventEmitter.error (src/services/verificationService.js:45:15)
      at EventEmitter.silentEmit (node_modules/ioredis/built/Redis.js:529:30)
      at Socket.<anonymous> (node_modules/ioredis/built/redis/event_handler.js:221:14)

  console.error
    [VerificationService] Redis 杩炴帴閿欒锛屼娇鐢ㄦ湰鍦板瓨鍌?

    [0m [90m 43 |[39m     
     [90m 44 |[39m     redisClient[33m.[39mon([32m'error'[39m[33m,[39m (err) [33m=>[39m {
    [31m[1m>[22m[39m[90m 45 |[39m       console[33m.[39merror([32m'[VerificationService] Redis 杩炴帴閿欒锛屼娇鐢ㄦ湰鍦板瓨鍌?'[39m[33m,[39m err[33m.[39mmessage)[33m;[39m
     [90m    |[39m               [31m[1m^[22m[39m
     [90m 46 |[39m       redisClient [33m=[39m [36mnull[39m[33m;[39m
     [90m 47 |[39m     })[33m;[39m
     [90m 48 |[39m     [0m

      at EventEmitter.error (src/services/verificationService.js:45:15)
      at EventEmitter.silentEmit (node_modules/ioredis/built/Redis.js:529:30)
      at Socket.<anonymous> (node_modules/ioredis/built/redis/event_handler.js:221:14)

  console.error
    [VerificationService] Redis 杩炴帴閿欒锛屼娇鐢ㄦ湰鍦板瓨鍌?

    [0m [90m 43 |[39m     
     [90m 44 |[39m     redisClient[33m.[39mon([32m'error'[39m[33m,[39m (err) [33m=>[39m {
    [31m[1m>[22m[39m[90m 45 |[39m       console[33m.[39merror([32m'[VerificationService] Redis 杩炴帴閿欒锛屼娇鐢ㄦ湰鍦板瓨鍌?'[39m[33m,[39m err[33m.[39mmessage)[33m;[39m
     [90m    |[39m               [31m[1m^[22m[39m
     [90m 46 |[39m       redisClient [33m=[39m [36mnull[39m[33m;[39m
     [90m 47 |[39m     })[33m;[39m
     [90m 48 |[39m     [0m

      at EventEmitter.error (src/services/verificationService.js:45:15)
      at EventEmitter.silentEmit (node_modules/ioredis/built/Redis.js:529:30)
      at Socket.<anonymous> (node_modules/ioredis/built/redis/event_handler.js:221:14)

  console.error
    [VerificationService] Redis 杩炴帴閿欒锛屼娇鐢ㄦ湰鍦板瓨鍌?

    [0m [90m 43 |[39m     
     [90m 44 |[39m     redisClient[33m.[39mon([32m'error'[39m[33m,[39m (err) [33m=>[39m {
    [31m[1m>[22m[39m[90m 45 |[39m       console[33m.[39merror([32m'[VerificationService] Redis 杩炴帴閿欒锛屼娇鐢ㄦ湰鍦板瓨鍌?'[39m[33m,[39m err[33m.[39mmessage)[33m;[39m
     [90m    |[39m               [31m[1m^[22m[39m
     [90m 46 |[39m       redisClient [33m=[39m [36mnull[39m[33m;[39m
     [90m 47 |[39m     })[33m;[39m
     [90m 48 |[39m     [0m

      at EventEmitter.error (src/services/verificationService.js:45:15)
      at EventEmitter.silentEmit (node_modules/ioredis/built/Redis.js:529:30)
      at Socket.<anonymous> (node_modules/ioredis/built/redis/event_handler.js:221:14)

  console.error
    [VerificationService] Redis 杩炴帴閿欒锛屼娇鐢ㄦ湰鍦板瓨鍌?

    [0m [90m 43 |[39m     
     [90m 44 |[39m     redisClient[33m.[39mon([32m'error'[39m[33m,[39m (err) [33m=>[39m {
    [31m[1m>[22m[39m[90m 45 |[39m       console[33m.[39merror([32m'[VerificationService] Redis 杩炴帴閿欒锛屼娇鐢ㄦ湰鍦板瓨鍌?'[39m[33m,[39m err[33m.[39mmessage)[33m;[39m
     [90m    |[39m               [31m[1m^[22m[39m
     [90m 46 |[39m       redisClient [33m=[39m [36mnull[39m[33m;[39m
     [90m 47 |[39m     })[33m;[39m
     [90m 48 |[39m     [0m

      at EventEmitter.error (src/services/verificationService.js:45:15)
      at EventEmitter.silentEmit (node_modules/ioredis/built/Redis.js:529:30)
      at Socket.<anonymous> (node_modules/ioredis/built/redis/event_handler.js:221:14)

  console.error
    [VerificationService] Redis 杩炴帴閿欒锛屼娇鐢ㄦ湰鍦板瓨鍌?

    [0m [90m 43 |[39m     
     [90m 44 |[39m     redisClient[33m.[39mon([32m'error'[39m[33m,[39m (err) [33m=>[39m {
    [31m[1m>[22m[39m[90m 45 |[39m       console[33m.[39merror([32m'[VerificationService] Redis 杩炴帴閿欒锛屼娇鐢ㄦ湰鍦板瓨鍌?'[39m[33m,[39m err[33m.[39mmessage)[33m;[39m
     [90m    |[39m               [31m[1m^[22m[39m
     [90m 46 |[39m       redisClient [33m=[39m [36mnull[39m[33m;[39m
     [90m 47 |[39m     })[33m;[39m
     [90m 48 |[39m     [0m

      at EventEmitter.error (src/services/verificationService.js:45:15)
      at EventEmitter.silentEmit (node_modules/ioredis/built/Redis.js:529:30)
      at Socket.<anonymous> (node_modules/ioredis/built/redis/event_handler.js:221:14)

  console.error
    [VerificationService] Redis 杩炴帴閿欒锛屼娇鐢ㄦ湰鍦板瓨鍌?

    [0m [90m 43 |[39m     
     [90m 44 |[39m     redisClient[33m.[39mon([32m'error'[39m[33m,[39m (err) [33m=>[39m {
    [31m[1m>[22m[39m[90m 45 |[39m       console[33m.[39merror([32m'[VerificationService] Redis 杩炴帴閿欒锛屼娇鐢ㄦ湰鍦板瓨鍌?'[39m[33m,[39m err[33m.[39mmessage)[33m;[39m
     [90m    |[39m               [31m[1m^[22m[39m
     [90m 46 |[39m       redisClient [33m=[39m [36mnull[39m[33m;[39m
     [90m 47 |[39m     })[33m;[39m
     [90m 48 |[39m     [0m

      at EventEmitter.error (src/services/verificationService.js:45:15)
      at EventEmitter.silentEmit (node_modules/ioredis/built/Redis.js:529:30)
      at Socket.<anonymous> (node_modules/ioredis/built/redis/event_handler.js:221:14)

  console.error
    [VerificationService] Redis 杩炴帴閿欒锛屼娇鐢ㄦ湰鍦板瓨鍌?

    [0m [90m 43 |[39m     
     [90m 44 |[39m     redisClient[33m.[39mon([32m'error'[39m[33m,[39m (err) [33m=>[39m {
    [31m[1m>[22m[39m[90m 45 |[39m       console[33m.[39merror([32m'[VerificationService] Redis 杩炴帴閿欒锛屼娇鐢ㄦ湰鍦板瓨鍌?'[39m[33m,[39m err[33m.[39mmessage)[33m;[39m
     [90m    |[39m               [31m[1m^[22m[39m
     [90m 46 |[39m       redisClient [33m=[39m [36mnull[39m[33m;[39m
     [90m 47 |[39m     })[33m;[39m
     [90m 48 |[39m     [0m

      at EventEmitter.error (src/services/verificationService.js:45:15)
      at EventEmitter.silentEmit (node_modules/ioredis/built/Redis.js:529:30)
      at Socket.<anonymous> (node_modules/ioredis/built/redis/event_handler.js:221:14)

  console.error
    [VerificationService] Redis 杩炴帴閿欒锛屼娇鐢ㄦ湰鍦板瓨鍌?

    [0m [90m 43 |[39m     
     [90m 44 |[39m     redisClient[33m.[39mon([32m'error'[39m[33m,[39m (err) [33m=>[39m {
    [31m[1m>[22m[39m[90m 45 |[39m       console[33m.[39merror([32m'[VerificationService] Redis 杩炴帴閿欒锛屼娇鐢ㄦ湰鍦板瓨鍌?'[39m[33m,[39m err[33m.[39mmessage)[33m;[39m
     [90m    |[39m               [31m[1m^[22m[39m
     [90m 46 |[39m       redisClient [33m=[39m [36mnull[39m[33m;[39m
     [90m 47 |[39m     })[33m;[39m
     [90m 48 |[39m     [0m

      at EventEmitter.error (src/services/verificationService.js:45:15)
      at EventEmitter.silentEmit (node_modules/ioredis/built/Redis.js:529:30)
      at Socket.<anonymous> (node_modules/ioredis/built/redis/event_handler.js:221:14)

  console.error
    [VerificationService] Redis 杩炴帴閿欒锛屼娇鐢ㄦ湰鍦板瓨鍌?

    [0m [90m 43 |[39m     
     [90m 44 |[39m     redisClient[33m.[39mon([32m'error'[39m[33m,[39m (err) [33m=>[39m {
    [31m[1m>[22m[39m[90m 45 |[39m       console[33m.[39merror([32m'[VerificationService] Redis 杩炴帴閿欒锛屼娇鐢ㄦ湰鍦板瓨鍌?'[39m[33m,[39m err[33m.[39mmessage)[33m;[39m
     [90m    |[39m               [31m[1m^[22m[39m
     [90m 46 |[39m       redisClient [33m=[39m [36mnull[39m[33m;[39m
     [90m 47 |[39m     })[33m;[39m
     [90m 48 |[39m     [0m

      at EventEmitter.error (src/services/verificationService.js:45:15)
      at EventEmitter.silentEmit (node_modules/ioredis/built/Redis.js:529:30)
      at Socket.<anonymous> (node_modules/ioredis/built/redis/event_handler.js:221:14)

  console.error
    [VerificationService] Redis 杩炴帴閿欒锛屼娇鐢ㄦ湰鍦板瓨鍌?

    [0m [90m 43 |[39m     
     [90m 44 |[39m     redisClient[33m.[39mon([32m'error'[39m[33m,[39m (err) [33m=>[39m {
    [31m[1m>[22m[39m[90m 45 |[39m       console[33m.[39merror([32m'[VerificationService] Redis 杩炴帴閿欒锛屼娇鐢ㄦ湰鍦板瓨鍌?'[39m[33m,[39m err[33m.[39mmessage)[33m;[39m
     [90m    |[39m               [31m[1m^[22m[39m
     [90m 46 |[39m       redisClient [33m=[39m [36mnull[39m[33m;[39m
     [90m 47 |[39m     })[33m;[39m
     [90m 48 |[39m     [0m

      at EventEmitter.error (src/services/verificationService.js:45:15)
      at EventEmitter.silentEmit (node_modules/ioredis/built/Redis.js:529:30)
      at Socket.<anonymous> (node_modules/ioredis/built/redis/event_handler.js:221:14)

  console.error
    [VerificationService] Redis 杩炴帴閿欒锛屼娇鐢ㄦ湰鍦板瓨鍌?

    [0m [90m 43 |[39m     
     [90m 44 |[39m     redisClient[33m.[39mon([32m'error'[39m[33m,[39m (err) [33m=>[39m {
    [31m[1m>[22m[39m[90m 45 |[39m       console[33m.[39merror([32m'[VerificationService] Redis 杩炴帴閿欒锛屼娇鐢ㄦ湰鍦板瓨鍌?'[39m[33m,[39m err[33m.[39mmessage)[33m;[39m
     [90m    |[39m               [31m[1m^[22m[39m
     [90m 46 |[39m       redisClient [33m=[39m [36mnull[39m[33m;[39m
     [90m 47 |[39m     })[33m;[39m
     [90m 48 |[39m     [0m

      at EventEmitter.error (src/services/verificationService.js:45:15)
      at EventEmitter.silentEmit (node_modules/ioredis/built/Redis.js:529:30)
      at Socket.<anonymous> (node_modules/ioredis/built/redis/event_handler.js:221:14)

  console.error
    [VerificationService] Redis 杩炴帴閿欒锛屼娇鐢ㄦ湰鍦板瓨鍌?

    [0m [90m 43 |[39m     
     [90m 44 |[39m     redisClient[33m.[39mon([32m'error'[39m[33m,[39m (err) [33m=>[39m {
    [31m[1m>[22m[39m[90m 45 |[39m       console[33m.[39merror([32m'[VerificationService] Redis 杩炴帴閿欒锛屼娇鐢ㄦ湰鍦板瓨鍌?'[39m[33m,[39m err[33m.[39mmessage)[33m;[39m
     [90m    |[39m               [31m[1m^[22m[39m
     [90m 46 |[39m       redisClient [33m=[39m [36mnull[39m[33m;[39m
     [90m 47 |[39m     })[33m;[39m
     [90m 48 |[39m     [0m

      at EventEmitter.error (src/services/verificationService.js:45:15)
      at EventEmitter.silentEmit (node_modules/ioredis/built/Redis.js:529:30)
      at Socket.<anonymous> (node_modules/ioredis/built/redis/event_handler.js:221:14)

  console.error
    [VerificationService] Redis 杩炴帴閿欒锛屼娇鐢ㄦ湰鍦板瓨鍌?

    [0m [90m 43 |[39m     
     [90m 44 |[39m     redisClient[33m.[39mon([32m'error'[39m[33m,[39m (err) [33m=>[39m {
    [31m[1m>[22m[39m[90m 45 |[39m       console[33m.[39merror([32m'[VerificationService] Redis 杩炴帴閿欒锛屼娇鐢ㄦ湰鍦板瓨鍌?'[39m[33m,[39m err[33m.[39mmessage)[33m;[39m
     [90m    |[39m               [31m[1m^[22m[39m
     [90m 46 |[39m       redisClient [33m=[39m [36mnull[39m[33m;[39m
     [90m 47 |[39m     })[33m;[39m
     [90m 48 |[39m     [0m

      at EventEmitter.error (src/services/verificationService.js:45:15)
      at EventEmitter.silentEmit (node_modules/ioredis/built/Redis.js:529:30)
      at Socket.<anonymous> (node_modules/ioredis/built/redis/event_handler.js:221:14)

  console.error
    [VerificationService] Redis 杩炴帴閿欒锛屼娇鐢ㄦ湰鍦板瓨鍌?

    [0m [90m 43 |[39m     
     [90m 44 |[39m     redisClient[33m.[39mon([32m'error'[39m[33m,[39m (err) [33m=>[39m {
    [31m[1m>[22m[39m[90m 45 |[39m       console[33m.[39merror([32m'[VerificationService] Redis 杩炴帴閿欒锛屼娇鐢ㄦ湰鍦板瓨鍌?'[39m[33m,[39m err[33m.[39mmessage)[33m;[39m
     [90m    |[39m               [31m[1m^[22m[39m
     [90m 46 |[39m       redisClient [33m=[39m [36mnull[39m[33m;[39m
     [90m 47 |[39m     })[33m;[39m
     [90m 48 |[39m     [0m

      at EventEmitter.error (src/services/verificationService.js:45:15)
      at EventEmitter.silentEmit (node_modules/ioredis/built/Redis.js:529:30)
      at Socket.<anonymous> (node_modules/ioredis/built/redis/event_handler.js:221:14)

  console.error
    [VerificationService] Redis 杩炴帴閿欒锛屼娇鐢ㄦ湰鍦板瓨鍌?

    [0m [90m 43 |[39m     
     [90m 44 |[39m     redisClient[33m.[39mon([32m'error'[39m[33m,[39m (err) [33m=>[39m {
    [31m[1m>[22m[39m[90m 45 |[39m       console[33m.[39merror([32m'[VerificationService] Redis 杩炴帴閿欒锛屼娇鐢ㄦ湰鍦板瓨鍌?'[39m[33m,[39m err[33m.[39mmessage)[33m;[39m
     [90m    |[39m               [31m[1m^[22m[39m
     [90m 46 |[39m       redisClient [33m=[39m [36mnull[39m[33m;[39m
     [90m 47 |[39m     })[33m;[39m
     [90m 48 |[39m     [0m

      at EventEmitter.error (src/services/verificationService.js:45:15)
      at EventEmitter.silentEmit (node_modules/ioredis/built/Redis.js:529:30)
      at Socket.<anonymous> (node_modules/ioredis/built/redis/event_handler.js:221:14)

  console.error
    [VerificationService] Redis 杩炴帴閿欒锛屼娇鐢ㄦ湰鍦板瓨鍌?

    [0m [90m 43 |[39m     
     [90m 44 |[39m     redisClient[33m.[39mon([32m'error'[39m[33m,[39m (err) [33m=>[39m {
    [31m[1m>[22m[39m[90m 45 |[39m       console[33m.[39merror([32m'[VerificationService] Redis 杩炴帴閿欒锛屼娇鐢ㄦ湰鍦板瓨鍌?'[39m[33m,[39m err[33m.[39mmessage)[33m;[39m
     [90m    |[39m               [31m[1m^[22m[39m
     [90m 46 |[39m       redisClient [33m=[39m [36mnull[39m[33m;[39m
     [90m 47 |[39m     })[33m;[39m
     [90m 48 |[39m     [0m

      at EventEmitter.error (src/services/verificationService.js:45:15)
      at EventEmitter.silentEmit (node_modules/ioredis/built/Redis.js:529:30)
      at Socket.<anonymous> (node_modules/ioredis/built/redis/event_handler.js:221:14)

  console.error
    [VerificationService] Redis 杩炴帴閿欒锛屼娇鐢ㄦ湰鍦板瓨鍌?

    [0m [90m 43 |[39m     
     [90m 44 |[39m     redisClient[33m.[39mon([32m'error'[39m[33m,[39m (err) [33m=>[39m {
    [31m[1m>[22m[39m[90m 45 |[39m       console[33m.[39merror([32m'[VerificationService] Redis 杩炴帴閿欒锛屼娇鐢ㄦ湰鍦板瓨鍌?'[39m[33m,[39m err[33m.[39mmessage)[33m;[39m
     [90m    |[39m               [31m[1m^[22m[39m
     [90m 46 |[39m       redisClient [33m=[39m [36mnull[39m[33m;[39m
     [90m 47 |[39m     })[33m;[39m
     [90m 48 |[39m     [0m

      at EventEmitter.error (src/services/verificationService.js:45:15)
      at EventEmitter.silentEmit (node_modules/ioredis/built/Redis.js:529:30)
      at Socket.<anonymous> (node_modules/ioredis/built/redis/event_handler.js:221:14)

  console.error
    [VerificationService] Redis 杩炴帴閿欒锛屼娇鐢ㄦ湰鍦板瓨鍌?

    [0m [90m 43 |[39m     
     [90m 44 |[39m     redisClient[33m.[39mon([32m'error'[39m[33m,[39m (err) [33m=>[39m {
    [31m[1m>[22m[39m[90m 45 |[39m       console[33m.[39merror([32m'[VerificationService] Redis 杩炴帴閿欒锛屼娇鐢ㄦ湰鍦板瓨鍌?'[39m[33m,[39m err[33m.[39mmessage)[33m;[39m
     [90m    |[39m               [31m[1m^[22m[39m
     [90m 46 |[39m       redisClient [33m=[39m [36mnull[39m[33m;[39m
     [90m 47 |[39m     })[33m;[39m
     [90m 48 |[39m     [0m

      at EventEmitter.error (src/services/verificationService.js:45:15)
      at EventEmitter.silentEmit (node_modules/ioredis/built/Redis.js:529:30)
      at Socket.<anonymous> (node_modules/ioredis/built/redis/event_handler.js:221:14)

  console.error
    [VerificationService] Redis 杩炴帴閿欒锛屼娇鐢ㄦ湰鍦板瓨鍌?

    [0m [90m 43 |[39m     
     [90m 44 |[39m     redisClient[33m.[39mon([32m'error'[39m[33m,[39m (err) [33m=>[39m {
    [31m[1m>[22m[39m[90m 45 |[39m       console[33m.[39merror([32m'[VerificationService] Redis 杩炴帴閿欒锛屼娇鐢ㄦ湰鍦板瓨鍌?'[39m[33m,[39m err[33m.[39mmessage)[33m;[39m
     [90m    |[39m               [31m[1m^[22m[39m
     [90m 46 |[39m       redisClient [33m=[39m [36mnull[39m[33m;[39m
     [90m 47 |[39m     })[33m;[39m
     [90m 48 |[39m     [0m

      at EventEmitter.error (src/services/verificationService.js:45:15)
      at EventEmitter.silentEmit (node_modules/ioredis/built/Redis.js:529:30)
      at Socket.<anonymous> (node_modules/ioredis/built/redis/event_handler.js:221:14)

  console.error
    [VerificationService] Redis 杩炴帴閿欒锛屼娇鐢ㄦ湰鍦板瓨鍌?

    [0m [90m 43 |[39m     
     [90m 44 |[39m     redisClient[33m.[39mon([32m'error'[39m[33m,[39m (err) [33m=>[39m {
    [31m[1m>[22m[39m[90m 45 |[39m       console[33m.[39merror([32m'[VerificationService] Redis 杩炴帴閿欒锛屼娇鐢ㄦ湰鍦板瓨鍌?'[39m[33m,[39m err[33m.[39mmessage)[33m;[39m
     [90m    |[39m               [31m[1m^[22m[39m
     [90m 46 |[39m       redisClient [33m=[39m [36mnull[39m[33m;[39m
     [90m 47 |[39m     })[33m;[39m
     [90m 48 |[39m     [0m

      at EventEmitter.error (src/services/verificationService.js:45:15)
      at EventEmitter.silentEmit (node_modules/ioredis/built/Redis.js:529:30)
      at Socket.<anonymous> (node_modules/ioredis/built/redis/event_handler.js:221:14)

  console.error
    [VerificationService] Redis 杩炴帴閿欒锛屼娇鐢ㄦ湰鍦板瓨鍌?

    [0m [90m 43 |[39m     
     [90m 44 |[39m     redisClient[33m.[39mon([32m'error'[39m[33m,[39m (err) [33m=>[39m {
    [31m[1m>[22m[39m[90m 45 |[39m       console[33m.[39merror([32m'[VerificationService] Redis 杩炴帴閿欒锛屼娇鐢ㄦ湰鍦板瓨鍌?'[39m[33m,[39m err[33m.[39mmessage)[33m;[39m
     [90m    |[39m               [31m[1m^[22m[39m
     [90m 46 |[39m       redisClient [33m=[39m [36mnull[39m[33m;[39m
     [90m 47 |[39m     })[33m;[39m
     [90m 48 |[39m     [0m

      at EventEmitter.error (src/services/verificationService.js:45:15)
      at EventEmitter.silentEmit (node_modules/ioredis/built/Redis.js:529:30)
      at Socket.<anonymous> (node_modules/ioredis/built/redis/event_handler.js:221:14)

  console.error
    [VerificationService] Redis 杩炴帴閿欒锛屼娇鐢ㄦ湰鍦板瓨鍌?

    [0m [90m 43 |[39m     
     [90m 44 |[39m     redisClient[33m.[39mon([32m'error'[39m[33m,[39m (err) [33m=>[39m {
    [31m[1m>[22m[39m[90m 45 |[39m       console[33m.[39merror([32m'[VerificationService] Redis 杩炴帴閿欒锛屼娇鐢ㄦ湰鍦板瓨鍌?'[39m[33m,[39m err[33m.[39mmessage)[33m;[39m
     [90m    |[39m               [31m[1m^[22m[39m
     [90m 46 |[39m       redisClient [33m=[39m [36mnull[39m[33m;[39m
     [90m 47 |[39m     })[33m;[39m
     [90m 48 |[39m     [0m

      at EventEmitter.error (src/services/verificationService.js:45:15)
      at EventEmitter.silentEmit (node_modules/ioredis/built/Redis.js:529:30)
      at Socket.<anonymous> (node_modules/ioredis/built/redis/event_handler.js:221:14)

  console.error
    [VerificationService] Redis 杩炴帴閿欒锛屼娇鐢ㄦ湰鍦板瓨鍌?

    [0m [90m 43 |[39m     
     [90m 44 |[39m     redisClient[33m.[39mon([32m'error'[39m[33m,[39m (err) [33m=>[39m {
    [31m[1m>[22m[39m[90m 45 |[39m       console[33m.[39merror([32m'[VerificationService] Redis 杩炴帴閿欒锛屼娇鐢ㄦ湰鍦板瓨鍌?'[39m[33m,[39m err[33m.[39mmessage)[33m;[39m
     [90m    |[39m               [31m[1m^[22m[39m
     [90m 46 |[39m       redisClient [33m=[39m [36mnull[39m[33m;[39m
     [90m 47 |[39m     })[33m;[39m
     [90m 48 |[39m     [0m

      at EventEmitter.error (src/services/verificationService.js:45:15)
      at EventEmitter.silentEmit (node_modules/ioredis/built/Redis.js:529:30)
      at Socket.<anonymous> (node_modules/ioredis/built/redis/event_handler.js:221:14)

  console.error
    [VerificationService] Redis 杩炴帴閿欒锛屼娇鐢ㄦ湰鍦板瓨鍌?

    [0m [90m 43 |[39m     
     [90m 44 |[39m     redisClient[33m.[39mon([32m'error'[39m[33m,[39m (err) [33m=>[39m {
    [31m[1m>[22m[39m[90m 45 |[39m       console[33m.[39merror([32m'[VerificationService] Redis 杩炴帴閿欒锛屼娇鐢ㄦ湰鍦板瓨鍌?'[39m[33m,[39m err[33m.[39mmessage)[33m;[39m
     [90m    |[39m               [31m[1m^[22m[39m
     [90m 46 |[39m       redisClient [33m=[39m [36mnull[39m[33m;[39m
     [90m 47 |[39m     })[33m;[39m
     [90m 48 |[39m     [0m

      at EventEmitter.error (src/services/verificationService.js:45:15)
      at EventEmitter.silentEmit (node_modules/ioredis/built/Redis.js:529:30)
      at Socket.<anonymous> (node_modules/ioredis/built/redis/event_handler.js:221:14)

  console.error
    [VerificationService] Redis 杩炴帴閿欒锛屼娇鐢ㄦ湰鍦板瓨鍌?

    [0m [90m 43 |[39m     
     [90m 44 |[39m     redisClient[33m.[39mon([32m'error'[39m[33m,[39m (err) [33m=>[39m {
    [31m[1m>[22m[39m[90m 45 |[39m       console[33m.[39merror([32m'[VerificationService] Redis 杩炴帴閿欒锛屼娇鐢ㄦ湰鍦板瓨鍌?'[39m[33m,[39m err[33m.[39mmessage)[33m;[39m
     [90m    |[39m               [31m[1m^[22m[39m
     [90m 46 |[39m       redisClient [33m=[39m [36mnull[39m[33m;[39m
     [90m 47 |[39m     })[33m;[39m
     [90m 48 |[39m     [0m

      at EventEmitter.error (src/services/verificationService.js:45:15)
      at EventEmitter.silentEmit (node_modules/ioredis/built/Redis.js:529:30)
      at Socket.<anonymous> (node_modules/ioredis/built/redis/event_handler.js:221:14)

  console.error
    [VerificationService] Redis 杩炴帴閿欒锛屼娇鐢ㄦ湰鍦板瓨鍌?

    [0m [90m 43 |[39m     
     [90m 44 |[39m     redisClient[33m.[39mon([32m'error'[39m[33m,[39m (err) [33m=>[39m {
    [31m[1m>[22m[39m[90m 45 |[39m       console[33m.[39merror([32m'[VerificationService] Redis 杩炴帴閿欒锛屼娇鐢ㄦ湰鍦板瓨鍌?'[39m[33m,[39m err[33m.[39mmessage)[33m;[39m
     [90m    |[39m               [31m[1m^[22m[39m
     [90m 46 |[39m       redisClient [33m=[39m [36mnull[39m[33m;[39m
     [90m 47 |[39m     })[33m;[39m
     [90m 48 |[39m     [0m

      at EventEmitter.error (src/services/verificationService.js:45:15)
      at EventEmitter.silentEmit (node_modules/ioredis/built/Redis.js:529:30)
      at Socket.<anonymous> (node_modules/ioredis/built/redis/event_handler.js:221:14)

  console.error
    [VerificationService] Redis 杩炴帴閿欒锛屼娇鐢ㄦ湰鍦板瓨鍌?

    [0m [90m 43 |[39m     
     [90m 44 |[39m     redisClient[33m.[39mon([32m'error'[39m[33m,[39m (err) [33m=>[39m {
    [31m[1m>[22m[39m[90m 45 |[39m       console[33m.[39merror([32m'[VerificationService] Redis 杩炴帴閿欒锛屼娇鐢ㄦ湰鍦板瓨鍌?'[39m[33m,[39m err[33m.[39mmessage)[33m;[39m
     [90m    |[39m               [31m[1m^[22m[39m
     [90m 46 |[39m       redisClient [33m=[39m [36mnull[39m[33m;[39m
     [90m 47 |[39m     })[33m;[39m
     [90m 48 |[39m     [0m

      at EventEmitter.error (src/services/verificationService.js:45:15)
      at EventEmitter.silentEmit (node_modules/ioredis/built/Redis.js:529:30)
      at Socket.<anonymous> (node_modules/ioredis/built/redis/event_handler.js:221:14)

  console.error
    [VerificationService] Redis 杩炴帴閿欒锛屼娇鐢ㄦ湰鍦板瓨鍌?

    [0m [90m 43 |[39m     
     [90m 44 |[39m     redisClient[33m.[39mon([32m'error'[39m[33m,[39m (err) [33m=>[39m {
    [31m[1m>[22m[39m[90m 45 |[39m       console[33m.[39merror([32m'[VerificationService] Redis 杩炴帴閿欒锛屼娇鐢ㄦ湰鍦板瓨鍌?'[39m[33m,[39m err[33m.[39mmessage)[33m;[39m
     [90m    |[39m               [31m[1m^[22m[39m
     [90m 46 |[39m       redisClient [33m=[39m [36mnull[39m[33m;[39m
     [90m 47 |[39m     })[33m;[39m
     [90m 48 |[39m     [0m

      at EventEmitter.error (src/services/verificationService.js:45:15)
      at EventEmitter.silentEmit (node_modules/ioredis/built/Redis.js:529:30)
      at Socket.<anonymous> (node_modules/ioredis/built/redis/event_handler.js:221:14)

  console.error
    [VerificationService] Redis 杩炴帴閿欒锛屼娇鐢ㄦ湰鍦板瓨鍌?

    [0m [90m 43 |[39m     
     [90m 44 |[39m     redisClient[33m.[39mon([32m'error'[39m[33m,[39m (err) [33m=>[39m {
    [31m[1m>[22m[39m[90m 45 |[39m       console[33m.[39merror([32m'[VerificationService] Redis 杩炴帴閿欒锛屼娇鐢ㄦ湰鍦板瓨鍌?'[39m[33m,[39m err[33m.[39mmessage)[33m;[39m
     [90m    |[39m               [31m[1m^[22m[39m
     [90m 46 |[39m       redisClient [33m=[39m [36mnull[39m[33m;[39m
     [90m 47 |[39m     })[33m;[39m
     [90m 48 |[39m     [0m

      at EventEmitter.error (src/services/verificationService.js:45:15)
      at EventEmitter.silentEmit (node_modules/ioredis/built/Redis.js:529:30)
      at Socket.<anonymous> (node_modules/ioredis/built/redis/event_handler.js:221:14)

  console.error
    [VerificationService] Redis 杩炴帴閿欒锛屼娇鐢ㄦ湰鍦板瓨鍌?

    [0m [90m 43 |[39m     
     [90m 44 |[39m     redisClient[33m.[39mon([32m'error'[39m[33m,[39m (err) [33m=>[39m {
    [31m[1m>[22m[39m[90m 45 |[39m       console[33m.[39merror([32m'[VerificationService] Redis 杩炴帴閿欒锛屼娇鐢ㄦ湰鍦板瓨鍌?'[39m[33m,[39m err[33m.[39mmessage)[33m;[39m
     [90m    |[39m               [31m[1m^[22m[39m
     [90m 46 |[39m       redisClient [33m=[39m [36mnull[39m[33m;[39m
     [90m 47 |[39m     })[33m;[39m
     [90m 48 |[39m     [0m

      at EventEmitter.error (src/services/verificationService.js:45:15)
      at EventEmitter.silentEmit (node_modules/ioredis/built/Redis.js:529:30)
      at Socket.<anonymous> (node_modules/ioredis/built/redis/event_handler.js:221:14)

  console.error
    [VerificationService] Redis 杩炴帴閿欒锛屼娇鐢ㄦ湰鍦板瓨鍌?

    [0m [90m 43 |[39m     
     [90m 44 |[39m     redisClient[33m.[39mon([32m'error'[39m[33m,[39m (err) [33m=>[39m {
    [31m[1m>[22m[39m[90m 45 |[39m       console[33m.[39merror([32m'[VerificationService] Redis 杩炴帴閿欒锛屼娇鐢ㄦ湰鍦板瓨鍌?'[39m[33m,[39m err[33m.[39mmessage)[33m;[39m
     [90m    |[39m               [31m[1m^[22m[39m
     [90m 46 |[39m       redisClient [33m=[39m [36mnull[39m[33m;[39m
     [90m 47 |[39m     })[33m;[39m
     [90m 48 |[39m     [0m

      at EventEmitter.error (src/services/verificationService.js:45:15)
      at EventEmitter.silentEmit (node_modules/ioredis/built/Redis.js:529:30)
      at Socket.<anonymous> (node_modules/ioredis/built/redis/event_handler.js:221:14)

  console.error
    [VerificationService] Redis 杩炴帴閿欒锛屼娇鐢ㄦ湰鍦板瓨鍌?

    [0m [90m 43 |[39m     
     [90m 44 |[39m     redisClient[33m.[39mon([32m'error'[39m[33m,[39m (err) [33m=>[39m {
    [31m[1m>[22m[39m[90m 45 |[39m       console[33m.[39merror([32m'[VerificationService] Redis 杩炴帴閿欒锛屼娇鐢ㄦ湰鍦板瓨鍌?'[39m[33m,[39m err[33m.[39mmessage)[33m;[39m
     [90m    |[39m               [31m[1m^[22m[39m
     [90m 46 |[39m       redisClient [33m=[39m [36mnull[39m[33m;[39m
     [90m 47 |[39m     })[33m;[39m
     [90m 48 |[39m     [0m

      at EventEmitter.error (src/services/verificationService.js:45:15)
      at EventEmitter.silentEmit (node_modules/ioredis/built/Redis.js:529:30)
      at Socket.<anonymous> (node_modules/ioredis/built/redis/event_handler.js:221:14)

  console.error
    [VerificationService] Redis 杩炴帴閿欒锛屼娇鐢ㄦ湰鍦板瓨鍌?

    [0m [90m 43 |[39m     
     [90m 44 |[39m     redisClient[33m.[39mon([32m'error'[39m[33m,[39m (err) [33m=>[39m {
    [31m[1m>[22m[39m[90m 45 |[39m       console[33m.[39merror([32m'[VerificationService] Redis 杩炴帴閿欒锛屼娇鐢ㄦ湰鍦板瓨鍌?'[39m[33m,[39m err[33m.[39mmessage)[33m;[39m
     [90m    |[39m               [31m[1m^[22m[39m
     [90m 46 |[39m       redisClient [33m=[39m [36mnull[39m[33m;[39m
     [90m 47 |[39m     })[33m;[39m
     [90m 48 |[39m     [0m

      at EventEmitter.error (src/services/verificationService.js:45:15)
      at EventEmitter.silentEmit (node_modules/ioredis/built/Redis.js:529:30)
      at Socket.<anonymous> (node_modules/ioredis/built/redis/event_handler.js:221:14)

  console.error
    [VerificationService] Redis 杩炴帴閿欒锛屼娇鐢ㄦ湰鍦板瓨鍌?

    [0m [90m 43 |[39m     
     [90m 44 |[39m     redisClient[33m.[39mon([32m'error'[39m[33m,[39m (err) [33m=>[39m {
    [31m[1m>[22m[39m[90m 45 |[39m       console[33m.[39merror([32m'[VerificationService] Redis 杩炴帴閿欒锛屼娇鐢ㄦ湰鍦板瓨鍌?'[39m[33m,[39m err[33m.[39mmessage)[33m;[39m
     [90m    |[39m               [31m[1m^[22m[39m
     [90m 46 |[39m       redisClient [33m=[39m [36mnull[39m[33m;[39m
     [90m 47 |[39m     })[33m;[39m
     [90m 48 |[39m     [0m

      at EventEmitter.error (src/services/verificationService.js:45:15)
      at EventEmitter.silentEmit (node_modules/ioredis/built/Redis.js:529:30)
      at Socket.<anonymous> (node_modules/ioredis/built/redis/event_handler.js:221:14)

  console.error
    [VerificationService] Redis 杩炴帴閿欒锛屼娇鐢ㄦ湰鍦板瓨鍌?

    [0m [90m 43 |[39m     
     [90m 44 |[39m     redisClient[33m.[39mon([32m'error'[39m[33m,[39m (err) [33m=>[39m {
    [31m[1m>[22m[39m[90m 45 |[39m       console[33m.[39merror([32m'[VerificationService] Redis 杩炴帴閿欒锛屼娇鐢ㄦ湰鍦板瓨鍌?'[39m[33m,[39m err[33m.[39mmessage)[33m;[39m
     [90m    |[39m               [31m[1m^[22m[39m
     [90m 46 |[39m       redisClient [33m=[39m [36mnull[39m[33m;[39m
     [90m 47 |[39m     })[33m;[39m
     [90m 48 |[39m     [0m

      at EventEmitter.error (src/services/verificationService.js:45:15)
      at EventEmitter.silentEmit (node_modules/ioredis/built/Redis.js:529:30)
      at Socket.<anonymous> (node_modules/ioredis/built/redis/event_handler.js:221:14)

  console.error
    [VerificationService] Redis 杩炴帴閿欒锛屼娇鐢ㄦ湰鍦板瓨鍌?

    [0m [90m 43 |[39m     
     [90m 44 |[39m     redisClient[33m.[39mon([32m'error'[39m[33m,[39m (err) [33m=>[39m {
    [31m[1m>[22m[39m[90m 45 |[39m       console[33m.[39merror([32m'[VerificationService] Redis 杩炴帴閿欒锛屼娇鐢ㄦ湰鍦板瓨鍌?'[39m[33m,[39m err[33m.[39mmessage)[33m;[39m
     [90m    |[39m               [31m[1m^[22m[39m
     [90m 46 |[39m       redisClient [33m=[39m [36mnull[39m[33m;[39m
     [90m 47 |[39m     })[33m;[39m
     [90m 48 |[39m     [0m

      at EventEmitter.error (src/services/verificationService.js:45:15)
      at EventEmitter.silentEmit (node_modules/ioredis/built/Redis.js:529:30)
      at Socket.<anonymous> (node_modules/ioredis/built/redis/event_handler.js:221:14)

  console.error
    [VerificationService] Redis 杩炴帴閿欒锛屼娇鐢ㄦ湰鍦板瓨鍌?

    [0m [90m 43 |[39m     
     [90m 44 |[39m     redisClient[33m.[39mon([32m'error'[39m[33m,[39m (err) [33m=>[39m {
    [31m[1m>[22m[39m[90m 45 |[39m       console[33m.[39merror([32m'[VerificationService] Redis 杩炴帴閿欒锛屼娇鐢ㄦ湰鍦板瓨鍌?'[39m[33m,[39m err[33m.[39mmessage)[33m;[39m
     [90m    |[39m               [31m[1m^[22m[39m
     [90m 46 |[39m       redisClient [33m=[39m [36mnull[39m[33m;[39m
     [90m 47 |[39m     })[33m;[39m
     [90m 48 |[39m     [0m

      at EventEmitter.error (src/services/verificationService.js:45:15)
      at EventEmitter.silentEmit (node_modules/ioredis/built/Redis.js:529:30)
      at Socket.<anonymous> (node_modules/ioredis/built/redis/event_handler.js:221:14)

  console.error
    [VerificationService] Redis 杩炴帴閿欒锛屼娇鐢ㄦ湰鍦板瓨鍌?

    [0m [90m 43 |[39m     
     [90m 44 |[39m     redisClient[33m.[39mon([32m'error'[39m[33m,[39m (err) [33m=>[39m {
    [31m[1m>[22m[39m[90m 45 |[39m       console[33m.[39merror([32m'[VerificationService] Redis 杩炴帴閿欒锛屼娇鐢ㄦ湰鍦板瓨鍌?'[39m[33m,[39m err[33m.[39mmessage)[33m;[39m
     [90m    |[39m               [31m[1m^[22m[39m
     [90m 46 |[39m       redisClient [33m=[39m [36mnull[39m[33m;[39m
     [90m 47 |[39m     })[33m;[39m
     [90m 48 |[39m     [0m

      at EventEmitter.error (src/services/verificationService.js:45:15)
      at EventEmitter.silentEmit (node_modules/ioredis/built/Redis.js:529:30)
      at Socket.<anonymous> (node_modules/ioredis/built/redis/event_handler.js:221:14)

  console.error
    [VerificationService] Redis 杩炴帴閿欒锛屼娇鐢ㄦ湰鍦板瓨鍌?

    [0m [90m 43 |[39m     
     [90m 44 |[39m     redisClient[33m.[39mon([32m'error'[39m[33m,[39m (err) [33m=>[39m {
    [31m[1m>[22m[39m[90m 45 |[39m       console[33m.[39merror([32m'[VerificationService] Redis 杩炴帴閿欒锛屼娇鐢ㄦ湰鍦板瓨鍌?'[39m[33m,[39m err[33m.[39mmessage)[33m;[39m
     [90m    |[39m               [31m[1m^[22m[39m
     [90m 46 |[39m       redisClient [33m=[39m [36mnull[39m[33m;[39m
     [90m 47 |[39m     })[33m;[39m
     [90m 48 |[39m     [0m

      at EventEmitter.error (src/services/verificationService.js:45:15)
      at EventEmitter.silentEmit (node_modules/ioredis/built/Redis.js:529:30)
      at Socket.<anonymous> (node_modules/ioredis/built/redis/event_handler.js:221:14)

  console.error
    [VerificationService] Redis 杩炴帴閿欒锛屼娇鐢ㄦ湰鍦板瓨鍌?

    [0m [90m 43 |[39m     
     [90m 44 |[39m     redisClient[33m.[39mon([32m'error'[39m[33m,[39m (err) [33m=>[39m {
    [31m[1m>[22m[39m[90m 45 |[39m       console[33m.[39merror([32m'[VerificationService] Redis 杩炴帴閿欒锛屼娇鐢ㄦ湰鍦板瓨鍌?'[39m[33m,[39m err[33m.[39mmessage)[33m;[39m
     [90m    |[39m               [31m[1m^[22m[39m
     [90m 46 |[39m       redisClient [33m=[39m [36mnull[39m[33m;[39m
     [90m 47 |[39m     })[33m;[39m
     [90m 48 |[39m     [0m

      at EventEmitter.error (src/services/verificationService.js:45:15)
      at EventEmitter.silentEmit (node_modules/ioredis/built/Redis.js:529:30)
      at Socket.<anonymous> (node_modules/ioredis/built/redis/event_handler.js:221:14)

  console.error
    [VerificationService] 瀛樺偍楠岃瘉鐮佸け璐? Reached the max retries per request limit (which is 20). Refer to "maxRetriesPerRequest" option for details.

    [0m [90m 127 |[39m     }
     [90m 128 |[39m   } [36mcatch[39m (error) {
    [31m[1m>[22m[39m[90m 129 |[39m     console[33m.[39merror([32m'[VerificationService] 瀛樺偍楠岃瘉鐮佸け璐?'[39m[33m,[39m error[33m.[39mmessage)[33m;[39m
     [90m     |[39m             [31m[1m^[22m[39m
     [90m 130 |[39m     [90m// Fallback 鍒版湰鍦板瓨鍌?[39m
     [90m 131 |[39m     verificationCodeMap[33m.[39m[36mset[39m(key[33m,[39m {
     [90m 132 |[39m       code[33m,[39m[0m

      at Object.error [as generateAndSaveCode] (src/services/verificationService.js:129:13)
      at Object.<anonymous> (tests/services-comprehensive.test.js:83:9)

  console.error
    [VerificationService] Redis 杩炴帴閿欒锛屼娇鐢ㄦ湰鍦板瓨鍌?

    [0m [90m 43 |[39m     
     [90m 44 |[39m     redisClient[33m.[39mon([32m'error'[39m[33m,[39m (err) [33m=>[39m {
    [31m[1m>[22m[39m[90m 45 |[39m       console[33m.[39merror([32m'[VerificationService] Redis 杩炴帴閿欒锛屼娇鐢ㄦ湰鍦板瓨鍌?'[39m[33m,[39m err[33m.[39mmessage)[33m;[39m
     [90m    |[39m               [31m[1m^[22m[39m
     [90m 46 |[39m       redisClient [33m=[39m [36mnull[39m[33m;[39m
     [90m 47 |[39m     })[33m;[39m
     [90m 48 |[39m     [0m

      at EventEmitter.error (src/services/verificationService.js:45:15)
      at EventEmitter.silentEmit (node_modules/ioredis/built/Redis.js:529:30)
      at Socket.<anonymous> (node_modules/ioredis/built/redis/event_handler.js:221:14)

  console.error
    [VerificationService] Redis 杩炴帴閿欒锛屼娇鐢ㄦ湰鍦板瓨鍌?

    [0m [90m 43 |[39m     
     [90m 44 |[39m     redisClient[33m.[39mon([32m'error'[39m[33m,[39m (err) [33m=>[39m {
    [31m[1m>[22m[39m[90m 45 |[39m       console[33m.[39merror([32m'[VerificationService] Redis 杩炴帴閿欒锛屼娇鐢ㄦ湰鍦板瓨鍌?'[39m[33m,[39m err[33m.[39mmessage)[33m;[39m
     [90m    |[39m               [31m[1m^[22m[39m
     [90m 46 |[39m       redisClient [33m=[39m [36mnull[39m[33m;[39m
     [90m 47 |[39m     })[33m;[39m
     [90m 48 |[39m     [0m

      at EventEmitter.error (src/services/verificationService.js:45:15)
      at EventEmitter.silentEmit (node_modules/ioredis/built/Redis.js:529:30)
      at Socket.<anonymous> (node_modules/ioredis/built/redis/event_handler.js:221:14)

  console.error
    [VerificationService] Redis 杩炴帴閿欒锛屼娇鐢ㄦ湰鍦板瓨鍌?

    [0m [90m 43 |[39m     
     [90m 44 |[39m     redisClient[33m.[39mon([32m'error'[39m[33m,[39m (err) [33m=>[39m {
    [31m[1m>[22m[39m[90m 45 |[39m       console[33m.[39merror([32m'[VerificationService] Redis 杩炴帴閿欒锛屼娇鐢ㄦ湰鍦板瓨鍌?'[39m[33m,[39m err[33m.[39mmessage)[33m;[39m
     [90m    |[39m               [31m[1m^[22m[39m
     [90m 46 |[39m       redisClient [33m=[39m [36mnull[39m[33m;[39m
     [90m 47 |[39m     })[33m;[39m
     [90m 48 |[39m     [0m

      at EventEmitter.error (src/services/verificationService.js:45:15)
      at EventEmitter.silentEmit (node_modules/ioredis/built/Redis.js:529:30)
      at Socket.<anonymous> (node_modules/ioredis/built/redis/event_handler.js:221:14)

  console.error
    [VerificationService] Redis 杩炴帴閿欒锛屼娇鐢ㄦ湰鍦板瓨鍌?

    [0m [90m 43 |[39m     
     [90m 44 |[39m     redisClient[33m.[39mon([32m'error'[39m[33m,[39m (err) [33m=>[39m {
    [31m[1m>[22m[39m[90m 45 |[39m       console[33m.[39merror([32m'[VerificationService] Redis 杩炴帴閿欒锛屼娇鐢ㄦ湰鍦板瓨鍌?'[39m[33m,[39m err[33m.[39mmessage)[33m;[39m
     [90m    |[39m               [31m[1m^[22m[39m
     [90m 46 |[39m       redisClient [33m=[39m [36mnull[39m[33m;[39m
     [90m 47 |[39m     })[33m;[39m
     [90m 48 |[39m     [0m

      at EventEmitter.error (src/services/verificationService.js:45:15)
      at EventEmitter.silentEmit (node_modules/ioredis/built/Redis.js:529:30)
      at Socket.<anonymous> (node_modules/ioredis/built/redis/event_handler.js:221:14)

  console.error
    [VerificationService] Redis 杩炴帴閿欒锛屼娇鐢ㄦ湰鍦板瓨鍌?

    [0m [90m 43 |[39m     
     [90m 44 |[39m     redisClient[33m.[39mon([32m'error'[39m[33m,[39m (err) [33m=>[39m {
    [31m[1m>[22m[39m[90m 45 |[39m       console[33m.[39merror([32m'[VerificationService] Redis 杩炴帴閿欒锛屼娇鐢ㄦ湰鍦板瓨鍌?'[39m[33m,[39m err[33m.[39mmessage)[33m;[39m
     [90m    |[39m               [31m[1m^[22m[39m
     [90m 46 |[39m       redisClient [33m=[39m [36mnull[39m[33m;[39m
     [90m 47 |[39m     })[33m;[39m
     [90m 48 |[39m     [0m

      at EventEmitter.error (src/services/verificationService.js:45:15)
      at EventEmitter.silentEmit (node_modules/ioredis/built/Redis.js:529:30)
      at Socket.<anonymous> (node_modules/ioredis/built/redis/event_handler.js:221:14)

  console.error
    [VerificationService] Redis 杩炴帴閿欒锛屼娇鐢ㄦ湰鍦板瓨鍌?

    [0m [90m 43 |[39m     
     [90m 44 |[39m     redisClient[33m.[39mon([32m'error'[39m[33m,[39m (err) [33m=>[39m {
    [31m[1m>[22m[39m[90m 45 |[39m       console[33m.[39merror([32m'[VerificationService] Redis 杩炴帴閿欒锛屼娇鐢ㄦ湰鍦板瓨鍌?'[39m[33m,[39m err[33m.[39mmessage)[33m;[39m
     [90m    |[39m               [31m[1m^[22m[39m
     [90m 46 |[39m       redisClient [33m=[39m [36mnull[39m[33m;[39m
     [90m 47 |[39m     })[33m;[39m
     [90m 48 |[39m     [0m

      at EventEmitter.error (src/services/verificationService.js:45:15)
      at EventEmitter.silentEmit (node_modules/ioredis/built/Redis.js:529:30)
      at Socket.<anonymous> (node_modules/ioredis/built/redis/event_handler.js:221:14)

  console.error
    [VerificationService] Redis 杩炴帴閿欒锛屼娇鐢ㄦ湰鍦板瓨鍌?

    [0m [90m 43 |[39m     
     [90m 44 |[39m     redisClient[33m.[39mon([32m'error'[39m[33m,[39m (err) [33m=>[39m {
    [31m[1m>[22m[39m[90m 45 |[39m       console[33m.[39merror([32m'[VerificationService] Redis 杩炴帴閿欒锛屼娇鐢ㄦ湰鍦板瓨鍌?'[39m[33m,[39m err[33m.[39mmessage)[33m;[39m
     [90m    |[39m               [31m[1m^[22m[39m
     [90m 46 |[39m       redisClient [33m=[39m [36mnull[39m[33m;[39m
     [90m 47 |[39m     })[33m;[39m
     [90m 48 |[39m     [0m

      at EventEmitter.error (src/services/verificationService.js:45:15)
      at EventEmitter.silentEmit (node_modules/ioredis/built/Redis.js:529:30)
      at Socket.<anonymous> (node_modules/ioredis/built/redis/event_handler.js:221:14)

  console.error
    [VerificationService] Redis 杩炴帴閿欒锛屼娇鐢ㄦ湰鍦板瓨鍌?

    [0m [90m 43 |[39m     
     [90m 44 |[39m     redisClient[33m.[39mon([32m'error'[39m[33m,[39m (err) [33m=>[39m {
    [31m[1m>[22m[39m[90m 45 |[39m       console[33m.[39merror([32m'[VerificationService] Redis 杩炴帴閿欒锛屼娇鐢ㄦ湰鍦板瓨鍌?'[39m[33m,[39m err[33m.[39mmessage)[33m;[39m
     [90m    |[39m               [31m[1m^[22m[39m
     [90m 46 |[39m       redisClient [33m=[39m [36mnull[39m[33m;[39m
     [90m 47 |[39m     })[33m;[39m
     [90m 48 |[39m     [0m

      at EventEmitter.error (src/services/verificationService.js:45:15)
      at EventEmitter.silentEmit (node_modules/ioredis/built/Redis.js:529:30)
      at Socket.<anonymous> (node_modules/ioredis/built/redis/event_handler.js:221:14)

  console.error
    [VerificationService] Redis 杩炴帴閿欒锛屼娇鐢ㄦ湰鍦板瓨鍌?

    [0m [90m 43 |[39m     
     [90m 44 |[39m     redisClient[33m.[39mon([32m'error'[39m[33m,[39m (err) [33m=>[39m {
    [31m[1m>[22m[39m[90m 45 |[39m       console[33m.[39merror([32m'[VerificationService] Redis 杩炴帴閿欒锛屼娇鐢ㄦ湰鍦板瓨鍌?'[39m[33m,[39m err[33m.[39mmessage)[33m;[39m
     [90m    |[39m               [31m[1m^[22m[39m
     [90m 46 |[39m       redisClient [33m=[39m [36mnull[39m[33m;[39m
     [90m 47 |[39m     })[33m;[39m
     [90m 48 |[39m     [0m

      at EventEmitter.error (src/services/verificationService.js:45:15)
      at EventEmitter.silentEmit (node_modules/ioredis/built/Redis.js:529:30)
      at Socket.<anonymous> (node_modules/ioredis/built/redis/event_handler.js:221:14)

  console.error
    [VerificationService] Redis 杩炴帴閿欒锛屼娇鐢ㄦ湰鍦板瓨鍌?

    [0m [90m 43 |[39m     
     [90m 44 |[39m     redisClient[33m.[39mon([32m'error'[39m[33m,[39m (err) [33m=>[39m {
    [31m[1m>[22m[39m[90m 45 |[39m       console[33m.[39merror([32m'[VerificationService] Redis 杩炴帴閿欒锛屼娇鐢ㄦ湰鍦板瓨鍌?'[39m[33m,[39m err[33m.[39mmessage)[33m;[39m
     [90m    |[39m               [31m[1m^[22m[39m
     [90m 46 |[39m       redisClient [33m=[39m [36mnull[39m[33m;[39m
     [90m 47 |[39m     })[33m;[39m
     [90m 48 |[39m     [0m

      at EventEmitter.error (src/services/verificationService.js:45:15)
      at EventEmitter.silentEmit (node_modules/ioredis/built/Redis.js:529:30)
      at Socket.<anonymous> (node_modules/ioredis/built/redis/event_handler.js:221:14)

  console.error
    [VerificationService] Redis 杩炴帴閿欒锛屼娇鐢ㄦ湰鍦板瓨鍌?

    [0m [90m 43 |[39m     
     [90m 44 |[39m     redisClient[33m.[39mon([32m'error'[39m[33m,[39m (err) [33m=>[39m {
    [31m[1m>[22m[39m[90m 45 |[39m       console[33m.[39merror([32m'[VerificationService] Redis 杩炴帴閿欒锛屼娇鐢ㄦ湰鍦板瓨鍌?'[39m[33m,[39m err[33m.[39mmessage)[33m;[39m
     [90m    |[39m               [31m[1m^[22m[39m
     [90m 46 |[39m       redisClient [33m=[39m [36mnull[39m[33m;[39m
     [90m 47 |[39m     })[33m;[39m
     [90m 48 |[39m     [0m

      at EventEmitter.error (src/services/verificationService.js:45:15)
      at EventEmitter.silentEmit (node_modules/ioredis/built/Redis.js:529:30)
      at Socket.<anonymous> (node_modules/ioredis/built/redis/event_handler.js:221:14)

  console.error
    [VerificationService] Redis 杩炴帴閿欒锛屼娇鐢ㄦ湰鍦板瓨鍌?

    [0m [90m 43 |[39m     
     [90m 44 |[39m     redisClient[33m.[39mon([32m'error'[39m[33m,[39m (err) [33m=>[39m {
    [31m[1m>[22m[39m[90m 45 |[39m       console[33m.[39merror([32m'[VerificationService] Redis 杩炴帴閿欒锛屼娇鐢ㄦ湰鍦板瓨鍌?'[39m[33m,[39m err[33m.[39mmessage)[33m;[39m
     [90m    |[39m               [31m[1m^[22m[39m
     [90m 46 |[39m       redisClient [33m=[39m [36mnull[39m[33m;[39m
     [90m 47 |[39m     })[33m;[39m
     [90m 48 |[39m     [0m

      at EventEmitter.error (src/services/verificationService.js:45:15)
      at EventEmitter.silentEmit (node_modules/ioredis/built/Redis.js:529:30)
      at Socket.<anonymous> (node_modules/ioredis/built/redis/event_handler.js:221:14)

  console.error
    [VerificationService] Redis 杩炴帴閿欒锛屼娇鐢ㄦ湰鍦板瓨鍌?

    [0m [90m 43 |[39m     
     [90m 44 |[39m     redisClient[33m.[39mon([32m'error'[39m[33m,[39m (err) [33m=>[39m {
    [31m[1m>[22m[39m[90m 45 |[39m       console[33m.[39merror([32m'[VerificationService] Redis 杩炴帴閿欒锛屼娇鐢ㄦ湰鍦板瓨鍌?'[39m[33m,[39m err[33m.[39mmessage)[33m;[39m
     [90m    |[39m               [31m[1m^[22m[39m
     [90m 46 |[39m       redisClient [33m=[39m [36mnull[39m[33m;[39m
     [90m 47 |[39m     })[33m;[39m
     [90m 48 |[39m     [0m

      at EventEmitter.error (src/services/verificationService.js:45:15)
      at EventEmitter.silentEmit (node_modules/ioredis/built/Redis.js:529:30)
      at Socket.<anonymous> (node_modules/ioredis/built/redis/event_handler.js:221:14)

  console.error
    [VerificationService] Redis 杩炴帴閿欒锛屼娇鐢ㄦ湰鍦板瓨鍌?

    [0m [90m 43 |[39m     
     [90m 44 |[39m     redisClient[33m.[39mon([32m'error'[39m[33m,[39m (err) [33m=>[39m {
    [31m[1m>[22m[39m[90m 45 |[39m       console[33m.[39merror([32m'[VerificationService] Redis 杩炴帴閿欒锛屼娇鐢ㄦ湰鍦板瓨鍌?'[39m[33m,[39m err[33m.[39mmessage)[33m;[39m
     [90m    |[39m               [31m[1m^[22m[39m
     [90m 46 |[39m       redisClient [33m=[39m [36mnull[39m[33m;[39m
     [90m 47 |[39m     })[33m;[39m
     [90m 48 |[39m     [0m

      at EventEmitter.error (src/services/verificationService.js:45:15)
      at EventEmitter.silentEmit (node_modules/ioredis/built/Redis.js:529:30)
      at Socket.<anonymous> (node_modules/ioredis/built/redis/event_handler.js:221:14)

  console.error
    [VerificationService] Redis 杩炴帴閿欒锛屼娇鐢ㄦ湰鍦板瓨鍌?

    [0m [90m 43 |[39m     
     [90m 44 |[39m     redisClient[33m.[39mon([32m'error'[39m[33m,[39m (err) [33m=>[39m {
    [31m[1m>[22m[39m[90m 45 |[39m       console[33m.[39merror([32m'[VerificationService] Redis 杩炴帴閿欒锛屼娇鐢ㄦ湰鍦板瓨鍌?'[39m[33m,[39m err[33m.[39mmessage)[33m;[39m
     [90m    |[39m               [31m[1m^[22m[39m
     [90m 46 |[39m       redisClient [33m=[39m [36mnull[39m[33m;[39m
     [90m 47 |[39m     })[33m;[39m
     [90m 48 |[39m     [0m

      at EventEmitter.error (src/services/verificationService.js:45:15)
      at EventEmitter.silentEmit (node_modules/ioredis/built/Redis.js:529:30)
      at Socket.<anonymous> (node_modules/ioredis/built/redis/event_handler.js:221:14)

  console.error
    [VerificationService] Redis 杩炴帴閿欒锛屼娇鐢ㄦ湰鍦板瓨鍌?

    [0m [90m 43 |[39m     
     [90m 44 |[39m     redisClient[33m.[39mon([32m'error'[39m[33m,[39m (err) [33m=>[39m {
    [31m[1m>[22m[39m[90m 45 |[39m       console[33m.[39merror([32m'[VerificationService] Redis 杩炴帴閿欒锛屼娇鐢ㄦ湰鍦板瓨鍌?'[39m[33m,[39m err[33m.[39mmessage)[33m;[39m
     [90m    |[39m               [31m[1m^[22m[39m
     [90m 46 |[39m       redisClient [33m=[39m [36mnull[39m[33m;[39m
     [90m 47 |[39m     })[33m;[39m
     [90m 48 |[39m     [0m

      at EventEmitter.error (src/services/verificationService.js:45:15)
      at EventEmitter.silentEmit (node_modules/ioredis/built/Redis.js:529:30)
      at Socket.<anonymous> (node_modules/ioredis/built/redis/event_handler.js:221:14)

  console.error
    [VerificationService] Redis 杩炴帴閿欒锛屼娇鐢ㄦ湰鍦板瓨鍌?

    [0m [90m 43 |[39m     
     [90m 44 |[39m     redisClient[33m.[39mon([32m'error'[39m[33m,[39m (err) [33m=>[39m {
    [31m[1m>[22m[39m[90m 45 |[39m       console[33m.[39merror([32m'[VerificationService] Redis 杩炴帴閿欒锛屼娇鐢ㄦ湰鍦板瓨鍌?'[39m[33m,[39m err[33m.[39mmessage)[33m;[39m
     [90m    |[39m               [31m[1m^[22m[39m
     [90m 46 |[39m       redisClient [33m=[39m [36mnull[39m[33m;[39m
     [90m 47 |[39m     })[33m;[39m
     [90m 48 |[39m     [0m

      at EventEmitter.error (src/services/verificationService.js:45:15)
      at EventEmitter.silentEmit (node_modules/ioredis/built/Redis.js:529:30)
      at Socket.<anonymous> (node_modules/ioredis/built/redis/event_handler.js:221:14)

  console.error
    [VerificationService] Redis 杩炴帴閿欒锛屼娇鐢ㄦ湰鍦板瓨鍌?

    [0m [90m 43 |[39m     
     [90m 44 |[39m     redisClient[33m.[39mon([32m'error'[39m[33m,[39m (err) [33m=>[39m {
    [31m[1m>[22m[39m[90m 45 |[39m       console[33m.[39merror([32m'[VerificationService] Redis 杩炴帴閿欒锛屼娇鐢ㄦ湰鍦板瓨鍌?'[39m[33m,[39m err[33m.[39mmessage)[33m;[39m
     [90m    |[39m               [31m[1m^[22m[39m
     [90m 46 |[39m       redisClient [33m=[39m [36mnull[39m[33m;[39m
     [90m 47 |[39m     })[33m;[39m
     [90m 48 |[39m     [0m

      at EventEmitter.error (src/services/verificationService.js:45:15)
      at EventEmitter.silentEmit (node_modules/ioredis/built/Redis.js:529:30)
      at Socket.<anonymous> (node_modules/ioredis/built/redis/event_handler.js:221:14)

  console.error
    [VerificationService] Redis 杩炴帴閿欒锛屼娇鐢ㄦ湰鍦板瓨鍌?

    [0m [90m 43 |[39m     
     [90m 44 |[39m     redisClient[33m.[39mon([32m'error'[39m[33m,[39m (err) [33m=>[39m {
    [31m[1m>[22m[39m[90m 45 |[39m       console[33m.[39merror([32m'[VerificationService] Redis 杩炴帴閿欒锛屼娇鐢ㄦ湰鍦板瓨鍌?'[39m[33m,[39m err[33m.[39mmessage)[33m;[39m
     [90m    |[39m               [31m[1m^[22m[39m
     [90m 46 |[39m       redisClient [33m=[39m [36mnull[39m[33m;[39m
     [90m 47 |[39m     })[33m;[39m
     [90m 48 |[39m     [0m

      at EventEmitter.error (src/services/verificationService.js:45:15)
      at EventEmitter.silentEmit (node_modules/ioredis/built/Redis.js:529:30)
      at Socket.<anonymous> (node_modules/ioredis/built/redis/event_handler.js:221:14)

  console.error
    [VerificationService] Redis 杩炴帴閿欒锛屼娇鐢ㄦ湰鍦板瓨鍌?

    [0m [90m 43 |[39m     
     [90m 44 |[39m     redisClient[33m.[39mon([32m'error'[39m[33m,[39m (err) [33m=>[39m {
    [31m[1m>[22m[39m[90m 45 |[39m       console[33m.[39merror([32m'[VerificationService] Redis 杩炴帴閿欒锛屼娇鐢ㄦ湰鍦板瓨鍌?'[39m[33m,[39m err[33m.[39mmessage)[33m;[39m
     [90m    |[39m               [31m[1m^[22m[39m
     [90m 46 |[39m       redisClient [33m=[39m [36mnull[39m[33m;[39m
     [90m 47 |[39m     })[33m;[39m
     [90m 48 |[39m     [0m

      at EventEmitter.error (src/services/verificationService.js:45:15)
      at EventEmitter.silentEmit (node_modules/ioredis/built/Redis.js:529:30)
      at Socket.<anonymous> (node_modules/ioredis/built/redis/event_handler.js:221:14)

  console.error
    [VerificationService] Redis 杩炴帴閿欒锛屼娇鐢ㄦ湰鍦板瓨鍌?

    [0m [90m 43 |[39m     
     [90m 44 |[39m     redisClient[33m.[39mon([32m'error'[39m[33m,[39m (err) [33m=>[39m {
    [31m[1m>[22m[39m[90m 45 |[39m       console[33m.[39merror([32m'[VerificationService] Redis 杩炴帴閿欒锛屼娇鐢ㄦ湰鍦板瓨鍌?'[39m[33m,[39m err[33m.[39mmessage)[33m;[39m
     [90m    |[39m               [31m[1m^[22m[39m
     [90m 46 |[39m       redisClient [33m=[39m [36mnull[39m[33m;[39m
     [90m 47 |[39m     })[33m;[39m
     [90m 48 |[39m     [0m

      at EventEmitter.error (src/services/verificationService.js:45:15)
      at EventEmitter.silentEmit (node_modules/ioredis/built/Redis.js:529:30)
      at Socket.<anonymous> (node_modules/ioredis/built/redis/event_handler.js:221:14)

  console.error
    [VerificationService] Redis 杩炴帴閿欒锛屼娇鐢ㄦ湰鍦板瓨鍌?

    [0m [90m 43 |[39m     
     [90m 44 |[39m     redisClient[33m.[39mon([32m'error'[39m[33m,[39m (err) [33m=>[39m {
    [31m[1m>[22m[39m[90m 45 |[39m       console[33m.[39merror([32m'[VerificationService] Redis 杩炴帴閿欒锛屼娇鐢ㄦ湰鍦板瓨鍌?'[39m[33m,[39m err[33m.[39mmessage)[33m;[39m
     [90m    |[39m               [31m[1m^[22m[39m
     [90m 46 |[39m       redisClient [33m=[39m [36mnull[39m[33m;[39m
     [90m 47 |[39m     })[33m;[39m
     [90m 48 |[39m     [0m

      at EventEmitter.error (src/services/verificationService.js:45:15)
      at EventEmitter.silentEmit (node_modules/ioredis/built/Redis.js:529:30)
      at Socket.<anonymous> (node_modules/ioredis/built/redis/event_handler.js:221:14)

  console.error
    [VerificationService] Redis 杩炴帴閿欒锛屼娇鐢ㄦ湰鍦板瓨鍌?

    [0m [90m 43 |[39m     
     [90m 44 |[39m     redisClient[33m.[39mon([32m'error'[39m[33m,[39m (err) [33m=>[39m {
    [31m[1m>[22m[39m[90m 45 |[39m       console[33m.[39merror([32m'[VerificationService] Redis 杩炴帴閿欒锛屼娇鐢ㄦ湰鍦板瓨鍌?'[39m[33m,[39m err[33m.[39mmessage)[33m;[39m
     [90m    |[39m               [31m[1m^[22m[39m
     [90m 46 |[39m       redisClient [33m=[39m [36mnull[39m[33m;[39m
     [90m 47 |[39m     })[33m;[39m
     [90m 48 |[39m     [0m

      at EventEmitter.error (src/services/verificationService.js:45:15)
      at EventEmitter.silentEmit (node_modules/ioredis/built/Redis.js:529:30)
      at Socket.<anonymous> (node_modules/ioredis/built/redis/event_handler.js:221:14)

  console.error
    [VerificationService] Redis 杩炴帴閿欒锛屼娇鐢ㄦ湰鍦板瓨鍌?

    [0m [90m 43 |[39m     
     [90m 44 |[39m     redisClient[33m.[39mon([32m'error'[39m[33m,[39m (err) [33m=>[39m {
    [31m[1m>[22m[39m[90m 45 |[39m       console[33m.[39merror([32m'[VerificationService] Redis 杩炴帴閿欒锛屼娇鐢ㄦ湰鍦板瓨鍌?'[39m[33m,[39m err[33m.[39mmessage)[33m;[39m
     [90m    |[39m               [31m[1m^[22m[39m
     [90m 46 |[39m       redisClient [33m=[39m [36mnull[39m[33m;[39m
     [90m 47 |[39m     })[33m;[39m
     [90m 48 |[39m     [0m

      at EventEmitter.error (src/services/verificationService.js:45:15)
      at EventEmitter.silentEmit (node_modules/ioredis/built/Redis.js:529:30)
      at Socket.<anonymous> (node_modules/ioredis/built/redis/event_handler.js:221:14)

  console.error
    [VerificationService] Redis 杩炴帴閿欒锛屼娇鐢ㄦ湰鍦板瓨鍌?

    [0m [90m 43 |[39m     
     [90m 44 |[39m     redisClient[33m.[39mon([32m'error'[39m[33m,[39m (err) [33m=>[39m {
    [31m[1m>[22m[39m[90m 45 |[39m       console[33m.[39merror([32m'[VerificationService] Redis 杩炴帴閿欒锛屼娇鐢ㄦ湰鍦板瓨鍌?'[39m[33m,[39m err[33m.[39mmessage)[33m;[39m
     [90m    |[39m               [31m[1m^[22m[39m
     [90m 46 |[39m       redisClient [33m=[39m [36mnull[39m[33m;[39m
     [90m 47 |[39m     })[33m;[39m
     [90m 48 |[39m     [0m

      at EventEmitter.error (src/services/verificationService.js:45:15)
      at EventEmitter.silentEmit (node_modules/ioredis/built/Redis.js:529:30)
      at Socket.<anonymous> (node_modules/ioredis/built/redis/event_handler.js:221:14)

  console.error
    [VerificationService] Redis 杩炴帴閿欒锛屼娇鐢ㄦ湰鍦板瓨鍌?

    [0m [90m 43 |[39m     
     [90m 44 |[39m     redisClient[33m.[39mon([32m'error'[39m[33m,[39m (err) [33m=>[39m {
    [31m[1m>[22m[39m[90m 45 |[39m       console[33m.[39merror([32m'[VerificationService] Redis 杩炴帴閿欒锛屼娇鐢ㄦ湰鍦板瓨鍌?'[39m[33m,[39m err[33m.[39mmessage)[33m;[39m
     [90m    |[39m               [31m[1m^[22m[39m
     [90m 46 |[39m       redisClient [33m=[39m [36mnull[39m[33m;[39m
     [90m 47 |[39m     })[33m;[39m
     [90m 48 |[39m     [0m

      at EventEmitter.error (src/services/verificationService.js:45:15)
      at EventEmitter.silentEmit (node_modules/ioredis/built/Redis.js:529:30)
      at Socket.<anonymous> (node_modules/ioredis/built/redis/event_handler.js:221:14)

  console.error
    [VerificationService] Redis 杩炴帴閿欒锛屼娇鐢ㄦ湰鍦板瓨鍌?

    [0m [90m 43 |[39m     
     [90m 44 |[39m     redisClient[33m.[39mon([32m'error'[39m[33m,[39m (err) [33m=>[39m {
    [31m[1m>[22m[39m[90m 45 |[39m       console[33m.[39merror([32m'[VerificationService] Redis 杩炴帴閿欒锛屼娇鐢ㄦ湰鍦板瓨鍌?'[39m[33m,[39m err[33m.[39mmessage)[33m;[39m
     [90m    |[39m               [31m[1m^[22m[39m
     [90m 46 |[39m       redisClient [33m=[39m [36mnull[39m[33m;[39m
     [90m 47 |[39m     })[33m;[39m
     [90m 48 |[39m     [0m

      at EventEmitter.error (src/services/verificationService.js:45:15)
      at EventEmitter.silentEmit (node_modules/ioredis/built/Redis.js:529:30)
      at Socket.<anonymous> (node_modules/ioredis/built/redis/event_handler.js:221:14)

  console.error
    [VerificationService] Redis 杩炴帴閿欒锛屼娇鐢ㄦ湰鍦板瓨鍌?

    [0m [90m 43 |[39m     
     [90m 44 |[39m     redisClient[33m.[39mon([32m'error'[39m[33m,[39m (err) [33m=>[39m {
    [31m[1m>[22m[39m[90m 45 |[39m       console[33m.[39merror([32m'[VerificationService] Redis 杩炴帴閿欒锛屼娇鐢ㄦ湰鍦板瓨鍌?'[39m[33m,[39m err[33m.[39mmessage)[33m;[39m
     [90m    |[39m               [31m[1m^[22m[39m
     [90m 46 |[39m       redisClient [33m=[39m [36mnull[39m[33m;[39m
     [90m 47 |[39m     })[33m;[39m
     [90m 48 |[39m     [0m

      at EventEmitter.error (src/services/verificationService.js:45:15)
      at EventEmitter.silentEmit (node_modules/ioredis/built/Redis.js:529:30)
      at Socket.<anonymous> (node_modules/ioredis/built/redis/event_handler.js:221:14)

  console.error
    [VerificationService] Redis 杩炴帴閿欒锛屼娇鐢ㄦ湰鍦板瓨鍌?

    [0m [90m 43 |[39m     
     [90m 44 |[39m     redisClient[33m.[39mon([32m'error'[39m[33m,[39m (err) [33m=>[39m {
    [31m[1m>[22m[39m[90m 45 |[39m       console[33m.[39merror([32m'[VerificationService] Redis 杩炴帴閿欒锛屼娇鐢ㄦ湰鍦板瓨鍌?'[39m[33m,[39m err[33m.[39mmessage)[33m;[39m
     [90m    |[39m               [31m[1m^[22m[39m
     [90m 46 |[39m       redisClient [33m=[39m [36mnull[39m[33m;[39m
     [90m 47 |[39m     })[33m;[39m
     [90m 48 |[39m     [0m

      at EventEmitter.error (src/services/verificationService.js:45:15)
      at EventEmitter.silentEmit (node_modules/ioredis/built/Redis.js:529:30)
      at Socket.<anonymous> (node_modules/ioredis/built/redis/event_handler.js:221:14)

  console.error
    [VerificationService] Redis 杩炴帴閿欒锛屼娇鐢ㄦ湰鍦板瓨鍌?

    [0m [90m 43 |[39m     
     [90m 44 |[39m     redisClient[33m.[39mon([32m'error'[39m[33m,[39m (err) [33m=>[39m {
    [31m[1m>[22m[39m[90m 45 |[39m       console[33m.[39merror([32m'[VerificationService] Redis 杩炴帴閿欒锛屼娇鐢ㄦ湰鍦板瓨鍌?'[39m[33m,[39m err[33m.[39mmessage)[33m;[39m
     [90m    |[39m               [31m[1m^[22m[39m
     [90m 46 |[39m       redisClient [33m=[39m [36mnull[39m[33m;[39m
     [90m 47 |[39m     })[33m;[39m
     [90m 48 |[39m     [0m

      at EventEmitter.error (src/services/verificationService.js:45:15)
      at EventEmitter.silentEmit (node_modules/ioredis/built/Redis.js:529:30)
      at Socket.<anonymous> (node_modules/ioredis/built/redis/event_handler.js:221:14)

  console.error
    [VerificationService] Redis 杩炴帴閿欒锛屼娇鐢ㄦ湰鍦板瓨鍌?

    [0m [90m 43 |[39m     
     [90m 44 |[39m     redisClient[33m.[39mon([32m'error'[39m[33m,[39m (err) [33m=>[39m {
    [31m[1m>[22m[39m[90m 45 |[39m       console[33m.[39merror([32m'[VerificationService] Redis 杩炴帴閿欒锛屼娇鐢ㄦ湰鍦板瓨鍌?'[39m[33m,[39m err[33m.[39mmessage)[33m;[39m
     [90m    |[39m               [31m[1m^[22m[39m
     [90m 46 |[39m       redisClient [33m=[39m [36mnull[39m[33m;[39m
     [90m 47 |[39m     })[33m;[39m
     [90m 48 |[39m     [0m

      at EventEmitter.error (src/services/verificationService.js:45:15)
      at EventEmitter.silentEmit (node_modules/ioredis/built/Redis.js:529:30)
      at Socket.<anonymous> (node_modules/ioredis/built/redis/event_handler.js:221:14)

  console.error
    [VerificationService] Redis 杩炴帴閿欒锛屼娇鐢ㄦ湰鍦板瓨鍌?

    [0m [90m 43 |[39m     
     [90m 44 |[39m     redisClient[33m.[39mon([32m'error'[39m[33m,[39m (err) [33m=>[39m {
    [31m[1m>[22m[39m[90m 45 |[39m       console[33m.[39merror([32m'[VerificationService] Redis 杩炴帴閿欒锛屼娇鐢ㄦ湰鍦板瓨鍌?'[39m[33m,[39m err[33m.[39mmessage)[33m;[39m
     [90m    |[39m               [31m[1m^[22m[39m
     [90m 46 |[39m       redisClient [33m=[39m [36mnull[39m[33m;[39m
     [90m 47 |[39m     })[33m;[39m
     [90m 48 |[39m     [0m

      at EventEmitter.error (src/services/verificationService.js:45:15)
      at EventEmitter.silentEmit (node_modules/ioredis/built/Redis.js:529:30)
      at Socket.<anonymous> (node_modules/ioredis/built/redis/event_handler.js:221:14)

  console.error
    [VerificationService] Redis 杩炴帴閿欒锛屼娇鐢ㄦ湰鍦板瓨鍌?

    [0m [90m 43 |[39m     
     [90m 44 |[39m     redisClient[33m.[39mon([32m'error'[39m[33m,[39m (err) [33m=>[39m {
    [31m[1m>[22m[39m[90m 45 |[39m       console[33m.[39merror([32m'[VerificationService] Redis 杩炴帴閿欒锛屼娇鐢ㄦ湰鍦板瓨鍌?'[39m[33m,[39m err[33m.[39mmessage)[33m;[39m
     [90m    |[39m               [31m[1m^[22m[39m
     [90m 46 |[39m       redisClient [33m=[39m [36mnull[39m[33m;[39m
     [90m 47 |[39m     })[33m;[39m
     [90m 48 |[39m     [0m

      at EventEmitter.error (src/services/verificationService.js:45:15)
      at EventEmitter.silentEmit (node_modules/ioredis/built/Redis.js:529:30)
      at Socket.<anonymous> (node_modules/ioredis/built/redis/event_handler.js:221:14)

  console.error
    [VerificationService] Redis 杩炴帴閿欒锛屼娇鐢ㄦ湰鍦板瓨鍌?

    [0m [90m 43 |[39m     
     [90m 44 |[39m     redisClient[33m.[39mon([32m'error'[39m[33m,[39m (err) [33m=>[39m {
    [31m[1m>[22m[39m[90m 45 |[39m       console[33m.[39merror([32m'[VerificationService] Redis 杩炴帴閿欒锛屼娇鐢ㄦ湰鍦板瓨鍌?'[39m[33m,[39m err[33m.[39mmessage)[33m;[39m
     [90m    |[39m               [31m[1m^[22m[39m
     [90m 46 |[39m       redisClient [33m=[39m [36mnull[39m[33m;[39m
     [90m 47 |[39m     })[33m;[39m
     [90m 48 |[39m     [0m

      at EventEmitter.error (src/services/verificationService.js:45:15)
      at EventEmitter.silentEmit (node_modules/ioredis/built/Redis.js:529:30)
      at Socket.<anonymous> (node_modules/ioredis/built/redis/event_handler.js:221:14)

  console.error
    [VerificationService] Redis 杩炴帴閿欒锛屼娇鐢ㄦ湰鍦板瓨鍌?

    [0m [90m 43 |[39m     
     [90m 44 |[39m     redisClient[33m.[39mon([32m'error'[39m[33m,[39m (err) [33m=>[39m {
    [31m[1m>[22m[39m[90m 45 |[39m       console[33m.[39merror([32m'[VerificationService] Redis 杩炴帴閿欒锛屼娇鐢ㄦ湰鍦板瓨鍌?'[39m[33m,[39m err[33m.[39mmessage)[33m;[39m
     [90m    |[39m               [31m[1m^[22m[39m
     [90m 46 |[39m       redisClient [33m=[39m [36mnull[39m[33m;[39m
     [90m 47 |[39m     })[33m;[39m
     [90m 48 |[39m     [0m

      at EventEmitter.error (src/services/verificationService.js:45:15)
      at EventEmitter.silentEmit (node_modules/ioredis/built/Redis.js:529:30)
      at Socket.<anonymous> (node_modules/ioredis/built/redis/event_handler.js:221:14)

  console.error
    [VerificationService] Redis 杩炴帴閿欒锛屼娇鐢ㄦ湰鍦板瓨鍌?

    [0m [90m 43 |[39m     
     [90m 44 |[39m     redisClient[33m.[39mon([32m'error'[39m[33m,[39m (err) [33m=>[39m {
    [31m[1m>[22m[39m[90m 45 |[39m       console[33m.[39merror([32m'[VerificationService] Redis 杩炴帴閿欒锛屼娇鐢ㄦ湰鍦板瓨鍌?'[39m[33m,[39m err[33m.[39mmessage)[33m;[39m
     [90m    |[39m               [31m[1m^[22m[39m
     [90m 46 |[39m       redisClient [33m=[39m [36mnull[39m[33m;[39m
     [90m 47 |[39m     })[33m;[39m
     [90m 48 |[39m     [0m

      at EventEmitter.error (src/services/verificationService.js:45:15)
      at EventEmitter.silentEmit (node_modules/ioredis/built/Redis.js:529:30)
      at Socket.<anonymous> (node_modules/ioredis/built/redis/event_handler.js:221:14)

  console.error
    [VerificationService] Redis 杩炴帴閿欒锛屼娇鐢ㄦ湰鍦板瓨鍌?

    [0m [90m 43 |[39m     
     [90m 44 |[39m     redisClient[33m.[39mon([32m'error'[39m[33m,[39m (err) [33m=>[39m {
    [31m[1m>[22m[39m[90m 45 |[39m       console[33m.[39merror([32m'[VerificationService] Redis 杩炴帴閿欒锛屼娇鐢ㄦ湰鍦板瓨鍌?'[39m[33m,[39m err[33m.[39mmessage)[33m;[39m
     [90m    |[39m               [31m[1m^[22m[39m
     [90m 46 |[39m       redisClient [33m=[39m [36mnull[39m[33m;[39m
     [90m 47 |[39m     })[33m;[39m
     [90m 48 |[39m     [0m

      at EventEmitter.error (src/services/verificationService.js:45:15)
      at EventEmitter.silentEmit (node_modules/ioredis/built/Redis.js:529:30)
      at Socket.<anonymous> (node_modules/ioredis/built/redis/event_handler.js:221:14)

  console.error
    [VerificationService] Redis 杩炴帴閿欒锛屼娇鐢ㄦ湰鍦板瓨鍌?

    [0m [90m 43 |[39m     
     [90m 44 |[39m     redisClient[33m.[39mon([32m'error'[39m[33m,[39m (err) [33m=>[39m {
    [31m[1m>[22m[39m[90m 45 |[39m       console[33m.[39merror([32m'[VerificationService] Redis 杩炴帴閿欒锛屼娇鐢ㄦ湰鍦板瓨鍌?'[39m[33m,[39m err[33m.[39mmessage)[33m;[39m
     [90m    |[39m               [31m[1m^[22m[39m
     [90m 46 |[39m       redisClient [33m=[39m [36mnull[39m[33m;[39m
     [90m 47 |[39m     })[33m;[39m
     [90m 48 |[39m     [0m

      at EventEmitter.error (src/services/verificationService.js:45:15)
      at EventEmitter.silentEmit (node_modules/ioredis/built/Redis.js:529:30)
      at Socket.<anonymous> (node_modules/ioredis/built/redis/event_handler.js:221:14)

  console.error
    [VerificationService] Redis 杩炴帴閿欒锛屼娇鐢ㄦ湰鍦板瓨鍌?

    [0m [90m 43 |[39m     
     [90m 44 |[39m     redisClient[33m.[39mon([32m'error'[39m[33m,[39m (err) [33m=>[39m {
    [31m[1m>[22m[39m[90m 45 |[39m       console[33m.[39merror([32m'[VerificationService] Redis 杩炴帴閿欒锛屼娇鐢ㄦ湰鍦板瓨鍌?'[39m[33m,[39m err[33m.[39mmessage)[33m;[39m
     [90m    |[39m               [31m[1m^[22m[39m
     [90m 46 |[39m       redisClient [33m=[39m [36mnull[39m[33m;[39m
     [90m 47 |[39m     })[33m;[39m
     [90m 48 |[39m     [0m

      at EventEmitter.error (src/services/verificationService.js:45:15)
      at EventEmitter.silentEmit (node_modules/ioredis/built/Redis.js:529:30)
      at Socket.<anonymous> (node_modules/ioredis/built/redis/event_handler.js:221:14)

  console.error
    [VerificationService] Redis 杩炴帴閿欒锛屼娇鐢ㄦ湰鍦板瓨鍌?

    [0m [90m 43 |[39m     
     [90m 44 |[39m     redisClient[33m.[39mon([32m'error'[39m[33m,[39m (err) [33m=>[39m {
    [31m[1m>[22m[39m[90m 45 |[39m       console[33m.[39merror([32m'[VerificationService] Redis 杩炴帴閿欒锛屼娇鐢ㄦ湰鍦板瓨鍌?'[39m[33m,[39m err[33m.[39mmessage)[33m;[39m
     [90m    |[39m               [31m[1m^[22m[39m
     [90m 46 |[39m       redisClient [33m=[39m [36mnull[39m[33m;[39m
     [90m 47 |[39m     })[33m;[39m
     [90m 48 |[39m     [0m

      at EventEmitter.error (src/services/verificationService.js:45:15)
      at EventEmitter.silentEmit (node_modules/ioredis/built/Redis.js:529:30)
      at Socket.<anonymous> (node_modules/ioredis/built/redis/event_handler.js:221:14)

  console.error
    [VerificationService] Redis 杩炴帴閿欒锛屼娇鐢ㄦ湰鍦板瓨鍌?

    [0m [90m 43 |[39m     
     [90m 44 |[39m     redisClient[33m.[39mon([32m'error'[39m[33m,[39m (err) [33m=>[39m {
    [31m[1m>[22m[39m[90m 45 |[39m       console[33m.[39merror([32m'[VerificationService] Redis 杩炴帴閿欒锛屼娇鐢ㄦ湰鍦板瓨鍌?'[39m[33m,[39m err[33m.[39mmessage)[33m;[39m
     [90m    |[39m               [31m[1m^[22m[39m
     [90m 46 |[39m       redisClient [33m=[39m [36mnull[39m[33m;[39m
     [90m 47 |[39m     })[33m;[39m
     [90m 48 |[39m     [0m

      at EventEmitter.error (src/services/verificationService.js:45:15)
      at EventEmitter.silentEmit (node_modules/ioredis/built/Redis.js:529:30)
      at Socket.<anonymous> (node_modules/ioredis/built/redis/event_handler.js:221:14)

  console.error
    [VerificationService] Redis 杩炴帴閿欒锛屼娇鐢ㄦ湰鍦板瓨鍌?

    [0m [90m 43 |[39m     
     [90m 44 |[39m     redisClient[33m.[39mon([32m'error'[39m[33m,[39m (err) [33m=>[39m {
    [31m[1m>[22m[39m[90m 45 |[39m       console[33m.[39merror([32m'[VerificationService] Redis 杩炴帴閿欒锛屼娇鐢ㄦ湰鍦板瓨鍌?'[39m[33m,[39m err[33m.[39mmessage)[33m;[39m
     [90m    |[39m               [31m[1m^[22m[39m
     [90m 46 |[39m       redisClient [33m=[39m [36mnull[39m[33m;[39m
     [90m 47 |[39m     })[33m;[39m
     [90m 48 |[39m     [0m

      at EventEmitter.error (src/services/verificationService.js:45:15)
      at EventEmitter.silentEmit (node_modules/ioredis/built/Redis.js:529:30)
      at Socket.<anonymous> (node_modules/ioredis/built/redis/event_handler.js:221:14)

  console.error
    [VerificationService] Redis 杩炴帴閿欒锛屼娇鐢ㄦ湰鍦板瓨鍌?

    [0m [90m 43 |[39m     
     [90m 44 |[39m     redisClient[33m.[39mon([32m'error'[39m[33m,[39m (err) [33m=>[39m {
    [31m[1m>[22m[39m[90m 45 |[39m       console[33m.[39merror([32m'[VerificationService] Redis 杩炴帴閿欒锛屼娇鐢ㄦ湰鍦板瓨鍌?'[39m[33m,[39m err[33m.[39mmessage)[33m;[39m
     [90m    |[39m               [31m[1m^[22m[39m
     [90m 46 |[39m       redisClient [33m=[39m [36mnull[39m[33m;[39m
     [90m 47 |[39m     })[33m;[39m
     [90m 48 |[39m     [0m

      at EventEmitter.error (src/services/verificationService.js:45:15)
      at EventEmitter.silentEmit (node_modules/ioredis/built/Redis.js:529:30)
      at Socket.<anonymous> (node_modules/ioredis/built/redis/event_handler.js:221:14)

  console.error
    [VerificationService] Redis 杩炴帴閿欒锛屼娇鐢ㄦ湰鍦板瓨鍌?

    [0m [90m 43 |[39m     
     [90m 44 |[39m     redisClient[33m.[39mon([32m'error'[39m[33m,[39m (err) [33m=>[39m {
    [31m[1m>[22m[39m[90m 45 |[39m       console[33m.[39merror([32m'[VerificationService] Redis 杩炴帴閿欒锛屼娇鐢ㄦ湰鍦板瓨鍌?'[39m[33m,[39m err[33m.[39mmessage)[33m;[39m
     [90m    |[39m               [31m[1m^[22m[39m
     [90m 46 |[39m       redisClient [33m=[39m [36mnull[39m[33m;[39m
     [90m 47 |[39m     })[33m;[39m
     [90m 48 |[39m     [0m

      at EventEmitter.error (src/services/verificationService.js:45:15)
      at EventEmitter.silentEmit (node_modules/ioredis/built/Redis.js:529:30)
      at Socket.<anonymous> (node_modules/ioredis/built/redis/event_handler.js:221:14)

  console.error
    [VerificationService] Redis 杩炴帴閿欒锛屼娇鐢ㄦ湰鍦板瓨鍌?

    [0m [90m 43 |[39m     
     [90m 44 |[39m     redisClient[33m.[39mon([32m'error'[39m[33m,[39m (err) [33m=>[39m {
    [31m[1m>[22m[39m[90m 45 |[39m       console[33m.[39merror([32m'[VerificationService] Redis 杩炴帴閿欒锛屼娇鐢ㄦ湰鍦板瓨鍌?'[39m[33m,[39m err[33m.[39mmessage)[33m;[39m
     [90m    |[39m               [31m[1m^[22m[39m
     [90m 46 |[39m       redisClient [33m=[39m [36mnull[39m[33m;[39m
     [90m 47 |[39m     })[33m;[39m
     [90m 48 |[39m     [0m

      at EventEmitter.error (src/services/verificationService.js:45:15)
      at EventEmitter.silentEmit (node_modules/ioredis/built/Redis.js:529:30)
      at Socket.<anonymous> (node_modules/ioredis/built/redis/event_handler.js:221:14)

  console.error
    [VerificationService] Redis 杩炴帴閿欒锛屼娇鐢ㄦ湰鍦板瓨鍌?

    [0m [90m 43 |[39m     
     [90m 44 |[39m     redisClient[33m.[39mon([32m'error'[39m[33m,[39m (err) [33m=>[39m {
    [31m[1m>[22m[39m[90m 45 |[39m       console[33m.[39merror([32m'[VerificationService] Redis 杩炴帴閿欒锛屼娇鐢ㄦ湰鍦板瓨鍌?'[39m[33m,[39m err[33m.[39mmessage)[33m;[39m
     [90m    |[39m               [31m[1m^[22m[39m
     [90m 46 |[39m       redisClient [33m=[39m [36mnull[39m[33m;[39m
     [90m 47 |[39m     })[33m;[39m
     [90m 48 |[39m     [0m

      at EventEmitter.error (src/services/verificationService.js:45:15)
      at EventEmitter.silentEmit (node_modules/ioredis/built/Redis.js:529:30)
      at Socket.<anonymous> (node_modules/ioredis/built/redis/event_handler.js:221:14)

  console.error
    [VerificationService] Redis 杩炴帴閿欒锛屼娇鐢ㄦ湰鍦板瓨鍌?

    [0m [90m 43 |[39m     
     [90m 44 |[39m     redisClient[33m.[39mon([32m'error'[39m[33m,[39m (err) [33m=>[39m {
    [31m[1m>[22m[39m[90m 45 |[39m       console[33m.[39merror([32m'[VerificationService] Redis 杩炴帴閿欒锛屼娇鐢ㄦ湰鍦板瓨鍌?'[39m[33m,[39m err[33m.[39mmessage)[33m;[39m
     [90m    |[39m               [31m[1m^[22m[39m
     [90m 46 |[39m       redisClient [33m=[39m [36mnull[39m[33m;[39m
     [90m 47 |[39m     })[33m;[39m
     [90m 48 |[39m     [0m

      at EventEmitter.error (src/services/verificationService.js:45:15)
      at EventEmitter.silentEmit (node_modules/ioredis/built/Redis.js:529:30)
      at Socket.<anonymous> (node_modules/ioredis/built/redis/event_handler.js:221:14)

  console.error
    [VerificationService] Redis 杩炴帴閿欒锛屼娇鐢ㄦ湰鍦板瓨鍌?

    [0m [90m 43 |[39m     
     [90m 44 |[39m     redisClient[33m.[39mon([32m'error'[39m[33m,[39m (err) [33m=>[39m {
    [31m[1m>[22m[39m[90m 45 |[39m       console[33m.[39merror([32m'[VerificationService] Redis 杩炴帴閿欒锛屼娇鐢ㄦ湰鍦板瓨鍌?'[39m[33m,[39m err[33m.[39mmessage)[33m;[39m
     [90m    |[39m               [31m[1m^[22m[39m
     [90m 46 |[39m       redisClient [33m=[39m [36mnull[39m[33m;[39m
     [90m 47 |[39m     })[33m;[39m
     [90m 48 |[39m     [0m

      at EventEmitter.error (src/services/verificationService.js:45:15)
      at EventEmitter.silentEmit (node_modules/ioredis/built/Redis.js:529:30)
      at Socket.<anonymous> (node_modules/ioredis/built/redis/event_handler.js:221:14)

  console.error
    [VerificationService] Redis 杩炴帴閿欒锛屼娇鐢ㄦ湰鍦板瓨鍌?

    [0m [90m 43 |[39m     
     [90m 44 |[39m     redisClient[33m.[39mon([32m'error'[39m[33m,[39m (err) [33m=>[39m {
    [31m[1m>[22m[39m[90m 45 |[39m       console[33m.[39merror([32m'[VerificationService] Redis 杩炴帴閿欒锛屼娇鐢ㄦ湰鍦板瓨鍌?'[39m[33m,[39m err[33m.[39mmessage)[33m;[39m
     [90m    |[39m               [31m[1m^[22m[39m
     [90m 46 |[39m       redisClient [33m=[39m [36mnull[39m[33m;[39m
     [90m 47 |[39m     })[33m;[39m
     [90m 48 |[39m     [0m

      at EventEmitter.error (src/services/verificationService.js:45:15)
      at EventEmitter.silentEmit (node_modules/ioredis/built/Redis.js:529:30)
      at Socket.<anonymous> (node_modules/ioredis/built/redis/event_handler.js:221:14)

  console.error
    [VerificationService] Redis 杩炴帴閿欒锛屼娇鐢ㄦ湰鍦板瓨鍌?

    [0m [90m 43 |[39m     
     [90m 44 |[39m     redisClient[33m.[39mon([32m'error'[39m[33m,[39m (err) [33m=>[39m {
    [31m[1m>[22m[39m[90m 45 |[39m       console[33m.[39merror([32m'[VerificationService] Redis 杩炴帴閿欒锛屼娇鐢ㄦ湰鍦板瓨鍌?'[39m[33m,[39m err[33m.[39mmessage)[33m;[39m
     [90m    |[39m               [31m[1m^[22m[39m
     [90m 46 |[39m       redisClient [33m=[39m [36mnull[39m[33m;[39m
     [90m 47 |[39m     })[33m;[39m
     [90m 48 |[39m     [0m

      at EventEmitter.error (src/services/verificationService.js:45:15)
      at EventEmitter.silentEmit (node_modules/ioredis/built/Redis.js:529:30)
      at Socket.<anonymous> (node_modules/ioredis/built/redis/event_handler.js:221:14)

  console.error
    [VerificationService] Redis 杩炴帴閿欒锛屼娇鐢ㄦ湰鍦板瓨鍌?

    [0m [90m 43 |[39m     
     [90m 44 |[39m     redisClient[33m.[39mon([32m'error'[39m[33m,[39m (err) [33m=>[39m {
    [31m[1m>[22m[39m[90m 45 |[39m       console[33m.[39merror([32m'[VerificationService] Redis 杩炴帴閿欒锛屼娇鐢ㄦ湰鍦板瓨鍌?'[39m[33m,[39m err[33m.[39mmessage)[33m;[39m
     [90m    |[39m               [31m[1m^[22m[39m
     [90m 46 |[39m       redisClient [33m=[39m [36mnull[39m[33m;[39m
     [90m 47 |[39m     })[33m;[39m
     [90m 48 |[39m     [0m

      at EventEmitter.error (src/services/verificationService.js:45:15)
      at EventEmitter.silentEmit (node_modules/ioredis/built/Redis.js:529:30)
      at Socket.<anonymous> (node_modules/ioredis/built/redis/event_handler.js:221:14)

  console.error
    [VerificationService] Redis 杩炴帴閿欒锛屼娇鐢ㄦ湰鍦板瓨鍌?

    [0m [90m 43 |[39m     
     [90m 44 |[39m     redisClient[33m.[39mon([32m'error'[39m[33m,[39m (err) [33m=>[39m {
    [31m[1m>[22m[39m[90m 45 |[39m       console[33m.[39merror([32m'[VerificationService] Redis 杩炴帴閿欒锛屼娇鐢ㄦ湰鍦板瓨鍌?'[39m[33m,[39m err[33m.[39mmessage)[33m;[39m
     [90m    |[39m               [31m[1m^[22m[39m
     [90m 46 |[39m       redisClient [33m=[39m [36mnull[39m[33m;[39m
     [90m 47 |[39m     })[33m;[39m
     [90m 48 |[39m     [0m

      at EventEmitter.error (src/services/verificationService.js:45:15)
      at EventEmitter.silentEmit (node_modules/ioredis/built/Redis.js:529:30)
      at Socket.<anonymous> (node_modules/ioredis/built/redis/event_handler.js:221:14)

  console.error
    [VerificationService] Redis 杩炴帴閿欒锛屼娇鐢ㄦ湰鍦板瓨鍌?

    [0m [90m 43 |[39m     
     [90m 44 |[39m     redisClient[33m.[39mon([32m'error'[39m[33m,[39m (err) [33m=>[39m {
    [31m[1m>[22m[39m[90m 45 |[39m       console[33m.[39merror([32m'[VerificationService] Redis 杩炴帴閿欒锛屼娇鐢ㄦ湰鍦板瓨鍌?'[39m[33m,[39m err[33m.[39mmessage)[33m;[39m
     [90m    |[39m               [31m[1m^[22m[39m
     [90m 46 |[39m       redisClient [33m=[39m [36mnull[39m[33m;[39m
     [90m 47 |[39m     })[33m;[39m
     [90m 48 |[39m     [0m

      at EventEmitter.error (src/services/verificationService.js:45:15)
      at EventEmitter.silentEmit (node_modules/ioredis/built/Redis.js:529:30)
      at Socket.<anonymous> (node_modules/ioredis/built/redis/event_handler.js:221:14)

  console.error
    [VerificationService] Redis 杩炴帴閿欒锛屼娇鐢ㄦ湰鍦板瓨鍌?

    [0m [90m 43 |[39m     
     [90m 44 |[39m     redisClient[33m.[39mon([32m'error'[39m[33m,[39m (err) [33m=>[39m {
    [31m[1m>[22m[39m[90m 45 |[39m       console[33m.[39merror([32m'[VerificationService] Redis 杩炴帴閿欒锛屼娇鐢ㄦ湰鍦板瓨鍌?'[39m[33m,[39m err[33m.[39mmessage)[33m;[39m
     [90m    |[39m               [31m[1m^[22m[39m
     [90m 46 |[39m       redisClient [33m=[39m [36mnull[39m[33m;[39m
     [90m 47 |[39m     })[33m;[39m
     [90m 48 |[39m     [0m

      at EventEmitter.error (src/services/verificationService.js:45:15)
      at EventEmitter.silentEmit (node_modules/ioredis/built/Redis.js:529:30)
      at Socket.<anonymous> (node_modules/ioredis/built/redis/event_handler.js:221:14)

  console.error
    [VerificationService] Redis 杩炴帴閿欒锛屼娇鐢ㄦ湰鍦板瓨鍌?

    [0m [90m 43 |[39m     
     [90m 44 |[39m     redisClient[33m.[39mon([32m'error'[39m[33m,[39m (err) [33m=>[39m {
    [31m[1m>[22m[39m[90m 45 |[39m       console[33m.[39merror([32m'[VerificationService] Redis 杩炴帴閿欒锛屼娇鐢ㄦ湰鍦板瓨鍌?'[39m[33m,[39m err[33m.[39mmessage)[33m;[39m
     [90m    |[39m               [31m[1m^[22m[39m
     [90m 46 |[39m       redisClient [33m=[39m [36mnull[39m[33m;[39m
     [90m 47 |[39m     })[33m;[39m
     [90m 48 |[39m     [0m

      at EventEmitter.error (src/services/verificationService.js:45:15)
      at EventEmitter.silentEmit (node_modules/ioredis/built/Redis.js:529:30)
      at Socket.<anonymous> (node_modules/ioredis/built/redis/event_handler.js:221:14)

  console.error
    [VerificationService] Redis 杩炴帴閿欒锛屼娇鐢ㄦ湰鍦板瓨鍌?

    [0m [90m 43 |[39m     
     [90m 44 |[39m     redisClient[33m.[39mon([32m'error'[39m[33m,[39m (err) [33m=>[39m {
    [31m[1m>[22m[39m[90m 45 |[39m       console[33m.[39merror([32m'[VerificationService] Redis 杩炴帴閿欒锛屼娇鐢ㄦ湰鍦板瓨鍌?'[39m[33m,[39m err[33m.[39mmessage)[33m;[39m
     [90m    |[39m               [31m[1m^[22m[39m
     [90m 46 |[39m       redisClient [33m=[39m [36mnull[39m[33m;[39m
     [90m 47 |[39m     })[33m;[39m
     [90m 48 |[39m     [0m

      at EventEmitter.error (src/services/verificationService.js:45:15)
      at EventEmitter.silentEmit (node_modules/ioredis/built/Redis.js:529:30)
      at Socket.<anonymous> (node_modules/ioredis/built/redis/event_handler.js:221:14)

  console.error
    [VerificationService] Redis 杩炴帴閿欒锛屼娇鐢ㄦ湰鍦板瓨鍌?

    [0m [90m 43 |[39m     
     [90m 44 |[39m     redisClient[33m.[39mon([32m'error'[39m[33m,[39m (err) [33m=>[39m {
    [31m[1m>[22m[39m[90m 45 |[39m       console[33m.[39merror([32m'[VerificationService] Redis 杩炴帴閿欒锛屼娇鐢ㄦ湰鍦板瓨鍌?'[39m[33m,[39m err[33m.[39mmessage)[33m;[39m
     [90m    |[39m               [31m[1m^[22m[39m
     [90m 46 |[39m       redisClient [33m=[39m [36mnull[39m[33m;[39m
     [90m 47 |[39m     })[33m;[39m
     [90m 48 |[39m     [0m

      at EventEmitter.error (src/services/verificationService.js:45:15)
      at EventEmitter.silentEmit (node_modules/ioredis/built/Redis.js:529:30)
      at Socket.<anonymous> (node_modules/ioredis/built/redis/event_handler.js:221:14)

  console.error
    [VerificationService] Redis 杩炴帴閿欒锛屼娇鐢ㄦ湰鍦板瓨鍌?

    [0m [90m 43 |[39m     
     [90m 44 |[39m     redisClient[33m.[39mon([32m'error'[39m[33m,[39m (err) [33m=>[39m {
    [31m[1m>[22m[39m[90m 45 |[39m       console[33m.[39merror([32m'[VerificationService] Redis 杩炴帴閿欒锛屼娇鐢ㄦ湰鍦板瓨鍌?'[39m[33m,[39m err[33m.[39mmessage)[33m;[39m
     [90m    |[39m               [31m[1m^[22m[39m
     [90m 46 |[39m       redisClient [33m=[39m [36mnull[39m[33m;[39m
     [90m 47 |[39m     })[33m;[39m
     [90m 48 |[39m     [0m

      at EventEmitter.error (src/services/verificationService.js:45:15)
      at EventEmitter.silentEmit (node_modules/ioredis/built/Redis.js:529:30)
      at Socket.<anonymous> (node_modules/ioredis/built/redis/event_handler.js:221:14)

  console.error
    [VerificationService] Redis 杩炴帴閿欒锛屼娇鐢ㄦ湰鍦板瓨鍌?

    [0m [90m 43 |[39m     
     [90m 44 |[39m     redisClient[33m.[39mon([32m'error'[39m[33m,[39m (err) [33m=>[39m {
    [31m[1m>[22m[39m[90m 45 |[39m       console[33m.[39merror([32m'[VerificationService] Redis 杩炴帴閿欒锛屼娇鐢ㄦ湰鍦板瓨鍌?'[39m[33m,[39m err[33m.[39mmessage)[33m;[39m
     [90m    |[39m               [31m[1m^[22m[39m
     [90m 46 |[39m       redisClient [33m=[39m [36mnull[39m[33m;[39m
     [90m 47 |[39m     })[33m;[39m
     [90m 48 |[39m     [0m

      at EventEmitter.error (src/services/verificationService.js:45:15)
      at EventEmitter.silentEmit (node_modules/ioredis/built/Redis.js:529:30)
      at Socket.<anonymous> (node_modules/ioredis/built/redis/event_handler.js:221:14)

  console.error
    [VerificationService] Redis 杩炴帴閿欒锛屼娇鐢ㄦ湰鍦板瓨鍌?

    [0m [90m 43 |[39m     
     [90m 44 |[39m     redisClient[33m.[39mon([32m'error'[39m[33m,[39m (err) [33m=>[39m {
    [31m[1m>[22m[39m[90m 45 |[39m       console[33m.[39merror([32m'[VerificationService] Redis 杩炴帴閿欒锛屼娇鐢ㄦ湰鍦板瓨鍌?'[39m[33m,[39m err[33m.[39mmessage)[33m;[39m
     [90m    |[39m               [31m[1m^[22m[39m
     [90m 46 |[39m       redisClient [33m=[39m [36mnull[39m[33m;[39m
     [90m 47 |[39m     })[33m;[39m
     [90m 48 |[39m     [0m

      at EventEmitter.error (src/services/verificationService.js:45:15)
      at EventEmitter.silentEmit (node_modules/ioredis/built/Redis.js:529:30)
      at Socket.<anonymous> (node_modules/ioredis/built/redis/event_handler.js:221:14)

  console.error
    [VerificationService] Redis 杩炴帴閿欒锛屼娇鐢ㄦ湰鍦板瓨鍌?

    [0m [90m 43 |[39m     
     [90m 44 |[39m     redisClient[33m.[39mon([32m'error'[39m[33m,[39m (err) [33m=>[39m {
    [31m[1m>[22m[39m[90m 45 |[39m       console[33m.[39merror([32m'[VerificationService] Redis 杩炴帴閿欒锛屼娇鐢ㄦ湰鍦板瓨鍌?'[39m[33m,[39m err[33m.[39mmessage)[33m;[39m
     [90m    |[39m               [31m[1m^[22m[39m
     [90m 46 |[39m       redisClient [33m=[39m [36mnull[39m[33m;[39m
     [90m 47 |[39m     })[33m;[39m
     [90m 48 |[39m     [0m

      at EventEmitter.error (src/services/verificationService.js:45:15)
      at EventEmitter.silentEmit (node_modules/ioredis/built/Redis.js:529:30)
      at Socket.<anonymous> (node_modules/ioredis/built/redis/event_handler.js:221:14)

  console.error
    [VerificationService] Redis 杩炴帴閿欒锛屼娇鐢ㄦ湰鍦板瓨鍌?

    [0m [90m 43 |[39m     
     [90m 44 |[39m     redisClient[33m.[39mon([32m'error'[39m[33m,[39m (err) [33m=>[39m {
    [31m[1m>[22m[39m[90m 45 |[39m       console[33m.[39merror([32m'[VerificationService] Redis 杩炴帴閿欒锛屼娇鐢ㄦ湰鍦板瓨鍌?'[39m[33m,[39m err[33m.[39mmessage)[33m;[39m
     [90m    |[39m               [31m[1m^[22m[39m
     [90m 46 |[39m       redisClient [33m=[39m [36mnull[39m[33m;[39m
     [90m 47 |[39m     })[33m;[39m
     [90m 48 |[39m     [0m

      at EventEmitter.error (src/services/verificationService.js:45:15)
      at EventEmitter.silentEmit (node_modules/ioredis/built/Redis.js:529:30)
      at Socket.<anonymous> (node_modules/ioredis/built/redis/event_handler.js:221:14)

  console.error
    [VerificationService] Redis 杩炴帴閿欒锛屼娇鐢ㄦ湰鍦板瓨鍌?

    [0m [90m 43 |[39m     
     [90m 44 |[39m     redisClient[33m.[39mon([32m'error'[39m[33m,[39m (err) [33m=>[39m {
    [31m[1m>[22m[39m[90m 45 |[39m       console[33m.[39merror([32m'[VerificationService] Redis 杩炴帴閿欒锛屼娇鐢ㄦ湰鍦板瓨鍌?'[39m[33m,[39m err[33m.[39mmessage)[33m;[39m
     [90m    |[39m               [31m[1m^[22m[39m
     [90m 46 |[39m       redisClient [33m=[39m [36mnull[39m[33m;[39m
     [90m 47 |[39m     })[33m;[39m
     [90m 48 |[39m     [0m

      at EventEmitter.error (src/services/verificationService.js:45:15)
      at EventEmitter.silentEmit (node_modules/ioredis/built/Redis.js:529:30)
      at Socket.<anonymous> (node_modules/ioredis/built/redis/event_handler.js:221:14)

  console.error
    [VerificationService] Redis 杩炴帴閿欒锛屼娇鐢ㄦ湰鍦板瓨鍌?

    [0m [90m 43 |[39m     
     [90m 44 |[39m     redisClient[33m.[39mon([32m'error'[39m[33m,[39m (err) [33m=>[39m {
    [31m[1m>[22m[39m[90m 45 |[39m       console[33m.[39merror([32m'[VerificationService] Redis 杩炴帴閿欒锛屼娇鐢ㄦ湰鍦板瓨鍌?'[39m[33m,[39m err[33m.[39mmessage)[33m;[39m
     [90m    |[39m               [31m[1m^[22m[39m
     [90m 46 |[39m       redisClient [33m=[39m [36mnull[39m[33m;[39m
     [90m 47 |[39m     })[33m;[39m
     [90m 48 |[39m     [0m

      at EventEmitter.error (src/services/verificationService.js:45:15)
      at EventEmitter.silentEmit (node_modules/ioredis/built/Redis.js:529:30)
      at Socket.<anonymous> (node_modules/ioredis/built/redis/event_handler.js:221:14)

  console.error
    [VerificationService] Redis 杩炴帴閿欒锛屼娇鐢ㄦ湰鍦板瓨鍌?

    [0m [90m 43 |[39m     
     [90m 44 |[39m     redisClient[33m.[39mon([32m'error'[39m[33m,[39m (err) [33m=>[39m {
    [31m[1m>[22m[39m[90m 45 |[39m       console[33m.[39merror([32m'[VerificationService] Redis 杩炴帴閿欒锛屼娇鐢ㄦ湰鍦板瓨鍌?'[39m[33m,[39m err[33m.[39mmessage)[33m;[39m
     [90m    |[39m               [31m[1m^[22m[39m
     [90m 46 |[39m       redisClient [33m=[39m [36mnull[39m[33m;[39m
     [90m 47 |[39m     })[33m;[39m
     [90m 48 |[39m     [0m

      at EventEmitter.error (src/services/verificationService.js:45:15)
      at EventEmitter.silentEmit (node_modules/ioredis/built/Redis.js:529:30)
      at Socket.<anonymous> (node_modules/ioredis/built/redis/event_handler.js:221:14)

  console.error
    [VerificationService] Redis 杩炴帴閿欒锛屼娇鐢ㄦ湰鍦板瓨鍌?

    [0m [90m 43 |[39m     
     [90m 44 |[39m     redisClient[33m.[39mon([32m'error'[39m[33m,[39m (err) [33m=>[39m {
    [31m[1m>[22m[39m[90m 45 |[39m       console[33m.[39merror([32m'[VerificationService] Redis 杩炴帴閿欒锛屼娇鐢ㄦ湰鍦板瓨鍌?'[39m[33m,[39m err[33m.[39mmessage)[33m;[39m
     [90m    |[39m               [31m[1m^[22m[39m
     [90m 46 |[39m       redisClient [33m=[39m [36mnull[39m[33m;[39m
     [90m 47 |[39m     })[33m;[39m
     [90m 48 |[39m     [0m

      at EventEmitter.error (src/services/verificationService.js:45:15)
      at EventEmitter.silentEmit (node_modules/ioredis/built/Redis.js:529:30)
      at Socket.<anonymous> (node_modules/ioredis/built/redis/event_handler.js:221:14)

  console.error
    [VerificationService] Redis 杩炴帴閿欒锛屼娇鐢ㄦ湰鍦板瓨鍌?

    [0m [90m 43 |[39m     
     [90m 44 |[39m     redisClient[33m.[39mon([32m'error'[39m[33m,[39m (err) [33m=>[39m {
    [31m[1m>[22m[39m[90m 45 |[39m       console[33m.[39merror([32m'[VerificationService] Redis 杩炴帴閿欒锛屼娇鐢ㄦ湰鍦板瓨鍌?'[39m[33m,[39m err[33m.[39mmessage)[33m;[39m
     [90m    |[39m               [31m[1m^[22m[39m
     [90m 46 |[39m       redisClient [33m=[39m [36mnull[39m[33m;[39m
     [90m 47 |[39m     })[33m;[39m
     [90m 48 |[39m     [0m

      at EventEmitter.error (src/services/verificationService.js:45:15)
      at EventEmitter.silentEmit (node_modules/ioredis/built/Redis.js:529:30)
      at Socket.<anonymous> (node_modules/ioredis/built/redis/event_handler.js:221:14)

  console.error
    [VerificationService] Redis 杩炴帴閿欒锛屼娇鐢ㄦ湰鍦板瓨鍌?

    [0m [90m 43 |[39m     
     [90m 44 |[39m     redisClient[33m.[39mon([32m'error'[39m[33m,[39m (err) [33m=>[39m {
    [31m[1m>[22m[39m[90m 45 |[39m       console[33m.[39merror([32m'[VerificationService] Redis 杩炴帴閿欒锛屼娇鐢ㄦ湰鍦板瓨鍌?'[39m[33m,[39m err[33m.[39mmessage)[33m;[39m
     [90m    |[39m               [31m[1m^[22m[39m
     [90m 46 |[39m       redisClient [33m=[39m [36mnull[39m[33m;[39m
     [90m 47 |[39m     })[33m;[39m
     [90m 48 |[39m     [0m

      at EventEmitter.error (src/services/verificationService.js:45:15)
      at EventEmitter.silentEmit (node_modules/ioredis/built/Redis.js:529:30)
      at Socket.<anonymous> (node_modules/ioredis/built/redis/event_handler.js:221:14)

  console.error
    [VerificationService] Redis 杩炴帴閿欒锛屼娇鐢ㄦ湰鍦板瓨鍌?

    [0m [90m 43 |[39m     
     [90m 44 |[39m     redisClient[33m.[39mon([32m'error'[39m[33m,[39m (err) [33m=>[39m {
    [31m[1m>[22m[39m[90m 45 |[39m       console[33m.[39merror([32m'[VerificationService] Redis 杩炴帴閿欒锛屼娇鐢ㄦ湰鍦板瓨鍌?'[39m[33m,[39m err[33m.[39mmessage)[33m;[39m
     [90m    |[39m               [31m[1m^[22m[39m
     [90m 46 |[39m       redisClient [33m=[39m [36mnull[39m[33m;[39m
     [90m 47 |[39m     })[33m;[39m
     [90m 48 |[39m     [0m

      at EventEmitter.error (src/services/verificationService.js:45:15)
      at EventEmitter.silentEmit (node_modules/ioredis/built/Redis.js:529:30)
      at Socket.<anonymous> (node_modules/ioredis/built/redis/event_handler.js:221:14)

  console.error
    [VerificationService] Redis 杩炴帴閿欒锛屼娇鐢ㄦ湰鍦板瓨鍌?

    [0m [90m 43 |[39m     
     [90m 44 |[39m     redisClient[33m.[39mon([32m'error'[39m[33m,[39m (err) [33m=>[39m {
    [31m[1m>[22m[39m[90m 45 |[39m       console[33m.[39merror([32m'[VerificationService] Redis 杩炴帴閿欒锛屼娇鐢ㄦ湰鍦板瓨鍌?'[39m[33m,[39m err[33m.[39mmessage)[33m;[39m
     [90m    |[39m               [31m[1m^[22m[39m
     [90m 46 |[39m       redisClient [33m=[39m [36mnull[39m[33m;[39m
     [90m 47 |[39m     })[33m;[39m
     [90m 48 |[39m     [0m

      at EventEmitter.error (src/services/verificationService.js:45:15)
      at EventEmitter.silentEmit (node_modules/ioredis/built/Redis.js:529:30)
      at Socket.<anonymous> (node_modules/ioredis/built/redis/event_handler.js:221:14)

  console.error
    [VerificationService] Redis 杩炴帴閿欒锛屼娇鐢ㄦ湰鍦板瓨鍌?

    [0m [90m 43 |[39m     
     [90m 44 |[39m     redisClient[33m.[39mon([32m'error'[39m[33m,[39m (err) [33m=>[39m {
    [31m[1m>[22m[39m[90m 45 |[39m       console[33m.[39merror([32m'[VerificationService] Redis 杩炴帴閿欒锛屼娇鐢ㄦ湰鍦板瓨鍌?'[39m[33m,[39m err[33m.[39mmessage)[33m;[39m
     [90m    |[39m               [31m[1m^[22m[39m
     [90m 46 |[39m       redisClient [33m=[39m [36mnull[39m[33m;[39m
     [90m 47 |[39m     })[33m;[39m
     [90m 48 |[39m     [0m

      at EventEmitter.error (src/services/verificationService.js:45:15)
      at EventEmitter.silentEmit (node_modules/ioredis/built/Redis.js:529:30)
      at Socket.<anonymous> (node_modules/ioredis/built/redis/event_handler.js:221:14)

  console.error
    [VerificationService] Redis 杩炴帴閿欒锛屼娇鐢ㄦ湰鍦板瓨鍌?

    [0m [90m 43 |[39m     
     [90m 44 |[39m     redisClient[33m.[39mon([32m'error'[39m[33m,[39m (err) [33m=>[39m {
    [31m[1m>[22m[39m[90m 45 |[39m       console[33m.[39merror([32m'[VerificationService] Redis 杩炴帴閿欒锛屼娇鐢ㄦ湰鍦板瓨鍌?'[39m[33m,[39m err[33m.[39mmessage)[33m;[39m
     [90m    |[39m               [31m[1m^[22m[39m
     [90m 46 |[39m       redisClient [33m=[39m [36mnull[39m[33m;[39m
     [90m 47 |[39m     })[33m;[39m
     [90m 48 |[39m     [0m

      at EventEmitter.error (src/services/verificationService.js:45:15)
      at EventEmitter.silentEmit (node_modules/ioredis/built/Redis.js:529:30)
      at Socket.<anonymous> (node_modules/ioredis/built/redis/event_handler.js:221:14)

  console.error
    [VerificationService] Redis 杩炴帴閿欒锛屼娇鐢ㄦ湰鍦板瓨鍌?

    [0m [90m 43 |[39m     
     [90m 44 |[39m     redisClient[33m.[39mon([32m'error'[39m[33m,[39m (err) [33m=>[39m {
    [31m[1m>[22m[39m[90m 45 |[39m       console[33m.[39merror([32m'[VerificationService] Redis 杩炴帴閿欒锛屼娇鐢ㄦ湰鍦板瓨鍌?'[39m[33m,[39m err[33m.[39mmessage)[33m;[39m
     [90m    |[39m               [31m[1m^[22m[39m
     [90m 46 |[39m       redisClient [33m=[39m [36mnull[39m[33m;[39m
     [90m 47 |[39m     })[33m;[39m
     [90m 48 |[39m     [0m

      at EventEmitter.error (src/services/verificationService.js:45:15)
      at EventEmitter.silentEmit (node_modules/ioredis/built/Redis.js:529:30)
      at Socket.<anonymous> (node_modules/ioredis/built/redis/event_handler.js:221:14)

  console.error
    [VerificationService] Redis 杩炴帴閿欒锛屼娇鐢ㄦ湰鍦板瓨鍌?

    [0m [90m 43 |[39m     
     [90m 44 |[39m     redisClient[33m.[39mon([32m'error'[39m[33m,[39m (err) [33m=>[39m {
    [31m[1m>[22m[39m[90m 45 |[39m       console[33m.[39merror([32m'[VerificationService] Redis 杩炴帴閿欒锛屼娇鐢ㄦ湰鍦板瓨鍌?'[39m[33m,[39m err[33m.[39mmessage)[33m;[39m
     [90m    |[39m               [31m[1m^[22m[39m
     [90m 46 |[39m       redisClient [33m=[39m [36mnull[39m[33m;[39m
     [90m 47 |[39m     })[33m;[39m
     [90m 48 |[39m     [0m

      at EventEmitter.error (src/services/verificationService.js:45:15)
      at EventEmitter.silentEmit (node_modules/ioredis/built/Redis.js:529:30)
      at Socket.<anonymous> (node_modules/ioredis/built/redis/event_handler.js:221:14)

  console.error
    [VerificationService] Redis 杩炴帴閿欒锛屼娇鐢ㄦ湰鍦板瓨鍌?

    [0m [90m 43 |[39m     
     [90m 44 |[39m     redisClient[33m.[39mon([32m'error'[39m[33m,[39m (err) [33m=>[39m {
    [31m[1m>[22m[39m[90m 45 |[39m       console[33m.[39merror([32m'[VerificationService] Redis 杩炴帴閿欒锛屼娇鐢ㄦ湰鍦板瓨鍌?'[39m[33m,[39m err[33m.[39mmessage)[33m;[39m
     [90m    |[39m               [31m[1m^[22m[39m
     [90m 46 |[39m       redisClient [33m=[39m [36mnull[39m[33m;[39m
     [90m 47 |[39m     })[33m;[39m
     [90m 48 |[39m     [0m

      at EventEmitter.error (src/services/verificationService.js:45:15)
      at EventEmitter.silentEmit (node_modules/ioredis/built/Redis.js:529:30)
      at Socket.<anonymous> (node_modules/ioredis/built/redis/event_handler.js:221:14)

  console.error
    [VerificationService] Redis 杩炴帴閿欒锛屼娇鐢ㄦ湰鍦板瓨鍌?

    [0m [90m 43 |[39m     
     [90m 44 |[39m     redisClient[33m.[39mon([32m'error'[39m[33m,[39m (err) [33m=>[39m {
    [31m[1m>[22m[39m[90m 45 |[39m       console[33m.[39merror([32m'[VerificationService] Redis 杩炴帴閿欒锛屼娇鐢ㄦ湰鍦板瓨鍌?'[39m[33m,[39m err[33m.[39mmessage)[33m;[39m
     [90m    |[39m               [31m[1m^[22m[39m
     [90m 46 |[39m       redisClient [33m=[39m [36mnull[39m[33m;[39m
     [90m 47 |[39m     })[33m;[39m
     [90m 48 |[39m     [0m

      at EventEmitter.error (src/services/verificationService.js:45:15)
      at EventEmitter.silentEmit (node_modules/ioredis/built/Redis.js:529:30)
      at Socket.<anonymous> (node_modules/ioredis/built/redis/event_handler.js:221:14)

  console.error
    [VerificationService] Redis 杩炴帴閿欒锛屼娇鐢ㄦ湰鍦板瓨鍌?

    [0m [90m 43 |[39m     
     [90m 44 |[39m     redisClient[33m.[39mon([32m'error'[39m[33m,[39m (err) [33m=>[39m {
    [31m[1m>[22m[39m[90m 45 |[39m       console[33m.[39merror([32m'[VerificationService] Redis 杩炴帴閿欒锛屼娇鐢ㄦ湰鍦板瓨鍌?'[39m[33m,[39m err[33m.[39mmessage)[33m;[39m
     [90m    |[39m               [31m[1m^[22m[39m
     [90m 46 |[39m       redisClient [33m=[39m [36mnull[39m[33m;[39m
     [90m 47 |[39m     })[33m;[39m
     [90m 48 |[39m     [0m

      at EventEmitter.error (src/services/verificationService.js:45:15)
      at EventEmitter.silentEmit (node_modules/ioredis/built/Redis.js:529:30)
      at Socket.<anonymous> (node_modules/ioredis/built/redis/event_handler.js:221:14)

  console.error
    [VerificationService] Redis 杩炴帴閿欒锛屼娇鐢ㄦ湰鍦板瓨鍌?

    [0m [90m 43 |[39m     
     [90m 44 |[39m     redisClient[33m.[39mon([32m'error'[39m[33m,[39m (err) [33m=>[39m {
    [31m[1m>[22m[39m[90m 45 |[39m       console[33m.[39merror([32m'[VerificationService] Redis 杩炴帴閿欒锛屼娇鐢ㄦ湰鍦板瓨鍌?'[39m[33m,[39m err[33m.[39mmessage)[33m;[39m
     [90m    |[39m               [31m[1m^[22m[39m
     [90m 46 |[39m       redisClient [33m=[39m [36mnull[39m[33m;[39m
     [90m 47 |[39m     })[33m;[39m
     [90m 48 |[39m     [0m

      at EventEmitter.error (src/services/verificationService.js:45:15)
      at EventEmitter.silentEmit (node_modules/ioredis/built/Redis.js:529:30)
      at Socket.<anonymous> (node_modules/ioredis/built/redis/event_handler.js:221:14)

  console.error
    [VerificationService] Redis 杩炴帴閿欒锛屼娇鐢ㄦ湰鍦板瓨鍌?

    [0m [90m 43 |[39m     
     [90m 44 |[39m     redisClient[33m.[39mon([32m'error'[39m[33m,[39m (err) [33m=>[39m {
    [31m[1m>[22m[39m[90m 45 |[39m       console[33m.[39merror([32m'[VerificationService] Redis 杩炴帴閿欒锛屼娇鐢ㄦ湰鍦板瓨鍌?'[39m[33m,[39m err[33m.[39mmessage)[33m;[39m
     [90m    |[39m               [31m[1m^[22m[39m
     [90m 46 |[39m       redisClient [33m=[39m [36mnull[39m[33m;[39m
     [90m 47 |[39m     })[33m;[39m
     [90m 48 |[39m     [0m

      at EventEmitter.error (src/services/verificationService.js:45:15)
      at EventEmitter.silentEmit (node_modules/ioredis/built/Redis.js:529:30)
      at Socket.<anonymous> (node_modules/ioredis/built/redis/event_handler.js:221:14)

  console.error
    [VerificationService] Redis 杩炴帴閿欒锛屼娇鐢ㄦ湰鍦板瓨鍌?

    [0m [90m 43 |[39m     
     [90m 44 |[39m     redisClient[33m.[39mon([32m'error'[39m[33m,[39m (err) [33m=>[39m {
    [31m[1m>[22m[39m[90m 45 |[39m       console[33m.[39merror([32m'[VerificationService] Redis 杩炴帴閿欒锛屼娇鐢ㄦ湰鍦板瓨鍌?'[39m[33m,[39m err[33m.[39mmessage)[33m;[39m
     [90m    |[39m               [31m[1m^[22m[39m
     [90m 46 |[39m       redisClient [33m=[39m [36mnull[39m[33m;[39m
     [90m 47 |[39m     })[33m;[39m
     [90m 48 |[39m     [0m

      at EventEmitter.error (src/services/verificationService.js:45:15)
      at EventEmitter.silentEmit (node_modules/ioredis/built/Redis.js:529:30)
      at Socket.<anonymous> (node_modules/ioredis/built/redis/event_handler.js:221:14)

  console.error
    [VerificationService] Redis 杩炴帴閿欒锛屼娇鐢ㄦ湰鍦板瓨鍌?

    [0m [90m 43 |[39m     
     [90m 44 |[39m     redisClient[33m.[39mon([32m'error'[39m[33m,[39m (err) [33m=>[39m {
    [31m[1m>[22m[39m[90m 45 |[39m       console[33m.[39merror([32m'[VerificationService] Redis 杩炴帴閿欒锛屼娇鐢ㄦ湰鍦板瓨鍌?'[39m[33m,[39m err[33m.[39mmessage)[33m;[39m
     [90m    |[39m               [31m[1m^[22m[39m
     [90m 46 |[39m       redisClient [33m=[39m [36mnull[39m[33m;[39m
     [90m 47 |[39m     })[33m;[39m
     [90m 48 |[39m     [0m

      at EventEmitter.error (src/services/verificationService.js:45:15)
      at EventEmitter.silentEmit (node_modules/ioredis/built/Redis.js:529:30)
      at Socket.<anonymous> (node_modules/ioredis/built/redis/event_handler.js:221:14)

  console.error
    [VerificationService] Redis 杩炴帴閿欒锛屼娇鐢ㄦ湰鍦板瓨鍌?

    [0m [90m 43 |[39m     
     [90m 44 |[39m     redisClient[33m.[39mon([32m'error'[39m[33m,[39m (err) [33m=>[39m {
    [31m[1m>[22m[39m[90m 45 |[39m       console[33m.[39merror([32m'[VerificationService] Redis 杩炴帴閿欒锛屼娇鐢ㄦ湰鍦板瓨鍌?'[39m[33m,[39m err[33m.[39mmessage)[33m;[39m
     [90m    |[39m               [31m[1m^[22m[39m
     [90m 46 |[39m       redisClient [33m=[39m [36mnull[39m[33m;[39m
     [90m 47 |[39m     })[33m;[39m
     [90m 48 |[39m     [0m

      at EventEmitter.error (src/services/verificationService.js:45:15)
      at EventEmitter.silentEmit (node_modules/ioredis/built/Redis.js:529:30)
      at Socket.<anonymous> (node_modules/ioredis/built/redis/event_handler.js:221:14)

  console.error
    [VerificationService] Redis 杩炴帴閿欒锛屼娇鐢ㄦ湰鍦板瓨鍌?

    [0m [90m 43 |[39m     
     [90m 44 |[39m     redisClient[33m.[39mon([32m'error'[39m[33m,[39m (err) [33m=>[39m {
    [31m[1m>[22m[39m[90m 45 |[39m       console[33m.[39merror([32m'[VerificationService] Redis 杩炴帴閿欒锛屼娇鐢ㄦ湰鍦板瓨鍌?'[39m[33m,[39m err[33m.[39mmessage)[33m;[39m
     [90m    |[39m               [31m[1m^[22m[39m
     [90m 46 |[39m       redisClient [33m=[39m [36mnull[39m[33m;[39m
     [90m 47 |[39m     })[33m;[39m
     [90m 48 |[39m     [0m

      at EventEmitter.error (src/services/verificationService.js:45:15)
      at EventEmitter.silentEmit (node_modules/ioredis/built/Redis.js:529:30)
      at Socket.<anonymous> (node_modules/ioredis/built/redis/event_handler.js:221:14)

  console.error
    [VerificationService] Redis 杩炴帴閿欒锛屼娇鐢ㄦ湰鍦板瓨鍌?

    [0m [90m 43 |[39m     
     [90m 44 |[39m     redisClient[33m.[39mon([32m'error'[39m[33m,[39m (err) [33m=>[39m {
    [31m[1m>[22m[39m[90m 45 |[39m       console[33m.[39merror([32m'[VerificationService] Redis 杩炴帴閿欒锛屼娇鐢ㄦ湰鍦板瓨鍌?'[39m[33m,[39m err[33m.[39mmessage)[33m;[39m
     [90m    |[39m               [31m[1m^[22m[39m
     [90m 46 |[39m       redisClient [33m=[39m [36mnull[39m[33m;[39m
     [90m 47 |[39m     })[33m;[39m
     [90m 48 |[39m     [0m

      at EventEmitter.error (src/services/verificationService.js:45:15)
      at EventEmitter.silentEmit (node_modules/ioredis/built/Redis.js:529:30)
      at Socket.<anonymous> (node_modules/ioredis/built/redis/event_handler.js:221:14)

  console.error
    [VerificationService] Redis 杩炴帴閿欒锛屼娇鐢ㄦ湰鍦板瓨鍌?

    [0m [90m 43 |[39m     
     [90m 44 |[39m     redisClient[33m.[39mon([32m'error'[39m[33m,[39m (err) [33m=>[39m {
    [31m[1m>[22m[39m[90m 45 |[39m       console[33m.[39merror([32m'[VerificationService] Redis 杩炴帴閿欒锛屼娇鐢ㄦ湰鍦板瓨鍌?'[39m[33m,[39m err[33m.[39mmessage)[33m;[39m
     [90m    |[39m               [31m[1m^[22m[39m
     [90m 46 |[39m       redisClient [33m=[39m [36mnull[39m[33m;[39m
     [90m 47 |[39m     })[33m;[39m
     [90m 48 |[39m     [0m

      at EventEmitter.error (src/services/verificationService.js:45:15)
      at EventEmitter.silentEmit (node_modules/ioredis/built/Redis.js:529:30)
      at Socket.<anonymous> (node_modules/ioredis/built/redis/event_handler.js:221:14)

  console.error
    [VerificationService] Redis 杩炴帴閿欒锛屼娇鐢ㄦ湰鍦板瓨鍌?

    [0m [90m 43 |[39m     
     [90m 44 |[39m     redisClient[33m.[39mon([32m'error'[39m[33m,[39m (err) [33m=>[39m {
    [31m[1m>[22m[39m[90m 45 |[39m       console[33m.[39merror([32m'[VerificationService] Redis 杩炴帴閿欒锛屼娇鐢ㄦ湰鍦板瓨鍌?'[39m[33m,[39m err[33m.[39mmessage)[33m;[39m
     [90m    |[39m               [31m[1m^[22m[39m
     [90m 46 |[39m       redisClient [33m=[39m [36mnull[39m[33m;[39m
     [90m 47 |[39m     })[33m;[39m
     [90m 48 |[39m     [0m

      at EventEmitter.error (src/services/verificationService.js:45:15)
      at EventEmitter.silentEmit (node_modules/ioredis/built/Redis.js:529:30)
      at Socket.<anonymous> (node_modules/ioredis/built/redis/event_handler.js:221:14)

  console.error
    [VerificationService] Redis 杩炴帴閿欒锛屼娇鐢ㄦ湰鍦板瓨鍌?

    [0m [90m 43 |[39m     
     [90m 44 |[39m     redisClient[33m.[39mon([32m'error'[39m[33m,[39m (err) [33m=>[39m {
    [31m[1m>[22m[39m[90m 45 |[39m       console[33m.[39merror([32m'[VerificationService] Redis 杩炴帴閿欒锛屼娇鐢ㄦ湰鍦板瓨鍌?'[39m[33m,[39m err[33m.[39mmessage)[33m;[39m
     [90m    |[39m               [31m[1m^[22m[39m
     [90m 46 |[39m       redisClient [33m=[39m [36mnull[39m[33m;[39m
     [90m 47 |[39m     })[33m;[39m
     [90m 48 |[39m     [0m

      at EventEmitter.error (src/services/verificationService.js:45:15)
      at EventEmitter.silentEmit (node_modules/ioredis/built/Redis.js:529:30)
      at Socket.<anonymous> (node_modules/ioredis/built/redis/event_handler.js:221:14)

  console.error
    [VerificationService] 瀛樺偍楠岃瘉鐮佸け璐? Reached the max retries per request limit (which is 20). Refer to "maxRetriesPerRequest" option for details.

    [0m [90m 127 |[39m     }
     [90m 128 |[39m   } [36mcatch[39m (error) {
    [31m[1m>[22m[39m[90m 129 |[39m     console[33m.[39merror([32m'[VerificationService] 瀛樺偍楠岃瘉鐮佸け璐?'[39m[33m,[39m error[33m.[39mmessage)[33m;[39m
     [90m     |[39m             [31m[1m^[22m[39m
     [90m 130 |[39m     [90m// Fallback 鍒版湰鍦板瓨鍌?[39m
     [90m 131 |[39m     verificationCodeMap[33m.[39m[36mset[39m(key[33m,[39m {
     [90m 132 |[39m       code[33m,[39m[0m

      at Object.error [as generateAndSaveCode] (src/services/verificationService.js:129:13)
      at Object.<anonymous> (tests/services-comprehensive.test.js:83:9)

  console.error
    [VerificationService] Redis 杩炴帴閿欒锛屼娇鐢ㄦ湰鍦板瓨鍌?

    [0m [90m 43 |[39m     
     [90m 44 |[39m     redisClient[33m.[39mon([32m'error'[39m[33m,[39m (err) [33m=>[39m {
    [31m[1m>[22m[39m[90m 45 |[39m       console[33m.[39merror([32m'[VerificationService] Redis 杩炴帴閿欒锛屼娇鐢ㄦ湰鍦板瓨鍌?'[39m[33m,[39m err[33m.[39mmessage)[33m;[39m
     [90m    |[39m               [31m[1m^[22m[39m
     [90m 46 |[39m       redisClient [33m=[39m [36mnull[39m[33m;[39m
     [90m 47 |[39m     })[33m;[39m
     [90m 48 |[39m     [0m

      at EventEmitter.error (src/services/verificationService.js:45:15)
      at EventEmitter.silentEmit (node_modules/ioredis/built/Redis.js:529:30)
      at Socket.<anonymous> (node_modules/ioredis/built/redis/event_handler.js:221:14)

  console.error
    [VerificationService] Redis 杩炴帴閿欒锛屼娇鐢ㄦ湰鍦板瓨鍌?

    [0m [90m 43 |[39m     
     [90m 44 |[39m     redisClient[33m.[39mon([32m'error'[39m[33m,[39m (err) [33m=>[39m {
    [31m[1m>[22m[39m[90m 45 |[39m       console[33m.[39merror([32m'[VerificationService] Redis 杩炴帴閿欒锛屼娇鐢ㄦ湰鍦板瓨鍌?'[39m[33m,[39m err[33m.[39mmessage)[33m;[39m
     [90m    |[39m               [31m[1m^[22m[39m
     [90m 46 |[39m       redisClient [33m=[39m [36mnull[39m[33m;[39m
     [90m 47 |[39m     })[33m;[39m
     [90m 48 |[39m     [0m

      at EventEmitter.error (src/services/verificationService.js:45:15)
      at EventEmitter.silentEmit (node_modules/ioredis/built/Redis.js:529:30)
      at Socket.<anonymous> (node_modules/ioredis/built/redis/event_handler.js:221:14)

  console.error
    [VerificationService] Redis 杩炴帴閿欒锛屼娇鐢ㄦ湰鍦板瓨鍌?

    [0m [90m 43 |[39m     
     [90m 44 |[39m     redisClient[33m.[39mon([32m'error'[39m[33m,[39m (err) [33m=>[39m {
    [31m[1m>[22m[39m[90m 45 |[39m       console[33m.[39merror([32m'[VerificationService] Redis 杩炴帴閿欒锛屼娇鐢ㄦ湰鍦板瓨鍌?'[39m[33m,[39m err[33m.[39mmessage)[33m;[39m
     [90m    |[39m               [31m[1m^[22m[39m
     [90m 46 |[39m       redisClient [33m=[39m [36mnull[39m[33m;[39m
     [90m 47 |[39m     })[33m;[39m
     [90m 48 |[39m     [0m

      at EventEmitter.error (src/services/verificationService.js:45:15)
      at EventEmitter.silentEmit (node_modules/ioredis/built/Redis.js:529:30)
      at Socket.<anonymous> (node_modules/ioredis/built/redis/event_handler.js:221:14)

  console.error
    [VerificationService] Redis 杩炴帴閿欒锛屼娇鐢ㄦ湰鍦板瓨鍌?

    [0m [90m 43 |[39m     
     [90m 44 |[39m     redisClient[33m.[39mon([32m'error'[39m[33m,[39m (err) [33m=>[39m {
    [31m[1m>[22m[39m[90m 45 |[39m       console[33m.[39merror([32m'[VerificationService] Redis 杩炴帴閿欒锛屼娇鐢ㄦ湰鍦板瓨鍌?'[39m[33m,[39m err[33m.[39mmessage)[33m;[39m
     [90m    |[39m               [31m[1m^[22m[39m
     [90m 46 |[39m       redisClient [33m=[39m [36mnull[39m[33m;[39m
     [90m 47 |[39m     })[33m;[39m
     [90m 48 |[39m     [0m

      at EventEmitter.error (src/services/verificationService.js:45:15)
      at EventEmitter.silentEmit (node_modules/ioredis/built/Redis.js:529:30)
      at Socket.<anonymous> (node_modules/ioredis/built/redis/event_handler.js:221:14)

  console.error
    [VerificationService] Redis 杩炴帴閿欒锛屼娇鐢ㄦ湰鍦板瓨鍌?

    [0m [90m 43 |[39m     
     [90m 44 |[39m     redisClient[33m.[39mon([32m'error'[39m[33m,[39m (err) [33m=>[39m {
    [31m[1m>[22m[39m[90m 45 |[39m       console[33m.[39merror([32m'[VerificationService] Redis 杩炴帴閿欒锛屼娇鐢ㄦ湰鍦板瓨鍌?'[39m[33m,[39m err[33m.[39mmessage)[33m;[39m
     [90m    |[39m               [31m[1m^[22m[39m
     [90m 46 |[39m       redisClient [33m=[39m [36mnull[39m[33m;[39m
     [90m 47 |[39m     })[33m;[39m
     [90m 48 |[39m     [0m

      at EventEmitter.error (src/services/verificationService.js:45:15)
      at EventEmitter.silentEmit (node_modules/ioredis/built/Redis.js:529:30)
      at Socket.<anonymous> (node_modules/ioredis/built/redis/event_handler.js:221:14)

  console.error
    [VerificationService] Redis 杩炴帴閿欒锛屼娇鐢ㄦ湰鍦板瓨鍌?

    [0m [90m 43 |[39m     
     [90m 44 |[39m     redisClient[33m.[39mon([32m'error'[39m[33m,[39m (err) [33m=>[39m {
    [31m[1m>[22m[39m[90m 45 |[39m       console[33m.[39merror([32m'[VerificationService] Redis 杩炴帴閿欒锛屼娇鐢ㄦ湰鍦板瓨鍌?'[39m[33m,[39m err[33m.[39mmessage)[33m;[39m
     [90m    |[39m               [31m[1m^[22m[39m
     [90m 46 |[39m       redisClient [33m=[39m [36mnull[39m[33m;[39m
     [90m 47 |[39m     })[33m;[39m
     [90m 48 |[39m     [0m

      at EventEmitter.error (src/services/verificationService.js:45:15)
      at EventEmitter.silentEmit (node_modules/ioredis/built/Redis.js:529:30)
      at Socket.<anonymous> (node_modules/ioredis/built/redis/event_handler.js:221:14)

  console.error
    [VerificationService] Redis 杩炴帴閿欒锛屼娇鐢ㄦ湰鍦板瓨鍌?

    [0m [90m 43 |[39m     
     [90m 44 |[39m     redisClient[33m.[39mon([32m'error'[39m[33m,[39m (err) [33m=>[39m {
    [31m[1m>[22m[39m[90m 45 |[39m       console[33m.[39merror([32m'[VerificationService] Redis 杩炴帴閿欒锛屼娇鐢ㄦ湰鍦板瓨鍌?'[39m[33m,[39m err[33m.[39mmessage)[33m;[39m
     [90m    |[39m               [31m[1m^[22m[39m
     [90m 46 |[39m       redisClient [33m=[39m [36mnull[39m[33m;[39m
     [90m 47 |[39m     })[33m;[39m
     [90m 48 |[39m     [0m

      at EventEmitter.error (src/services/verificationService.js:45:15)
      at EventEmitter.silentEmit (node_modules/ioredis/built/Redis.js:529:30)
      at Socket.<anonymous> (node_modules/ioredis/built/redis/event_handler.js:221:14)

  console.error
    [VerificationService] Redis 杩炴帴閿欒锛屼娇鐢ㄦ湰鍦板瓨鍌?

    [0m [90m 43 |[39m     
     [90m 44 |[39m     redisClient[33m.[39mon([32m'error'[39m[33m,[39m (err) [33m=>[39m {
    [31m[1m>[22m[39m[90m 45 |[39m       console[33m.[39merror([32m'[VerificationService] Redis 杩炴帴閿欒锛屼娇鐢ㄦ湰鍦板瓨鍌?'[39m[33m,[39m err[33m.[39mmessage)[33m;[39m
     [90m    |[39m               [31m[1m^[22m[39m
     [90m 46 |[39m       redisClient [33m=[39m [36mnull[39m[33m;[39m
     [90m 47 |[39m     })[33m;[39m
     [90m 48 |[39m     [0m

      at EventEmitter.error (src/services/verificationService.js:45:15)
      at EventEmitter.silentEmit (node_modules/ioredis/built/Redis.js:529:30)
      at Socket.<anonymous> (node_modules/ioredis/built/redis/event_handler.js:221:14)

  console.error
    [VerificationService] Redis 杩炴帴閿欒锛屼娇鐢ㄦ湰鍦板瓨鍌?

    [0m [90m 43 |[39m     
     [90m 44 |[39m     redisClient[33m.[39mon([32m'error'[39m[33m,[39m (err) [33m=>[39m {
    [31m[1m>[22m[39m[90m 45 |[39m       console[33m.[39merror([32m'[VerificationService] Redis 杩炴帴閿欒锛屼娇鐢ㄦ湰鍦板瓨鍌?'[39m[33m,[39m err[33m.[39mmessage)[33m;[39m
     [90m    |[39m               [31m[1m^[22m[39m
     [90m 46 |[39m       redisClient [33m=[39m [36mnull[39m[33m;[39m
     [90m 47 |[39m     })[33m;[39m
     [90m 48 |[39m     [0m

      at EventEmitter.error (src/services/verificationService.js:45:15)
      at EventEmitter.silentEmit (node_modules/ioredis/built/Redis.js:529:30)
      at Socket.<anonymous> (node_modules/ioredis/built/redis/event_handler.js:221:14)

  console.error
    [VerificationService] Redis 杩炴帴閿欒锛屼娇鐢ㄦ湰鍦板瓨鍌?

    [0m [90m 43 |[39m     
     [90m 44 |[39m     redisClient[33m.[39mon([32m'error'[39m[33m,[39m (err) [33m=>[39m {
    [31m[1m>[22m[39m[90m 45 |[39m       console[33m.[39merror([32m'[VerificationService] Redis 杩炴帴閿欒锛屼娇鐢ㄦ湰鍦板瓨鍌?'[39m[33m,[39m err[33m.[39mmessage)[33m;[39m
     [90m    |[39m               [31m[1m^[22m[39m
     [90m 46 |[39m       redisClient [33m=[39m [36mnull[39m[33m;[39m
     [90m 47 |[39m     })[33m;[39m
     [90m 48 |[39m     [0m

      at EventEmitter.error (src/services/verificationService.js:45:15)
      at EventEmitter.silentEmit (node_modules/ioredis/built/Redis.js:529:30)
      at Socket.<anonymous> (node_modules/ioredis/built/redis/event_handler.js:221:14)

  console.error
    [VerificationService] Redis 杩炴帴閿欒锛屼娇鐢ㄦ湰鍦板瓨鍌?

    [0m [90m 43 |[39m     
     [90m 44 |[39m     redisClient[33m.[39mon([32m'error'[39m[33m,[39m (err) [33m=>[39m {
    [31m[1m>[22m[39m[90m 45 |[39m       console[33m.[39merror([32m'[VerificationService] Redis 杩炴帴閿欒锛屼娇鐢ㄦ湰鍦板瓨鍌?'[39m[33m,[39m err[33m.[39mmessage)[33m;[39m
     [90m    |[39m               [31m[1m^[22m[39m
     [90m 46 |[39m       redisClient [33m=[39m [36mnull[39m[33m;[39m
     [90m 47 |[39m     })[33m;[39m
     [90m 48 |[39m     [0m

      at EventEmitter.error (src/services/verificationService.js:45:15)
      at EventEmitter.silentEmit (node_modules/ioredis/built/Redis.js:529:30)
      at Socket.<anonymous> (node_modules/ioredis/built/redis/event_handler.js:221:14)

  console.error
    [VerificationService] Redis 杩炴帴閿欒锛屼娇鐢ㄦ湰鍦板瓨鍌?

    [0m [90m 43 |[39m     
     [90m 44 |[39m     redisClient[33m.[39mon([32m'error'[39m[33m,[39m (err) [33m=>[39m {
    [31m[1m>[22m[39m[90m 45 |[39m       console[33m.[39merror([32m'[VerificationService] Redis 杩炴帴閿欒锛屼娇鐢ㄦ湰鍦板瓨鍌?'[39m[33m,[39m err[33m.[39mmessage)[33m;[39m
     [90m    |[39m               [31m[1m^[22m[39m
     [90m 46 |[39m       redisClient [33m=[39m [36mnull[39m[33m;[39m
     [90m 47 |[39m     })[33m;[39m
     [90m 48 |[39m     [0m

      at EventEmitter.error (src/services/verificationService.js:45:15)
      at EventEmitter.silentEmit (node_modules/ioredis/built/Redis.js:529:30)
      at Socket.<anonymous> (node_modules/ioredis/built/redis/event_handler.js:221:14)

  console.error
    [VerificationService] Redis 杩炴帴閿欒锛屼娇鐢ㄦ湰鍦板瓨鍌?

    [0m [90m 43 |[39m     
     [90m 44 |[39m     redisClient[33m.[39mon([32m'error'[39m[33m,[39m (err) [33m=>[39m {
    [31m[1m>[22m[39m[90m 45 |[39m       console[33m.[39merror([32m'[VerificationService] Redis 杩炴帴閿欒锛屼娇鐢ㄦ湰鍦板瓨鍌?'[39m[33m,[39m err[33m.[39mmessage)[33m;[39m
     [90m    |[39m               [31m[1m^[22m[39m
     [90m 46 |[39m       redisClient [33m=[39m [36mnull[39m[33m;[39m
     [90m 47 |[39m     })[33m;[39m
     [90m 48 |[39m     [0m

      at EventEmitter.error (src/services/verificationService.js:45:15)
      at EventEmitter.silentEmit (node_modules/ioredis/built/Redis.js:529:30)
      at Socket.<anonymous> (node_modules/ioredis/built/redis/event_handler.js:221:14)

  console.error
    [VerificationService] Redis 杩炴帴閿欒锛屼娇鐢ㄦ湰鍦板瓨鍌?

    [0m [90m 43 |[39m     
     [90m 44 |[39m     redisClient[33m.[39mon([32m'error'[39m[33m,[39m (err) [33m=>[39m {
    [31m[1m>[22m[39m[90m 45 |[39m       console[33m.[39merror([32m'[VerificationService] Redis 杩炴帴閿欒锛屼娇鐢ㄦ湰鍦板瓨鍌?'[39m[33m,[39m err[33m.[39mmessage)[33m;[39m
     [90m    |[39m               [31m[1m^[22m[39m
     [90m 46 |[39m       redisClient [33m=[39m [36mnull[39m[33m;[39m
     [90m 47 |[39m     })[33m;[39m
     [90m 48 |[39m     [0m

      at EventEmitter.error (src/services/verificationService.js:45:15)
      at EventEmitter.silentEmit (node_modules/ioredis/built/Redis.js:529:30)
      at Socket.<anonymous> (node_modules/ioredis/built/redis/event_handler.js:221:14)

  console.error
    [VerificationService] Redis 杩炴帴閿欒锛屼娇鐢ㄦ湰鍦板瓨鍌?

    [0m [90m 43 |[39m     
     [90m 44 |[39m     redisClient[33m.[39mon([32m'error'[39m[33m,[39m (err) [33m=>[39m {
    [31m[1m>[22m[39m[90m 45 |[39m       console[33m.[39merror([32m'[VerificationService] Redis 杩炴帴閿欒锛屼娇鐢ㄦ湰鍦板瓨鍌?'[39m[33m,[39m err[33m.[39mmessage)[33m;[39m
     [90m    |[39m               [31m[1m^[22m[39m
     [90m 46 |[39m       redisClient [33m=[39m [36mnull[39m[33m;[39m
     [90m 47 |[39m     })[33m;[39m
     [90m 48 |[39m     [0m

      at EventEmitter.error (src/services/verificationService.js:45:15)
      at EventEmitter.silentEmit (node_modules/ioredis/built/Redis.js:529:30)
      at Socket.<anonymous> (node_modules/ioredis/built/redis/event_handler.js:221:14)

  console.error
    [VerificationService] Redis 杩炴帴閿欒锛屼娇鐢ㄦ湰鍦板瓨鍌?

    [0m [90m 43 |[39m     
     [90m 44 |[39m     redisClient[33m.[39mon([32m'error'[39m[33m,[39m (err) [33m=>[39m {
    [31m[1m>[22m[39m[90m 45 |[39m       console[33m.[39merror([32m'[VerificationService] Redis 杩炴帴閿欒锛屼娇鐢ㄦ湰鍦板瓨鍌?'[39m[33m,[39m err[33m.[39mmessage)[33m;[39m
     [90m    |[39m               [31m[1m^[22m[39m
     [90m 46 |[39m       redisClient [33m=[39m [36mnull[39m[33m;[39m
     [90m 47 |[39m     })[33m;[39m
     [90m 48 |[39m     [0m

      at EventEmitter.error (src/services/verificationService.js:45:15)
      at EventEmitter.silentEmit (node_modules/ioredis/built/Redis.js:529:30)
      at Socket.<anonymous> (node_modules/ioredis/built/redis/event_handler.js:221:14)

  console.error
    [VerificationService] Redis 杩炴帴閿欒锛屼娇鐢ㄦ湰鍦板瓨鍌?

    [0m [90m 43 |[39m     
     [90m 44 |[39m     redisClient[33m.[39mon([32m'error'[39m[33m,[39m (err) [33m=>[39m {
    [31m[1m>[22m[39m[90m 45 |[39m       console[33m.[39merror([32m'[VerificationService] Redis 杩炴帴閿欒锛屼娇鐢ㄦ湰鍦板瓨鍌?'[39m[33m,[39m err[33m.[39mmessage)[33m;[39m
     [90m    |[39m               [31m[1m^[22m[39m
     [90m 46 |[39m       redisClient [33m=[39m [36mnull[39m[33m;[39m
     [90m 47 |[39m     })[33m;[39m
     [90m 48 |[39m     [0m

      at EventEmitter.error (src/services/verificationService.js:45:15)
      at EventEmitter.silentEmit (node_modules/ioredis/built/Redis.js:529:30)
      at Socket.<anonymous> (node_modules/ioredis/built/redis/event_handler.js:221:14)

  console.error
    [VerificationService] Redis 杩炴帴閿欒锛屼娇鐢ㄦ湰鍦板瓨鍌?

    [0m [90m 43 |[39m     
     [90m 44 |[39m     redisClient[33m.[39mon([32m'error'[39m[33m,[39m (err) [33m=>[39m {
    [31m[1m>[22m[39m[90m 45 |[39m       console[33m.[39merror([32m'[VerificationService] Redis 杩炴帴閿欒锛屼娇鐢ㄦ湰鍦板瓨鍌?'[39m[33m,[39m err[33m.[39mmessage)[33m;[39m
     [90m    |[39m               [31m[1m^[22m[39m
     [90m 46 |[39m       redisClient [33m=[39m [36mnull[39m[33m;[39m
     [90m 47 |[39m     })[33m;[39m
     [90m 48 |[39m     [0m

      at EventEmitter.error (src/services/verificationService.js:45:15)
      at EventEmitter.silentEmit (node_modules/ioredis/built/Redis.js:529:30)
      at Socket.<anonymous> (node_modules/ioredis/built/redis/event_handler.js:221:14)

  console.error
    [VerificationService] Redis 杩炴帴閿欒锛屼娇鐢ㄦ湰鍦板瓨鍌?

    [0m [90m 43 |[39m     
     [90m 44 |[39m     redisClient[33m.[39mon([32m'error'[39m[33m,[39m (err) [33m=>[39m {
    [31m[1m>[22m[39m[90m 45 |[39m       console[33m.[39merror([32m'[VerificationService] Redis 杩炴帴閿欒锛屼娇鐢ㄦ湰鍦板瓨鍌?'[39m[33m,[39m err[33m.[39mmessage)[33m;[39m
     [90m    |[39m               [31m[1m^[22m[39m
     [90m 46 |[39m       redisClient [33m=[39m [36mnull[39m[33m;[39m
     [90m 47 |[39m     })[33m;[39m
     [90m 48 |[39m     [0m

      at EventEmitter.error (src/services/verificationService.js:45:15)
      at EventEmitter.silentEmit (node_modules/ioredis/built/Redis.js:529:30)
      at Socket.<anonymous> (node_modules/ioredis/built/redis/event_handler.js:221:14)

  console.error
    [VerificationService] Redis 杩炴帴閿欒锛屼娇鐢ㄦ湰鍦板瓨鍌?

    [0m [90m 43 |[39m     
     [90m 44 |[39m     redisClient[33m.[39mon([32m'error'[39m[33m,[39m (err) [33m=>[39m {
    [31m[1m>[22m[39m[90m 45 |[39m       console[33m.[39merror([32m'[VerificationService] Redis 杩炴帴閿欒锛屼娇鐢ㄦ湰鍦板瓨鍌?'[39m[33m,[39m err[33m.[39mmessage)[33m;[39m
     [90m    |[39m               [31m[1m^[22m[39m
     [90m 46 |[39m       redisClient [33m=[39m [36mnull[39m[33m;[39m
     [90m 47 |[39m     })[33m;[39m
     [90m 48 |[39m     [0m

      at EventEmitter.error (src/services/verificationService.js:45:15)
      at EventEmitter.silentEmit (node_modules/ioredis/built/Redis.js:529:30)
      at Socket.<anonymous> (node_modules/ioredis/built/redis/event_handler.js:221:14)

  console.error
    [VerificationService] Redis 杩炴帴閿欒锛屼娇鐢ㄦ湰鍦板瓨鍌?

    [0m [90m 43 |[39m     
     [90m 44 |[39m     redisClient[33m.[39mon([32m'error'[39m[33m,[39m (err) [33m=>[39m {
    [31m[1m>[22m[39m[90m 45 |[39m       console[33m.[39merror([32m'[VerificationService] Redis 杩炴帴閿欒锛屼娇鐢ㄦ湰鍦板瓨鍌?'[39m[33m,[39m err[33m.[39mmessage)[33m;[39m
     [90m    |[39m               [31m[1m^[22m[39m
     [90m 46 |[39m       redisClient [33m=[39m [36mnull[39m[33m;[39m
     [90m 47 |[39m     })[33m;[39m
     [90m 48 |[39m     [0m

      at EventEmitter.error (src/services/verificationService.js:45:15)
      at EventEmitter.silentEmit (node_modules/ioredis/built/Redis.js:529:30)
      at Socket.<anonymous> (node_modules/ioredis/built/redis/event_handler.js:221:14)

  console.error
    [VerificationService] Redis 杩炴帴閿欒锛屼娇鐢ㄦ湰鍦板瓨鍌?

    [0m [90m 43 |[39m     
     [90m 44 |[39m     redisClient[33m.[39mon([32m'error'[39m[33m,[39m (err) [33m=>[39m {
    [31m[1m>[22m[39m[90m 45 |[39m       console[33m.[39merror([32m'[VerificationService] Redis 杩炴帴閿欒锛屼娇鐢ㄦ湰鍦板瓨鍌?'[39m[33m,[39m err[33m.[39mmessage)[33m;[39m
     [90m    |[39m               [31m[1m^[22m[39m
     [90m 46 |[39m       redisClient [33m=[39m [36mnull[39m[33m;[39m
     [90m 47 |[39m     })[33m;[39m
     [90m 48 |[39m     [0m

      at EventEmitter.error (src/services/verificationService.js:45:15)
      at EventEmitter.silentEmit (node_modules/ioredis/built/Redis.js:529:30)
      at Socket.<anonymous> (node_modules/ioredis/built/redis/event_handler.js:221:14)

  console.error
    [VerificationService] Redis 杩炴帴閿欒锛屼娇鐢ㄦ湰鍦板瓨鍌?

    [0m [90m 43 |[39m     
     [90m 44 |[39m     redisClient[33m.[39mon([32m'error'[39m[33m,[39m (err) [33m=>[39m {
    [31m[1m>[22m[39m[90m 45 |[39m       console[33m.[39merror([32m'[VerificationService] Redis 杩炴帴閿欒锛屼娇鐢ㄦ湰鍦板瓨鍌?'[39m[33m,[39m err[33m.[39mmessage)[33m;[39m
     [90m    |[39m               [31m[1m^[22m[39m
     [90m 46 |[39m       redisClient [33m=[39m [36mnull[39m[33m;[39m
     [90m 47 |[39m     })[33m;[39m
     [90m 48 |[39m     [0m

      at EventEmitter.error (src/services/verificationService.js:45:15)
      at EventEmitter.silentEmit (node_modules/ioredis/built/Redis.js:529:30)
      at Socket.<anonymous> (node_modules/ioredis/built/redis/event_handler.js:221:14)

  console.error
    [VerificationService] Redis 杩炴帴閿欒锛屼娇鐢ㄦ湰鍦板瓨鍌?

    [0m [90m 43 |[39m     
     [90m 44 |[39m     redisClient[33m.[39mon([32m'error'[39m[33m,[39m (err) [33m=>[39m {
    [31m[1m>[22m[39m[90m 45 |[39m       console[33m.[39merror([32m'[VerificationService] Redis 杩炴帴閿欒锛屼娇鐢ㄦ湰鍦板瓨鍌?'[39m[33m,[39m err[33m.[39mmessage)[33m;[39m
     [90m    |[39m               [31m[1m^[22m[39m
     [90m 46 |[39m       redisClient [33m=[39m [36mnull[39m[33m;[39m
     [90m 47 |[39m     })[33m;[39m
     [90m 48 |[39m     [0m

      at EventEmitter.error (src/services/verificationService.js:45:15)
      at EventEmitter.silentEmit (node_modules/ioredis/built/Redis.js:529:30)
      at Socket.<anonymous> (node_modules/ioredis/built/redis/event_handler.js:221:14)

  console.error
    [VerificationService] Redis 杩炴帴閿欒锛屼娇鐢ㄦ湰鍦板瓨鍌?

    [0m [90m 43 |[39m     
     [90m 44 |[39m     redisClient[33m.[39mon([32m'error'[39m[33m,[39m (err) [33m=>[39m {
    [31m[1m>[22m[39m[90m 45 |[39m       console[33m.[39merror([32m'[VerificationService] Redis 杩炴帴閿欒锛屼娇鐢ㄦ湰鍦板瓨鍌?'[39m[33m,[39m err[33m.[39mmessage)[33m;[39m
     [90m    |[39m               [31m[1m^[22m[39m
     [90m 46 |[39m       redisClient [33m=[39m [36mnull[39m[33m;[39m
     [90m 47 |[39m     })[33m;[39m
     [90m 48 |[39m     [0m

      at EventEmitter.error (src/services/verificationService.js:45:15)
      at EventEmitter.silentEmit (node_modules/ioredis/built/Redis.js:529:30)
      at Socket.<anonymous> (node_modules/ioredis/built/redis/event_handler.js:221:14)

  console.error
    [VerificationService] Redis 杩炴帴閿欒锛屼娇鐢ㄦ湰鍦板瓨鍌?

    [0m [90m 43 |[39m     
     [90m 44 |[39m     redisClient[33m.[39mon([32m'error'[39m[33m,[39m (err) [33m=>[39m {
    [31m[1m>[22m[39m[90m 45 |[39m       console[33m.[39merror([32m'[VerificationService] Redis 杩炴帴閿欒锛屼娇鐢ㄦ湰鍦板瓨鍌?'[39m[33m,[39m err[33m.[39mmessage)[33m;[39m
     [90m    |[39m               [31m[1m^[22m[39m
     [90m 46 |[39m       redisClient [33m=[39m [36mnull[39m[33m;[39m
     [90m 47 |[39m     })[33m;[39m
     [90m 48 |[39m     [0m

      at EventEmitter.error (src/services/verificationService.js:45:15)
      at EventEmitter.silentEmit (node_modules/ioredis/built/Redis.js:529:30)
      at Socket.<anonymous> (node_modules/ioredis/built/redis/event_handler.js:221:14)

  console.error
    [VerificationService] Redis 杩炴帴閿欒锛屼娇鐢ㄦ湰鍦板瓨鍌?

    [0m [90m 43 |[39m     
     [90m 44 |[39m     redisClient[33m.[39mon([32m'error'[39m[33m,[39m (err) [33m=>[39m {
    [31m[1m>[22m[39m[90m 45 |[39m       console[33m.[39merror([32m'[VerificationService] Redis 杩炴帴閿欒锛屼娇鐢ㄦ湰鍦板瓨鍌?'[39m[33m,[39m err[33m.[39mmessage)[33m;[39m
     [90m    |[39m               [31m[1m^[22m[39m
     [90m 46 |[39m       redisClient [33m=[39m [36mnull[39m[33m;[39m
     [90m 47 |[39m     })[33m;[39m
     [90m 48 |[39m     [0m

      at EventEmitter.error (src/services/verificationService.js:45:15)
      at EventEmitter.silentEmit (node_modules/ioredis/built/Redis.js:529:30)
      at Socket.<anonymous> (node_modules/ioredis/built/redis/event_handler.js:221:14)

  console.error
    [VerificationService] Redis 杩炴帴閿欒锛屼娇鐢ㄦ湰鍦板瓨鍌?

    [0m [90m 43 |[39m     
     [90m 44 |[39m     redisClient[33m.[39mon([32m'error'[39m[33m,[39m (err) [33m=>[39m {
    [31m[1m>[22m[39m[90m 45 |[39m       console[33m.[39merror([32m'[VerificationService] Redis 杩炴帴閿欒锛屼娇鐢ㄦ湰鍦板瓨鍌?'[39m[33m,[39m err[33m.[39mmessage)[33m;[39m
     [90m    |[39m               [31m[1m^[22m[39m
     [90m 46 |[39m       redisClient [33m=[39m [36mnull[39m[33m;[39m
     [90m 47 |[39m     })[33m;[39m
     [90m 48 |[39m     [0m

      at EventEmitter.error (src/services/verificationService.js:45:15)
      at EventEmitter.silentEmit (node_modules/ioredis/built/Redis.js:529:30)
      at Socket.<anonymous> (node_modules/ioredis/built/redis/event_handler.js:221:14)

  console.error
    [VerificationService] Redis 杩炴帴閿欒锛屼娇鐢ㄦ湰鍦板瓨鍌?

    [0m [90m 43 |[39m     
     [90m 44 |[39m     redisClient[33m.[39mon([32m'error'[39m[33m,[39m (err) [33m=>[39m {
    [31m[1m>[22m[39m[90m 45 |[39m       console[33m.[39merror([32m'[VerificationService] Redis 杩炴帴閿欒锛屼娇鐢ㄦ湰鍦板瓨鍌?'[39m[33m,[39m err[33m.[39mmessage)[33m;[39m
     [90m    |[39m               [31m[1m^[22m[39m
     [90m 46 |[39m       redisClient [33m=[39m [36mnull[39m[33m;[39m
     [90m 47 |[39m     })[33m;[39m
     [90m 48 |[39m     [0m

      at EventEmitter.error (src/services/verificationService.js:45:15)
      at EventEmitter.silentEmit (node_modules/ioredis/built/Redis.js:529:30)
      at Socket.<anonymous> (node_modules/ioredis/built/redis/event_handler.js:221:14)

  console.error
    [VerificationService] Redis 杩炴帴閿欒锛屼娇鐢ㄦ湰鍦板瓨鍌?

    [0m [90m 43 |[39m     
     [90m 44 |[39m     redisClient[33m.[39mon([32m'error'[39m[33m,[39m (err) [33m=>[39m {
    [31m[1m>[22m[39m[90m 45 |[39m       console[33m.[39merror([32m'[VerificationService] Redis 杩炴帴閿欒锛屼娇鐢ㄦ湰鍦板瓨鍌?'[39m[33m,[39m err[33m.[39mmessage)[33m;[39m
     [90m    |[39m               [31m[1m^[22m[39m
     [90m 46 |[39m       redisClient [33m=[39m [36mnull[39m[33m;[39m
     [90m 47 |[39m     })[33m;[39m
     [90m 48 |[39m     [0m

      at EventEmitter.error (src/services/verificationService.js:45:15)
      at EventEmitter.silentEmit (node_modules/ioredis/built/Redis.js:529:30)
      at Socket.<anonymous> (node_modules/ioredis/built/redis/event_handler.js:221:14)

  console.error
    [VerificationService] Redis 杩炴帴閿欒锛屼娇鐢ㄦ湰鍦板瓨鍌?

    [0m [90m 43 |[39m     
     [90m 44 |[39m     redisClient[33m.[39mon([32m'error'[39m[33m,[39m (err) [33m=>[39m {
    [31m[1m>[22m[39m[90m 45 |[39m       console[33m.[39merror([32m'[VerificationService] Redis 杩炴帴閿欒锛屼娇鐢ㄦ湰鍦板瓨鍌?'[39m[33m,[39m err[33m.[39mmessage)[33m;[39m
     [90m    |[39m               [31m[1m^[22m[39m
     [90m 46 |[39m       redisClient [33m=[39m [36mnull[39m[33m;[39m
     [90m 47 |[39m     })[33m;[39m
     [90m 48 |[39m     [0m

      at EventEmitter.error (src/services/verificationService.js:45:15)
      at EventEmitter.silentEmit (node_modules/ioredis/built/Redis.js:529:30)
      at Socket.<anonymous> (node_modules/ioredis/built/redis/event_handler.js:221:14)

  console.error
    [VerificationService] Redis 杩炴帴閿欒锛屼娇鐢ㄦ湰鍦板瓨鍌?

    [0m [90m 43 |[39m     
     [90m 44 |[39m     redisClient[33m.[39mon([32m'error'[39m[33m,[39m (err) [33m=>[39m {
    [31m[1m>[22m[39m[90m 45 |[39m       console[33m.[39merror([32m'[VerificationService] Redis 杩炴帴閿欒锛屼娇鐢ㄦ湰鍦板瓨鍌?'[39m[33m,[39m err[33m.[39mmessage)[33m;[39m
     [90m    |[39m               [31m[1m^[22m[39m
     [90m 46 |[39m       redisClient [33m=[39m [36mnull[39m[33m;[39m
     [90m 47 |[39m     })[33m;[39m
     [90m 48 |[39m     [0m

      at EventEmitter.error (src/services/verificationService.js:45:15)
      at EventEmitter.silentEmit (node_modules/ioredis/built/Redis.js:529:30)
      at Socket.<anonymous> (node_modules/ioredis/built/redis/event_handler.js:221:14)

  console.error
    [VerificationService] Redis 杩炴帴閿欒锛屼娇鐢ㄦ湰鍦板瓨鍌?

    [0m [90m 43 |[39m     
     [90m 44 |[39m     redisClient[33m.[39mon([32m'error'[39m[33m,[39m (err) [33m=>[39m {
    [31m[1m>[22m[39m[90m 45 |[39m       console[33m.[39merror([32m'[VerificationService] Redis 杩炴帴閿欒锛屼娇鐢ㄦ湰鍦板瓨鍌?'[39m[33m,[39m err[33m.[39mmessage)[33m;[39m
     [90m    |[39m               [31m[1m^[22m[39m
     [90m 46 |[39m       redisClient [33m=[39m [36mnull[39m[33m;[39m
     [90m 47 |[39m     })[33m;[39m
     [90m 48 |[39m     [0m

      at EventEmitter.error (src/services/verificationService.js:45:15)
      at EventEmitter.silentEmit (node_modules/ioredis/built/Redis.js:529:30)
      at Socket.<anonymous> (node_modules/ioredis/built/redis/event_handler.js:221:14)

  console.error
    [VerificationService] Redis 杩炴帴閿欒锛屼娇鐢ㄦ湰鍦板瓨鍌?

    [0m [90m 43 |[39m     
     [90m 44 |[39m     redisClient[33m.[39mon([32m'error'[39m[33m,[39m (err) [33m=>[39m {
    [31m[1m>[22m[39m[90m 45 |[39m       console[33m.[39merror([32m'[VerificationService] Redis 杩炴帴閿欒锛屼娇鐢ㄦ湰鍦板瓨鍌?'[39m[33m,[39m err[33m.[39mmessage)[33m;[39m
     [90m    |[39m               [31m[1m^[22m[39m
     [90m 46 |[39m       redisClient [33m=[39m [36mnull[39m[33m;[39m
     [90m 47 |[39m     })[33m;[39m
     [90m 48 |[39m     [0m

      at EventEmitter.error (src/services/verificationService.js:45:15)
      at EventEmitter.silentEmit (node_modules/ioredis/built/Redis.js:529:30)
      at Socket.<anonymous> (node_modules/ioredis/built/redis/event_handler.js:221:14)

  console.error
    [VerificationService] Redis 杩炴帴閿欒锛屼娇鐢ㄦ湰鍦板瓨鍌?

    [0m [90m 43 |[39m     
     [90m 44 |[39m     redisClient[33m.[39mon([32m'error'[39m[33m,[39m (err) [33m=>[39m {
    [31m[1m>[22m[39m[90m 45 |[39m       console[33m.[39merror([32m'[VerificationService] Redis 杩炴帴閿欒锛屼娇鐢ㄦ湰鍦板瓨鍌?'[39m[33m,[39m err[33m.[39mmessage)[33m;[39m
     [90m    |[39m               [31m[1m^[22m[39m
     [90m 46 |[39m       redisClient [33m=[39m [36mnull[39m[33m;[39m
     [90m 47 |[39m     })[33m;[39m
     [90m 48 |[39m     [0m

      at EventEmitter.error (src/services/verificationService.js:45:15)
      at EventEmitter.silentEmit (node_modules/ioredis/built/Redis.js:529:30)
      at Socket.<anonymous> (node_modules/ioredis/built/redis/event_handler.js:221:14)

  console.error
    [VerificationService] Redis 杩炴帴閿欒锛屼娇鐢ㄦ湰鍦板瓨鍌?

    [0m [90m 43 |[39m     
     [90m 44 |[39m     redisClient[33m.[39mon([32m'error'[39m[33m,[39m (err) [33m=>[39m {
    [31m[1m>[22m[39m[90m 45 |[39m       console[33m.[39merror([32m'[VerificationService] Redis 杩炴帴閿欒锛屼娇鐢ㄦ湰鍦板瓨鍌?'[39m[33m,[39m err[33m.[39mmessage)[33m;[39m
     [90m    |[39m               [31m[1m^[22m[39m
     [90m 46 |[39m       redisClient [33m=[39m [36mnull[39m[33m;[39m
     [90m 47 |[39m     })[33m;[39m
     [90m 48 |[39m     [0m

      at EventEmitter.error (src/services/verificationService.js:45:15)
      at EventEmitter.silentEmit (node_modules/ioredis/built/Redis.js:529:30)
      at Socket.<anonymous> (node_modules/ioredis/built/redis/event_handler.js:221:14)

  console.error
    [VerificationService] Redis 杩炴帴閿欒锛屼娇鐢ㄦ湰鍦板瓨鍌?

    [0m [90m 43 |[39m     
     [90m 44 |[39m     redisClient[33m.[39mon([32m'error'[39m[33m,[39m (err) [33m=>[39m {
    [31m[1m>[22m[39m[90m 45 |[39m       console[33m.[39merror([32m'[VerificationService] Redis 杩炴帴閿欒锛屼娇鐢ㄦ湰鍦板瓨鍌?'[39m[33m,[39m err[33m.[39mmessage)[33m;[39m
     [90m    |[39m               [31m[1m^[22m[39m
     [90m 46 |[39m       redisClient [33m=[39m [36mnull[39m[33m;[39m
     [90m 47 |[39m     })[33m;[39m
     [90m 48 |[39m     [0m

      at EventEmitter.error (src/services/verificationService.js:45:15)
      at EventEmitter.silentEmit (node_modules/ioredis/built/Redis.js:529:30)
      at Socket.<anonymous> (node_modules/ioredis/built/redis/event_handler.js:221:14)

  console.error
    [VerificationService] Redis 杩炴帴閿欒锛屼娇鐢ㄦ湰鍦板瓨鍌?

    [0m [90m 43 |[39m     
     [90m 44 |[39m     redisClient[33m.[39mon([32m'error'[39m[33m,[39m (err) [33m=>[39m {
    [31m[1m>[22m[39m[90m 45 |[39m       console[33m.[39merror([32m'[VerificationService] Redis 杩炴帴閿欒锛屼娇鐢ㄦ湰鍦板瓨鍌?'[39m[33m,[39m err[33m.[39mmessage)[33m;[39m
     [90m    |[39m               [31m[1m^[22m[39m
     [90m 46 |[39m       redisClient [33m=[39m [36mnull[39m[33m;[39m
     [90m 47 |[39m     })[33m;[39m
     [90m 48 |[39m     [0m

      at EventEmitter.error (src/services/verificationService.js:45:15)
      at EventEmitter.silentEmit (node_modules/ioredis/built/Redis.js:529:30)
      at Socket.<anonymous> (node_modules/ioredis/built/redis/event_handler.js:221:14)

  console.error
    [VerificationService] Redis 杩炴帴閿欒锛屼娇鐢ㄦ湰鍦板瓨鍌?

    [0m [90m 43 |[39m     
     [90m 44 |[39m     redisClient[33m.[39mon([32m'error'[39m[33m,[39m (err) [33m=>[39m {
    [31m[1m>[22m[39m[90m 45 |[39m       console[33m.[39merror([32m'[VerificationService] Redis 杩炴帴閿欒锛屼娇鐢ㄦ湰鍦板瓨鍌?'[39m[33m,[39m err[33m.[39mmessage)[33m;[39m
     [90m    |[39m               [31m[1m^[22m[39m
     [90m 46 |[39m       redisClient [33m=[39m [36mnull[39m[33m;[39m
     [90m 47 |[39m     })[33m;[39m
     [90m 48 |[39m     [0m

      at EventEmitter.error (src/services/verificationService.js:45:15)
      at EventEmitter.silentEmit (node_modules/ioredis/built/Redis.js:529:30)
      at Socket.<anonymous> (node_modules/ioredis/built/redis/event_handler.js:221:14)

  console.error
    [VerificationService] Redis 杩炴帴閿欒锛屼娇鐢ㄦ湰鍦板瓨鍌?

    [0m [90m 43 |[39m     
     [90m 44 |[39m     redisClient[33m.[39mon([32m'error'[39m[33m,[39m (err) [33m=>[39m {
    [31m[1m>[22m[39m[90m 45 |[39m       console[33m.[39merror([32m'[VerificationService] Redis 杩炴帴閿欒锛屼娇鐢ㄦ湰鍦板瓨鍌?'[39m[33m,[39m err[33m.[39mmessage)[33m;[39m
     [90m    |[39m               [31m[1m^[22m[39m
     [90m 46 |[39m       redisClient [33m=[39m [36mnull[39m[33m;[39m
     [90m 47 |[39m     })[33m;[39m
     [90m 48 |[39m     [0m

      at EventEmitter.error (src/services/verificationService.js:45:15)
      at EventEmitter.silentEmit (node_modules/ioredis/built/Redis.js:529:30)
      at Socket.<anonymous> (node_modules/ioredis/built/redis/event_handler.js:221:14)

  console.error
    [VerificationService] Redis 杩炴帴閿欒锛屼娇鐢ㄦ湰鍦板瓨鍌?

    [0m [90m 43 |[39m     
     [90m 44 |[39m     redisClient[33m.[39mon([32m'error'[39m[33m,[39m (err) [33m=>[39m {
    [31m[1m>[22m[39m[90m 45 |[39m       console[33m.[39merror([32m'[VerificationService] Redis 杩炴帴閿欒锛屼娇鐢ㄦ湰鍦板瓨鍌?'[39m[33m,[39m err[33m.[39mmessage)[33m;[39m
     [90m    |[39m               [31m[1m^[22m[39m
     [90m 46 |[39m       redisClient [33m=[39m [36mnull[39m[33m;[39m
     [90m 47 |[39m     })[33m;[39m
     [90m 48 |[39m     [0m

      at EventEmitter.error (src/services/verificationService.js:45:15)
      at EventEmitter.silentEmit (node_modules/ioredis/built/Redis.js:529:30)
      at Socket.<anonymous> (node_modules/ioredis/built/redis/event_handler.js:221:14)

  console.error
    [VerificationService] Redis 杩炴帴閿欒锛屼娇鐢ㄦ湰鍦板瓨鍌?

    [0m [90m 43 |[39m     
     [90m 44 |[39m     redisClient[33m.[39mon([32m'error'[39m[33m,[39m (err) [33m=>[39m {
    [31m[1m>[22m[39m[90m 45 |[39m       console[33m.[39merror([32m'[VerificationService] Redis 杩炴帴閿欒锛屼娇鐢ㄦ湰鍦板瓨鍌?'[39m[33m,[39m err[33m.[39mmessage)[33m;[39m
     [90m    |[39m               [31m[1m^[22m[39m
     [90m 46 |[39m       redisClient [33m=[39m [36mnull[39m[33m;[39m
     [90m 47 |[39m     })[33m;[39m
     [90m 48 |[39m     [0m

      at EventEmitter.error (src/services/verificationService.js:45:15)
      at EventEmitter.silentEmit (node_modules/ioredis/built/Redis.js:529:30)
      at Socket.<anonymous> (node_modules/ioredis/built/redis/event_handler.js:221:14)

  console.error
    [VerificationService] Redis 杩炴帴閿欒锛屼娇鐢ㄦ湰鍦板瓨鍌?

    [0m [90m 43 |[39m     
     [90m 44 |[39m     redisClient[33m.[39mon([32m'error'[39m[33m,[39m (err) [33m=>[39m {
    [31m[1m>[22m[39m[90m 45 |[39m       console[33m.[39merror([32m'[VerificationService] Redis 杩炴帴閿欒锛屼娇鐢ㄦ湰鍦板瓨鍌?'[39m[33m,[39m err[33m.[39mmessage)[33m;[39m
     [90m    |[39m               [31m[1m^[22m[39m
     [90m 46 |[39m       redisClient [33m=[39m [36mnull[39m[33m;[39m
     [90m 47 |[39m     })[33m;[39m
     [90m 48 |[39m     [0m

      at EventEmitter.error (src/services/verificationService.js:45:15)
      at EventEmitter.silentEmit (node_modules/ioredis/built/Redis.js:529:30)
      at Socket.<anonymous> (node_modules/ioredis/built/redis/event_handler.js:221:14)

  console.error
    [VerificationService] Redis 杩炴帴閿欒锛屼娇鐢ㄦ湰鍦板瓨鍌?

    [0m [90m 43 |[39m     
     [90m 44 |[39m     redisClient[33m.[39mon([32m'error'[39m[33m,[39m (err) [33m=>[39m {
    [31m[1m>[22m[39m[90m 45 |[39m       console[33m.[39merror([32m'[VerificationService] Redis 杩炴帴閿欒锛屼娇鐢ㄦ湰鍦板瓨鍌?'[39m[33m,[39m err[33m.[39mmessage)[33m;[39m
     [90m    |[39m               [31m[1m^[22m[39m
     [90m 46 |[39m       redisClient [33m=[39m [36mnull[39m[33m;[39m
     [90m 47 |[39m     })[33m;[39m
     [90m 48 |[39m     [0m

      at EventEmitter.error (src/services/verificationService.js:45:15)
      at EventEmitter.silentEmit (node_modules/ioredis/built/Redis.js:529:30)
      at Socket.<anonymous> (node_modules/ioredis/built/redis/event_handler.js:221:14)

  console.error
    [VerificationService] Redis 杩炴帴閿欒锛屼娇鐢ㄦ湰鍦板瓨鍌?

    [0m [90m 43 |[39m     
     [90m 44 |[39m     redisClient[33m.[39mon([32m'error'[39m[33m,[39m (err) [33m=>[39m {
    [31m[1m>[22m[39m[90m 45 |[39m       console[33m.[39merror([32m'[VerificationService] Redis 杩炴帴閿欒锛屼娇鐢ㄦ湰鍦板瓨鍌?'[39m[33m,[39m err[33m.[39mmessage)[33m;[39m
     [90m    |[39m               [31m[1m^[22m[39m
     [90m 46 |[39m       redisClient [33m=[39m [36mnull[39m[33m;[39m
     [90m 47 |[39m     })[33m;[39m
     [90m 48 |[39m     [0m

      at EventEmitter.error (src/services/verificationService.js:45:15)
      at EventEmitter.silentEmit (node_modules/ioredis/built/Redis.js:529:30)
      at Socket.<anonymous> (node_modules/ioredis/built/redis/event_handler.js:221:14)

  console.error
    [VerificationService] Redis 杩炴帴閿欒锛屼娇鐢ㄦ湰鍦板瓨鍌?

    [0m [90m 43 |[39m     
     [90m 44 |[39m     redisClient[33m.[39mon([32m'error'[39m[33m,[39m (err) [33m=>[39m {
    [31m[1m>[22m[39m[90m 45 |[39m       console[33m.[39merror([32m'[VerificationService] Redis 杩炴帴閿欒锛屼娇鐢ㄦ湰鍦板瓨鍌?'[39m[33m,[39m err[33m.[39mmessage)[33m;[39m
     [90m    |[39m               [31m[1m^[22m[39m
     [90m 46 |[39m       redisClient [33m=[39m [36mnull[39m[33m;[39m
     [90m 47 |[39m     })[33m;[39m
     [90m 48 |[39m     [0m

      at EventEmitter.error (src/services/verificationService.js:45:15)
      at EventEmitter.silentEmit (node_modules/ioredis/built/Redis.js:529:30)
      at Socket.<anonymous> (node_modules/ioredis/built/redis/event_handler.js:221:14)

  console.error
    [VerificationService] Redis 杩炴帴閿欒锛屼娇鐢ㄦ湰鍦板瓨鍌?

    [0m [90m 43 |[39m     
     [90m 44 |[39m     redisClient[33m.[39mon([32m'error'[39m[33m,[39m (err) [33m=>[39m {
    [31m[1m>[22m[39m[90m 45 |[39m       console[33m.[39merror([32m'[VerificationService] Redis 杩炴帴閿欒锛屼娇鐢ㄦ湰鍦板瓨鍌?'[39m[33m,[39m err[33m.[39mmessage)[33m;[39m
     [90m    |[39m               [31m[1m^[22m[39m
     [90m 46 |[39m       redisClient [33m=[39m [36mnull[39m[33m;[39m
     [90m 47 |[39m     })[33m;[39m
     [90m 48 |[39m     [0m

      at EventEmitter.error (src/services/verificationService.js:45:15)
      at EventEmitter.silentEmit (node_modules/ioredis/built/Redis.js:529:30)
      at Socket.<anonymous> (node_modules/ioredis/built/redis/event_handler.js:221:14)

  console.error
    [VerificationService] Redis 杩炴帴閿欒锛屼娇鐢ㄦ湰鍦板瓨鍌?

    [0m [90m 43 |[39m     
     [90m 44 |[39m     redisClient[33m.[39mon([32m'error'[39m[33m,[39m (err) [33m=>[39m {
    [31m[1m>[22m[39m[90m 45 |[39m       console[33m.[39merror([32m'[VerificationService] Redis 杩炴帴閿欒锛屼娇鐢ㄦ湰鍦板瓨鍌?'[39m[33m,[39m err[33m.[39mmessage)[33m;[39m
     [90m    |[39m               [31m[1m^[22m[39m
     [90m 46 |[39m       redisClient [33m=[39m [36mnull[39m[33m;[39m
     [90m 47 |[39m     })[33m;[39m
     [90m 48 |[39m     [0m

      at EventEmitter.error (src/services/verificationService.js:45:15)
      at EventEmitter.silentEmit (node_modules/ioredis/built/Redis.js:529:30)
      at Socket.<anonymous> (node_modules/ioredis/built/redis/event_handler.js:221:14)

  console.error
    [VerificationService] Redis 杩炴帴閿欒锛屼娇鐢ㄦ湰鍦板瓨鍌?

    [0m [90m 43 |[39m     
     [90m 44 |[39m     redisClient[33m.[39mon([32m'error'[39m[33m,[39m (err) [33m=>[39m {
    [31m[1m>[22m[39m[90m 45 |[39m       console[33m.[39merror([32m'[VerificationService] Redis 杩炴帴閿欒锛屼娇鐢ㄦ湰鍦板瓨鍌?'[39m[33m,[39m err[33m.[39mmessage)[33m;[39m
     [90m    |[39m               [31m[1m^[22m[39m
     [90m 46 |[39m       redisClient [33m=[39m [36mnull[39m[33m;[39m
     [90m 47 |[39m     })[33m;[39m
     [90m 48 |[39m     [0m

      at EventEmitter.error (src/services/verificationService.js:45:15)
      at EventEmitter.silentEmit (node_modules/ioredis/built/Redis.js:529:30)
      at Socket.<anonymous> (node_modules/ioredis/built/redis/event_handler.js:221:14)

  console.error
    [VerificationService] Redis 杩炴帴閿欒锛屼娇鐢ㄦ湰鍦板瓨鍌?

    [0m [90m 43 |[39m     
     [90m 44 |[39m     redisClient[33m.[39mon([32m'error'[39m[33m,[39m (err) [33m=>[39m {
    [31m[1m>[22m[39m[90m 45 |[39m       console[33m.[39merror([32m'[VerificationService] Redis 杩炴帴閿欒锛屼娇鐢ㄦ湰鍦板瓨鍌?'[39m[33m,[39m err[33m.[39mmessage)[33m;[39m
     [90m    |[39m               [31m[1m^[22m[39m
     [90m 46 |[39m       redisClient [33m=[39m [36mnull[39m[33m;[39m
     [90m 47 |[39m     })[33m;[39m
     [90m 48 |[39m     [0m

      at EventEmitter.error (src/services/verificationService.js:45:15)
      at EventEmitter.silentEmit (node_modules/ioredis/built/Redis.js:529:30)
      at Socket.<anonymous> (node_modules/ioredis/built/redis/event_handler.js:221:14)

  console.error
    [VerificationService] Redis 杩炴帴閿欒锛屼娇鐢ㄦ湰鍦板瓨鍌?

    [0m [90m 43 |[39m     
     [90m 44 |[39m     redisClient[33m.[39mon([32m'error'[39m[33m,[39m (err) [33m=>[39m {
    [31m[1m>[22m[39m[90m 45 |[39m       console[33m.[39merror([32m'[VerificationService] Redis 杩炴帴閿欒锛屼娇鐢ㄦ湰鍦板瓨鍌?'[39m[33m,[39m err[33m.[39mmessage)[33m;[39m
     [90m    |[39m               [31m[1m^[22m[39m
     [90m 46 |[39m       redisClient [33m=[39m [36mnull[39m[33m;[39m
     [90m 47 |[39m     })[33m;[39m
     [90m 48 |[39m     [0m

      at EventEmitter.error (src/services/verificationService.js:45:15)
      at EventEmitter.silentEmit (node_modules/ioredis/built/Redis.js:529:30)
      at Socket.<anonymous> (node_modules/ioredis/built/redis/event_handler.js:221:14)

  console.error
    [VerificationService] Redis 杩炴帴閿欒锛屼娇鐢ㄦ湰鍦板瓨鍌?

    [0m [90m 43 |[39m     
     [90m 44 |[39m     redisClient[33m.[39mon([32m'error'[39m[33m,[39m (err) [33m=>[39m {
    [31m[1m>[22m[39m[90m 45 |[39m       console[33m.[39merror([32m'[VerificationService] Redis 杩炴帴閿欒锛屼娇鐢ㄦ湰鍦板瓨鍌?'[39m[33m,[39m err[33m.[39mmessage)[33m;[39m
     [90m    |[39m               [31m[1m^[22m[39m
     [90m 46 |[39m       redisClient [33m=[39m [36mnull[39m[33m;[39m
     [90m 47 |[39m     })[33m;[39m
     [90m 48 |[39m     [0m

      at EventEmitter.error (src/services/verificationService.js:45:15)
      at EventEmitter.silentEmit (node_modules/ioredis/built/Redis.js:529:30)
      at Socket.<anonymous> (node_modules/ioredis/built/redis/event_handler.js:221:14)

  console.error
    [VerificationService] Redis 杩炴帴閿欒锛屼娇鐢ㄦ湰鍦板瓨鍌?

    [0m [90m 43 |[39m     
     [90m 44 |[39m     redisClient[33m.[39mon([32m'error'[39m[33m,[39m (err) [33m=>[39m {
    [31m[1m>[22m[39m[90m 45 |[39m       console[33m.[39merror([32m'[VerificationService] Redis 杩炴帴閿欒锛屼娇鐢ㄦ湰鍦板瓨鍌?'[39m[33m,[39m err[33m.[39mmessage)[33m;[39m
     [90m    |[39m               [31m[1m^[22m[39m
     [90m 46 |[39m       redisClient [33m=[39m [36mnull[39m[33m;[39m
     [90m 47 |[39m     })[33m;[39m
     [90m 48 |[39m     [0m

      at EventEmitter.error (src/services/verificationService.js:45:15)
      at EventEmitter.silentEmit (node_modules/ioredis/built/Redis.js:529:30)
      at Socket.<anonymous> (node_modules/ioredis/built/redis/event_handler.js:221:14)

  console.error
    [VerificationService] Redis 杩炴帴閿欒锛屼娇鐢ㄦ湰鍦板瓨鍌?

    [0m [90m 43 |[39m     
     [90m 44 |[39m     redisClient[33m.[39mon([32m'error'[39m[33m,[39m (err) [33m=>[39m {
    [31m[1m>[22m[39m[90m 45 |[39m       console[33m.[39merror([32m'[VerificationService] Redis 杩炴帴閿欒锛屼娇鐢ㄦ湰鍦板瓨鍌?'[39m[33m,[39m err[33m.[39mmessage)[33m;[39m
     [90m    |[39m               [31m[1m^[22m[39m
     [90m 46 |[39m       redisClient [33m=[39m [36mnull[39m[33m;[39m
     [90m 47 |[39m     })[33m;[39m
     [90m 48 |[39m     [0m

      at EventEmitter.error (src/services/verificationService.js:45:15)
      at EventEmitter.silentEmit (node_modules/ioredis/built/Redis.js:529:30)
      at Socket.<anonymous> (node_modules/ioredis/built/redis/event_handler.js:221:14)

  console.error
    [VerificationService] Redis 杩炴帴閿欒锛屼娇鐢ㄦ湰鍦板瓨鍌?

    [0m [90m 43 |[39m     
     [90m 44 |[39m     redisClient[33m.[39mon([32m'error'[39m[33m,[39m (err) [33m=>[39m {
    [31m[1m>[22m[39m[90m 45 |[39m       console[33m.[39merror([32m'[VerificationService] Redis 杩炴帴閿欒锛屼娇鐢ㄦ湰鍦板瓨鍌?'[39m[33m,[39m err[33m.[39mmessage)[33m;[39m
     [90m    |[39m               [31m[1m^[22m[39m
     [90m 46 |[39m       redisClient [33m=[39m [36mnull[39m[33m;[39m
     [90m 47 |[39m     })[33m;[39m
     [90m 48 |[39m     [0m

      at EventEmitter.error (src/services/verificationService.js:45:15)
      at EventEmitter.silentEmit (node_modules/ioredis/built/Redis.js:529:30)
      at Socket.<anonymous> (node_modules/ioredis/built/redis/event_handler.js:221:14)

  console.error
    [VerificationService] Redis 杩炴帴閿欒锛屼娇鐢ㄦ湰鍦板瓨鍌?

    [0m [90m 43 |[39m     
     [90m 44 |[39m     redisClient[33m.[39mon([32m'error'[39m[33m,[39m (err) [33m=>[39m {
    [31m[1m>[22m[39m[90m 45 |[39m       console[33m.[39merror([32m'[VerificationService] Redis 杩炴帴閿欒锛屼娇鐢ㄦ湰鍦板瓨鍌?'[39m[33m,[39m err[33m.[39mmessage)[33m;[39m
     [90m    |[39m               [31m[1m^[22m[39m
     [90m 46 |[39m       redisClient [33m=[39m [36mnull[39m[33m;[39m
     [90m 47 |[39m     })[33m;[39m
     [90m 48 |[39m     [0m

      at EventEmitter.error (src/services/verificationService.js:45:15)
      at EventEmitter.silentEmit (node_modules/ioredis/built/Redis.js:529:30)
      at Socket.<anonymous> (node_modules/ioredis/built/redis/event_handler.js:221:14)

  console.error
    [VerificationService] Redis 杩炴帴閿欒锛屼娇鐢ㄦ湰鍦板瓨鍌?

    [0m [90m 43 |[39m     
     [90m 44 |[39m     redisClient[33m.[39mon([32m'error'[39m[33m,[39m (err) [33m=>[39m {
    [31m[1m>[22m[39m[90m 45 |[39m       console[33m.[39merror([32m'[VerificationService] Redis 杩炴帴閿欒锛屼娇鐢ㄦ湰鍦板瓨鍌?'[39m[33m,[39m err[33m.[39mmessage)[33m;[39m
     [90m    |[39m               [31m[1m^[22m[39m
     [90m 46 |[39m       redisClient [33m=[39m [36mnull[39m[33m;[39m
     [90m 47 |[39m     })[33m;[39m
     [90m 48 |[39m     [0m

      at EventEmitter.error (src/services/verificationService.js:45:15)
      at EventEmitter.silentEmit (node_modules/ioredis/built/Redis.js:529:30)
      at Socket.<anonymous> (node_modules/ioredis/built/redis/event_handler.js:221:14)

  console.error
    [VerificationService] Redis 杩炴帴閿欒锛屼娇鐢ㄦ湰鍦板瓨鍌?

    [0m [90m 43 |[39m     
     [90m 44 |[39m     redisClient[33m.[39mon([32m'error'[39m[33m,[39m (err) [33m=>[39m {
    [31m[1m>[22m[39m[90m 45 |[39m       console[33m.[39merror([32m'[VerificationService] Redis 杩炴帴閿欒锛屼娇鐢ㄦ湰鍦板瓨鍌?'[39m[33m,[39m err[33m.[39mmessage)[33m;[39m
     [90m    |[39m               [31m[1m^[22m[39m
     [90m 46 |[39m       redisClient [33m=[39m [36mnull[39m[33m;[39m
     [90m 47 |[39m     })[33m;[39m
     [90m 48 |[39m     [0m

      at EventEmitter.error (src/services/verificationService.js:45:15)
      at EventEmitter.silentEmit (node_modules/ioredis/built/Redis.js:529:30)
      at Socket.<anonymous> (node_modules/ioredis/built/redis/event_handler.js:221:14)

  console.error
    [VerificationService] Redis 杩炴帴閿欒锛屼娇鐢ㄦ湰鍦板瓨鍌?

    [0m [90m 43 |[39m     
     [90m 44 |[39m     redisClient[33m.[39mon([32m'error'[39m[33m,[39m (err) [33m=>[39m {
    [31m[1m>[22m[39m[90m 45 |[39m       console[33m.[39merror([32m'[VerificationService] Redis 杩炴帴閿欒锛屼娇鐢ㄦ湰鍦板瓨鍌?'[39m[33m,[39m err[33m.[39mmessage)[33m;[39m
     [90m    |[39m               [31m[1m^[22m[39m
     [90m 46 |[39m       redisClient [33m=[39m [36mnull[39m[33m;[39m
     [90m 47 |[39m     })[33m;[39m
     [90m 48 |[39m     [0m

      at EventEmitter.error (src/services/verificationService.js:45:15)
      at EventEmitter.silentEmit (node_modules/ioredis/built/Redis.js:529:30)
      at Socket.<anonymous> (node_modules/ioredis/built/redis/event_handler.js:221:14)

  console.error
    [VerificationService] Redis 杩炴帴閿欒锛屼娇鐢ㄦ湰鍦板瓨鍌?

    [0m [90m 43 |[39m     
     [90m 44 |[39m     redisClient[33m.[39mon([32m'error'[39m[33m,[39m (err) [33m=>[39m {
    [31m[1m>[22m[39m[90m 45 |[39m       console[33m.[39merror([32m'[VerificationService] Redis 杩炴帴閿欒锛屼娇鐢ㄦ湰鍦板瓨鍌?'[39m[33m,[39m err[33m.[39mmessage)[33m;[39m
     [90m    |[39m               [31m[1m^[22m[39m
     [90m 46 |[39m       redisClient [33m=[39m [36mnull[39m[33m;[39m
     [90m 47 |[39m     })[33m;[39m
     [90m 48 |[39m     [0m

      at EventEmitter.error (src/services/verificationService.js:45:15)
      at EventEmitter.silentEmit (node_modules/ioredis/built/Redis.js:529:30)
      at Socket.<anonymous> (node_modules/ioredis/built/redis/event_handler.js:221:14)

  console.error
    [VerificationService] Redis 杩炴帴閿欒锛屼娇鐢ㄦ湰鍦板瓨鍌?

    [0m [90m 43 |[39m     
     [90m 44 |[39m     redisClient[33m.[39mon([32m'error'[39m[33m,[39m (err) [33m=>[39m {
    [31m[1m>[22m[39m[90m 45 |[39m       console[33m.[39merror([32m'[VerificationService] Redis 杩炴帴閿欒锛屼娇鐢ㄦ湰鍦板瓨鍌?'[39m[33m,[39m err[33m.[39mmessage)[33m;[39m
     [90m    |[39m               [31m[1m^[22m[39m
     [90m 46 |[39m       redisClient [33m=[39m [36mnull[39m[33m;[39m
     [90m 47 |[39m     })[33m;[39m
     [90m 48 |[39m     [0m

      at EventEmitter.error (src/services/verificationService.js:45:15)
      at EventEmitter.silentEmit (node_modules/ioredis/built/Redis.js:529:30)
      at Socket.<anonymous> (node_modules/ioredis/built/redis/event_handler.js:221:14)

  console.error
    [VerificationService] Redis 杩炴帴閿欒锛屼娇鐢ㄦ湰鍦板瓨鍌?

    [0m [90m 43 |[39m     
     [90m 44 |[39m     redisClient[33m.[39mon([32m'error'[39m[33m,[39m (err) [33m=>[39m {
    [31m[1m>[22m[39m[90m 45 |[39m       console[33m.[39merror([32m'[VerificationService] Redis 杩炴帴閿欒锛屼娇鐢ㄦ湰鍦板瓨鍌?'[39m[33m,[39m err[33m.[39mmessage)[33m;[39m
     [90m    |[39m               [31m[1m^[22m[39m
     [90m 46 |[39m       redisClient [33m=[39m [36mnull[39m[33m;[39m
     [90m 47 |[39m     })[33m;[39m
     [90m 48 |[39m     [0m

      at EventEmitter.error (src/services/verificationService.js:45:15)
      at EventEmitter.silentEmit (node_modules/ioredis/built/Redis.js:529:30)
      at Socket.<anonymous> (node_modules/ioredis/built/redis/event_handler.js:221:14)

  console.error
    [VerificationService] Redis 杩炴帴閿欒锛屼娇鐢ㄦ湰鍦板瓨鍌?

    [0m [90m 43 |[39m     
     [90m 44 |[39m     redisClient[33m.[39mon([32m'error'[39m[33m,[39m (err) [33m=>[39m {
    [31m[1m>[22m[39m[90m 45 |[39m       console[33m.[39merror([32m'[VerificationService] Redis 杩炴帴閿欒锛屼娇鐢ㄦ湰鍦板瓨鍌?'[39m[33m,[39m err[33m.[39mmessage)[33m;[39m
     [90m    |[39m               [31m[1m^[22m[39m
     [90m 46 |[39m       redisClient [33m=[39m [36mnull[39m[33m;[39m
     [90m 47 |[39m     })[33m;[39m
     [90m 48 |[39m     [0m

      at EventEmitter.error (src/services/verificationService.js:45:15)
      at EventEmitter.silentEmit (node_modules/ioredis/built/Redis.js:529:30)
      at Socket.<anonymous> (node_modules/ioredis/built/redis/event_handler.js:221:14)

  console.error
    [VerificationService] Redis 杩炴帴閿欒锛屼娇鐢ㄦ湰鍦板瓨鍌?

    [0m [90m 43 |[39m     
     [90m 44 |[39m     redisClient[33m.[39mon([32m'error'[39m[33m,[39m (err) [33m=>[39m {
    [31m[1m>[22m[39m[90m 45 |[39m       console[33m.[39merror([32m'[VerificationService] Redis 杩炴帴閿欒锛屼娇鐢ㄦ湰鍦板瓨鍌?'[39m[33m,[39m err[33m.[39mmessage)[33m;[39m
     [90m    |[39m               [31m[1m^[22m[39m
     [90m 46 |[39m       redisClient [33m=[39m [36mnull[39m[33m;[39m
     [90m 47 |[39m     })[33m;[39m
     [90m 48 |[39m     [0m

      at EventEmitter.error (src/services/verificationService.js:45:15)
      at EventEmitter.silentEmit (node_modules/ioredis/built/Redis.js:529:30)
      at Socket.<anonymous> (node_modules/ioredis/built/redis/event_handler.js:221:14)

  console.error
    [VerificationService] Redis 杩炴帴閿欒锛屼娇鐢ㄦ湰鍦板瓨鍌?

    [0m [90m 43 |[39m     
     [90m 44 |[39m     redisClient[33m.[39mon([32m'error'[39m[33m,[39m (err) [33m=>[39m {
    [31m[1m>[22m[39m[90m 45 |[39m       console[33m.[39merror([32m'[VerificationService] Redis 杩炴帴閿欒锛屼娇鐢ㄦ湰鍦板瓨鍌?'[39m[33m,[39m err[33m.[39mmessage)[33m;[39m
     [90m    |[39m               [31m[1m^[22m[39m
     [90m 46 |[39m       redisClient [33m=[39m [36mnull[39m[33m;[39m
     [90m 47 |[39m     })[33m;[39m
     [90m 48 |[39m     [0m

      at EventEmitter.error (src/services/verificationService.js:45:15)
      at EventEmitter.silentEmit (node_modules/ioredis/built/Redis.js:529:30)
      at Socket.<anonymous> (node_modules/ioredis/built/redis/event_handler.js:221:14)

  console.error
    [VerificationService] Redis 杩炴帴閿欒锛屼娇鐢ㄦ湰鍦板瓨鍌?

    [0m [90m 43 |[39m     
     [90m 44 |[39m     redisClient[33m.[39mon([32m'error'[39m[33m,[39m (err) [33m=>[39m {
    [31m[1m>[22m[39m[90m 45 |[39m       console[33m.[39merror([32m'[VerificationService] Redis 杩炴帴閿欒锛屼娇鐢ㄦ湰鍦板瓨鍌?'[39m[33m,[39m err[33m.[39mmessage)[33m;[39m
     [90m    |[39m               [31m[1m^[22m[39m
     [90m 46 |[39m       redisClient [33m=[39m [36mnull[39m[33m;[39m
     [90m 47 |[39m     })[33m;[39m
     [90m 48 |[39m     [0m

      at EventEmitter.error (src/services/verificationService.js:45:15)
      at EventEmitter.silentEmit (node_modules/ioredis/built/Redis.js:529:30)
      at Socket.<anonymous> (node_modules/ioredis/built/redis/event_handler.js:221:14)

  console.error
    [VerificationService] Redis 杩炴帴閿欒锛屼娇鐢ㄦ湰鍦板瓨鍌?

    [0m [90m 43 |[39m     
     [90m 44 |[39m     redisClient[33m.[39mon([32m'error'[39m[33m,[39m (err) [33m=>[39m {
    [31m[1m>[22m[39m[90m 45 |[39m       console[33m.[39merror([32m'[VerificationService] Redis 杩炴帴閿欒锛屼娇鐢ㄦ湰鍦板瓨鍌?'[39m[33m,[39m err[33m.[39mmessage)[33m;[39m
     [90m    |[39m               [31m[1m^[22m[39m
     [90m 46 |[39m       redisClient [33m=[39m [36mnull[39m[33m;[39m
     [90m 47 |[39m     })[33m;[39m
     [90m 48 |[39m     [0m

      at EventEmitter.error (src/services/verificationService.js:45:15)
      at EventEmitter.silentEmit (node_modules/ioredis/built/Redis.js:529:30)
      at Socket.<anonymous> (node_modules/ioredis/built/redis/event_handler.js:221:14)

  console.error
    [VerificationService] Redis 杩炴帴閿欒锛屼娇鐢ㄦ湰鍦板瓨鍌?

    [0m [90m 43 |[39m     
     [90m 44 |[39m     redisClient[33m.[39mon([32m'error'[39m[33m,[39m (err) [33m=>[39m {
    [31m[1m>[22m[39m[90m 45 |[39m       console[33m.[39merror([32m'[VerificationService] Redis 杩炴帴閿欒锛屼娇鐢ㄦ湰鍦板瓨鍌?'[39m[33m,[39m err[33m.[39mmessage)[33m;[39m
     [90m    |[39m               [31m[1m^[22m[39m
     [90m 46 |[39m       redisClient [33m=[39m [36mnull[39m[33m;[39m
     [90m 47 |[39m     })[33m;[39m
     [90m 48 |[39m     [0m

      at EventEmitter.error (src/services/verificationService.js:45:15)
      at EventEmitter.silentEmit (node_modules/ioredis/built/Redis.js:529:30)
      at Socket.<anonymous> (node_modules/ioredis/built/redis/event_handler.js:221:14)

  console.error
    [VerificationService] Redis 杩炴帴閿欒锛屼娇鐢ㄦ湰鍦板瓨鍌?

    [0m [90m 43 |[39m     
     [90m 44 |[39m     redisClient[33m.[39mon([32m'error'[39m[33m,[39m (err) [33m=>[39m {
    [31m[1m>[22m[39m[90m 45 |[39m       console[33m.[39merror([32m'[VerificationService] Redis 杩炴帴閿欒锛屼娇鐢ㄦ湰鍦板瓨鍌?'[39m[33m,[39m err[33m.[39mmessage)[33m;[39m
     [90m    |[39m               [31m[1m^[22m[39m
     [90m 46 |[39m       redisClient [33m=[39m [36mnull[39m[33m;[39m
     [90m 47 |[39m     })[33m;[39m
     [90m 48 |[39m     [0m

      at EventEmitter.error (src/services/verificationService.js:45:15)
      at EventEmitter.silentEmit (node_modules/ioredis/built/Redis.js:529:30)
      at Socket.<anonymous> (node_modules/ioredis/built/redis/event_handler.js:221:14)

  console.error
    [VerificationService] Redis 杩炴帴閿欒锛屼娇鐢ㄦ湰鍦板瓨鍌?

    [0m [90m 43 |[39m     
     [90m 44 |[39m     redisClient[33m.[39mon([32m'error'[39m[33m,[39m (err) [33m=>[39m {
    [31m[1m>[22m[39m[90m 45 |[39m       console[33m.[39merror([32m'[VerificationService] Redis 杩炴帴閿欒锛屼娇鐢ㄦ湰鍦板瓨鍌?'[39m[33m,[39m err[33m.[39mmessage)[33m;[39m
     [90m    |[39m               [31m[1m^[22m[39m
     [90m 46 |[39m       redisClient [33m=[39m [36mnull[39m[33m;[39m
     [90m 47 |[39m     })[33m;[39m
     [90m 48 |[39m     [0m

      at EventEmitter.error (src/services/verificationService.js:45:15)
      at EventEmitter.silentEmit (node_modules/ioredis/built/Redis.js:529:30)
      at Socket.<anonymous> (node_modules/ioredis/built/redis/event_handler.js:221:14)

  console.error
    [VerificationService] Redis 杩炴帴閿欒锛屼娇鐢ㄦ湰鍦板瓨鍌?

    [0m [90m 43 |[39m     
     [90m 44 |[39m     redisClient[33m.[39mon([32m'error'[39m[33m,[39m (err) [33m=>[39m {
    [31m[1m>[22m[39m[90m 45 |[39m       console[33m.[39merror([32m'[VerificationService] Redis 杩炴帴閿欒锛屼娇鐢ㄦ湰鍦板瓨鍌?'[39m[33m,[39m err[33m.[39mmessage)[33m;[39m
     [90m    |[39m               [31m[1m^[22m[39m
     [90m 46 |[39m       redisClient [33m=[39m [36mnull[39m[33m;[39m
     [90m 47 |[39m     })[33m;[39m
     [90m 48 |[39m     [0m

      at EventEmitter.error (src/services/verificationService.js:45:15)
      at EventEmitter.silentEmit (node_modules/ioredis/built/Redis.js:529:30)
      at Socket.<anonymous> (node_modules/ioredis/built/redis/event_handler.js:221:14)

  console.error
    [VerificationService] Redis 杩炴帴閿欒锛屼娇鐢ㄦ湰鍦板瓨鍌?

    [0m [90m 43 |[39m     
     [90m 44 |[39m     redisClient[33m.[39mon([32m'error'[39m[33m,[39m (err) [33m=>[39m {
    [31m[1m>[22m[39m[90m 45 |[39m       console[33m.[39merror([32m'[VerificationService] Redis 杩炴帴閿欒锛屼娇鐢ㄦ湰鍦板瓨鍌?'[39m[33m,[39m err[33m.[39mmessage)[33m;[39m
     [90m    |[39m               [31m[1m^[22m[39m
     [90m 46 |[39m       redisClient [33m=[39m [36mnull[39m[33m;[39m
     [90m 47 |[39m     })[33m;[39m
     [90m 48 |[39m     [0m

      at EventEmitter.error (src/services/verificationService.js:45:15)
      at EventEmitter.silentEmit (node_modules/ioredis/built/Redis.js:529:30)
      at Socket.<anonymous> (node_modules/ioredis/built/redis/event_handler.js:221:14)

  console.error
    [VerificationService] Redis 杩炴帴閿欒锛屼娇鐢ㄦ湰鍦板瓨鍌?

    [0m [90m 43 |[39m     
     [90m 44 |[39m     redisClient[33m.[39mon([32m'error'[39m[33m,[39m (err) [33m=>[39m {
    [31m[1m>[22m[39m[90m 45 |[39m       console[33m.[39merror([32m'[VerificationService] Redis 杩炴帴閿欒锛屼娇鐢ㄦ湰鍦板瓨鍌?'[39m[33m,[39m err[33m.[39mmessage)[33m;[39m
     [90m    |[39m               [31m[1m^[22m[39m
     [90m 46 |[39m       redisClient [33m=[39m [36mnull[39m[33m;[39m
     [90m 47 |[39m     })[33m;[39m
     [90m 48 |[39m     [0m

      at EventEmitter.error (src/services/verificationService.js:45:15)
      at EventEmitter.silentEmit (node_modules/ioredis/built/Redis.js:529:30)
      at Socket.<anonymous> (node_modules/ioredis/built/redis/event_handler.js:221:14)

  console.error
    [VerificationService] Redis 杩炴帴閿欒锛屼娇鐢ㄦ湰鍦板瓨鍌?

    [0m [90m 43 |[39m     
     [90m 44 |[39m     redisClient[33m.[39mon([32m'error'[39m[33m,[39m (err) [33m=>[39m {
    [31m[1m>[22m[39m[90m 45 |[39m       console[33m.[39merror([32m'[VerificationService] Redis 杩炴帴閿欒锛屼娇鐢ㄦ湰鍦板瓨鍌?'[39m[33m,[39m err[33m.[39mmessage)[33m;[39m
     [90m    |[39m               [31m[1m^[22m[39m
     [90m 46 |[39m       redisClient [33m=[39m [36mnull[39m[33m;[39m
     [90m 47 |[39m     })[33m;[39m
     [90m 48 |[39m     [0m

      at EventEmitter.error (src/services/verificationService.js:45:15)
      at EventEmitter.silentEmit (node_modules/ioredis/built/Redis.js:529:30)
      at Socket.<anonymous> (node_modules/ioredis/built/redis/event_handler.js:221:14)

  console.error
    [VerificationService] Redis 杩炴帴閿欒锛屼娇鐢ㄦ湰鍦板瓨鍌?

    [0m [90m 43 |[39m     
     [90m 44 |[39m     redisClient[33m.[39mon([32m'error'[39m[33m,[39m (err) [33m=>[39m {
    [31m[1m>[22m[39m[90m 45 |[39m       console[33m.[39merror([32m'[VerificationService] Redis 杩炴帴閿欒锛屼娇鐢ㄦ湰鍦板瓨鍌?'[39m[33m,[39m err[33m.[39mmessage)[33m;[39m
     [90m    |[39m               [31m[1m^[22m[39m
     [90m 46 |[39m       redisClient [33m=[39m [36mnull[39m[33m;[39m
     [90m 47 |[39m     })[33m;[39m
     [90m 48 |[39m     [0m

      at EventEmitter.error (src/services/verificationService.js:45:15)
      at EventEmitter.silentEmit (node_modules/ioredis/built/Redis.js:529:30)
      at Socket.<anonymous> (node_modules/ioredis/built/redis/event_handler.js:221:14)

  console.error
    [VerificationService] Redis 杩炴帴閿欒锛屼娇鐢ㄦ湰鍦板瓨鍌?

    [0m [90m 43 |[39m     
     [90m 44 |[39m     redisClient[33m.[39mon([32m'error'[39m[33m,[39m (err) [33m=>[39m {
    [31m[1m>[22m[39m[90m 45 |[39m       console[33m.[39merror([32m'[VerificationService] Redis 杩炴帴閿欒锛屼娇鐢ㄦ湰鍦板瓨鍌?'[39m[33m,[39m err[33m.[39mmessage)[33m;[39m
     [90m    |[39m               [31m[1m^[22m[39m
     [90m 46 |[39m       redisClient [33m=[39m [36mnull[39m[33m;[39m
     [90m 47 |[39m     })[33m;[39m
     [90m 48 |[39m     [0m

      at EventEmitter.error (src/services/verificationService.js:45:15)
      at EventEmitter.silentEmit (node_modules/ioredis/built/Redis.js:529:30)
      at Socket.<anonymous> (node_modules/ioredis/built/redis/event_handler.js:221:14)

  console.error
    [VerificationService] Redis 杩炴帴閿欒锛屼娇鐢ㄦ湰鍦板瓨鍌?

    [0m [90m 43 |[39m     
     [90m 44 |[39m     redisClient[33m.[39mon([32m'error'[39m[33m,[39m (err) [33m=>[39m {
    [31m[1m>[22m[39m[90m 45 |[39m       console[33m.[39merror([32m'[VerificationService] Redis 杩炴帴閿欒锛屼娇鐢ㄦ湰鍦板瓨鍌?'[39m[33m,[39m err[33m.[39mmessage)[33m;[39m
     [90m    |[39m               [31m[1m^[22m[39m
     [90m 46 |[39m       redisClient [33m=[39m [36mnull[39m[33m;[39m
     [90m 47 |[39m     })[33m;[39m
     [90m 48 |[39m     [0m

      at EventEmitter.error (src/services/verificationService.js:45:15)
      at EventEmitter.silentEmit (node_modules/ioredis/built/Redis.js:529:30)
      at Socket.<anonymous> (node_modules/ioredis/built/redis/event_handler.js:221:14)

  console.error
    [VerificationService] Redis 杩炴帴閿欒锛屼娇鐢ㄦ湰鍦板瓨鍌?

    [0m [90m 43 |[39m     
     [90m 44 |[39m     redisClient[33m.[39mon([32m'error'[39m[33m,[39m (err) [33m=>[39m {
    [31m[1m>[22m[39m[90m 45 |[39m       console[33m.[39merror([32m'[VerificationService] Redis 杩炴帴閿欒锛屼娇鐢ㄦ湰鍦板瓨鍌?'[39m[33m,[39m err[33m.[39mmessage)[33m;[39m
     [90m    |[39m               [31m[1m^[22m[39m
     [90m 46 |[39m       redisClient [33m=[39m [36mnull[39m[33m;[39m
     [90m 47 |[39m     })[33m;[39m
     [90m 48 |[39m     [0m

      at EventEmitter.error (src/services/verificationService.js:45:15)
      at EventEmitter.silentEmit (node_modules/ioredis/built/Redis.js:529:30)
      at Socket.<anonymous> (node_modules/ioredis/built/redis/event_handler.js:221:14)

  console.error
    [VerificationService] Redis 杩炴帴閿欒锛屼娇鐢ㄦ湰鍦板瓨鍌?

    [0m [90m 43 |[39m     
     [90m 44 |[39m     redisClient[33m.[39mon([32m'error'[39m[33m,[39m (err) [33m=>[39m {
    [31m[1m>[22m[39m[90m 45 |[39m       console[33m.[39merror([32m'[VerificationService] Redis 杩炴帴閿欒锛屼娇鐢ㄦ湰鍦板瓨鍌?'[39m[33m,[39m err[33m.[39mmessage)[33m;[39m
     [90m    |[39m               [31m[1m^[22m[39m
     [90m 46 |[39m       redisClient [33m=[39m [36mnull[39m[33m;[39m
     [90m 47 |[39m     })[33m;[39m
     [90m 48 |[39m     [0m

      at EventEmitter.error (src/services/verificationService.js:45:15)
      at EventEmitter.silentEmit (node_modules/ioredis/built/Redis.js:529:30)
      at Socket.<anonymous> (node_modules/ioredis/built/redis/event_handler.js:221:14)

  console.error
    [VerificationService] 瀛樺偍楠岃瘉鐮佸け璐? Reached the max retries per request limit (which is 20). Refer to "maxRetriesPerRequest" option for details.

    [0m [90m 127 |[39m     }
     [90m 128 |[39m   } [36mcatch[39m (error) {
    [31m[1m>[22m[39m[90m 129 |[39m     console[33m.[39merror([32m'[VerificationService] 瀛樺偍楠岃瘉鐮佸け璐?'[39m[33m,[39m error[33m.[39mmessage)[33m;[39m
     [90m     |[39m             [31m[1m^[22m[39m
     [90m 130 |[39m     [90m// Fallback 鍒版湰鍦板瓨鍌?[39m
     [90m 131 |[39m     verificationCodeMap[33m.[39m[36mset[39m(key[33m,[39m {
     [90m 132 |[39m       code[33m,[39m[0m

      at Object.error [as generateAndSaveCode] (src/services/verificationService.js:129:13)
      at Object.<anonymous> (tests/services-comprehensive.test.js:98:9)

  console.error
    [VerificationService] Redis 杩炴帴閿欒锛屼娇鐢ㄦ湰鍦板瓨鍌?

    [0m [90m 43 |[39m     
     [90m 44 |[39m     redisClient[33m.[39mon([32m'error'[39m[33m,[39m (err) [33m=>[39m {
    [31m[1m>[22m[39m[90m 45 |[39m       console[33m.[39merror([32m'[VerificationService] Redis 杩炴帴閿欒锛屼娇鐢ㄦ湰鍦板瓨鍌?'[39m[33m,[39m err[33m.[39mmessage)[33m;[39m
     [90m    |[39m               [31m[1m^[22m[39m
     [90m 46 |[39m       redisClient [33m=[39m [36mnull[39m[33m;[39m
     [90m 47 |[39m     })[33m;[39m
     [90m 48 |[39m     [0m

      at EventEmitter.error (src/services/verificationService.js:45:15)
      at EventEmitter.silentEmit (node_modules/ioredis/built/Redis.js:529:30)
      at Socket.<anonymous> (node_modules/ioredis/built/redis/event_handler.js:221:14)

  console.error
    [VerificationService] Redis 杩炴帴閿欒锛屼娇鐢ㄦ湰鍦板瓨鍌?

    [0m [90m 43 |[39m     
     [90m 44 |[39m     redisClient[33m.[39mon([32m'error'[39m[33m,[39m (err) [33m=>[39m {
    [31m[1m>[22m[39m[90m 45 |[39m       console[33m.[39merror([32m'[VerificationService] Redis 杩炴帴閿欒锛屼娇鐢ㄦ湰鍦板瓨鍌?'[39m[33m,[39m err[33m.[39mmessage)[33m;[39m
     [90m    |[39m               [31m[1m^[22m[39m
     [90m 46 |[39m       redisClient [33m=[39m [36mnull[39m[33m;[39m
     [90m 47 |[39m     })[33m;[39m
     [90m 48 |[39m     [0m

      at EventEmitter.error (src/services/verificationService.js:45:15)
      at EventEmitter.silentEmit (node_modules/ioredis/built/Redis.js:529:30)
      at Socket.<anonymous> (node_modules/ioredis/built/redis/event_handler.js:221:14)

  console.error
    [VerificationService] Redis 杩炴帴閿欒锛屼娇鐢ㄦ湰鍦板瓨鍌?

    [0m [90m 43 |[39m     
     [90m 44 |[39m     redisClient[33m.[39mon([32m'error'[39m[33m,[39m (err) [33m=>[39m {
    [31m[1m>[22m[39m[90m 45 |[39m       console[33m.[39merror([32m'[VerificationService] Redis 杩炴帴閿欒锛屼娇鐢ㄦ湰鍦板瓨鍌?'[39m[33m,[39m err[33m.[39mmessage)[33m;[39m
     [90m    |[39m               [31m[1m^[22m[39m
     [90m 46 |[39m       redisClient [33m=[39m [36mnull[39m[33m;[39m
     [90m 47 |[39m     })[33m;[39m
     [90m 48 |[39m     [0m

      at EventEmitter.error (src/services/verificationService.js:45:15)
      at EventEmitter.silentEmit (node_modules/ioredis/built/Redis.js:529:30)
      at Socket.<anonymous> (node_modules/ioredis/built/redis/event_handler.js:221:14)

  console.error
    [VerificationService] Redis 杩炴帴閿欒锛屼娇鐢ㄦ湰鍦板瓨鍌?

    [0m [90m 43 |[39m     
     [90m 44 |[39m     redisClient[33m.[39mon([32m'error'[39m[33m,[39m (err) [33m=>[39m {
    [31m[1m>[22m[39m[90m 45 |[39m       console[33m.[39merror([32m'[VerificationService] Redis 杩炴帴閿欒锛屼娇鐢ㄦ湰鍦板瓨鍌?'[39m[33m,[39m err[33m.[39mmessage)[33m;[39m
     [90m    |[39m               [31m[1m^[22m[39m
     [90m 46 |[39m       redisClient [33m=[39m [36mnull[39m[33m;[39m
     [90m 47 |[39m     })[33m;[39m
     [90m 48 |[39m     [0m

      at EventEmitter.error (src/services/verificationService.js:45:15)
      at EventEmitter.silentEmit (node_modules/ioredis/built/Redis.js:529:30)
      at Socket.<anonymous> (node_modules/ioredis/built/redis/event_handler.js:221:14)

  console.error
    [VerificationService] Redis 杩炴帴閿欒锛屼娇鐢ㄦ湰鍦板瓨鍌?

    [0m [90m 43 |[39m     
     [90m 44 |[39m     redisClient[33m.[39mon([32m'error'[39m[33m,[39m (err) [33m=>[39m {
    [31m[1m>[22m[39m[90m 45 |[39m       console[33m.[39merror([32m'[VerificationService] Redis 杩炴帴閿欒锛屼娇鐢ㄦ湰鍦板瓨鍌?'[39m[33m,[39m err[33m.[39mmessage)[33m;[39m
     [90m    |[39m               [31m[1m^[22m[39m
     [90m 46 |[39m       redisClient [33m=[39m [36mnull[39m[33m;[39m
     [90m 47 |[39m     })[33m;[39m
     [90m 48 |[39m     [0m

      at EventEmitter.error (src/services/verificationService.js:45:15)
      at EventEmitter.silentEmit (node_modules/ioredis/built/Redis.js:529:30)
      at Socket.<anonymous> (node_modules/ioredis/built/redis/event_handler.js:221:14)

  console.error
    [VerificationService] Redis 杩炴帴閿欒锛屼娇鐢ㄦ湰鍦板瓨鍌?

    [0m [90m 43 |[39m     
     [90m 44 |[39m     redisClient[33m.[39mon([32m'error'[39m[33m,[39m (err) [33m=>[39m {
    [31m[1m>[22m[39m[90m 45 |[39m       console[33m.[39merror([32m'[VerificationService] Redis 杩炴帴閿欒锛屼娇鐢ㄦ湰鍦板瓨鍌?'[39m[33m,[39m err[33m.[39mmessage)[33m;[39m
     [90m    |[39m               [31m[1m^[22m[39m
     [90m 46 |[39m       redisClient [33m=[39m [36mnull[39m[33m;[39m
     [90m 47 |[39m     })[33m;[39m
     [90m 48 |[39m     [0m

      at EventEmitter.error (src/services/verificationService.js:45:15)
      at EventEmitter.silentEmit (node_modules/ioredis/built/Redis.js:529:30)
      at Socket.<anonymous> (node_modules/ioredis/built/redis/event_handler.js:221:14)

  console.error
    [VerificationService] Redis 杩炴帴閿欒锛屼娇鐢ㄦ湰鍦板瓨鍌?

    [0m [90m 43 |[39m     
     [90m 44 |[39m     redisClient[33m.[39mon([32m'error'[39m[33m,[39m (err) [33m=>[39m {
    [31m[1m>[22m[39m[90m 45 |[39m       console[33m.[39merror([32m'[VerificationService] Redis 杩炴帴閿欒锛屼娇鐢ㄦ湰鍦板瓨鍌?'[39m[33m,[39m err[33m.[39mmessage)[33m;[39m
     [90m    |[39m               [31m[1m^[22m[39m
     [90m 46 |[39m       redisClient [33m=[39m [36mnull[39m[33m;[39m
     [90m 47 |[39m     })[33m;[39m
     [90m 48 |[39m     [0m

      at EventEmitter.error (src/services/verificationService.js:45:15)
      at EventEmitter.silentEmit (node_modules/ioredis/built/Redis.js:529:30)
      at Socket.<anonymous> (node_modules/ioredis/built/redis/event_handler.js:221:14)

  console.error
    [VerificationService] Redis 杩炴帴閿欒锛屼娇鐢ㄦ湰鍦板瓨鍌?

    [0m [90m 43 |[39m     
     [90m 44 |[39m     redisClient[33m.[39mon([32m'error'[39m[33m,[39m (err) [33m=>[39m {
    [31m[1m>[22m[39m[90m 45 |[39m       console[33m.[39merror([32m'[VerificationService] Redis 杩炴帴閿欒锛屼娇鐢ㄦ湰鍦板瓨鍌?'[39m[33m,[39m err[33m.[39mmessage)[33m;[39m
     [90m    |[39m               [31m[1m^[22m[39m
     [90m 46 |[39m       redisClient [33m=[39m [36mnull[39m[33m;[39m
     [90m 47 |[39m     })[33m;[39m
     [90m 48 |[39m     [0m

      at EventEmitter.error (src/services/verificationService.js:45:15)
      at EventEmitter.silentEmit (node_modules/ioredis/built/Redis.js:529:30)
      at Socket.<anonymous> (node_modules/ioredis/built/redis/event_handler.js:221:14)

  console.error
    [VerificationService] Redis 杩炴帴閿欒锛屼娇鐢ㄦ湰鍦板瓨鍌?

    [0m [90m 43 |[39m     
     [90m 44 |[39m     redisClient[33m.[39mon([32m'error'[39m[33m,[39m (err) [33m=>[39m {
    [31m[1m>[22m[39m[90m 45 |[39m       console[33m.[39merror([32m'[VerificationService] Redis 杩炴帴閿欒锛屼娇鐢ㄦ湰鍦板瓨鍌?'[39m[33m,[39m err[33m.[39mmessage)[33m;[39m
     [90m    |[39m               [31m[1m^[22m[39m
     [90m 46 |[39m       redisClient [33m=[39m [36mnull[39m[33m;[39m
     [90m 47 |[39m     })[33m;[39m
     [90m 48 |[39m     [0m

      at EventEmitter.error (src/services/verificationService.js:45:15)
      at EventEmitter.silentEmit (node_modules/ioredis/built/Redis.js:529:30)
      at Socket.<anonymous> (node_modules/ioredis/built/redis/event_handler.js:221:14)

  console.error
    [VerificationService] Redis 杩炴帴閿欒锛屼娇鐢ㄦ湰鍦板瓨鍌?

    [0m [90m 43 |[39m     
     [90m 44 |[39m     redisClient[33m.[39mon([32m'error'[39m[33m,[39m (err) [33m=>[39m {
    [31m[1m>[22m[39m[90m 45 |[39m       console[33m.[39merror([32m'[VerificationService] Redis 杩炴帴閿欒锛屼娇鐢ㄦ湰鍦板瓨鍌?'[39m[33m,[39m err[33m.[39mmessage)[33m;[39m
     [90m    |[39m               [31m[1m^[22m[39m
     [90m 46 |[39m       redisClient [33m=[39m [36mnull[39m[33m;[39m
     [90m 47 |[39m     })[33m;[39m
     [90m 48 |[39m     [0m

      at EventEmitter.error (src/services/verificationService.js:45:15)
      at EventEmitter.silentEmit (node_modules/ioredis/built/Redis.js:529:30)
      at Socket.<anonymous> (node_modules/ioredis/built/redis/event_handler.js:221:14)

  console.error
    [VerificationService] Redis 杩炴帴閿欒锛屼娇鐢ㄦ湰鍦板瓨鍌?

    [0m [90m 43 |[39m     
     [90m 44 |[39m     redisClient[33m.[39mon([32m'error'[39m[33m,[39m (err) [33m=>[39m {
    [31m[1m>[22m[39m[90m 45 |[39m       console[33m.[39merror([32m'[VerificationService] Redis 杩炴帴閿欒锛屼娇鐢ㄦ湰鍦板瓨鍌?'[39m[33m,[39m err[33m.[39mmessage)[33m;[39m
     [90m    |[39m               [31m[1m^[22m[39m
     [90m 46 |[39m       redisClient [33m=[39m [36mnull[39m[33m;[39m
     [90m 47 |[39m     })[33m;[39m
     [90m 48 |[39m     [0m

      at EventEmitter.error (src/services/verificationService.js:45:15)
      at EventEmitter.silentEmit (node_modules/ioredis/built/Redis.js:529:30)
      at Socket.<anonymous> (node_modules/ioredis/built/redis/event_handler.js:221:14)

  console.error
    [VerificationService] Redis 杩炴帴閿欒锛屼娇鐢ㄦ湰鍦板瓨鍌?

    [0m [90m 43 |[39m     
     [90m 44 |[39m     redisClient[33m.[39mon([32m'error'[39m[33m,[39m (err) [33m=>[39m {
    [31m[1m>[22m[39m[90m 45 |[39m       console[33m.[39merror([32m'[VerificationService] Redis 杩炴帴閿欒锛屼娇鐢ㄦ湰鍦板瓨鍌?'[39m[33m,[39m err[33m.[39mmessage)[33m;[39m
     [90m    |[39m               [31m[1m^[22m[39m
     [90m 46 |[39m       redisClient [33m=[39m [36mnull[39m[33m;[39m
     [90m 47 |[39m     })[33m;[39m
     [90m 48 |[39m     [0m

      at EventEmitter.error (src/services/verificationService.js:45:15)
      at EventEmitter.silentEmit (node_modules/ioredis/built/Redis.js:529:30)
      at Socket.<anonymous> (node_modules/ioredis/built/redis/event_handler.js:221:14)

  console.error
    [VerificationService] Redis 杩炴帴閿欒锛屼娇鐢ㄦ湰鍦板瓨鍌?

    [0m [90m 43 |[39m     
     [90m 44 |[39m     redisClient[33m.[39mon([32m'error'[39m[33m,[39m (err) [33m=>[39m {
    [31m[1m>[22m[39m[90m 45 |[39m       console[33m.[39merror([32m'[VerificationService] Redis 杩炴帴閿欒锛屼娇鐢ㄦ湰鍦板瓨鍌?'[39m[33m,[39m err[33m.[39mmessage)[33m;[39m
     [90m    |[39m               [31m[1m^[22m[39m
     [90m 46 |[39m       redisClient [33m=[39m [36mnull[39m[33m;[39m
     [90m 47 |[39m     })[33m;[39m
     [90m 48 |[39m     [0m

      at EventEmitter.error (src/services/verificationService.js:45:15)
      at EventEmitter.silentEmit (node_modules/ioredis/built/Redis.js:529:30)
      at Socket.<anonymous> (node_modules/ioredis/built/redis/event_handler.js:221:14)

  console.error
    [VerificationService] Redis 杩炴帴閿欒锛屼娇鐢ㄦ湰鍦板瓨鍌?

    [0m [90m 43 |[39m     
     [90m 44 |[39m     redisClient[33m.[39mon([32m'error'[39m[33m,[39m (err) [33m=>[39m {
    [31m[1m>[22m[39m[90m 45 |[39m       console[33m.[39merror([32m'[VerificationService] Redis 杩炴帴閿欒锛屼娇鐢ㄦ湰鍦板瓨鍌?'[39m[33m,[39m err[33m.[39mmessage)[33m;[39m
     [90m    |[39m               [31m[1m^[22m[39m
     [90m 46 |[39m       redisClient [33m=[39m [36mnull[39m[33m;[39m
     [90m 47 |[39m     })[33m;[39m
     [90m 48 |[39m     [0m

      at EventEmitter.error (src/services/verificationService.js:45:15)
      at EventEmitter.silentEmit (node_modules/ioredis/built/Redis.js:529:30)
      at Socket.<anonymous> (node_modules/ioredis/built/redis/event_handler.js:221:14)

  console.error
    [VerificationService] Redis 杩炴帴閿欒锛屼娇鐢ㄦ湰鍦板瓨鍌?

    [0m [90m 43 |[39m     
     [90m 44 |[39m     redisClient[33m.[39mon([32m'error'[39m[33m,[39m (err) [33m=>[39m {
    [31m[1m>[22m[39m[90m 45 |[39m       console[33m.[39merror([32m'[VerificationService] Redis 杩炴帴閿欒锛屼娇鐢ㄦ湰鍦板瓨鍌?'[39m[33m,[39m err[33m.[39mmessage)[33m;[39m
     [90m    |[39m               [31m[1m^[22m[39m
     [90m 46 |[39m       redisClient [33m=[39m [36mnull[39m[33m;[39m
     [90m 47 |[39m     })[33m;[39m
     [90m 48 |[39m     [0m

      at EventEmitter.error (src/services/verificationService.js:45:15)
      at EventEmitter.silentEmit (node_modules/ioredis/built/Redis.js:529:30)
      at Socket.<anonymous> (node_modules/ioredis/built/redis/event_handler.js:221:14)

  console.error
    [VerificationService] Redis 杩炴帴閿欒锛屼娇鐢ㄦ湰鍦板瓨鍌?

    [0m [90m 43 |[39m     
     [90m 44 |[39m     redisClient[33m.[39mon([32m'error'[39m[33m,[39m (err) [33m=>[39m {
    [31m[1m>[22m[39m[90m 45 |[39m       console[33m.[39merror([32m'[VerificationService] Redis 杩炴帴閿欒锛屼娇鐢ㄦ湰鍦板瓨鍌?'[39m[33m,[39m err[33m.[39mmessage)[33m;[39m
     [90m    |[39m               [31m[1m^[22m[39m
     [90m 46 |[39m       redisClient [33m=[39m [36mnull[39m[33m;[39m
     [90m 47 |[39m     })[33m;[39m
     [90m 48 |[39m     [0m

      at EventEmitter.error (src/services/verificationService.js:45:15)
      at EventEmitter.silentEmit (node_modules/ioredis/built/Redis.js:529:30)
      at Socket.<anonymous> (node_modules/ioredis/built/redis/event_handler.js:221:14)

  console.error
    [VerificationService] Redis 杩炴帴閿欒锛屼娇鐢ㄦ湰鍦板瓨鍌?

    [0m [90m 43 |[39m     
     [90m 44 |[39m     redisClient[33m.[39mon([32m'error'[39m[33m,[39m (err) [33m=>[39m {
    [31m[1m>[22m[39m[90m 45 |[39m       console[33m.[39merror([32m'[VerificationService] Redis 杩炴帴閿欒锛屼娇鐢ㄦ湰鍦板瓨鍌?'[39m[33m,[39m err[33m.[39mmessage)[33m;[39m
     [90m    |[39m               [31m[1m^[22m[39m
     [90m 46 |[39m       redisClient [33m=[39m [36mnull[39m[33m;[39m
     [90m 47 |[39m     })[33m;[39m
     [90m 48 |[39m     [0m

      at EventEmitter.error (src/services/verificationService.js:45:15)
      at EventEmitter.silentEmit (node_modules/ioredis/built/Redis.js:529:30)
      at Socket.<anonymous> (node_modules/ioredis/built/redis/event_handler.js:221:14)

  console.error
    [VerificationService] Redis 杩炴帴閿欒锛屼娇鐢ㄦ湰鍦板瓨鍌?

    [0m [90m 43 |[39m     
     [90m 44 |[39m     redisClient[33m.[39mon([32m'error'[39m[33m,[39m (err) [33m=>[39m {
    [31m[1m>[22m[39m[90m 45 |[39m       console[33m.[39merror([32m'[VerificationService] Redis 杩炴帴閿欒锛屼娇鐢ㄦ湰鍦板瓨鍌?'[39m[33m,[39m err[33m.[39mmessage)[33m;[39m
     [90m    |[39m               [31m[1m^[22m[39m
     [90m 46 |[39m       redisClient [33m=[39m [36mnull[39m[33m;[39m
     [90m 47 |[39m     })[33m;[39m
     [90m 48 |[39m     [0m

      at EventEmitter.error (src/services/verificationService.js:45:15)
      at EventEmitter.silentEmit (node_modules/ioredis/built/Redis.js:529:30)
      at Socket.<anonymous> (node_modules/ioredis/built/redis/event_handler.js:221:14)

  console.error
    [VerificationService] Redis 杩炴帴閿欒锛屼娇鐢ㄦ湰鍦板瓨鍌?

    [0m [90m 43 |[39m     
     [90m 44 |[39m     redisClient[33m.[39mon([32m'error'[39m[33m,[39m (err) [33m=>[39m {
    [31m[1m>[22m[39m[90m 45 |[39m       console[33m.[39merror([32m'[VerificationService] Redis 杩炴帴閿欒锛屼娇鐢ㄦ湰鍦板瓨鍌?'[39m[33m,[39m err[33m.[39mmessage)[33m;[39m
     [90m    |[39m               [31m[1m^[22m[39m
     [90m 46 |[39m       redisClient [33m=[39m [36mnull[39m[33m;[39m
     [90m 47 |[39m     })[33m;[39m
     [90m 48 |[39m     [0m

      at EventEmitter.error (src/services/verificationService.js:45:15)
      at EventEmitter.silentEmit (node_modules/ioredis/built/Redis.js:529:30)
      at Socket.<anonymous> (node_modules/ioredis/built/redis/event_handler.js:221:14)

  console.error
    [VerificationService] Redis 杩炴帴閿欒锛屼娇鐢ㄦ湰鍦板瓨鍌?

    [0m [90m 43 |[39m     
     [90m 44 |[39m     redisClient[33m.[39mon([32m'error'[39m[33m,[39m (err) [33m=>[39m {
    [31m[1m>[22m[39m[90m 45 |[39m       console[33m.[39merror([32m'[VerificationService] Redis 杩炴帴閿欒锛屼娇鐢ㄦ湰鍦板瓨鍌?'[39m[33m,[39m err[33m.[39mmessage)[33m;[39m
     [90m    |[39m               [31m[1m^[22m[39m
     [90m 46 |[39m       redisClient [33m=[39m [36mnull[39m[33m;[39m
     [90m 47 |[39m     })[33m;[39m
     [90m 48 |[39m     [0m

      at EventEmitter.error (src/services/verificationService.js:45:15)
      at EventEmitter.silentEmit (node_modules/ioredis/built/Redis.js:529:30)
      at Socket.<anonymous> (node_modules/ioredis/built/redis/event_handler.js:221:14)

  console.error
    [VerificationService] Redis 杩炴帴閿欒锛屼娇鐢ㄦ湰鍦板瓨鍌?

    [0m [90m 43 |[39m     
     [90m 44 |[39m     redisClient[33m.[39mon([32m'error'[39m[33m,[39m (err) [33m=>[39m {
    [31m[1m>[22m[39m[90m 45 |[39m       console[33m.[39merror([32m'[VerificationService] Redis 杩炴帴閿欒锛屼娇鐢ㄦ湰鍦板瓨鍌?'[39m[33m,[39m err[33m.[39mmessage)[33m;[39m
     [90m    |[39m               [31m[1m^[22m[39m
     [90m 46 |[39m       redisClient [33m=[39m [36mnull[39m[33m;[39m
     [90m 47 |[39m     })[33m;[39m
     [90m 48 |[39m     [0m

      at EventEmitter.error (src/services/verificationService.js:45:15)
      at EventEmitter.silentEmit (node_modules/ioredis/built/Redis.js:529:30)
      at Socket.<anonymous> (node_modules/ioredis/built/redis/event_handler.js:221:14)

  console.error
    [VerificationService] Redis 杩炴帴閿欒锛屼娇鐢ㄦ湰鍦板瓨鍌?

    [0m [90m 43 |[39m     
     [90m 44 |[39m     redisClient[33m.[39mon([32m'error'[39m[33m,[39m (err) [33m=>[39m {
    [31m[1m>[22m[39m[90m 45 |[39m       console[33m.[39merror([32m'[VerificationService] Redis 杩炴帴閿欒锛屼娇鐢ㄦ湰鍦板瓨鍌?'[39m[33m,[39m err[33m.[39mmessage)[33m;[39m
     [90m    |[39m               [31m[1m^[22m[39m
     [90m 46 |[39m       redisClient [33m=[39m [36mnull[39m[33m;[39m
     [90m 47 |[39m     })[33m;[39m
     [90m 48 |[39m     [0m

      at EventEmitter.error (src/services/verificationService.js:45:15)
      at EventEmitter.silentEmit (node_modules/ioredis/built/Redis.js:529:30)
      at Socket.<anonymous> (node_modules/ioredis/built/redis/event_handler.js:221:14)

  console.error
    [VerificationService] Redis 杩炴帴閿欒锛屼娇鐢ㄦ湰鍦板瓨鍌?

    [0m [90m 43 |[39m     
     [90m 44 |[39m     redisClient[33m.[39mon([32m'error'[39m[33m,[39m (err) [33m=>[39m {
    [31m[1m>[22m[39m[90m 45 |[39m       console[33m.[39merror([32m'[VerificationService] Redis 杩炴帴閿欒锛屼娇鐢ㄦ湰鍦板瓨鍌?'[39m[33m,[39m err[33m.[39mmessage)[33m;[39m
     [90m    |[39m               [31m[1m^[22m[39m
     [90m 46 |[39m       redisClient [33m=[39m [36mnull[39m[33m;[39m
     [90m 47 |[39m     })[33m;[39m
     [90m 48 |[39m     [0m

      at EventEmitter.error (src/services/verificationService.js:45:15)
      at EventEmitter.silentEmit (node_modules/ioredis/built/Redis.js:529:30)
      at Socket.<anonymous> (node_modules/ioredis/built/redis/event_handler.js:221:14)

  console.error
    [VerificationService] Redis 杩炴帴閿欒锛屼娇鐢ㄦ湰鍦板瓨鍌?

    [0m [90m 43 |[39m     
     [90m 44 |[39m     redisClient[33m.[39mon([32m'error'[39m[33m,[39m (err) [33m=>[39m {
    [31m[1m>[22m[39m[90m 45 |[39m       console[33m.[39merror([32m'[VerificationService] Redis 杩炴帴閿欒锛屼娇鐢ㄦ湰鍦板瓨鍌?'[39m[33m,[39m err[33m.[39mmessage)[33m;[39m
     [90m    |[39m               [31m[1m^[22m[39m
     [90m 46 |[39m       redisClient [33m=[39m [36mnull[39m[33m;[39m
     [90m 47 |[39m     })[33m;[39m
     [90m 48 |[39m     [0m

      at EventEmitter.error (src/services/verificationService.js:45:15)
      at EventEmitter.silentEmit (node_modules/ioredis/built/Redis.js:529:30)
      at Socket.<anonymous> (node_modules/ioredis/built/redis/event_handler.js:221:14)

  console.error
    [VerificationService] Redis 杩炴帴閿欒锛屼娇鐢ㄦ湰鍦板瓨鍌?

    [0m [90m 43 |[39m     
     [90m 44 |[39m     redisClient[33m.[39mon([32m'error'[39m[33m,[39m (err) [33m=>[39m {
    [31m[1m>[22m[39m[90m 45 |[39m       console[33m.[39merror([32m'[VerificationService] Redis 杩炴帴閿欒锛屼娇鐢ㄦ湰鍦板瓨鍌?'[39m[33m,[39m err[33m.[39mmessage)[33m;[39m
     [90m    |[39m               [31m[1m^[22m[39m
     [90m 46 |[39m       redisClient [33m=[39m [36mnull[39m[33m;[39m
     [90m 47 |[39m     })[33m;[39m
     [90m 48 |[39m     [0m

      at EventEmitter.error (src/services/verificationService.js:45:15)
      at EventEmitter.silentEmit (node_modules/ioredis/built/Redis.js:529:30)
      at Socket.<anonymous> (node_modules/ioredis/built/redis/event_handler.js:221:14)

  console.error
    [VerificationService] Redis 杩炴帴閿欒锛屼娇鐢ㄦ湰鍦板瓨鍌?

    [0m [90m 43 |[39m     
     [90m 44 |[39m     redisClient[33m.[39mon([32m'error'[39m[33m,[39m (err) [33m=>[39m {
    [31m[1m>[22m[39m[90m 45 |[39m       console[33m.[39merror([32m'[VerificationService] Redis 杩炴帴閿欒锛屼娇鐢ㄦ湰鍦板瓨鍌?'[39m[33m,[39m err[33m.[39mmessage)[33m;[39m
     [90m    |[39m               [31m[1m^[22m[39m
     [90m 46 |[39m       redisClient [33m=[39m [36mnull[39m[33m;[39m
     [90m 47 |[39m     })[33m;[39m
     [90m 48 |[39m     [0m

      at EventEmitter.error (src/services/verificationService.js:45:15)
      at EventEmitter.silentEmit (node_modules/ioredis/built/Redis.js:529:30)
      at Socket.<anonymous> (node_modules/ioredis/built/redis/event_handler.js:221:14)

  console.error
    [VerificationService] Redis 杩炴帴閿欒锛屼娇鐢ㄦ湰鍦板瓨鍌?

    [0m [90m 43 |[39m     
     [90m 44 |[39m     redisClient[33m.[39mon([32m'error'[39m[33m,[39m (err) [33m=>[39m {
    [31m[1m>[22m[39m[90m 45 |[39m       console[33m.[39merror([32m'[VerificationService] Redis 杩炴帴閿欒锛屼娇鐢ㄦ湰鍦板瓨鍌?'[39m[33m,[39m err[33m.[39mmessage)[33m;[39m
     [90m    |[39m               [31m[1m^[22m[39m
     [90m 46 |[39m       redisClient [33m=[39m [36mnull[39m[33m;[39m
     [90m 47 |[39m     })[33m;[39m
     [90m 48 |[39m     [0m

      at EventEmitter.error (src/services/verificationService.js:45:15)
      at EventEmitter.silentEmit (node_modules/ioredis/built/Redis.js:529:30)
      at Socket.<anonymous> (node_modules/ioredis/built/redis/event_handler.js:221:14)

  console.error
    [VerificationService] Redis 杩炴帴閿欒锛屼娇鐢ㄦ湰鍦板瓨鍌?

    [0m [90m 43 |[39m     
     [90m 44 |[39m     redisClient[33m.[39mon([32m'error'[39m[33m,[39m (err) [33m=>[39m {
    [31m[1m>[22m[39m[90m 45 |[39m       console[33m.[39merror([32m'[VerificationService] Redis 杩炴帴閿欒锛屼娇鐢ㄦ湰鍦板瓨鍌?'[39m[33m,[39m err[33m.[39mmessage)[33m;[39m
     [90m    |[39m               [31m[1m^[22m[39m
     [90m 46 |[39m       redisClient [33m=[39m [36mnull[39m[33m;[39m
     [90m 47 |[39m     })[33m;[39m
     [90m 48 |[39m     [0m

      at EventEmitter.error (src/services/verificationService.js:45:15)
      at EventEmitter.silentEmit (node_modules/ioredis/built/Redis.js:529:30)
      at Socket.<anonymous> (node_modules/ioredis/built/redis/event_handler.js:221:14)

  console.error
    [VerificationService] Redis 杩炴帴閿欒锛屼娇鐢ㄦ湰鍦板瓨鍌?

    [0m [90m 43 |[39m     
     [90m 44 |[39m     redisClient[33m.[39mon([32m'error'[39m[33m,[39m (err) [33m=>[39m {
    [31m[1m>[22m[39m[90m 45 |[39m       console[33m.[39merror([32m'[VerificationService] Redis 杩炴帴閿欒锛屼娇鐢ㄦ湰鍦板瓨鍌?'[39m[33m,[39m err[33m.[39mmessage)[33m;[39m
     [90m    |[39m               [31m[1m^[22m[39m
     [90m 46 |[39m       redisClient [33m=[39m [36mnull[39m[33m;[39m
     [90m 47 |[39m     })[33m;[39m
     [90m 48 |[39m     [0m

      at EventEmitter.error (src/services/verificationService.js:45:15)
      at EventEmitter.silentEmit (node_modules/ioredis/built/Redis.js:529:30)
      at Socket.<anonymous> (node_modules/ioredis/built/redis/event_handler.js:221:14)

  console.error
    [VerificationService] Redis 杩炴帴閿欒锛屼娇鐢ㄦ湰鍦板瓨鍌?

    [0m [90m 43 |[39m     
     [90m 44 |[39m     redisClient[33m.[39mon([32m'error'[39m[33m,[39m (err) [33m=>[39m {
    [31m[1m>[22m[39m[90m 45 |[39m       console[33m.[39merror([32m'[VerificationService] Redis 杩炴帴閿欒锛屼娇鐢ㄦ湰鍦板瓨鍌?'[39m[33m,[39m err[33m.[39mmessage)[33m;[39m
     [90m    |[39m               [31m[1m^[22m[39m
     [90m 46 |[39m       redisClient [33m=[39m [36mnull[39m[33m;[39m
     [90m 47 |[39m     })[33m;[39m
     [90m 48 |[39m     [0m

      at EventEmitter.error (src/services/verificationService.js:45:15)
      at EventEmitter.silentEmit (node_modules/ioredis/built/Redis.js:529:30)
      at Socket.<anonymous> (node_modules/ioredis/built/redis/event_handler.js:221:14)

  console.error
    [VerificationService] Redis 杩炴帴閿欒锛屼娇鐢ㄦ湰鍦板瓨鍌?

    [0m [90m 43 |[39m     
     [90m 44 |[39m     redisClient[33m.[39mon([32m'error'[39m[33m,[39m (err) [33m=>[39m {
    [31m[1m>[22m[39m[90m 45 |[39m       console[33m.[39merror([32m'[VerificationService] Redis 杩炴帴閿欒锛屼娇鐢ㄦ湰鍦板瓨鍌?'[39m[33m,[39m err[33m.[39mmessage)[33m;[39m
     [90m    |[39m               [31m[1m^[22m[39m
     [90m 46 |[39m       redisClient [33m=[39m [36mnull[39m[33m;[39m
     [90m 47 |[39m     })[33m;[39m
     [90m 48 |[39m     [0m

      at EventEmitter.error (src/services/verificationService.js:45:15)
      at EventEmitter.silentEmit (node_modules/ioredis/built/Redis.js:529:30)
      at Socket.<anonymous> (node_modules/ioredis/built/redis/event_handler.js:221:14)

  console.error
    [VerificationService] 瀛樺偍楠岃瘉鐮佸け璐? Reached the max retries per request limit (which is 20). Refer to "maxRetriesPerRequest" option for details.

    [0m [90m 127 |[39m     }
     [90m 128 |[39m   } [36mcatch[39m (error) {
    [31m[1m>[22m[39m[90m 129 |[39m     console[33m.[39merror([32m'[VerificationService] 瀛樺偍楠岃瘉鐮佸け璐?'[39m[33m,[39m error[33m.[39mmessage)[33m;[39m
     [90m     |[39m             [31m[1m^[22m[39m
     [90m 130 |[39m     [90m// Fallback 鍒版湰鍦板瓨鍌?[39m
     [90m 131 |[39m     verificationCodeMap[33m.[39m[36mset[39m(key[33m,[39m {
     [90m 132 |[39m       code[33m,[39m[0m

      at Object.error [as generateAndSaveCode] (src/services/verificationService.js:129:13)
      at Object.<anonymous> (tests/services-comprehensive.test.js:83:9)

  console.error
    [VerificationService] Redis 杩炴帴閿欒锛屼娇鐢ㄦ湰鍦板瓨鍌?

    [0m [90m 43 |[39m     
     [90m 44 |[39m     redisClient[33m.[39mon([32m'error'[39m[33m,[39m (err) [33m=>[39m {
    [31m[1m>[22m[39m[90m 45 |[39m       console[33m.[39merror([32m'[VerificationService] Redis 杩炴帴閿欒锛屼娇鐢ㄦ湰鍦板瓨鍌?'[39m[33m,[39m err[33m.[39mmessage)[33m;[39m
     [90m    |[39m               [31m[1m^[22m[39m
     [90m 46 |[39m       redisClient [33m=[39m [36mnull[39m[33m;[39m
     [90m 47 |[39m     })[33m;[39m
     [90m 48 |[39m     [0m

      at EventEmitter.error (src/services/verificationService.js:45:15)
      at EventEmitter.silentEmit (node_modules/ioredis/built/Redis.js:529:30)
      at Socket.<anonymous> (node_modules/ioredis/built/redis/event_handler.js:221:14)

  console.error
    [VerificationService] Redis 杩炴帴閿欒锛屼娇鐢ㄦ湰鍦板瓨鍌?

    [0m [90m 43 |[39m     
     [90m 44 |[39m     redisClient[33m.[39mon([32m'error'[39m[33m,[39m (err) [33m=>[39m {
    [31m[1m>[22m[39m[90m 45 |[39m       console[33m.[39merror([32m'[VerificationService] Redis 杩炴帴閿欒锛屼娇鐢ㄦ湰鍦板瓨鍌?'[39m[33m,[39m err[33m.[39mmessage)[33m;[39m
     [90m    |[39m               [31m[1m^[22m[39m
     [90m 46 |[39m       redisClient [33m=[39m [36mnull[39m[33m;[39m
     [90m 47 |[39m     })[33m;[39m
     [90m 48 |[39m     [0m

      at EventEmitter.error (src/services/verificationService.js:45:15)
      at EventEmitter.silentEmit (node_modules/ioredis/built/Redis.js:529:30)
      at Socket.<anonymous> (node_modules/ioredis/built/redis/event_handler.js:221:14)

  console.error
    [VerificationService] Redis 杩炴帴閿欒锛屼娇鐢ㄦ湰鍦板瓨鍌?

    [0m [90m 43 |[39m     
     [90m 44 |[39m     redisClient[33m.[39mon([32m'error'[39m[33m,[39m (err) [33m=>[39m {
    [31m[1m>[22m[39m[90m 45 |[39m       console[33m.[39merror([32m'[VerificationService] Redis 杩炴帴閿欒锛屼娇鐢ㄦ湰鍦板瓨鍌?'[39m[33m,[39m err[33m.[39mmessage)[33m;[39m
     [90m    |[39m               [31m[1m^[22m[39m
     [90m 46 |[39m       redisClient [33m=[39m [36mnull[39m[33m;[39m
     [90m 47 |[39m     })[33m;[39m
     [90m 48 |[39m     [0m

      at EventEmitter.error (src/services/verificationService.js:45:15)
      at EventEmitter.silentEmit (node_modules/ioredis/built/Redis.js:529:30)
      at Socket.<anonymous> (node_modules/ioredis/built/redis/event_handler.js:221:14)

  console.error
    [VerificationService] Redis 杩炴帴閿欒锛屼娇鐢ㄦ湰鍦板瓨鍌?

    [0m [90m 43 |[39m     
     [90m 44 |[39m     redisClient[33m.[39mon([32m'error'[39m[33m,[39m (err) [33m=>[39m {
    [31m[1m>[22m[39m[90m 45 |[39m       console[33m.[39merror([32m'[VerificationService] Redis 杩炴帴閿欒锛屼娇鐢ㄦ湰鍦板瓨鍌?'[39m[33m,[39m err[33m.[39mmessage)[33m;[39m
     [90m    |[39m               [31m[1m^[22m[39m
     [90m 46 |[39m       redisClient [33m=[39m [36mnull[39m[33m;[39m
     [90m 47 |[39m     })[33m;[39m
     [90m 48 |[39m     [0m

      at EventEmitter.error (src/services/verificationService.js:45:15)
      at EventEmitter.silentEmit (node_modules/ioredis/built/Redis.js:529:30)
      at Socket.<anonymous> (node_modules/ioredis/built/redis/event_handler.js:221:14)

  console.error
    [VerificationService] Redis 杩炴帴閿欒锛屼娇鐢ㄦ湰鍦板瓨鍌?

    [0m [90m 43 |[39m     
     [90m 44 |[39m     redisClient[33m.[39mon([32m'error'[39m[33m,[39m (err) [33m=>[39m {
    [31m[1m>[22m[39m[90m 45 |[39m       console[33m.[39merror([32m'[VerificationService] Redis 杩炴帴閿欒锛屼娇鐢ㄦ湰鍦板瓨鍌?'[39m[33m,[39m err[33m.[39mmessage)[33m;[39m
     [90m    |[39m               [31m[1m^[22m[39m
     [90m 46 |[39m       redisClient [33m=[39m [36mnull[39m[33m;[39m
     [90m 47 |[39m     })[33m;[39m
     [90m 48 |[39m     [0m

      at EventEmitter.error (src/services/verificationService.js:45:15)
      at EventEmitter.silentEmit (node_modules/ioredis/built/Redis.js:529:30)
      at Socket.<anonymous> (node_modules/ioredis/built/redis/event_handler.js:221:14)

  console.error
    [VerificationService] Redis 杩炴帴閿欒锛屼娇鐢ㄦ湰鍦板瓨鍌?

    [0m [90m 43 |[39m     
     [90m 44 |[39m     redisClient[33m.[39mon([32m'error'[39m[33m,[39m (err) [33m=>[39m {
    [31m[1m>[22m[39m[90m 45 |[39m       console[33m.[39merror([32m'[VerificationService] Redis 杩炴帴閿欒锛屼娇鐢ㄦ湰鍦板瓨鍌?'[39m[33m,[39m err[33m.[39mmessage)[33m;[39m
     [90m    |[39m               [31m[1m^[22m[39m
     [90m 46 |[39m       redisClient [33m=[39m [36mnull[39m[33m;[39m
     [90m 47 |[39m     })[33m;[39m
     [90m 48 |[39m     [0m

      at EventEmitter.error (src/services/verificationService.js:45:15)
      at EventEmitter.silentEmit (node_modules/ioredis/built/Redis.js:529:30)
      at Socket.<anonymous> (node_modules/ioredis/built/redis/event_handler.js:221:14)

  console.error
    [VerificationService] Redis 杩炴帴閿欒锛屼娇鐢ㄦ湰鍦板瓨鍌?

    [0m [90m 43 |[39m     
     [90m 44 |[39m     redisClient[33m.[39mon([32m'error'[39m[33m,[39m (err) [33m=>[39m {
    [31m[1m>[22m[39m[90m 45 |[39m       console[33m.[39merror([32m'[VerificationService] Redis 杩炴帴閿欒锛屼娇鐢ㄦ湰鍦板瓨鍌?'[39m[33m,[39m err[33m.[39mmessage)[33m;[39m
     [90m    |[39m               [31m[1m^[22m[39m
     [90m 46 |[39m       redisClient [33m=[39m [36mnull[39m[33m;[39m
     [90m 47 |[39m     })[33m;[39m
     [90m 48 |[39m     [0m

      at EventEmitter.error (src/services/verificationService.js:45:15)
      at EventEmitter.silentEmit (node_modules/ioredis/built/Redis.js:529:30)
      at Socket.<anonymous> (node_modules/ioredis/built/redis/event_handler.js:221:14)

  console.error
    [VerificationService] Redis 杩炴帴閿欒锛屼娇鐢ㄦ湰鍦板瓨鍌?

    [0m [90m 43 |[39m     
     [90m 44 |[39m     redisClient[33m.[39mon([32m'error'[39m[33m,[39m (err) [33m=>[39m {
    [31m[1m>[22m[39m[90m 45 |[39m       console[33m.[39merror([32m'[VerificationService] Redis 杩炴帴閿欒锛屼娇鐢ㄦ湰鍦板瓨鍌?'[39m[33m,[39m err[33m.[39mmessage)[33m;[39m
     [90m    |[39m               [31m[1m^[22m[39m
     [90m 46 |[39m       redisClient [33m=[39m [36mnull[39m[33m;[39m
     [90m 47 |[39m     })[33m;[39m
     [90m 48 |[39m     [0m

      at EventEmitter.error (src/services/verificationService.js:45:15)
      at EventEmitter.silentEmit (node_modules/ioredis/built/Redis.js:529:30)
      at Socket.<anonymous> (node_modules/ioredis/built/redis/event_handler.js:221:14)

  console.error
    [VerificationService] Redis 杩炴帴閿欒锛屼娇鐢ㄦ湰鍦板瓨鍌?

    [0m [90m 43 |[39m     
     [90m 44 |[39m     redisClient[33m.[39mon([32m'error'[39m[33m,[39m (err) [33m=>[39m {
    [31m[1m>[22m[39m[90m 45 |[39m       console[33m.[39merror([32m'[VerificationService] Redis 杩炴帴閿欒锛屼娇鐢ㄦ湰鍦板瓨鍌?'[39m[33m,[39m err[33m.[39mmessage)[33m;[39m
     [90m    |[39m               [31m[1m^[22m[39m
     [90m 46 |[39m       redisClient [33m=[39m [36mnull[39m[33m;[39m
     [90m 47 |[39m     })[33m;[39m
     [90m 48 |[39m     [0m

      at EventEmitter.error (src/services/verificationService.js:45:15)
      at EventEmitter.silentEmit (node_modules/ioredis/built/Redis.js:529:30)
      at Socket.<anonymous> (node_modules/ioredis/built/redis/event_handler.js:221:14)

  console.error
    [VerificationService] Redis 杩炴帴閿欒锛屼娇鐢ㄦ湰鍦板瓨鍌?

    [0m [90m 43 |[39m     
     [90m 44 |[39m     redisClient[33m.[39mon([32m'error'[39m[33m,[39m (err) [33m=>[39m {
    [31m[1m>[22m[39m[90m 45 |[39m       console[33m.[39merror([32m'[VerificationService] Redis 杩炴帴閿欒锛屼娇鐢ㄦ湰鍦板瓨鍌?'[39m[33m,[39m err[33m.[39mmessage)[33m;[39m
     [90m    |[39m               [31m[1m^[22m[39m
     [90m 46 |[39m       redisClient [33m=[39m [36mnull[39m[33m;[39m
     [90m 47 |[39m     })[33m;[39m
     [90m 48 |[39m     [0m

      at EventEmitter.error (src/services/verificationService.js:45:15)
      at EventEmitter.silentEmit (node_modules/ioredis/built/Redis.js:529:30)
      at Socket.<anonymous> (node_modules/ioredis/built/redis/event_handler.js:221:14)

  console.error
    [VerificationService] Redis 杩炴帴閿欒锛屼娇鐢ㄦ湰鍦板瓨鍌?

    [0m [90m 43 |[39m     
     [90m 44 |[39m     redisClient[33m.[39mon([32m'error'[39m[33m,[39m (err) [33m=>[39m {
    [31m[1m>[22m[39m[90m 45 |[39m       console[33m.[39merror([32m'[VerificationService] Redis 杩炴帴閿欒锛屼娇鐢ㄦ湰鍦板瓨鍌?'[39m[33m,[39m err[33m.[39mmessage)[33m;[39m
     [90m    |[39m               [31m[1m^[22m[39m
     [90m 46 |[39m       redisClient [33m=[39m [36mnull[39m[33m;[39m
     [90m 47 |[39m     })[33m;[39m
     [90m 48 |[39m     [0m

      at EventEmitter.error (src/services/verificationService.js:45:15)
      at EventEmitter.silentEmit (node_modules/ioredis/built/Redis.js:529:30)
      at Socket.<anonymous> (node_modules/ioredis/built/redis/event_handler.js:221:14)

  console.error
    [VerificationService] Redis 杩炴帴閿欒锛屼娇鐢ㄦ湰鍦板瓨鍌?

    [0m [90m 43 |[39m     
     [90m 44 |[39m     redisClient[33m.[39mon([32m'error'[39m[33m,[39m (err) [33m=>[39m {
    [31m[1m>[22m[39m[90m 45 |[39m       console[33m.[39merror([32m'[VerificationService] Redis 杩炴帴閿欒锛屼娇鐢ㄦ湰鍦板瓨鍌?'[39m[33m,[39m err[33m.[39mmessage)[33m;[39m
     [90m    |[39m               [31m[1m^[22m[39m
     [90m 46 |[39m       redisClient [33m=[39m [36mnull[39m[33m;[39m
     [90m 47 |[39m     })[33m;[39m
     [90m 48 |[39m     [0m

      at EventEmitter.error (src/services/verificationService.js:45:15)
      at EventEmitter.silentEmit (node_modules/ioredis/built/Redis.js:529:30)
      at Socket.<anonymous> (node_modules/ioredis/built/redis/event_handler.js:221:14)

  console.error
    [VerificationService] Redis 杩炴帴閿欒锛屼娇鐢ㄦ湰鍦板瓨鍌?

    [0m [90m 43 |[39m     
     [90m 44 |[39m     redisClient[33m.[39mon([32m'error'[39m[33m,[39m (err) [33m=>[39m {
    [31m[1m>[22m[39m[90m 45 |[39m       console[33m.[39merror([32m'[VerificationService] Redis 杩炴帴閿欒锛屼娇鐢ㄦ湰鍦板瓨鍌?'[39m[33m,[39m err[33m.[39mmessage)[33m;[39m
     [90m    |[39m               [31m[1m^[22m[39m
     [90m 46 |[39m       redisClient [33m=[39m [36mnull[39m[33m;[39m
     [90m 47 |[39m     })[33m;[39m
     [90m 48 |[39m     [0m

      at EventEmitter.error (src/services/verificationService.js:45:15)
      at EventEmitter.silentEmit (node_modules/ioredis/built/Redis.js:529:30)
      at Socket.<anonymous> (node_modules/ioredis/built/redis/event_handler.js:221:14)

  console.error
    [VerificationService] Redis 杩炴帴閿欒锛屼娇鐢ㄦ湰鍦板瓨鍌?

    [0m [90m 43 |[39m     
     [90m 44 |[39m     redisClient[33m.[39mon([32m'error'[39m[33m,[39m (err) [33m=>[39m {
    [31m[1m>[22m[39m[90m 45 |[39m       console[33m.[39merror([32m'[VerificationService] Redis 杩炴帴閿欒锛屼娇鐢ㄦ湰鍦板瓨鍌?'[39m[33m,[39m err[33m.[39mmessage)[33m;[39m
     [90m    |[39m               [31m[1m^[22m[39m
     [90m 46 |[39m       redisClient [33m=[39m [36mnull[39m[33m;[39m
     [90m 47 |[39m     })[33m;[39m
     [90m 48 |[39m     [0m

      at EventEmitter.error (src/services/verificationService.js:45:15)
      at EventEmitter.silentEmit (node_modules/ioredis/built/Redis.js:529:30)
      at Socket.<anonymous> (node_modules/ioredis/built/redis/event_handler.js:221:14)

  console.error
    [VerificationService] Redis 杩炴帴閿欒锛屼娇鐢ㄦ湰鍦板瓨鍌?

    [0m [90m 43 |[39m     
     [90m 44 |[39m     redisClient[33m.[39mon([32m'error'[39m[33m,[39m (err) [33m=>[39m {
    [31m[1m>[22m[39m[90m 45 |[39m       console[33m.[39merror([32m'[VerificationService] Redis 杩炴帴閿欒锛屼娇鐢ㄦ湰鍦板瓨鍌?'[39m[33m,[39m err[33m.[39mmessage)[33m;[39m
     [90m    |[39m               [31m[1m^[22m[39m
     [90m 46 |[39m       redisClient [33m=[39m [36mnull[39m[33m;[39m
     [90m 47 |[39m     })[33m;[39m
     [90m 48 |[39m     [0m

      at EventEmitter.error (src/services/verificationService.js:45:15)
      at EventEmitter.silentEmit (node_modules/ioredis/built/Redis.js:529:30)
      at Socket.<anonymous> (node_modules/ioredis/built/redis/event_handler.js:221:14)

  console.error
    [VerificationService] Redis 杩炴帴閿欒锛屼娇鐢ㄦ湰鍦板瓨鍌?

    [0m [90m 43 |[39m     
     [90m 44 |[39m     redisClient[33m.[39mon([32m'error'[39m[33m,[39m (err) [33m=>[39m {
    [31m[1m>[22m[39m[90m 45 |[39m       console[33m.[39merror([32m'[VerificationService] Redis 杩炴帴閿欒锛屼娇鐢ㄦ湰鍦板瓨鍌?'[39m[33m,[39m err[33m.[39mmessage)[33m;[39m
     [90m    |[39m               [31m[1m^[22m[39m
     [90m 46 |[39m       redisClient [33m=[39m [36mnull[39m[33m;[39m
     [90m 47 |[39m     })[33m;[39m
     [90m 48 |[39m     [0m

      at EventEmitter.error (src/services/verificationService.js:45:15)
      at EventEmitter.silentEmit (node_modules/ioredis/built/Redis.js:529:30)
      at Socket.<anonymous> (node_modules/ioredis/built/redis/event_handler.js:221:14)

  console.error
    [VerificationService] Redis 杩炴帴閿欒锛屼娇鐢ㄦ湰鍦板瓨鍌?

    [0m [90m 43 |[39m     
     [90m 44 |[39m     redisClient[33m.[39mon([32m'error'[39m[33m,[39m (err) [33m=>[39m {
    [31m[1m>[22m[39m[90m 45 |[39m       console[33m.[39merror([32m'[VerificationService] Redis 杩炴帴閿欒锛屼娇鐢ㄦ湰鍦板瓨鍌?'[39m[33m,[39m err[33m.[39mmessage)[33m;[39m
     [90m    |[39m               [31m[1m^[22m[39m
     [90m 46 |[39m       redisClient [33m=[39m [36mnull[39m[33m;[39m
     [90m 47 |[39m     })[33m;[39m
     [90m 48 |[39m     [0m

      at EventEmitter.error (src/services/verificationService.js:45:15)
      at EventEmitter.silentEmit (node_modules/ioredis/built/Redis.js:529:30)
      at Socket.<anonymous> (node_modules/ioredis/built/redis/event_handler.js:221:14)

  console.error
    [VerificationService] Redis 杩炴帴閿欒锛屼娇鐢ㄦ湰鍦板瓨鍌?

    [0m [90m 43 |[39m     
     [90m 44 |[39m     redisClient[33m.[39mon([32m'error'[39m[33m,[39m (err) [33m=>[39m {
    [31m[1m>[22m[39m[90m 45 |[39m       console[33m.[39merror([32m'[VerificationService] Redis 杩炴帴閿欒锛屼娇鐢ㄦ湰鍦板瓨鍌?'[39m[33m,[39m err[33m.[39mmessage)[33m;[39m
     [90m    |[39m               [31m[1m^[22m[39m
     [90m 46 |[39m       redisClient [33m=[39m [36mnull[39m[33m;[39m
     [90m 47 |[39m     })[33m;[39m
     [90m 48 |[39m     [0m

      at EventEmitter.error (src/services/verificationService.js:45:15)
      at EventEmitter.silentEmit (node_modules/ioredis/built/Redis.js:529:30)
      at Socket.<anonymous> (node_modules/ioredis/built/redis/event_handler.js:221:14)

  console.error
    [VerificationService] Redis 杩炴帴閿欒锛屼娇鐢ㄦ湰鍦板瓨鍌?

    [0m [90m 43 |[39m     
     [90m 44 |[39m     redisClient[33m.[39mon([32m'error'[39m[33m,[39m (err) [33m=>[39m {
    [31m[1m>[22m[39m[90m 45 |[39m       console[33m.[39merror([32m'[VerificationService] Redis 杩炴帴閿欒锛屼娇鐢ㄦ湰鍦板瓨鍌?'[39m[33m,[39m err[33m.[39mmessage)[33m;[39m
     [90m    |[39m               [31m[1m^[22m[39m
     [90m 46 |[39m       redisClient [33m=[39m [36mnull[39m[33m;[39m
     [90m 47 |[39m     })[33m;[39m
     [90m 48 |[39m     [0m

      at EventEmitter.error (src/services/verificationService.js:45:15)
      at EventEmitter.silentEmit (node_modules/ioredis/built/Redis.js:529:30)
      at Socket.<anonymous> (node_modules/ioredis/built/redis/event_handler.js:221:14)

  console.error
    [VerificationService] Redis 杩炴帴閿欒锛屼娇鐢ㄦ湰鍦板瓨鍌?

    [0m [90m 43 |[39m     
     [90m 44 |[39m     redisClient[33m.[39mon([32m'error'[39m[33m,[39m (err) [33m=>[39m {
    [31m[1m>[22m[39m[90m 45 |[39m       console[33m.[39merror([32m'[VerificationService] Redis 杩炴帴閿欒锛屼娇鐢ㄦ湰鍦板瓨鍌?'[39m[33m,[39m err[33m.[39mmessage)[33m;[39m
     [90m    |[39m               [31m[1m^[22m[39m
     [90m 46 |[39m       redisClient [33m=[39m [36mnull[39m[33m;[39m
     [90m 47 |[39m     })[33m;[39m
     [90m 48 |[39m     [0m

      at EventEmitter.error (src/services/verificationService.js:45:15)
      at EventEmitter.silentEmit (node_modules/ioredis/built/Redis.js:529:30)
      at Socket.<anonymous> (node_modules/ioredis/built/redis/event_handler.js:221:14)

  console.error
    [VerificationService] Redis 杩炴帴閿欒锛屼娇鐢ㄦ湰鍦板瓨鍌?

    [0m [90m 43 |[39m     
     [90m 44 |[39m     redisClient[33m.[39mon([32m'error'[39m[33m,[39m (err) [33m=>[39m {
    [31m[1m>[22m[39m[90m 45 |[39m       console[33m.[39merror([32m'[VerificationService] Redis 杩炴帴閿欒锛屼娇鐢ㄦ湰鍦板瓨鍌?'[39m[33m,[39m err[33m.[39mmessage)[33m;[39m
     [90m    |[39m               [31m[1m^[22m[39m
     [90m 46 |[39m       redisClient [33m=[39m [36mnull[39m[33m;[39m
     [90m 47 |[39m     })[33m;[39m
     [90m 48 |[39m     [0m

      at EventEmitter.error (src/services/verificationService.js:45:15)
      at EventEmitter.silentEmit (node_modules/ioredis/built/Redis.js:529:30)
      at Socket.<anonymous> (node_modules/ioredis/built/redis/event_handler.js:221:14)

  console.error
    [VerificationService] Redis 杩炴帴閿欒锛屼娇鐢ㄦ湰鍦板瓨鍌?

    [0m [90m 43 |[39m     
     [90m 44 |[39m     redisClient[33m.[39mon([32m'error'[39m[33m,[39m (err) [33m=>[39m {
    [31m[1m>[22m[39m[90m 45 |[39m       console[33m.[39merror([32m'[VerificationService] Redis 杩炴帴閿欒锛屼娇鐢ㄦ湰鍦板瓨鍌?'[39m[33m,[39m err[33m.[39mmessage)[33m;[39m
     [90m    |[39m               [31m[1m^[22m[39m
     [90m 46 |[39m       redisClient [33m=[39m [36mnull[39m[33m;[39m
     [90m 47 |[39m     })[33m;[39m
     [90m 48 |[39m     [0m

      at EventEmitter.error (src/services/verificationService.js:45:15)
      at EventEmitter.silentEmit (node_modules/ioredis/built/Redis.js:529:30)
      at Socket.<anonymous> (node_modules/ioredis/built/redis/event_handler.js:221:14)

  console.error
    [VerificationService] Redis 杩炴帴閿欒锛屼娇鐢ㄦ湰鍦板瓨鍌?

    [0m [90m 43 |[39m     
     [90m 44 |[39m     redisClient[33m.[39mon([32m'error'[39m[33m,[39m (err) [33m=>[39m {
    [31m[1m>[22m[39m[90m 45 |[39m       console[33m.[39merror([32m'[VerificationService] Redis 杩炴帴閿欒锛屼娇鐢ㄦ湰鍦板瓨鍌?'[39m[33m,[39m err[33m.[39mmessage)[33m;[39m
     [90m    |[39m               [31m[1m^[22m[39m
     [90m 46 |[39m       redisClient [33m=[39m [36mnull[39m[33m;[39m
     [90m 47 |[39m     })[33m;[39m
     [90m 48 |[39m     [0m

      at EventEmitter.error (src/services/verificationService.js:45:15)
      at EventEmitter.silentEmit (node_modules/ioredis/built/Redis.js:529:30)
      at Socket.<anonymous> (node_modules/ioredis/built/redis/event_handler.js:221:14)

  console.error
    [VerificationService] Redis 杩炴帴閿欒锛屼娇鐢ㄦ湰鍦板瓨鍌?

    [0m [90m 43 |[39m     
     [90m 44 |[39m     redisClient[33m.[39mon([32m'error'[39m[33m,[39m (err) [33m=>[39m {
    [31m[1m>[22m[39m[90m 45 |[39m       console[33m.[39merror([32m'[VerificationService] Redis 杩炴帴閿欒锛屼娇鐢ㄦ湰鍦板瓨鍌?'[39m[33m,[39m err[33m.[39mmessage)[33m;[39m
     [90m    |[39m               [31m[1m^[22m[39m
     [90m 46 |[39m       redisClient [33m=[39m [36mnull[39m[33m;[39m
     [90m 47 |[39m     })[33m;[39m
     [90m 48 |[39m     [0m

      at EventEmitter.error (src/services/verificationService.js:45:15)
      at EventEmitter.silentEmit (node_modules/ioredis/built/Redis.js:529:30)
      at Socket.<anonymous> (node_modules/ioredis/built/redis/event_handler.js:221:14)

  console.error
    [VerificationService] Redis 杩炴帴閿欒锛屼娇鐢ㄦ湰鍦板瓨鍌?

    [0m [90m 43 |[39m     
     [90m 44 |[39m     redisClient[33m.[39mon([32m'error'[39m[33m,[39m (err) [33m=>[39m {
    [31m[1m>[22m[39m[90m 45 |[39m       console[33m.[39merror([32m'[VerificationService] Redis 杩炴帴閿欒锛屼娇鐢ㄦ湰鍦板瓨鍌?'[39m[33m,[39m err[33m.[39mmessage)[33m;[39m
     [90m    |[39m               [31m[1m^[22m[39m
     [90m 46 |[39m       redisClient [33m=[39m [36mnull[39m[33m;[39m
     [90m 47 |[39m     })[33m;[39m
     [90m 48 |[39m     [0m

      at EventEmitter.error (src/services/verificationService.js:45:15)
      at EventEmitter.silentEmit (node_modules/ioredis/built/Redis.js:529:30)
      at Socket.<anonymous> (node_modules/ioredis/built/redis/event_handler.js:221:14)

  console.error
    [VerificationService] Redis 杩炴帴閿欒锛屼娇鐢ㄦ湰鍦板瓨鍌?

    [0m [90m 43 |[39m     
     [90m 44 |[39m     redisClient[33m.[39mon([32m'error'[39m[33m,[39m (err) [33m=>[39m {
    [31m[1m>[22m[39m[90m 45 |[39m       console[33m.[39merror([32m'[VerificationService] Redis 杩炴帴閿欒锛屼娇鐢ㄦ湰鍦板瓨鍌?'[39m[33m,[39m err[33m.[39mmessage)[33m;[39m
     [90m    |[39m               [31m[1m^[22m[39m
     [90m 46 |[39m       redisClient [33m=[39m [36mnull[39m[33m;[39m
     [90m 47 |[39m     })[33m;[39m
     [90m 48 |[39m     [0m

      at EventEmitter.error (src/services/verificationService.js:45:15)
      at EventEmitter.silentEmit (node_modules/ioredis/built/Redis.js:529:30)
      at Socket.<anonymous> (node_modules/ioredis/built/redis/event_handler.js:221:14)

  console.error
    [VerificationService] Redis 杩炴帴閿欒锛屼娇鐢ㄦ湰鍦板瓨鍌?

    [0m [90m 43 |[39m     
     [90m 44 |[39m     redisClient[33m.[39mon([32m'error'[39m[33m,[39m (err) [33m=>[39m {
    [31m[1m>[22m[39m[90m 45 |[39m       console[33m.[39merror([32m'[VerificationService] Redis 杩炴帴閿欒锛屼娇鐢ㄦ湰鍦板瓨鍌?'[39m[33m,[39m err[33m.[39mmessage)[33m;[39m
     [90m    |[39m               [31m[1m^[22m[39m
     [90m 46 |[39m       redisClient [33m=[39m [36mnull[39m[33m;[39m
     [90m 47 |[39m     })[33m;[39m
     [90m 48 |[39m     [0m

      at EventEmitter.error (src/services/verificationService.js:45:15)
      at EventEmitter.silentEmit (node_modules/ioredis/built/Redis.js:529:30)
      at Socket.<anonymous> (node_modules/ioredis/built/redis/event_handler.js:221:14)

  console.error
    [VerificationService] Redis 杩炴帴閿欒锛屼娇鐢ㄦ湰鍦板瓨鍌?

    [0m [90m 43 |[39m     
     [90m 44 |[39m     redisClient[33m.[39mon([32m'error'[39m[33m,[39m (err) [33m=>[39m {
    [31m[1m>[22m[39m[90m 45 |[39m       console[33m.[39merror([32m'[VerificationService] Redis 杩炴帴閿欒锛屼娇鐢ㄦ湰鍦板瓨鍌?'[39m[33m,[39m err[33m.[39mmessage)[33m;[39m
     [90m    |[39m               [31m[1m^[22m[39m
     [90m 46 |[39m       redisClient [33m=[39m [36mnull[39m[33m;[39m
     [90m 47 |[39m     })[33m;[39m
     [90m 48 |[39m     [0m

      at EventEmitter.error (src/services/verificationService.js:45:15)
      at EventEmitter.silentEmit (node_modules/ioredis/built/Redis.js:529:30)
      at Socket.<anonymous> (node_modules/ioredis/built/redis/event_handler.js:221:14)

  console.error
    [VerificationService] Redis 杩炴帴閿欒锛屼娇鐢ㄦ湰鍦板瓨鍌?

    [0m [90m 43 |[39m     
     [90m 44 |[39m     redisClient[33m.[39mon([32m'error'[39m[33m,[39m (err) [33m=>[39m {
    [31m[1m>[22m[39m[90m 45 |[39m       console[33m.[39merror([32m'[VerificationService] Redis 杩炴帴閿欒锛屼娇鐢ㄦ湰鍦板瓨鍌?'[39m[33m,[39m err[33m.[39mmessage)[33m;[39m
     [90m    |[39m               [31m[1m^[22m[39m
     [90m 46 |[39m       redisClient [33m=[39m [36mnull[39m[33m;[39m
     [90m 47 |[39m     })[33m;[39m
     [90m 48 |[39m     [0m

      at EventEmitter.error (src/services/verificationService.js:45:15)
      at EventEmitter.silentEmit (node_modules/ioredis/built/Redis.js:529:30)
      at Socket.<anonymous> (node_modules/ioredis/built/redis/event_handler.js:221:14)

  console.error
    [VerificationService] Redis 杩炴帴閿欒锛屼娇鐢ㄦ湰鍦板瓨鍌?

    [0m [90m 43 |[39m     
     [90m 44 |[39m     redisClient[33m.[39mon([32m'error'[39m[33m,[39m (err) [33m=>[39m {
    [31m[1m>[22m[39m[90m 45 |[39m       console[33m.[39merror([32m'[VerificationService] Redis 杩炴帴閿欒锛屼娇鐢ㄦ湰鍦板瓨鍌?'[39m[33m,[39m err[33m.[39mmessage)[33m;[39m
     [90m    |[39m               [31m[1m^[22m[39m
     [90m 46 |[39m       redisClient [33m=[39m [36mnull[39m[33m;[39m
     [90m 47 |[39m     })[33m;[39m
     [90m 48 |[39m     [0m

      at EventEmitter.error (src/services/verificationService.js:45:15)
      at EventEmitter.silentEmit (node_modules/ioredis/built/Redis.js:529:30)
      at Socket.<anonymous> (node_modules/ioredis/built/redis/event_handler.js:221:14)

  console.error
    [VerificationService] Redis 杩炴帴閿欒锛屼娇鐢ㄦ湰鍦板瓨鍌?

    [0m [90m 43 |[39m     
     [90m 44 |[39m     redisClient[33m.[39mon([32m'error'[39m[33m,[39m (err) [33m=>[39m {
    [31m[1m>[22m[39m[90m 45 |[39m       console[33m.[39merror([32m'[VerificationService] Redis 杩炴帴閿欒锛屼娇鐢ㄦ湰鍦板瓨鍌?'[39m[33m,[39m err[33m.[39mmessage)[33m;[39m
     [90m    |[39m               [31m[1m^[22m[39m
     [90m 46 |[39m       redisClient [33m=[39m [36mnull[39m[33m;[39m
     [90m 47 |[39m     })[33m;[39m
     [90m 48 |[39m     [0m

      at EventEmitter.error (src/services/verificationService.js:45:15)
      at EventEmitter.silentEmit (node_modules/ioredis/built/Redis.js:529:30)
      at Socket.<anonymous> (node_modules/ioredis/built/redis/event_handler.js:221:14)

  console.error
    [VerificationService] Redis 杩炴帴閿欒锛屼娇鐢ㄦ湰鍦板瓨鍌?

    [0m [90m 43 |[39m     
     [90m 44 |[39m     redisClient[33m.[39mon([32m'error'[39m[33m,[39m (err) [33m=>[39m {
    [31m[1m>[22m[39m[90m 45 |[39m       console[33m.[39merror([32m'[VerificationService] Redis 杩炴帴閿欒锛屼娇鐢ㄦ湰鍦板瓨鍌?'[39m[33m,[39m err[33m.[39mmessage)[33m;[39m
     [90m    |[39m               [31m[1m^[22m[39m
     [90m 46 |[39m       redisClient [33m=[39m [36mnull[39m[33m;[39m
     [90m 47 |[39m     })[33m;[39m
     [90m 48 |[39m     [0m

      at EventEmitter.error (src/services/verificationService.js:45:15)
      at EventEmitter.silentEmit (node_modules/ioredis/built/Redis.js:529:30)
      at Socket.<anonymous> (node_modules/ioredis/built/redis/event_handler.js:221:14)

  console.error
    [VerificationService] Redis 杩炴帴閿欒锛屼娇鐢ㄦ湰鍦板瓨鍌?

    [0m [90m 43 |[39m     
     [90m 44 |[39m     redisClient[33m.[39mon([32m'error'[39m[33m,[39m (err) [33m=>[39m {
    [31m[1m>[22m[39m[90m 45 |[39m       console[33m.[39merror([32m'[VerificationService] Redis 杩炴帴閿欒锛屼娇鐢ㄦ湰鍦板瓨鍌?'[39m[33m,[39m err[33m.[39mmessage)[33m;[39m
     [90m    |[39m               [31m[1m^[22m[39m
     [90m 46 |[39m       redisClient [33m=[39m [36mnull[39m[33m;[39m
     [90m 47 |[39m     })[33m;[39m
     [90m 48 |[39m     [0m

      at EventEmitter.error (src/services/verificationService.js:45:15)
      at EventEmitter.silentEmit (node_modules/ioredis/built/Redis.js:529:30)
      at Socket.<anonymous> (node_modules/ioredis/built/redis/event_handler.js:221:14)

  console.error
    [VerificationService] Redis 杩炴帴閿欒锛屼娇鐢ㄦ湰鍦板瓨鍌?

    [0m [90m 43 |[39m     
     [90m 44 |[39m     redisClient[33m.[39mon([32m'error'[39m[33m,[39m (err) [33m=>[39m {
    [31m[1m>[22m[39m[90m 45 |[39m       console[33m.[39merror([32m'[VerificationService] Redis 杩炴帴閿欒锛屼娇鐢ㄦ湰鍦板瓨鍌?'[39m[33m,[39m err[33m.[39mmessage)[33m;[39m
     [90m    |[39m               [31m[1m^[22m[39m
     [90m 46 |[39m       redisClient [33m=[39m [36mnull[39m[33m;[39m
     [90m 47 |[39m     })[33m;[39m
     [90m 48 |[39m     [0m

      at EventEmitter.error (src/services/verificationService.js:45:15)
      at EventEmitter.silentEmit (node_modules/ioredis/built/Redis.js:529:30)
      at Socket.<anonymous> (node_modules/ioredis/built/redis/event_handler.js:221:14)

  console.error
    [VerificationService] Redis 杩炴帴閿欒锛屼娇鐢ㄦ湰鍦板瓨鍌?

    [0m [90m 43 |[39m     
     [90m 44 |[39m     redisClient[33m.[39mon([32m'error'[39m[33m,[39m (err) [33m=>[39m {
    [31m[1m>[22m[39m[90m 45 |[39m       console[33m.[39merror([32m'[VerificationService] Redis 杩炴帴閿欒锛屼娇鐢ㄦ湰鍦板瓨鍌?'[39m[33m,[39m err[33m.[39mmessage)[33m;[39m
     [90m    |[39m               [31m[1m^[22m[39m
     [90m 46 |[39m       redisClient [33m=[39m [36mnull[39m[33m;[39m
     [90m 47 |[39m     })[33m;[39m
     [90m 48 |[39m     [0m

      at EventEmitter.error (src/services/verificationService.js:45:15)
      at EventEmitter.silentEmit (node_modules/ioredis/built/Redis.js:529:30)
      at Socket.<anonymous> (node_modules/ioredis/built/redis/event_handler.js:221:14)

  console.error
    [VerificationService] Redis 杩炴帴閿欒锛屼娇鐢ㄦ湰鍦板瓨鍌?

    [0m [90m 43 |[39m     
     [90m 44 |[39m     redisClient[33m.[39mon([32m'error'[39m[33m,[39m (err) [33m=>[39m {
    [31m[1m>[22m[39m[90m 45 |[39m       console[33m.[39merror([32m'[VerificationService] Redis 杩炴帴閿欒锛屼娇鐢ㄦ湰鍦板瓨鍌?'[39m[33m,[39m err[33m.[39mmessage)[33m;[39m
     [90m    |[39m               [31m[1m^[22m[39m
     [90m 46 |[39m       redisClient [33m=[39m [36mnull[39m[33m;[39m
     [90m 47 |[39m     })[33m;[39m
     [90m 48 |[39m     [0m

      at EventEmitter.error (src/services/verificationService.js:45:15)
      at EventEmitter.silentEmit (node_modules/ioredis/built/Redis.js:529:30)
      at Socket.<anonymous> (node_modules/ioredis/built/redis/event_handler.js:221:14)

  console.error
    [VerificationService] Redis 杩炴帴閿欒锛屼娇鐢ㄦ湰鍦板瓨鍌?

    [0m [90m 43 |[39m     
     [90m 44 |[39m     redisClient[33m.[39mon([32m'error'[39m[33m,[39m (err) [33m=>[39m {
    [31m[1m>[22m[39m[90m 45 |[39m       console[33m.[39merror([32m'[VerificationService] Redis 杩炴帴閿欒锛屼娇鐢ㄦ湰鍦板瓨鍌?'[39m[33m,[39m err[33m.[39mmessage)[33m;[39m
     [90m    |[39m               [31m[1m^[22m[39m
     [90m 46 |[39m       redisClient [33m=[39m [36mnull[39m[33m;[39m
     [90m 47 |[39m     })[33m;[39m
     [90m 48 |[39m     [0m

      at EventEmitter.error (src/services/verificationService.js:45:15)
      at EventEmitter.silentEmit (node_modules/ioredis/built/Redis.js:529:30)
      at Socket.<anonymous> (node_modules/ioredis/built/redis/event_handler.js:221:14)

  console.error
    [VerificationService] Redis 杩炴帴閿欒锛屼娇鐢ㄦ湰鍦板瓨鍌?

    [0m [90m 43 |[39m     
     [90m 44 |[39m     redisClient[33m.[39mon([32m'error'[39m[33m,[39m (err) [33m=>[39m {
    [31m[1m>[22m[39m[90m 45 |[39m       console[33m.[39merror([32m'[VerificationService] Redis 杩炴帴閿欒锛屼娇鐢ㄦ湰鍦板瓨鍌?'[39m[33m,[39m err[33m.[39mmessage)[33m;[39m
     [90m    |[39m               [31m[1m^[22m[39m
     [90m 46 |[39m       redisClient [33m=[39m [36mnull[39m[33m;[39m
     [90m 47 |[39m     })[33m;[39m
     [90m 48 |[39m     [0m

      at EventEmitter.error (src/services/verificationService.js:45:15)
      at EventEmitter.silentEmit (node_modules/ioredis/built/Redis.js:529:30)
      at Socket.<anonymous> (node_modules/ioredis/built/redis/event_handler.js:221:14)

  console.error
    [VerificationService] Redis 杩炴帴閿欒锛屼娇鐢ㄦ湰鍦板瓨鍌?

    [0m [90m 43 |[39m     
     [90m 44 |[39m     redisClient[33m.[39mon([32m'error'[39m[33m,[39m (err) [33m=>[39m {
    [31m[1m>[22m[39m[90m 45 |[39m       console[33m.[39merror([32m'[VerificationService] Redis 杩炴帴閿欒锛屼娇鐢ㄦ湰鍦板瓨鍌?'[39m[33m,[39m err[33m.[39mmessage)[33m;[39m
     [90m    |[39m               [31m[1m^[22m[39m
     [90m 46 |[39m       redisClient [33m=[39m [36mnull[39m[33m;[39m
     [90m 47 |[39m     })[33m;[39m
     [90m 48 |[39m     [0m

      at EventEmitter.error (src/services/verificationService.js:45:15)
      at EventEmitter.silentEmit (node_modules/ioredis/built/Redis.js:529:30)
      at Socket.<anonymous> (node_modules/ioredis/built/redis/event_handler.js:221:14)

  console.error
    [VerificationService] Redis 杩炴帴閿欒锛屼娇鐢ㄦ湰鍦板瓨鍌?

    [0m [90m 43 |[39m     
     [90m 44 |[39m     redisClient[33m.[39mon([32m'error'[39m[33m,[39m (err) [33m=>[39m {
    [31m[1m>[22m[39m[90m 45 |[39m       console[33m.[39merror([32m'[VerificationService] Redis 杩炴帴閿欒锛屼娇鐢ㄦ湰鍦板瓨鍌?'[39m[33m,[39m err[33m.[39mmessage)[33m;[39m
     [90m    |[39m               [31m[1m^[22m[39m
     [90m 46 |[39m       redisClient [33m=[39m [36mnull[39m[33m;[39m
     [90m 47 |[39m     })[33m;[39m
     [90m 48 |[39m     [0m

      at EventEmitter.error (src/services/verificationService.js:45:15)
      at EventEmitter.silentEmit (node_modules/ioredis/built/Redis.js:529:30)
      at Socket.<anonymous> (node_modules/ioredis/built/redis/event_handler.js:221:14)

  console.error
    [VerificationService] Redis 杩炴帴閿欒锛屼娇鐢ㄦ湰鍦板瓨鍌?

    [0m [90m 43 |[39m     
     [90m 44 |[39m     redisClient[33m.[39mon([32m'error'[39m[33m,[39m (err) [33m=>[39m {
    [31m[1m>[22m[39m[90m 45 |[39m       console[33m.[39merror([32m'[VerificationService] Redis 杩炴帴閿欒锛屼娇鐢ㄦ湰鍦板瓨鍌?'[39m[33m,[39m err[33m.[39mmessage)[33m;[39m
     [90m    |[39m               [31m[1m^[22m[39m
     [90m 46 |[39m       redisClient [33m=[39m [36mnull[39m[33m;[39m
     [90m 47 |[39m     })[33m;[39m
     [90m 48 |[39m     [0m

      at EventEmitter.error (src/services/verificationService.js:45:15)
      at EventEmitter.silentEmit (node_modules/ioredis/built/Redis.js:529:30)
      at Socket.<anonymous> (node_modules/ioredis/built/redis/event_handler.js:221:14)

  console.error
    [VerificationService] Redis 杩炴帴閿欒锛屼娇鐢ㄦ湰鍦板瓨鍌?

    [0m [90m 43 |[39m     
     [90m 44 |[39m     redisClient[33m.[39mon([32m'error'[39m[33m,[39m (err) [33m=>[39m {
    [31m[1m>[22m[39m[90m 45 |[39m       console[33m.[39merror([32m'[VerificationService] Redis 杩炴帴閿欒锛屼娇鐢ㄦ湰鍦板瓨鍌?'[39m[33m,[39m err[33m.[39mmessage)[33m;[39m
     [90m    |[39m               [31m[1m^[22m[39m
     [90m 46 |[39m       redisClient [33m=[39m [36mnull[39m[33m;[39m
     [90m 47 |[39m     })[33m;[39m
     [90m 48 |[39m     [0m

      at EventEmitter.error (src/services/verificationService.js:45:15)
      at EventEmitter.silentEmit (node_modules/ioredis/built/Redis.js:529:30)
      at Socket.<anonymous> (node_modules/ioredis/built/redis/event_handler.js:221:14)

  console.error
    [VerificationService] Redis 杩炴帴閿欒锛屼娇鐢ㄦ湰鍦板瓨鍌?

    [0m [90m 43 |[39m     
     [90m 44 |[39m     redisClient[33m.[39mon([32m'error'[39m[33m,[39m (err) [33m=>[39m {
    [31m[1m>[22m[39m[90m 45 |[39m       console[33m.[39merror([32m'[VerificationService] Redis 杩炴帴閿欒锛屼娇鐢ㄦ湰鍦板瓨鍌?'[39m[33m,[39m err[33m.[39mmessage)[33m;[39m
     [90m    |[39m               [31m[1m^[22m[39m
     [90m 46 |[39m       redisClient [33m=[39m [36mnull[39m[33m;[39m
     [90m 47 |[39m     })[33m;[39m
     [90m 48 |[39m     [0m

      at EventEmitter.error (src/services/verificationService.js:45:15)
      at EventEmitter.silentEmit (node_modules/ioredis/built/Redis.js:529:30)
      at Socket.<anonymous> (node_modules/ioredis/built/redis/event_handler.js:221:14)

  console.error
    [VerificationService] Redis 杩炴帴閿欒锛屼娇鐢ㄦ湰鍦板瓨鍌?

    [0m [90m 43 |[39m     
     [90m 44 |[39m     redisClient[33m.[39mon([32m'error'[39m[33m,[39m (err) [33m=>[39m {
    [31m[1m>[22m[39m[90m 45 |[39m       console[33m.[39merror([32m'[VerificationService] Redis 杩炴帴閿欒锛屼娇鐢ㄦ湰鍦板瓨鍌?'[39m[33m,[39m err[33m.[39mmessage)[33m;[39m
     [90m    |[39m               [31m[1m^[22m[39m
     [90m 46 |[39m       redisClient [33m=[39m [36mnull[39m[33m;[39m
     [90m 47 |[39m     })[33m;[39m
     [90m 48 |[39m     [0m

      at EventEmitter.error (src/services/verificationService.js:45:15)
      at EventEmitter.silentEmit (node_modules/ioredis/built/Redis.js:529:30)
      at Socket.<anonymous> (node_modules/ioredis/built/redis/event_handler.js:221:14)

  console.error
    [VerificationService] Redis 杩炴帴閿欒锛屼娇鐢ㄦ湰鍦板瓨鍌?

    [0m [90m 43 |[39m     
     [90m 44 |[39m     redisClient[33m.[39mon([32m'error'[39m[33m,[39m (err) [33m=>[39m {
    [31m[1m>[22m[39m[90m 45 |[39m       console[33m.[39merror([32m'[VerificationService] Redis 杩炴帴閿欒锛屼娇鐢ㄦ湰鍦板瓨鍌?'[39m[33m,[39m err[33m.[39mmessage)[33m;[39m
     [90m    |[39m               [31m[1m^[22m[39m
     [90m 46 |[39m       redisClient [33m=[39m [36mnull[39m[33m;[39m
     [90m 47 |[39m     })[33m;[39m
     [90m 48 |[39m     [0m

      at EventEmitter.error (src/services/verificationService.js:45:15)
      at EventEmitter.silentEmit (node_modules/ioredis/built/Redis.js:529:30)
      at Socket.<anonymous> (node_modules/ioredis/built/redis/event_handler.js:221:14)

  console.error
    [VerificationService] Redis 杩炴帴閿欒锛屼娇鐢ㄦ湰鍦板瓨鍌?

    [0m [90m 43 |[39m     
     [90m 44 |[39m     redisClient[33m.[39mon([32m'error'[39m[33m,[39m (err) [33m=>[39m {
    [31m[1m>[22m[39m[90m 45 |[39m       console[33m.[39merror([32m'[VerificationService] Redis 杩炴帴閿欒锛屼娇鐢ㄦ湰鍦板瓨鍌?'[39m[33m,[39m err[33m.[39mmessage)[33m;[39m
     [90m    |[39m               [31m[1m^[22m[39m
     [90m 46 |[39m       redisClient [33m=[39m [36mnull[39m[33m;[39m
     [90m 47 |[39m     })[33m;[39m
     [90m 48 |[39m     [0m

      at EventEmitter.error (src/services/verificationService.js:45:15)
      at EventEmitter.silentEmit (node_modules/ioredis/built/Redis.js:529:30)
      at Socket.<anonymous> (node_modules/ioredis/built/redis/event_handler.js:221:14)

  console.error
    [VerificationService] Redis 杩炴帴閿欒锛屼娇鐢ㄦ湰鍦板瓨鍌?

    [0m [90m 43 |[39m     
     [90m 44 |[39m     redisClient[33m.[39mon([32m'error'[39m[33m,[39m (err) [33m=>[39m {
    [31m[1m>[22m[39m[90m 45 |[39m       console[33m.[39merror([32m'[VerificationService] Redis 杩炴帴閿欒锛屼娇鐢ㄦ湰鍦板瓨鍌?'[39m[33m,[39m err[33m.[39mmessage)[33m;[39m
     [90m    |[39m               [31m[1m^[22m[39m
     [90m 46 |[39m       redisClient [33m=[39m [36mnull[39m[33m;[39m
     [90m 47 |[39m     })[33m;[39m
     [90m 48 |[39m     [0m

      at EventEmitter.error (src/services/verificationService.js:45:15)
      at EventEmitter.silentEmit (node_modules/ioredis/built/Redis.js:529:30)
      at Socket.<anonymous> (node_modules/ioredis/built/redis/event_handler.js:221:14)

  console.error
    [VerificationService] Redis 杩炴帴閿欒锛屼娇鐢ㄦ湰鍦板瓨鍌?

    [0m [90m 43 |[39m     
     [90m 44 |[39m     redisClient[33m.[39mon([32m'error'[39m[33m,[39m (err) [33m=>[39m {
    [31m[1m>[22m[39m[90m 45 |[39m       console[33m.[39merror([32m'[VerificationService] Redis 杩炴帴閿欒锛屼娇鐢ㄦ湰鍦板瓨鍌?'[39m[33m,[39m err[33m.[39mmessage)[33m;[39m
     [90m    |[39m               [31m[1m^[22m[39m
     [90m 46 |[39m       redisClient [33m=[39m [36mnull[39m[33m;[39m
     [90m 47 |[39m     })[33m;[39m
     [90m 48 |[39m     [0m

      at EventEmitter.error (src/services/verificationService.js:45:15)
      at EventEmitter.silentEmit (node_modules/ioredis/built/Redis.js:529:30)
      at Socket.<anonymous> (node_modules/ioredis/built/redis/event_handler.js:221:14)

  console.error
    [VerificationService] Redis 杩炴帴閿欒锛屼娇鐢ㄦ湰鍦板瓨鍌?

    [0m [90m 43 |[39m     
     [90m 44 |[39m     redisClient[33m.[39mon([32m'error'[39m[33m,[39m (err) [33m=>[39m {
    [31m[1m>[22m[39m[90m 45 |[39m       console[33m.[39merror([32m'[VerificationService] Redis 杩炴帴閿欒锛屼娇鐢ㄦ湰鍦板瓨鍌?'[39m[33m,[39m err[33m.[39mmessage)[33m;[39m
     [90m    |[39m               [31m[1m^[22m[39m
     [90m 46 |[39m       redisClient [33m=[39m [36mnull[39m[33m;[39m
     [90m 47 |[39m     })[33m;[39m
     [90m 48 |[39m     [0m

      at EventEmitter.error (src/services/verificationService.js:45:15)
      at EventEmitter.silentEmit (node_modules/ioredis/built/Redis.js:529:30)
      at Socket.<anonymous> (node_modules/ioredis/built/redis/event_handler.js:221:14)

  console.error
    [VerificationService] Redis 杩炴帴閿欒锛屼娇鐢ㄦ湰鍦板瓨鍌?

    [0m [90m 43 |[39m     
     [90m 44 |[39m     redisClient[33m.[39mon([32m'error'[39m[33m,[39m (err) [33m=>[39m {
    [31m[1m>[22m[39m[90m 45 |[39m       console[33m.[39merror([32m'[VerificationService] Redis 杩炴帴閿欒锛屼娇鐢ㄦ湰鍦板瓨鍌?'[39m[33m,[39m err[33m.[39mmessage)[33m;[39m
     [90m    |[39m               [31m[1m^[22m[39m
     [90m 46 |[39m       redisClient [33m=[39m [36mnull[39m[33m;[39m
     [90m 47 |[39m     })[33m;[39m
     [90m 48 |[39m     [0m

      at EventEmitter.error (src/services/verificationService.js:45:15)
      at EventEmitter.silentEmit (node_modules/ioredis/built/Redis.js:529:30)
      at Socket.<anonymous> (node_modules/ioredis/built/redis/event_handler.js:221:14)

  console.error
    [VerificationService] Redis 杩炴帴閿欒锛屼娇鐢ㄦ湰鍦板瓨鍌?

    [0m [90m 43 |[39m     
     [90m 44 |[39m     redisClient[33m.[39mon([32m'error'[39m[33m,[39m (err) [33m=>[39m {
    [31m[1m>[22m[39m[90m 45 |[39m       console[33m.[39merror([32m'[VerificationService] Redis 杩炴帴閿欒锛屼娇鐢ㄦ湰鍦板瓨鍌?'[39m[33m,[39m err[33m.[39mmessage)[33m;[39m
     [90m    |[39m               [31m[1m^[22m[39m
     [90m 46 |[39m       redisClient [33m=[39m [36mnull[39m[33m;[39m
     [90m 47 |[39m     })[33m;[39m
     [90m 48 |[39m     [0m

      at EventEmitter.error (src/services/verificationService.js:45:15)
      at EventEmitter.silentEmit (node_modules/ioredis/built/Redis.js:529:30)
      at Socket.<anonymous> (node_modules/ioredis/built/redis/event_handler.js:221:14)

  console.error
    [VerificationService] Redis 杩炴帴閿欒锛屼娇鐢ㄦ湰鍦板瓨鍌?

    [0m [90m 43 |[39m     
     [90m 44 |[39m     redisClient[33m.[39mon([32m'error'[39m[33m,[39m (err) [33m=>[39m {
    [31m[1m>[22m[39m[90m 45 |[39m       console[33m.[39merror([32m'[VerificationService] Redis 杩炴帴閿欒锛屼娇鐢ㄦ湰鍦板瓨鍌?'[39m[33m,[39m err[33m.[39mmessage)[33m;[39m
     [90m    |[39m               [31m[1m^[22m[39m
     [90m 46 |[39m       redisClient [33m=[39m [36mnull[39m[33m;[39m
     [90m 47 |[39m     })[33m;[39m
     [90m 48 |[39m     [0m

      at EventEmitter.error (src/services/verificationService.js:45:15)
      at EventEmitter.silentEmit (node_modules/ioredis/built/Redis.js:529:30)
      at Socket.<anonymous> (node_modules/ioredis/built/redis/event_handler.js:221:14)

  console.error
    [VerificationService] Redis 杩炴帴閿欒锛屼娇鐢ㄦ湰鍦板瓨鍌?

    [0m [90m 43 |[39m     
     [90m 44 |[39m     redisClient[33m.[39mon([32m'error'[39m[33m,[39m (err) [33m=>[39m {
    [31m[1m>[22m[39m[90m 45 |[39m       console[33m.[39merror([32m'[VerificationService] Redis 杩炴帴閿欒锛屼娇鐢ㄦ湰鍦板瓨鍌?'[39m[33m,[39m err[33m.[39mmessage)[33m;[39m
     [90m    |[39m               [31m[1m^[22m[39m
     [90m 46 |[39m       redisClient [33m=[39m [36mnull[39m[33m;[39m
     [90m 47 |[39m     })[33m;[39m
     [90m 48 |[39m     [0m

      at EventEmitter.error (src/services/verificationService.js:45:15)
      at EventEmitter.silentEmit (node_modules/ioredis/built/Redis.js:529:30)
      at Socket.<anonymous> (node_modules/ioredis/built/redis/event_handler.js:221:14)

  console.error
    [VerificationService] Redis 杩炴帴閿欒锛屼娇鐢ㄦ湰鍦板瓨鍌?

    [0m [90m 43 |[39m     
     [90m 44 |[39m     redisClient[33m.[39mon([32m'error'[39m[33m,[39m (err) [33m=>[39m {
    [31m[1m>[22m[39m[90m 45 |[39m       console[33m.[39merror([32m'[VerificationService] Redis 杩炴帴閿欒锛屼娇鐢ㄦ湰鍦板瓨鍌?'[39m[33m,[39m err[33m.[39mmessage)[33m;[39m
     [90m    |[39m               [31m[1m^[22m[39m
     [90m 46 |[39m       redisClient [33m=[39m [36mnull[39m[33m;[39m
     [90m 47 |[39m     })[33m;[39m
     [90m 48 |[39m     [0m

      at EventEmitter.error (src/services/verificationService.js:45:15)
      at EventEmitter.silentEmit (node_modules/ioredis/built/Redis.js:529:30)
      at Socket.<anonymous> (node_modules/ioredis/built/redis/event_handler.js:221:14)

  console.error
    [VerificationService] Redis 杩炴帴閿欒锛屼娇鐢ㄦ湰鍦板瓨鍌?

    [0m [90m 43 |[39m     
     [90m 44 |[39m     redisClient[33m.[39mon([32m'error'[39m[33m,[39m (err) [33m=>[39m {
    [31m[1m>[22m[39m[90m 45 |[39m       console[33m.[39merror([32m'[VerificationService] Redis 杩炴帴閿欒锛屼娇鐢ㄦ湰鍦板瓨鍌?'[39m[33m,[39m err[33m.[39mmessage)[33m;[39m
     [90m    |[39m               [31m[1m^[22m[39m
     [90m 46 |[39m       redisClient [33m=[39m [36mnull[39m[33m;[39m
     [90m 47 |[39m     })[33m;[39m
     [90m 48 |[39m     [0m

      at EventEmitter.error (src/services/verificationService.js:45:15)
      at EventEmitter.silentEmit (node_modules/ioredis/built/Redis.js:529:30)
      at Socket.<anonymous> (node_modules/ioredis/built/redis/event_handler.js:221:14)

  console.error
    [VerificationService] Redis 杩炴帴閿欒锛屼娇鐢ㄦ湰鍦板瓨鍌?

    [0m [90m 43 |[39m     
     [90m 44 |[39m     redisClient[33m.[39mon([32m'error'[39m[33m,[39m (err) [33m=>[39m {
    [31m[1m>[22m[39m[90m 45 |[39m       console[33m.[39merror([32m'[VerificationService] Redis 杩炴帴閿欒锛屼娇鐢ㄦ湰鍦板瓨鍌?'[39m[33m,[39m err[33m.[39mmessage)[33m;[39m
     [90m    |[39m               [31m[1m^[22m[39m
     [90m 46 |[39m       redisClient [33m=[39m [36mnull[39m[33m;[39m
     [90m 47 |[39m     })[33m;[39m
     [90m 48 |[39m     [0m

      at EventEmitter.error (src/services/verificationService.js:45:15)
      at EventEmitter.silentEmit (node_modules/ioredis/built/Redis.js:529:30)
      at Socket.<anonymous> (node_modules/ioredis/built/redis/event_handler.js:221:14)

  console.error
    [VerificationService] Redis 杩炴帴閿欒锛屼娇鐢ㄦ湰鍦板瓨鍌?

    [0m [90m 43 |[39m     
     [90m 44 |[39m     redisClient[33m.[39mon([32m'error'[39m[33m,[39m (err) [33m=>[39m {
    [31m[1m>[22m[39m[90m 45 |[39m       console[33m.[39merror([32m'[VerificationService] Redis 杩炴帴閿欒锛屼娇鐢ㄦ湰鍦板瓨鍌?'[39m[33m,[39m err[33m.[39mmessage)[33m;[39m
     [90m    |[39m               [31m[1m^[22m[39m
     [90m 46 |[39m       redisClient [33m=[39m [36mnull[39m[33m;[39m
     [90m 47 |[39m     })[33m;[39m
     [90m 48 |[39m     [0m

      at EventEmitter.error (src/services/verificationService.js:45:15)
      at EventEmitter.silentEmit (node_modules/ioredis/built/Redis.js:529:30)
      at Socket.<anonymous> (node_modules/ioredis/built/redis/event_handler.js:221:14)

  console.error
    [VerificationService] Redis 杩炴帴閿欒锛屼娇鐢ㄦ湰鍦板瓨鍌?

    [0m [90m 43 |[39m     
     [90m 44 |[39m     redisClient[33m.[39mon([32m'error'[39m[33m,[39m (err) [33m=>[39m {
    [31m[1m>[22m[39m[90m 45 |[39m       console[33m.[39merror([32m'[VerificationService] Redis 杩炴帴閿欒锛屼娇鐢ㄦ湰鍦板瓨鍌?'[39m[33m,[39m err[33m.[39mmessage)[33m;[39m
     [90m    |[39m               [31m[1m^[22m[39m
     [90m 46 |[39m       redisClient [33m=[39m [36mnull[39m[33m;[39m
     [90m 47 |[39m     })[33m;[39m
     [90m 48 |[39m     [0m

      at EventEmitter.error (src/services/verificationService.js:45:15)
      at EventEmitter.silentEmit (node_modules/ioredis/built/Redis.js:529:30)
      at Socket.<anonymous> (node_modules/ioredis/built/redis/event_handler.js:221:14)

  console.error
    [VerificationService] Redis 杩炴帴閿欒锛屼娇鐢ㄦ湰鍦板瓨鍌?

    [0m [90m 43 |[39m     
     [90m 44 |[39m     redisClient[33m.[39mon([32m'error'[39m[33m,[39m (err) [33m=>[39m {
    [31m[1m>[22m[39m[90m 45 |[39m       console[33m.[39merror([32m'[VerificationService] Redis 杩炴帴閿欒锛屼娇鐢ㄦ湰鍦板瓨鍌?'[39m[33m,[39m err[33m.[39mmessage)[33m;[39m
     [90m    |[39m               [31m[1m^[22m[39m
     [90m 46 |[39m       redisClient [33m=[39m [36mnull[39m[33m;[39m
     [90m 47 |[39m     })[33m;[39m
     [90m 48 |[39m     [0m

      at EventEmitter.error (src/services/verificationService.js:45:15)
      at EventEmitter.silentEmit (node_modules/ioredis/built/Redis.js:529:30)
      at Socket.<anonymous> (node_modules/ioredis/built/redis/event_handler.js:221:14)

  console.error
    [VerificationService] Redis 杩炴帴閿欒锛屼娇鐢ㄦ湰鍦板瓨鍌?

    [0m [90m 43 |[39m     
     [90m 44 |[39m     redisClient[33m.[39mon([32m'error'[39m[33m,[39m (err) [33m=>[39m {
    [31m[1m>[22m[39m[90m 45 |[39m       console[33m.[39merror([32m'[VerificationService] Redis 杩炴帴閿欒锛屼娇鐢ㄦ湰鍦板瓨鍌?'[39m[33m,[39m err[33m.[39mmessage)[33m;[39m
     [90m    |[39m               [31m[1m^[22m[39m
     [90m 46 |[39m       redisClient [33m=[39m [36mnull[39m[33m;[39m
     [90m 47 |[39m     })[33m;[39m
     [90m 48 |[39m     [0m

      at EventEmitter.error (src/services/verificationService.js:45:15)
      at EventEmitter.silentEmit (node_modules/ioredis/built/Redis.js:529:30)
      at Socket.<anonymous> (node_modules/ioredis/built/redis/event_handler.js:221:14)

  console.error
    [VerificationService] Redis 杩炴帴閿欒锛屼娇鐢ㄦ湰鍦板瓨鍌?

    [0m [90m 43 |[39m     
     [90m 44 |[39m     redisClient[33m.[39mon([32m'error'[39m[33m,[39m (err) [33m=>[39m {
    [31m[1m>[22m[39m[90m 45 |[39m       console[33m.[39merror([32m'[VerificationService] Redis 杩炴帴閿欒锛屼娇鐢ㄦ湰鍦板瓨鍌?'[39m[33m,[39m err[33m.[39mmessage)[33m;[39m
     [90m    |[39m               [31m[1m^[22m[39m
     [90m 46 |[39m       redisClient [33m=[39m [36mnull[39m[33m;[39m
     [90m 47 |[39m     })[33m;[39m
     [90m 48 |[39m     [0m

      at EventEmitter.error (src/services/verificationService.js:45:15)
      at EventEmitter.silentEmit (node_modules/ioredis/built/Redis.js:529:30)
      at Socket.<anonymous> (node_modules/ioredis/built/redis/event_handler.js:221:14)

  console.error
    [VerificationService] Redis 杩炴帴閿欒锛屼娇鐢ㄦ湰鍦板瓨鍌?

    [0m [90m 43 |[39m     
     [90m 44 |[39m     redisClient[33m.[39mon([32m'error'[39m[33m,[39m (err) [33m=>[39m {
    [31m[1m>[22m[39m[90m 45 |[39m       console[33m.[39merror([32m'[VerificationService] Redis 杩炴帴閿欒锛屼娇鐢ㄦ湰鍦板瓨鍌?'[39m[33m,[39m err[33m.[39mmessage)[33m;[39m
     [90m    |[39m               [31m[1m^[22m[39m
     [90m 46 |[39m       redisClient [33m=[39m [36mnull[39m[33m;[39m
     [90m 47 |[39m     })[33m;[39m
     [90m 48 |[39m     [0m

      at EventEmitter.error (src/services/verificationService.js:45:15)
      at EventEmitter.silentEmit (node_modules/ioredis/built/Redis.js:529:30)
      at Socket.<anonymous> (node_modules/ioredis/built/redis/event_handler.js:221:14)

  console.error
    [VerificationService] Redis 杩炴帴閿欒锛屼娇鐢ㄦ湰鍦板瓨鍌?

    [0m [90m 43 |[39m     
     [90m 44 |[39m     redisClient[33m.[39mon([32m'error'[39m[33m,[39m (err) [33m=>[39m {
    [31m[1m>[22m[39m[90m 45 |[39m       console[33m.[39merror([32m'[VerificationService] Redis 杩炴帴閿欒锛屼娇鐢ㄦ湰鍦板瓨鍌?'[39m[33m,[39m err[33m.[39mmessage)[33m;[39m
     [90m    |[39m               [31m[1m^[22m[39m
     [90m 46 |[39m       redisClient [33m=[39m [36mnull[39m[33m;[39m
     [90m 47 |[39m     })[33m;[39m
     [90m 48 |[39m     [0m

      at EventEmitter.error (src/services/verificationService.js:45:15)
      at EventEmitter.silentEmit (node_modules/ioredis/built/Redis.js:529:30)
      at Socket.<anonymous> (node_modules/ioredis/built/redis/event_handler.js:221:14)

  console.error
    [VerificationService] Redis 杩炴帴閿欒锛屼娇鐢ㄦ湰鍦板瓨鍌?

    [0m [90m 43 |[39m     
     [90m 44 |[39m     redisClient[33m.[39mon([32m'error'[39m[33m,[39m (err) [33m=>[39m {
    [31m[1m>[22m[39m[90m 45 |[39m       console[33m.[39merror([32m'[VerificationService] Redis 杩炴帴閿欒锛屼娇鐢ㄦ湰鍦板瓨鍌?'[39m[33m,[39m err[33m.[39mmessage)[33m;[39m
     [90m    |[39m               [31m[1m^[22m[39m
     [90m 46 |[39m       redisClient [33m=[39m [36mnull[39m[33m;[39m
     [90m 47 |[39m     })[33m;[39m
     [90m 48 |[39m     [0m

      at EventEmitter.error (src/services/verificationService.js:45:15)
      at EventEmitter.silentEmit (node_modules/ioredis/built/Redis.js:529:30)
      at Socket.<anonymous> (node_modules/ioredis/built/redis/event_handler.js:221:14)

  console.error
    [VerificationService] Redis 杩炴帴閿欒锛屼娇鐢ㄦ湰鍦板瓨鍌?

    [0m [90m 43 |[39m     
     [90m 44 |[39m     redisClient[33m.[39mon([32m'error'[39m[33m,[39m (err) [33m=>[39m {
    [31m[1m>[22m[39m[90m 45 |[39m       console[33m.[39merror([32m'[VerificationService] Redis 杩炴帴閿欒锛屼娇鐢ㄦ湰鍦板瓨鍌?'[39m[33m,[39m err[33m.[39mmessage)[33m;[39m
     [90m    |[39m               [31m[1m^[22m[39m
     [90m 46 |[39m       redisClient [33m=[39m [36mnull[39m[33m;[39m
     [90m 47 |[39m     })[33m;[39m
     [90m 48 |[39m     [0m

      at EventEmitter.error (src/services/verificationService.js:45:15)
      at EventEmitter.silentEmit (node_modules/ioredis/built/Redis.js:529:30)
      at Socket.<anonymous> (node_modules/ioredis/built/redis/event_handler.js:221:14)

  console.error
    [VerificationService] Redis 杩炴帴閿欒锛屼娇鐢ㄦ湰鍦板瓨鍌?

    [0m [90m 43 |[39m     
     [90m 44 |[39m     redisClient[33m.[39mon([32m'error'[39m[33m,[39m (err) [33m=>[39m {
    [31m[1m>[22m[39m[90m 45 |[39m       console[33m.[39merror([32m'[VerificationService] Redis 杩炴帴閿欒锛屼娇鐢ㄦ湰鍦板瓨鍌?'[39m[33m,[39m err[33m.[39mmessage)[33m;[39m
     [90m    |[39m               [31m[1m^[22m[39m
     [90m 46 |[39m       redisClient [33m=[39m [36mnull[39m[33m;[39m
     [90m 47 |[39m     })[33m;[39m
     [90m 48 |[39m     [0m

      at EventEmitter.error (src/services/verificationService.js:45:15)
      at EventEmitter.silentEmit (node_modules/ioredis/built/Redis.js:529:30)
      at Socket.<anonymous> (node_modules/ioredis/built/redis/event_handler.js:221:14)

  console.error
    [VerificationService] Redis 杩炴帴閿欒锛屼娇鐢ㄦ湰鍦板瓨鍌?

    [0m [90m 43 |[39m     
     [90m 44 |[39m     redisClient[33m.[39mon([32m'error'[39m[33m,[39m (err) [33m=>[39m {
    [31m[1m>[22m[39m[90m 45 |[39m       console[33m.[39merror([32m'[VerificationService] Redis 杩炴帴閿欒锛屼娇鐢ㄦ湰鍦板瓨鍌?'[39m[33m,[39m err[33m.[39mmessage)[33m;[39m
     [90m    |[39m               [31m[1m^[22m[39m
     [90m 46 |[39m       redisClient [33m=[39m [36mnull[39m[33m;[39m
     [90m 47 |[39m     })[33m;[39m
     [90m 48 |[39m     [0m

      at EventEmitter.error (src/services/verificationService.js:45:15)
      at EventEmitter.silentEmit (node_modules/ioredis/built/Redis.js:529:30)
      at Socket.<anonymous> (node_modules/ioredis/built/redis/event_handler.js:221:14)

  console.error
    [VerificationService] Redis 杩炴帴閿欒锛屼娇鐢ㄦ湰鍦板瓨鍌?

    [0m [90m 43 |[39m     
     [90m 44 |[39m     redisClient[33m.[39mon([32m'error'[39m[33m,[39m (err) [33m=>[39m {
    [31m[1m>[22m[39m[90m 45 |[39m       console[33m.[39merror([32m'[VerificationService] Redis 杩炴帴閿欒锛屼娇鐢ㄦ湰鍦板瓨鍌?'[39m[33m,[39m err[33m.[39mmessage)[33m;[39m
     [90m    |[39m               [31m[1m^[22m[39m
     [90m 46 |[39m       redisClient [33m=[39m [36mnull[39m[33m;[39m
     [90m 47 |[39m     })[33m;[39m
     [90m 48 |[39m     [0m

      at EventEmitter.error (src/services/verificationService.js:45:15)
      at EventEmitter.silentEmit (node_modules/ioredis/built/Redis.js:529:30)
      at Socket.<anonymous> (node_modules/ioredis/built/redis/event_handler.js:221:14)

  console.error
    [VerificationService] Redis 杩炴帴閿欒锛屼娇鐢ㄦ湰鍦板瓨鍌?

    [0m [90m 43 |[39m     
     [90m 44 |[39m     redisClient[33m.[39mon([32m'error'[39m[33m,[39m (err) [33m=>[39m {
    [31m[1m>[22m[39m[90m 45 |[39m       console[33m.[39merror([32m'[VerificationService] Redis 杩炴帴閿欒锛屼娇鐢ㄦ湰鍦板瓨鍌?'[39m[33m,[39m err[33m.[39mmessage)[33m;[39m
     [90m    |[39m               [31m[1m^[22m[39m
     [90m 46 |[39m       redisClient [33m=[39m [36mnull[39m[33m;[39m
     [90m 47 |[39m     })[33m;[39m
     [90m 48 |[39m     [0m

      at EventEmitter.error (src/services/verificationService.js:45:15)
      at EventEmitter.silentEmit (node_modules/ioredis/built/Redis.js:529:30)
      at Socket.<anonymous> (node_modules/ioredis/built/redis/event_handler.js:221:14)

  console.error
    [VerificationService] Redis 杩炴帴閿欒锛屼娇鐢ㄦ湰鍦板瓨鍌?

    [0m [90m 43 |[39m     
     [90m 44 |[39m     redisClient[33m.[39mon([32m'error'[39m[33m,[39m (err) [33m=>[39m {
    [31m[1m>[22m[39m[90m 45 |[39m       console[33m.[39merror([32m'[VerificationService] Redis 杩炴帴閿欒锛屼娇鐢ㄦ湰鍦板瓨鍌?'[39m[33m,[39m err[33m.[39mmessage)[33m;[39m
     [90m    |[39m               [31m[1m^[22m[39m
     [90m 46 |[39m       redisClient [33m=[39m [36mnull[39m[33m;[39m
     [90m 47 |[39m     })[33m;[39m
     [90m 48 |[39m     [0m

      at EventEmitter.error (src/services/verificationService.js:45:15)
      at EventEmitter.silentEmit (node_modules/ioredis/built/Redis.js:529:30)
      at Socket.<anonymous> (node_modules/ioredis/built/redis/event_handler.js:221:14)

  console.error
    [VerificationService] Redis 杩炴帴閿欒锛屼娇鐢ㄦ湰鍦板瓨鍌?

    [0m [90m 43 |[39m     
     [90m 44 |[39m     redisClient[33m.[39mon([32m'error'[39m[33m,[39m (err) [33m=>[39m {
    [31m[1m>[22m[39m[90m 45 |[39m       console[33m.[39merror([32m'[VerificationService] Redis 杩炴帴閿欒锛屼娇鐢ㄦ湰鍦板瓨鍌?'[39m[33m,[39m err[33m.[39mmessage)[33m;[39m
     [90m    |[39m               [31m[1m^[22m[39m
     [90m 46 |[39m       redisClient [33m=[39m [36mnull[39m[33m;[39m
     [90m 47 |[39m     })[33m;[39m
     [90m 48 |[39m     [0m

      at EventEmitter.error (src/services/verificationService.js:45:15)
      at EventEmitter.silentEmit (node_modules/ioredis/built/Redis.js:529:30)
      at Socket.<anonymous> (node_modules/ioredis/built/redis/event_handler.js:221:14)

  console.error
    [VerificationService] Redis 杩炴帴閿欒锛屼娇鐢ㄦ湰鍦板瓨鍌?

    [0m [90m 43 |[39m     
     [90m 44 |[39m     redisClient[33m.[39mon([32m'error'[39m[33m,[39m (err) [33m=>[39m {
    [31m[1m>[22m[39m[90m 45 |[39m       console[33m.[39merror([32m'[VerificationService] Redis 杩炴帴閿欒锛屼娇鐢ㄦ湰鍦板瓨鍌?'[39m[33m,[39m err[33m.[39mmessage)[33m;[39m
     [90m    |[39m               [31m[1m^[22m[39m
     [90m 46 |[39m       redisClient [33m=[39m [36mnull[39m[33m;[39m
     [90m 47 |[39m     })[33m;[39m
     [90m 48 |[39m     [0m

      at EventEmitter.error (src/services/verificationService.js:45:15)
      at EventEmitter.silentEmit (node_modules/ioredis/built/Redis.js:529:30)
      at Socket.<anonymous> (node_modules/ioredis/built/redis/event_handler.js:221:14)

  console.error
    [VerificationService] Redis 杩炴帴閿欒锛屼娇鐢ㄦ湰鍦板瓨鍌?

    [0m [90m 43 |[39m     
     [90m 44 |[39m     redisClient[33m.[39mon([32m'error'[39m[33m,[39m (err) [33m=>[39m {
    [31m[1m>[22m[39m[90m 45 |[39m       console[33m.[39merror([32m'[VerificationService] Redis 杩炴帴閿欒锛屼娇鐢ㄦ湰鍦板瓨鍌?'[39m[33m,[39m err[33m.[39mmessage)[33m;[39m
     [90m    |[39m               [31m[1m^[22m[39m
     [90m 46 |[39m       redisClient [33m=[39m [36mnull[39m[33m;[39m
     [90m 47 |[39m     })[33m;[39m
     [90m 48 |[39m     [0m

      at EventEmitter.error (src/services/verificationService.js:45:15)
      at EventEmitter.silentEmit (node_modules/ioredis/built/Redis.js:529:30)
      at Socket.<anonymous> (node_modules/ioredis/built/redis/event_handler.js:221:14)

  console.error
    [VerificationService] Redis 杩炴帴閿欒锛屼娇鐢ㄦ湰鍦板瓨鍌?

    [0m [90m 43 |[39m     
     [90m 44 |[39m     redisClient[33m.[39mon([32m'error'[39m[33m,[39m (err) [33m=>[39m {
    [31m[1m>[22m[39m[90m 45 |[39m       console[33m.[39merror([32m'[VerificationService] Redis 杩炴帴閿欒锛屼娇鐢ㄦ湰鍦板瓨鍌?'[39m[33m,[39m err[33m.[39mmessage)[33m;[39m
     [90m    |[39m               [31m[1m^[22m[39m
     [90m 46 |[39m       redisClient [33m=[39m [36mnull[39m[33m;[39m
     [90m 47 |[39m     })[33m;[39m
     [90m 48 |[39m     [0m

      at EventEmitter.error (src/services/verificationService.js:45:15)
      at EventEmitter.silentEmit (node_modules/ioredis/built/Redis.js:529:30)
      at Socket.<anonymous> (node_modules/ioredis/built/redis/event_handler.js:221:14)

  console.error
    [VerificationService] Redis 杩炴帴閿欒锛屼娇鐢ㄦ湰鍦板瓨鍌?

    [0m [90m 43 |[39m     
     [90m 44 |[39m     redisClient[33m.[39mon([32m'error'[39m[33m,[39m (err) [33m=>[39m {
    [31m[1m>[22m[39m[90m 45 |[39m       console[33m.[39merror([32m'[VerificationService] Redis 杩炴帴閿欒锛屼娇鐢ㄦ湰鍦板瓨鍌?'[39m[33m,[39m err[33m.[39mmessage)[33m;[39m
     [90m    |[39m               [31m[1m^[22m[39m
     [90m 46 |[39m       redisClient [33m=[39m [36mnull[39m[33m;[39m
     [90m 47 |[39m     })[33m;[39m
     [90m 48 |[39m     [0m

      at EventEmitter.error (src/services/verificationService.js:45:15)
      at EventEmitter.silentEmit (node_modules/ioredis/built/Redis.js:529:30)
      at Socket.<anonymous> (node_modules/ioredis/built/redis/event_handler.js:221:14)

  console.error
    [VerificationService] Redis 杩炴帴閿欒锛屼娇鐢ㄦ湰鍦板瓨鍌?

    [0m [90m 43 |[39m     
     [90m 44 |[39m     redisClient[33m.[39mon([32m'error'[39m[33m,[39m (err) [33m=>[39m {
    [31m[1m>[22m[39m[90m 45 |[39m       console[33m.[39merror([32m'[VerificationService] Redis 杩炴帴閿欒锛屼娇鐢ㄦ湰鍦板瓨鍌?'[39m[33m,[39m err[33m.[39mmessage)[33m;[39m
     [90m    |[39m               [31m[1m^[22m[39m
     [90m 46 |[39m       redisClient [33m=[39m [36mnull[39m[33m;[39m
     [90m 47 |[39m     })[33m;[39m
     [90m 48 |[39m     [0m

      at EventEmitter.error (src/services/verificationService.js:45:15)
      at EventEmitter.silentEmit (node_modules/ioredis/built/Redis.js:529:30)
      at Socket.<anonymous> (node_modules/ioredis/built/redis/event_handler.js:221:14)

  console.error
    [VerificationService] Redis 杩炴帴閿欒锛屼娇鐢ㄦ湰鍦板瓨鍌?

    [0m [90m 43 |[39m     
     [90m 44 |[39m     redisClient[33m.[39mon([32m'error'[39m[33m,[39m (err) [33m=>[39m {
    [31m[1m>[22m[39m[90m 45 |[39m       console[33m.[39merror([32m'[VerificationService] Redis 杩炴帴閿欒锛屼娇鐢ㄦ湰鍦板瓨鍌?'[39m[33m,[39m err[33m.[39mmessage)[33m;[39m
     [90m    |[39m               [31m[1m^[22m[39m
     [90m 46 |[39m       redisClient [33m=[39m [36mnull[39m[33m;[39m
     [90m 47 |[39m     })[33m;[39m
     [90m 48 |[39m     [0m

      at EventEmitter.error (src/services/verificationService.js:45:15)
      at EventEmitter.silentEmit (node_modules/ioredis/built/Redis.js:529:30)
      at Socket.<anonymous> (node_modules/ioredis/built/redis/event_handler.js:221:14)

  console.error
    [VerificationService] Redis 杩炴帴閿欒锛屼娇鐢ㄦ湰鍦板瓨鍌?

    [0m [90m 43 |[39m     
     [90m 44 |[39m     redisClient[33m.[39mon([32m'error'[39m[33m,[39m (err) [33m=>[39m {
    [31m[1m>[22m[39m[90m 45 |[39m       console[33m.[39merror([32m'[VerificationService] Redis 杩炴帴閿欒锛屼娇鐢ㄦ湰鍦板瓨鍌?'[39m[33m,[39m err[33m.[39mmessage)[33m;[39m
     [90m    |[39m               [31m[1m^[22m[39m
     [90m 46 |[39m       redisClient [33m=[39m [36mnull[39m[33m;[39m
     [90m 47 |[39m     })[33m;[39m
     [90m 48 |[39m     [0m

      at EventEmitter.error (src/services/verificationService.js:45:15)
      at EventEmitter.silentEmit (node_modules/ioredis/built/Redis.js:529:30)
      at Socket.<anonymous> (node_modules/ioredis/built/redis/event_handler.js:221:14)

  console.error
    [VerificationService] Redis 杩炴帴閿欒锛屼娇鐢ㄦ湰鍦板瓨鍌?

    [0m [90m 43 |[39m     
     [90m 44 |[39m     redisClient[33m.[39mon([32m'error'[39m[33m,[39m (err) [33m=>[39m {
    [31m[1m>[22m[39m[90m 45 |[39m       console[33m.[39merror([32m'[VerificationService] Redis 杩炴帴閿欒锛屼娇鐢ㄦ湰鍦板瓨鍌?'[39m[33m,[39m err[33m.[39mmessage)[33m;[39m
     [90m    |[39m               [31m[1m^[22m[39m
     [90m 46 |[39m       redisClient [33m=[39m [36mnull[39m[33m;[39m
     [90m 47 |[39m     })[33m;[39m
     [90m 48 |[39m     [0m

      at EventEmitter.error (src/services/verificationService.js:45:15)
      at EventEmitter.silentEmit (node_modules/ioredis/built/Redis.js:529:30)
      at Socket.<anonymous> (node_modules/ioredis/built/redis/event_handler.js:221:14)

  console.error
    [VerificationService] Redis 杩炴帴閿欒锛屼娇鐢ㄦ湰鍦板瓨鍌?

    [0m [90m 43 |[39m     
     [90m 44 |[39m     redisClient[33m.[39mon([32m'error'[39m[33m,[39m (err) [33m=>[39m {
    [31m[1m>[22m[39m[90m 45 |[39m       console[33m.[39merror([32m'[VerificationService] Redis 杩炴帴閿欒锛屼娇鐢ㄦ湰鍦板瓨鍌?'[39m[33m,[39m err[33m.[39mmessage)[33m;[39m
     [90m    |[39m               [31m[1m^[22m[39m
     [90m 46 |[39m       redisClient [33m=[39m [36mnull[39m[33m;[39m
     [90m 47 |[39m     })[33m;[39m
     [90m 48 |[39m     [0m

      at EventEmitter.error (src/services/verificationService.js:45:15)
      at EventEmitter.silentEmit (node_modules/ioredis/built/Redis.js:529:30)
      at Socket.<anonymous> (node_modules/ioredis/built/redis/event_handler.js:221:14)

  console.error
    [VerificationService] Redis 杩炴帴閿欒锛屼娇鐢ㄦ湰鍦板瓨鍌?

    [0m [90m 43 |[39m     
     [90m 44 |[39m     redisClient[33m.[39mon([32m'error'[39m[33m,[39m (err) [33m=>[39m {
    [31m[1m>[22m[39m[90m 45 |[39m       console[33m.[39merror([32m'[VerificationService] Redis 杩炴帴閿欒锛屼娇鐢ㄦ湰鍦板瓨鍌?'[39m[33m,[39m err[33m.[39mmessage)[33m;[39m
     [90m    |[39m               [31m[1m^[22m[39m
     [90m 46 |[39m       redisClient [33m=[39m [36mnull[39m[33m;[39m
     [90m 47 |[39m     })[33m;[39m
     [90m 48 |[39m     [0m

      at EventEmitter.error (src/services/verificationService.js:45:15)
      at EventEmitter.silentEmit (node_modules/ioredis/built/Redis.js:529:30)
      at Socket.<anonymous> (node_modules/ioredis/built/redis/event_handler.js:221:14)

  console.error
    [VerificationService] Redis 杩炴帴閿欒锛屼娇鐢ㄦ湰鍦板瓨鍌?

    [0m [90m 43 |[39m     
     [90m 44 |[39m     redisClient[33m.[39mon([32m'error'[39m[33m,[39m (err) [33m=>[39m {
    [31m[1m>[22m[39m[90m 45 |[39m       console[33m.[39merror([32m'[VerificationService] Redis 杩炴帴閿欒锛屼娇鐢ㄦ湰鍦板瓨鍌?'[39m[33m,[39m err[33m.[39mmessage)[33m;[39m
     [90m    |[39m               [31m[1m^[22m[39m
     [90m 46 |[39m       redisClient [33m=[39m [36mnull[39m[33m;[39m
     [90m 47 |[39m     })[33m;[39m
     [90m 48 |[39m     [0m

      at EventEmitter.error (src/services/verificationService.js:45:15)
      at EventEmitter.silentEmit (node_modules/ioredis/built/Redis.js:529:30)
      at Socket.<anonymous> (node_modules/ioredis/built/redis/event_handler.js:221:14)

  console.error
    [VerificationService] Redis 杩炴帴閿欒锛屼娇鐢ㄦ湰鍦板瓨鍌?

    [0m [90m 43 |[39m     
     [90m 44 |[39m     redisClient[33m.[39mon([32m'error'[39m[33m,[39m (err) [33m=>[39m {
    [31m[1m>[22m[39m[90m 45 |[39m       console[33m.[39merror([32m'[VerificationService] Redis 杩炴帴閿欒锛屼娇鐢ㄦ湰鍦板瓨鍌?'[39m[33m,[39m err[33m.[39mmessage)[33m;[39m
     [90m    |[39m               [31m[1m^[22m[39m
     [90m 46 |[39m       redisClient [33m=[39m [36mnull[39m[33m;[39m
     [90m 47 |[39m     })[33m;[39m
     [90m 48 |[39m     [0m

      at EventEmitter.error (src/services/verificationService.js:45:15)
      at EventEmitter.silentEmit (node_modules/ioredis/built/Redis.js:529:30)
      at Socket.<anonymous> (node_modules/ioredis/built/redis/event_handler.js:221:14)

  console.error
    [VerificationService] Redis 杩炴帴閿欒锛屼娇鐢ㄦ湰鍦板瓨鍌?

    [0m [90m 43 |[39m     
     [90m 44 |[39m     redisClient[33m.[39mon([32m'error'[39m[33m,[39m (err) [33m=>[39m {
    [31m[1m>[22m[39m[90m 45 |[39m       console[33m.[39merror([32m'[VerificationService] Redis 杩炴帴閿欒锛屼娇鐢ㄦ湰鍦板瓨鍌?'[39m[33m,[39m err[33m.[39mmessage)[33m;[39m
     [90m    |[39m               [31m[1m^[22m[39m
     [90m 46 |[39m       redisClient [33m=[39m [36mnull[39m[33m;[39m
     [90m 47 |[39m     })[33m;[39m
     [90m 48 |[39m     [0m

      at EventEmitter.error (src/services/verificationService.js:45:15)
      at EventEmitter.silentEmit (node_modules/ioredis/built/Redis.js:529:30)
      at Socket.<anonymous> (node_modules/ioredis/built/redis/event_handler.js:221:14)

  console.error
    [VerificationService] Redis 杩炴帴閿欒锛屼娇鐢ㄦ湰鍦板瓨鍌?

    [0m [90m 43 |[39m     
     [90m 44 |[39m     redisClient[33m.[39mon([32m'error'[39m[33m,[39m (err) [33m=>[39m {
    [31m[1m>[22m[39m[90m 45 |[39m       console[33m.[39merror([32m'[VerificationService] Redis 杩炴帴閿欒锛屼娇鐢ㄦ湰鍦板瓨鍌?'[39m[33m,[39m err[33m.[39mmessage)[33m;[39m
     [90m    |[39m               [31m[1m^[22m[39m
     [90m 46 |[39m       redisClient [33m=[39m [36mnull[39m[33m;[39m
     [90m 47 |[39m     })[33m;[39m
     [90m 48 |[39m     [0m

      at EventEmitter.error (src/services/verificationService.js:45:15)
      at EventEmitter.silentEmit (node_modules/ioredis/built/Redis.js:529:30)
      at Socket.<anonymous> (node_modules/ioredis/built/redis/event_handler.js:221:14)

  console.error
    [VerificationService] Redis 杩炴帴閿欒锛屼娇鐢ㄦ湰鍦板瓨鍌?

    [0m [90m 43 |[39m     
     [90m 44 |[39m     redisClient[33m.[39mon([32m'error'[39m[33m,[39m (err) [33m=>[39m {
    [31m[1m>[22m[39m[90m 45 |[39m       console[33m.[39merror([32m'[VerificationService] Redis 杩炴帴閿欒锛屼娇鐢ㄦ湰鍦板瓨鍌?'[39m[33m,[39m err[33m.[39mmessage)[33m;[39m
     [90m    |[39m               [31m[1m^[22m[39m
     [90m 46 |[39m       redisClient [33m=[39m [36mnull[39m[33m;[39m
     [90m 47 |[39m     })[33m;[39m
     [90m 48 |[39m     [0m

      at EventEmitter.error (src/services/verificationService.js:45:15)
      at EventEmitter.silentEmit (node_modules/ioredis/built/Redis.js:529:30)
      at Socket.<anonymous> (node_modules/ioredis/built/redis/event_handler.js:221:14)

  console.error
    [VerificationService] 瀛樺偍楠岃瘉鐮佸け璐? Reached the max retries per request limit (which is 20). Refer to "maxRetriesPerRequest" option for details.

    [0m [90m 127 |[39m     }
     [90m 128 |[39m   } [36mcatch[39m (error) {
    [31m[1m>[22m[39m[90m 129 |[39m     console[33m.[39merror([32m'[VerificationService] 瀛樺偍楠岃瘉鐮佸け璐?'[39m[33m,[39m error[33m.[39mmessage)[33m;[39m
     [90m     |[39m             [31m[1m^[22m[39m
     [90m 130 |[39m     [90m// Fallback 鍒版湰鍦板瓨鍌?[39m
     [90m 131 |[39m     verificationCodeMap[33m.[39m[36mset[39m(key[33m,[39m {
     [90m 132 |[39m       code[33m,[39m[0m

      at Object.error [as generateAndSaveCode] (src/services/verificationService.js:129:13)
      at Object.<anonymous> (tests/services-comprehensive.test.js:98:9)

  console.error
    [VerificationService] Redis 杩炴帴閿欒锛屼娇鐢ㄦ湰鍦板瓨鍌?

    [0m [90m 43 |[39m     
     [90m 44 |[39m     redisClient[33m.[39mon([32m'error'[39m[33m,[39m (err) [33m=>[39m {
    [31m[1m>[22m[39m[90m 45 |[39m       console[33m.[39merror([32m'[VerificationService] Redis 杩炴帴閿欒锛屼娇鐢ㄦ湰鍦板瓨鍌?'[39m[33m,[39m err[33m.[39mmessage)[33m;[39m
     [90m    |[39m               [31m[1m^[22m[39m
     [90m 46 |[39m       redisClient [33m=[39m [36mnull[39m[33m;[39m
     [90m 47 |[39m     })[33m;[39m
     [90m 48 |[39m     [0m

      at EventEmitter.error (src/services/verificationService.js:45:15)
      at EventEmitter.silentEmit (node_modules/ioredis/built/Redis.js:529:30)
      at Socket.<anonymous> (node_modules/ioredis/built/redis/event_handler.js:221:14)

  console.error
    [VerificationService] Redis 杩炴帴閿欒锛屼娇鐢ㄦ湰鍦板瓨鍌?

    [0m [90m 43 |[39m     
     [90m 44 |[39m     redisClient[33m.[39mon([32m'error'[39m[33m,[39m (err) [33m=>[39m {
    [31m[1m>[22m[39m[90m 45 |[39m       console[33m.[39merror([32m'[VerificationService] Redis 杩炴帴閿欒锛屼娇鐢ㄦ湰鍦板瓨鍌?'[39m[33m,[39m err[33m.[39mmessage)[33m;[39m
     [90m    |[39m               [31m[1m^[22m[39m
     [90m 46 |[39m       redisClient [33m=[39m [36mnull[39m[33m;[39m
     [90m 47 |[39m     })[33m;[39m
     [90m 48 |[39m     [0m

      at EventEmitter.error (src/services/verificationService.js:45:15)
      at EventEmitter.silentEmit (node_modules/ioredis/built/Redis.js:529:30)
      at Socket.<anonymous> (node_modules/ioredis/built/redis/event_handler.js:221:14)

  console.error
    [VerificationService] Redis 杩炴帴閿欒锛屼娇鐢ㄦ湰鍦板瓨鍌?

    [0m [90m 43 |[39m     
     [90m 44 |[39m     redisClient[33m.[39mon([32m'error'[39m[33m,[39m (err) [33m=>[39m {
    [31m[1m>[22m[39m[90m 45 |[39m       console[33m.[39merror([32m'[VerificationService] Redis 杩炴帴閿欒锛屼娇鐢ㄦ湰鍦板瓨鍌?'[39m[33m,[39m err[33m.[39mmessage)[33m;[39m
     [90m    |[39m               [31m[1m^[22m[39m
     [90m 46 |[39m       redisClient [33m=[39m [36mnull[39m[33m;[39m
     [90m 47 |[39m     })[33m;[39m
     [90m 48 |[39m     [0m

      at EventEmitter.error (src/services/verificationService.js:45:15)
      at EventEmitter.silentEmit (node_modules/ioredis/built/Redis.js:529:30)
      at Socket.<anonymous> (node_modules/ioredis/built/redis/event_handler.js:221:14)

  console.error
    [VerificationService] Redis 杩炴帴閿欒锛屼娇鐢ㄦ湰鍦板瓨鍌?

    [0m [90m 43 |[39m     
     [90m 44 |[39m     redisClient[33m.[39mon([32m'error'[39m[33m,[39m (err) [33m=>[39m {
    [31m[1m>[22m[39m[90m 45 |[39m       console[33m.[39merror([32m'[VerificationService] Redis 杩炴帴閿欒锛屼娇鐢ㄦ湰鍦板瓨鍌?'[39m[33m,[39m err[33m.[39mmessage)[33m;[39m
     [90m    |[39m               [31m[1m^[22m[39m
     [90m 46 |[39m       redisClient [33m=[39m [36mnull[39m[33m;[39m
     [90m 47 |[39m     })[33m;[39m
     [90m 48 |[39m     [0m

      at EventEmitter.error (src/services/verificationService.js:45:15)
      at EventEmitter.silentEmit (node_modules/ioredis/built/Redis.js:529:30)
      at Socket.<anonymous> (node_modules/ioredis/built/redis/event_handler.js:221:14)

  console.error
    [VerificationService] Redis 杩炴帴閿欒锛屼娇鐢ㄦ湰鍦板瓨鍌?

    [0m [90m 43 |[39m     
     [90m 44 |[39m     redisClient[33m.[39mon([32m'error'[39m[33m,[39m (err) [33m=>[39m {
    [31m[1m>[22m[39m[90m 45 |[39m       console[33m.[39merror([32m'[VerificationService] Redis 杩炴帴閿欒锛屼娇鐢ㄦ湰鍦板瓨鍌?'[39m[33m,[39m err[33m.[39mmessage)[33m;[39m
     [90m    |[39m               [31m[1m^[22m[39m
     [90m 46 |[39m       redisClient [33m=[39m [36mnull[39m[33m;[39m
     [90m 47 |[39m     })[33m;[39m
     [90m 48 |[39m     [0m

      at EventEmitter.error (src/services/verificationService.js:45:15)
      at EventEmitter.silentEmit (node_modules/ioredis/built/Redis.js:529:30)
      at Socket.<anonymous> (node_modules/ioredis/built/redis/event_handler.js:221:14)

  console.error
    [VerificationService] Redis 杩炴帴閿欒锛屼娇鐢ㄦ湰鍦板瓨鍌?

    [0m [90m 43 |[39m     
     [90m 44 |[39m     redisClient[33m.[39mon([32m'error'[39m[33m,[39m (err) [33m=>[39m {
    [31m[1m>[22m[39m[90m 45 |[39m       console[33m.[39merror([32m'[VerificationService] Redis 杩炴帴閿欒锛屼娇鐢ㄦ湰鍦板瓨鍌?'[39m[33m,[39m err[33m.[39mmessage)[33m;[39m
     [90m    |[39m               [31m[1m^[22m[39m
     [90m 46 |[39m       redisClient [33m=[39m [36mnull[39m[33m;[39m
     [90m 47 |[39m     })[33m;[39m
     [90m 48 |[39m     [0m

      at EventEmitter.error (src/services/verificationService.js:45:15)
      at EventEmitter.silentEmit (node_modules/ioredis/built/Redis.js:529:30)
      at Socket.<anonymous> (node_modules/ioredis/built/redis/event_handler.js:221:14)

  console.error
    [VerificationService] Redis 杩炴帴閿欒锛屼娇鐢ㄦ湰鍦板瓨鍌?

    [0m [90m 43 |[39m     
     [90m 44 |[39m     redisClient[33m.[39mon([32m'error'[39m[33m,[39m (err) [33m=>[39m {
    [31m[1m>[22m[39m[90m 45 |[39m       console[33m.[39merror([32m'[VerificationService] Redis 杩炴帴閿欒锛屼娇鐢ㄦ湰鍦板瓨鍌?'[39m[33m,[39m err[33m.[39mmessage)[33m;[39m
     [90m    |[39m               [31m[1m^[22m[39m
     [90m 46 |[39m       redisClient [33m=[39m [36mnull[39m[33m;[39m
     [90m 47 |[39m     })[33m;[39m
     [90m 48 |[39m     [0m

      at EventEmitter.error (src/services/verificationService.js:45:15)
      at EventEmitter.silentEmit (node_modules/ioredis/built/Redis.js:529:30)
      at Socket.<anonymous> (node_modules/ioredis/built/redis/event_handler.js:221:14)

  console.error
    [VerificationService] Redis 杩炴帴閿欒锛屼娇鐢ㄦ湰鍦板瓨鍌?

    [0m [90m 43 |[39m     
     [90m 44 |[39m     redisClient[33m.[39mon([32m'error'[39m[33m,[39m (err) [33m=>[39m {
    [31m[1m>[22m[39m[90m 45 |[39m       console[33m.[39merror([32m'[VerificationService] Redis 杩炴帴閿欒锛屼娇鐢ㄦ湰鍦板瓨鍌?'[39m[33m,[39m err[33m.[39mmessage)[33m;[39m
     [90m    |[39m               [31m[1m^[22m[39m
     [90m 46 |[39m       redisClient [33m=[39m [36mnull[39m[33m;[39m
     [90m 47 |[39m     })[33m;[39m
     [90m 48 |[39m     [0m

      at EventEmitter.error (src/services/verificationService.js:45:15)
      at EventEmitter.silentEmit (node_modules/ioredis/built/Redis.js:529:30)
      at Socket.<anonymous> (node_modules/ioredis/built/redis/event_handler.js:221:14)

  console.error
    [VerificationService] Redis 杩炴帴閿欒锛屼娇鐢ㄦ湰鍦板瓨鍌?

    [0m [90m 43 |[39m     
     [90m 44 |[39m     redisClient[33m.[39mon([32m'error'[39m[33m,[39m (err) [33m=>[39m {
    [31m[1m>[22m[39m[90m 45 |[39m       console[33m.[39merror([32m'[VerificationService] Redis 杩炴帴閿欒锛屼娇鐢ㄦ湰鍦板瓨鍌?'[39m[33m,[39m err[33m.[39mmessage)[33m;[39m
     [90m    |[39m               [31m[1m^[22m[39m
     [90m 46 |[39m       redisClient [33m=[39m [36mnull[39m[33m;[39m
     [90m 47 |[39m     })[33m;[39m
     [90m 48 |[39m     [0m

      at EventEmitter.error (src/services/verificationService.js:45:15)
      at EventEmitter.silentEmit (node_modules/ioredis/built/Redis.js:529:30)
      at Socket.<anonymous> (node_modules/ioredis/built/redis/event_handler.js:221:14)

  console.error
    [VerificationService] Redis 杩炴帴閿欒锛屼娇鐢ㄦ湰鍦板瓨鍌?

    [0m [90m 43 |[39m     
     [90m 44 |[39m     redisClient[33m.[39mon([32m'error'[39m[33m,[39m (err) [33m=>[39m {
    [31m[1m>[22m[39m[90m 45 |[39m       console[33m.[39merror([32m'[VerificationService] Redis 杩炴帴閿欒锛屼娇鐢ㄦ湰鍦板瓨鍌?'[39m[33m,[39m err[33m.[39mmessage)[33m;[39m
     [90m    |[39m               [31m[1m^[22m[39m
     [90m 46 |[39m       redisClient [33m=[39m [36mnull[39m[33m;[39m
     [90m 47 |[39m     })[33m;[39m
     [90m 48 |[39m     [0m

      at EventEmitter.error (src/services/verificationService.js:45:15)
      at EventEmitter.silentEmit (node_modules/ioredis/built/Redis.js:529:30)
      at Socket.<anonymous> (node_modules/ioredis/built/redis/event_handler.js:221:14)

  console.error
    [VerificationService] Redis 杩炴帴閿欒锛屼娇鐢ㄦ湰鍦板瓨鍌?

    [0m [90m 43 |[39m     
     [90m 44 |[39m     redisClient[33m.[39mon([32m'error'[39m[33m,[39m (err) [33m=>[39m {
    [31m[1m>[22m[39m[90m 45 |[39m       console[33m.[39merror([32m'[VerificationService] Redis 杩炴帴閿欒锛屼娇鐢ㄦ湰鍦板瓨鍌?'[39m[33m,[39m err[33m.[39mmessage)[33m;[39m
     [90m    |[39m               [31m[1m^[22m[39m
     [90m 46 |[39m       redisClient [33m=[39m [36mnull[39m[33m;[39m
     [90m 47 |[39m     })[33m;[39m
     [90m 48 |[39m     [0m

      at EventEmitter.error (src/services/verificationService.js:45:15)
      at EventEmitter.silentEmit (node_modules/ioredis/built/Redis.js:529:30)
      at Socket.<anonymous> (node_modules/ioredis/built/redis/event_handler.js:221:14)

  console.error
    [VerificationService] Redis 杩炴帴閿欒锛屼娇鐢ㄦ湰鍦板瓨鍌?

    [0m [90m 43 |[39m     
     [90m 44 |[39m     redisClient[33m.[39mon([32m'error'[39m[33m,[39m (err) [33m=>[39m {
    [31m[1m>[22m[39m[90m 45 |[39m       console[33m.[39merror([32m'[VerificationService] Redis 杩炴帴閿欒锛屼娇鐢ㄦ湰鍦板瓨鍌?'[39m[33m,[39m err[33m.[39mmessage)[33m;[39m
     [90m    |[39m               [31m[1m^[22m[39m
     [90m 46 |[39m       redisClient [33m=[39m [36mnull[39m[33m;[39m
     [90m 47 |[39m     })[33m;[39m
     [90m 48 |[39m     [0m

      at EventEmitter.error (src/services/verificationService.js:45:15)
      at EventEmitter.silentEmit (node_modules/ioredis/built/Redis.js:529:30)
      at Socket.<anonymous> (node_modules/ioredis/built/redis/event_handler.js:221:14)

  console.error
    [VerificationService] Redis 杩炴帴閿欒锛屼娇鐢ㄦ湰鍦板瓨鍌?

    [0m [90m 43 |[39m     
     [90m 44 |[39m     redisClient[33m.[39mon([32m'error'[39m[33m,[39m (err) [33m=>[39m {
    [31m[1m>[22m[39m[90m 45 |[39m       console[33m.[39merror([32m'[VerificationService] Redis 杩炴帴閿欒锛屼娇鐢ㄦ湰鍦板瓨鍌?'[39m[33m,[39m err[33m.[39mmessage)[33m;[39m
     [90m    |[39m               [31m[1m^[22m[39m
     [90m 46 |[39m       redisClient [33m=[39m [36mnull[39m[33m;[39m
     [90m 47 |[39m     })[33m;[39m
     [90m 48 |[39m     [0m

      at EventEmitter.error (src/services/verificationService.js:45:15)
      at EventEmitter.silentEmit (node_modules/ioredis/built/Redis.js:529:30)
      at Socket.<anonymous> (node_modules/ioredis/built/redis/event_handler.js:221:14)

  console.error
    [VerificationService] Redis 杩炴帴閿欒锛屼娇鐢ㄦ湰鍦板瓨鍌?

    [0m [90m 43 |[39m     
     [90m 44 |[39m     redisClient[33m.[39mon([32m'error'[39m[33m,[39m (err) [33m=>[39m {
    [31m[1m>[22m[39m[90m 45 |[39m       console[33m.[39merror([32m'[VerificationService] Redis 杩炴帴閿欒锛屼娇鐢ㄦ湰鍦板瓨鍌?'[39m[33m,[39m err[33m.[39mmessage)[33m;[39m
     [90m    |[39m               [31m[1m^[22m[39m
     [90m 46 |[39m       redisClient [33m=[39m [36mnull[39m[33m;[39m
     [90m 47 |[39m     })[33m;[39m
     [90m 48 |[39m     [0m

      at EventEmitter.error (src/services/verificationService.js:45:15)
      at EventEmitter.silentEmit (node_modules/ioredis/built/Redis.js:529:30)
      at Socket.<anonymous> (node_modules/ioredis/built/redis/event_handler.js:221:14)

  console.error
    [VerificationService] Redis 杩炴帴閿欒锛屼娇鐢ㄦ湰鍦板瓨鍌?

    [0m [90m 43 |[39m     
     [90m 44 |[39m     redisClient[33m.[39mon([32m'error'[39m[33m,[39m (err) [33m=>[39m {
    [31m[1m>[22m[39m[90m 45 |[39m       console[33m.[39merror([32m'[VerificationService] Redis 杩炴帴閿欒锛屼娇鐢ㄦ湰鍦板瓨鍌?'[39m[33m,[39m err[33m.[39mmessage)[33m;[39m
     [90m    |[39m               [31m[1m^[22m[39m
     [90m 46 |[39m       redisClient [33m=[39m [36mnull[39m[33m;[39m
     [90m 47 |[39m     })[33m;[39m
     [90m 48 |[39m     [0m

      at EventEmitter.error (src/services/verificationService.js:45:15)
      at EventEmitter.silentEmit (node_modules/ioredis/built/Redis.js:529:30)
      at Socket.<anonymous> (node_modules/ioredis/built/redis/event_handler.js:221:14)

  console.error
    [VerificationService] Redis 杩炴帴閿欒锛屼娇鐢ㄦ湰鍦板瓨鍌?

    [0m [90m 43 |[39m     
     [90m 44 |[39m     redisClient[33m.[39mon([32m'error'[39m[33m,[39m (err) [33m=>[39m {
    [31m[1m>[22m[39m[90m 45 |[39m       console[33m.[39merror([32m'[VerificationService] Redis 杩炴帴閿欒锛屼娇鐢ㄦ湰鍦板瓨鍌?'[39m[33m,[39m err[33m.[39mmessage)[33m;[39m
     [90m    |[39m               [31m[1m^[22m[39m
     [90m 46 |[39m       redisClient [33m=[39m [36mnull[39m[33m;[39m
     [90m 47 |[39m     })[33m;[39m
     [90m 48 |[39m     [0m

      at EventEmitter.error (src/services/verificationService.js:45:15)
      at EventEmitter.silentEmit (node_modules/ioredis/built/Redis.js:529:30)
      at Socket.<anonymous> (node_modules/ioredis/built/redis/event_handler.js:221:14)

  console.error
    [VerificationService] Redis 杩炴帴閿欒锛屼娇鐢ㄦ湰鍦板瓨鍌?

    [0m [90m 43 |[39m     
     [90m 44 |[39m     redisClient[33m.[39mon([32m'error'[39m[33m,[39m (err) [33m=>[39m {
    [31m[1m>[22m[39m[90m 45 |[39m       console[33m.[39merror([32m'[VerificationService] Redis 杩炴帴閿欒锛屼娇鐢ㄦ湰鍦板瓨鍌?'[39m[33m,[39m err[33m.[39mmessage)[33m;[39m
     [90m    |[39m               [31m[1m^[22m[39m
     [90m 46 |[39m       redisClient [33m=[39m [36mnull[39m[33m;[39m
     [90m 47 |[39m     })[33m;[39m
     [90m 48 |[39m     [0m

      at EventEmitter.error (src/services/verificationService.js:45:15)
      at EventEmitter.silentEmit (node_modules/ioredis/built/Redis.js:529:30)
      at Socket.<anonymous> (node_modules/ioredis/built/redis/event_handler.js:221:14)

  console.error
    [VerificationService] Redis 杩炴帴閿欒锛屼娇鐢ㄦ湰鍦板瓨鍌?

    [0m [90m 43 |[39m     
     [90m 44 |[39m     redisClient[33m.[39mon([32m'error'[39m[33m,[39m (err) [33m=>[39m {
    [31m[1m>[22m[39m[90m 45 |[39m       console[33m.[39merror([32m'[VerificationService] Redis 杩炴帴閿欒锛屼娇鐢ㄦ湰鍦板瓨鍌?'[39m[33m,[39m err[33m.[39mmessage)[33m;[39m
     [90m    |[39m               [31m[1m^[22m[39m
     [90m 46 |[39m       redisClient [33m=[39m [36mnull[39m[33m;[39m
     [90m 47 |[39m     })[33m;[39m
     [90m 48 |[39m     [0m

      at EventEmitter.error (src/services/verificationService.js:45:15)
      at EventEmitter.silentEmit (node_modules/ioredis/built/Redis.js:529:30)
      at Socket.<anonymous> (node_modules/ioredis/built/redis/event_handler.js:221:14)

  console.error
    [VerificationService] Redis 杩炴帴閿欒锛屼娇鐢ㄦ湰鍦板瓨鍌?

    [0m [90m 43 |[39m     
     [90m 44 |[39m     redisClient[33m.[39mon([32m'error'[39m[33m,[39m (err) [33m=>[39m {
    [31m[1m>[22m[39m[90m 45 |[39m       console[33m.[39merror([32m'[VerificationService] Redis 杩炴帴閿欒锛屼娇鐢ㄦ湰鍦板瓨鍌?'[39m[33m,[39m err[33m.[39mmessage)[33m;[39m
     [90m    |[39m               [31m[1m^[22m[39m
     [90m 46 |[39m       redisClient [33m=[39m [36mnull[39m[33m;[39m
     [90m 47 |[39m     })[33m;[39m
     [90m 48 |[39m     [0m

      at EventEmitter.error (src/services/verificationService.js:45:15)
      at EventEmitter.silentEmit (node_modules/ioredis/built/Redis.js:529:30)
      at Socket.<anonymous> (node_modules/ioredis/built/redis/event_handler.js:221:14)

  console.error
    [VerificationService] Redis 杩炴帴閿欒锛屼娇鐢ㄦ湰鍦板瓨鍌?

    [0m [90m 43 |[39m     
     [90m 44 |[39m     redisClient[33m.[39mon([32m'error'[39m[33m,[39m (err) [33m=>[39m {
    [31m[1m>[22m[39m[90m 45 |[39m       console[33m.[39merror([32m'[VerificationService] Redis 杩炴帴閿欒锛屼娇鐢ㄦ湰鍦板瓨鍌?'[39m[33m,[39m err[33m.[39mmessage)[33m;[39m
     [90m    |[39m               [31m[1m^[22m[39m
     [90m 46 |[39m       redisClient [33m=[39m [36mnull[39m[33m;[39m
     [90m 47 |[39m     })[33m;[39m
     [90m 48 |[39m     [0m

      at EventEmitter.error (src/services/verificationService.js:45:15)
      at EventEmitter.silentEmit (node_modules/ioredis/built/Redis.js:529:30)
      at Socket.<anonymous> (node_modules/ioredis/built/redis/event_handler.js:221:14)

  console.error
    [VerificationService] Redis 杩炴帴閿欒锛屼娇鐢ㄦ湰鍦板瓨鍌?

    [0m [90m 43 |[39m     
     [90m 44 |[39m     redisClient[33m.[39mon([32m'error'[39m[33m,[39m (err) [33m=>[39m {
    [31m[1m>[22m[39m[90m 45 |[39m       console[33m.[39merror([32m'[VerificationService] Redis 杩炴帴閿欒锛屼娇鐢ㄦ湰鍦板瓨鍌?'[39m[33m,[39m err[33m.[39mmessage)[33m;[39m
     [90m    |[39m               [31m[1m^[22m[39m
     [90m 46 |[39m       redisClient [33m=[39m [36mnull[39m[33m;[39m
     [90m 47 |[39m     })[33m;[39m
     [90m 48 |[39m     [0m

      at EventEmitter.error (src/services/verificationService.js:45:15)
      at EventEmitter.silentEmit (node_modules/ioredis/built/Redis.js:529:30)
      at Socket.<anonymous> (node_modules/ioredis/built/redis/event_handler.js:221:14)

  console.error
    [VerificationService] Redis 杩炴帴閿欒锛屼娇鐢ㄦ湰鍦板瓨鍌?

    [0m [90m 43 |[39m     
     [90m 44 |[39m     redisClient[33m.[39mon([32m'error'[39m[33m,[39m (err) [33m=>[39m {
    [31m[1m>[22m[39m[90m 45 |[39m       console[33m.[39merror([32m'[VerificationService] Redis 杩炴帴閿欒锛屼娇鐢ㄦ湰鍦板瓨鍌?'[39m[33m,[39m err[33m.[39mmessage)[33m;[39m
     [90m    |[39m               [31m[1m^[22m[39m
     [90m 46 |[39m       redisClient [33m=[39m [36mnull[39m[33m;[39m
     [90m 47 |[39m     })[33m;[39m
     [90m 48 |[39m     [0m

      at EventEmitter.error (src/services/verificationService.js:45:15)
      at EventEmitter.silentEmit (node_modules/ioredis/built/Redis.js:529:30)
      at Socket.<anonymous> (node_modules/ioredis/built/redis/event_handler.js:221:14)

  console.error
    [VerificationService] Redis 杩炴帴閿欒锛屼娇鐢ㄦ湰鍦板瓨鍌?

    [0m [90m 43 |[39m     
     [90m 44 |[39m     redisClient[33m.[39mon([32m'error'[39m[33m,[39m (err) [33m=>[39m {
    [31m[1m>[22m[39m[90m 45 |[39m       console[33m.[39merror([32m'[VerificationService] Redis 杩炴帴閿欒锛屼娇鐢ㄦ湰鍦板瓨鍌?'[39m[33m,[39m err[33m.[39mmessage)[33m;[39m
     [90m    |[39m               [31m[1m^[22m[39m
     [90m 46 |[39m       redisClient [33m=[39m [36mnull[39m[33m;[39m
     [90m 47 |[39m     })[33m;[39m
     [90m 48 |[39m     [0m

      at EventEmitter.error (src/services/verificationService.js:45:15)
      at EventEmitter.silentEmit (node_modules/ioredis/built/Redis.js:529:30)
      at Socket.<anonymous> (node_modules/ioredis/built/redis/event_handler.js:221:14)

  console.error
    [VerificationService] Redis 杩炴帴閿欒锛屼娇鐢ㄦ湰鍦板瓨鍌?

    [0m [90m 43 |[39m     
     [90m 44 |[39m     redisClient[33m.[39mon([32m'error'[39m[33m,[39m (err) [33m=>[39m {
    [31m[1m>[22m[39m[90m 45 |[39m       console[33m.[39merror([32m'[VerificationService] Redis 杩炴帴閿欒锛屼娇鐢ㄦ湰鍦板瓨鍌?'[39m[33m,[39m err[33m.[39mmessage)[33m;[39m
     [90m    |[39m               [31m[1m^[22m[39m
     [90m 46 |[39m       redisClient [33m=[39m [36mnull[39m[33m;[39m
     [90m 47 |[39m     })[33m;[39m
     [90m 48 |[39m     [0m

      at EventEmitter.error (src/services/verificationService.js:45:15)
      at EventEmitter.silentEmit (node_modules/ioredis/built/Redis.js:529:30)
      at Socket.<anonymous> (node_modules/ioredis/built/redis/event_handler.js:221:14)

  console.error
    [VerificationService] Redis 杩炴帴閿欒锛屼娇鐢ㄦ湰鍦板瓨鍌?

    [0m [90m 43 |[39m     
     [90m 44 |[39m     redisClient[33m.[39mon([32m'error'[39m[33m,[39m (err) [33m=>[39m {
    [31m[1m>[22m[39m[90m 45 |[39m       console[33m.[39merror([32m'[VerificationService] Redis 杩炴帴閿欒锛屼娇鐢ㄦ湰鍦板瓨鍌?'[39m[33m,[39m err[33m.[39mmessage)[33m;[39m
     [90m    |[39m               [31m[1m^[22m[39m
     [90m 46 |[39m       redisClient [33m=[39m [36mnull[39m[33m;[39m
     [90m 47 |[39m     })[33m;[39m
     [90m 48 |[39m     [0m

      at EventEmitter.error (src/services/verificationService.js:45:15)
      at EventEmitter.silentEmit (node_modules/ioredis/built/Redis.js:529:30)
      at Socket.<anonymous> (node_modules/ioredis/built/redis/event_handler.js:221:14)

  console.error
    [VerificationService] Redis 杩炴帴閿欒锛屼娇鐢ㄦ湰鍦板瓨鍌?

    [0m [90m 43 |[39m     
     [90m 44 |[39m     redisClient[33m.[39mon([32m'error'[39m[33m,[39m (err) [33m=>[39m {
    [31m[1m>[22m[39m[90m 45 |[39m       console[33m.[39merror([32m'[VerificationService] Redis 杩炴帴閿欒锛屼娇鐢ㄦ湰鍦板瓨鍌?'[39m[33m,[39m err[33m.[39mmessage)[33m;[39m
     [90m    |[39m               [31m[1m^[22m[39m
     [90m 46 |[39m       redisClient [33m=[39m [36mnull[39m[33m;[39m
     [90m 47 |[39m     })[33m;[39m
     [90m 48 |[39m     [0m

      at EventEmitter.error (src/services/verificationService.js:45:15)
      at EventEmitter.silentEmit (node_modules/ioredis/built/Redis.js:529:30)
      at Socket.<anonymous> (node_modules/ioredis/built/redis/event_handler.js:221:14)

  console.error
    [VerificationService] Redis 杩炴帴閿欒锛屼娇鐢ㄦ湰鍦板瓨鍌?

    [0m [90m 43 |[39m     
     [90m 44 |[39m     redisClient[33m.[39mon([32m'error'[39m[33m,[39m (err) [33m=>[39m {
    [31m[1m>[22m[39m[90m 45 |[39m       console[33m.[39merror([32m'[VerificationService] Redis 杩炴帴閿欒锛屼娇鐢ㄦ湰鍦板瓨鍌?'[39m[33m,[39m err[33m.[39mmessage)[33m;[39m
     [90m    |[39m               [31m[1m^[22m[39m
     [90m 46 |[39m       redisClient [33m=[39m [36mnull[39m[33m;[39m
     [90m 47 |[39m     })[33m;[39m
     [90m 48 |[39m     [0m

      at EventEmitter.error (src/services/verificationService.js:45:15)
      at EventEmitter.silentEmit (node_modules/ioredis/built/Redis.js:529:30)
      at Socket.<anonymous> (node_modules/ioredis/built/redis/event_handler.js:221:14)

  console.error
    [VerificationService] Redis 杩炴帴閿欒锛屼娇鐢ㄦ湰鍦板瓨鍌?

    [0m [90m 43 |[39m     
     [90m 44 |[39m     redisClient[33m.[39mon([32m'error'[39m[33m,[39m (err) [33m=>[39m {
    [31m[1m>[22m[39m[90m 45 |[39m       console[33m.[39merror([32m'[VerificationService] Redis 杩炴帴閿欒锛屼娇鐢ㄦ湰鍦板瓨鍌?'[39m[33m,[39m err[33m.[39mmessage)[33m;[39m
     [90m    |[39m               [31m[1m^[22m[39m
     [90m 46 |[39m       redisClient [33m=[39m [36mnull[39m[33m;[39m
     [90m 47 |[39m     })[33m;[39m
     [90m 48 |[39m     [0m

      at EventEmitter.error (src/services/verificationService.js:45:15)
      at EventEmitter.silentEmit (node_modules/ioredis/built/Redis.js:529:30)
      at Socket.<anonymous> (node_modules/ioredis/built/redis/event_handler.js:221:14)

  console.error
    [VerificationService] Redis 杩炴帴閿欒锛屼娇鐢ㄦ湰鍦板瓨鍌?

    [0m [90m 43 |[39m     
     [90m 44 |[39m     redisClient[33m.[39mon([32m'error'[39m[33m,[39m (err) [33m=>[39m {
    [31m[1m>[22m[39m[90m 45 |[39m       console[33m.[39merror([32m'[VerificationService] Redis 杩炴帴閿欒锛屼娇鐢ㄦ湰鍦板瓨鍌?'[39m[33m,[39m err[33m.[39mmessage)[33m;[39m
     [90m    |[39m               [31m[1m^[22m[39m
     [90m 46 |[39m       redisClient [33m=[39m [36mnull[39m[33m;[39m
     [90m 47 |[39m     })[33m;[39m
     [90m 48 |[39m     [0m

      at EventEmitter.error (src/services/verificationService.js:45:15)
      at EventEmitter.silentEmit (node_modules/ioredis/built/Redis.js:529:30)
      at Socket.<anonymous> (node_modules/ioredis/built/redis/event_handler.js:221:14)

  console.error
    [VerificationService] Redis 杩炴帴閿欒锛屼娇鐢ㄦ湰鍦板瓨鍌?

    [0m [90m 43 |[39m     
     [90m 44 |[39m     redisClient[33m.[39mon([32m'error'[39m[33m,[39m (err) [33m=>[39m {
    [31m[1m>[22m[39m[90m 45 |[39m       console[33m.[39merror([32m'[VerificationService] Redis 杩炴帴閿欒锛屼娇鐢ㄦ湰鍦板瓨鍌?'[39m[33m,[39m err[33m.[39mmessage)[33m;[39m
     [90m    |[39m               [31m[1m^[22m[39m
     [90m 46 |[39m       redisClient [33m=[39m [36mnull[39m[33m;[39m
     [90m 47 |[39m     })[33m;[39m
     [90m 48 |[39m     [0m

      at EventEmitter.error (src/services/verificationService.js:45:15)
      at EventEmitter.silentEmit (node_modules/ioredis/built/Redis.js:529:30)
      at Socket.<anonymous> (node_modules/ioredis/built/redis/event_handler.js:221:14)

  console.error
    [VerificationService] Redis 杩炴帴閿欒锛屼娇鐢ㄦ湰鍦板瓨鍌?

    [0m [90m 43 |[39m     
     [90m 44 |[39m     redisClient[33m.[39mon([32m'error'[39m[33m,[39m (err) [33m=>[39m {
    [31m[1m>[22m[39m[90m 45 |[39m       console[33m.[39merror([32m'[VerificationService] Redis 杩炴帴閿欒锛屼娇鐢ㄦ湰鍦板瓨鍌?'[39m[33m,[39m err[33m.[39mmessage)[33m;[39m
     [90m    |[39m               [31m[1m^[22m[39m
     [90m 46 |[39m       redisClient [33m=[39m [36mnull[39m[33m;[39m
     [90m 47 |[39m     })[33m;[39m
     [90m 48 |[39m     [0m

      at EventEmitter.error (src/services/verificationService.js:45:15)
      at EventEmitter.silentEmit (node_modules/ioredis/built/Redis.js:529:30)
      at Socket.<anonymous> (node_modules/ioredis/built/redis/event_handler.js:221:14)

  console.error
    [VerificationService] Redis 杩炴帴閿欒锛屼娇鐢ㄦ湰鍦板瓨鍌?

    [0m [90m 43 |[39m     
     [90m 44 |[39m     redisClient[33m.[39mon([32m'error'[39m[33m,[39m (err) [33m=>[39m {
    [31m[1m>[22m[39m[90m 45 |[39m       console[33m.[39merror([32m'[VerificationService] Redis 杩炴帴閿欒锛屼娇鐢ㄦ湰鍦板瓨鍌?'[39m[33m,[39m err[33m.[39mmessage)[33m;[39m
     [90m    |[39m               [31m[1m^[22m[39m
     [90m 46 |[39m       redisClient [33m=[39m [36mnull[39m[33m;[39m
     [90m 47 |[39m     })[33m;[39m
     [90m 48 |[39m     [0m

      at EventEmitter.error (src/services/verificationService.js:45:15)
      at EventEmitter.silentEmit (node_modules/ioredis/built/Redis.js:529:30)
      at Socket.<anonymous> (node_modules/ioredis/built/redis/event_handler.js:221:14)

  console.error
    [VerificationService] Redis 杩炴帴閿欒锛屼娇鐢ㄦ湰鍦板瓨鍌?

    [0m [90m 43 |[39m     
     [90m 44 |[39m     redisClient[33m.[39mon([32m'error'[39m[33m,[39m (err) [33m=>[39m {
    [31m[1m>[22m[39m[90m 45 |[39m       console[33m.[39merror([32m'[VerificationService] Redis 杩炴帴閿欒锛屼娇鐢ㄦ湰鍦板瓨鍌?'[39m[33m,[39m err[33m.[39mmessage)[33m;[39m
     [90m    |[39m               [31m[1m^[22m[39m
     [90m 46 |[39m       redisClient [33m=[39m [36mnull[39m[33m;[39m
     [90m 47 |[39m     })[33m;[39m
     [90m 48 |[39m     [0m

      at EventEmitter.error (src/services/verificationService.js:45:15)
      at EventEmitter.silentEmit (node_modules/ioredis/built/Redis.js:529:30)
      at Socket.<anonymous> (node_modules/ioredis/built/redis/event_handler.js:221:14)

  console.error
    [VerificationService] Redis 杩炴帴閿欒锛屼娇鐢ㄦ湰鍦板瓨鍌?

    [0m [90m 43 |[39m     
     [90m 44 |[39m     redisClient[33m.[39mon([32m'error'[39m[33m,[39m (err) [33m=>[39m {
    [31m[1m>[22m[39m[90m 45 |[39m       console[33m.[39merror([32m'[VerificationService] Redis 杩炴帴閿欒锛屼娇鐢ㄦ湰鍦板瓨鍌?'[39m[33m,[39m err[33m.[39mmessage)[33m;[39m
     [90m    |[39m               [31m[1m^[22m[39m
     [90m 46 |[39m       redisClient [33m=[39m [36mnull[39m[33m;[39m
     [90m 47 |[39m     })[33m;[39m
     [90m 48 |[39m     [0m

      at EventEmitter.error (src/services/verificationService.js:45:15)
      at EventEmitter.silentEmit (node_modules/ioredis/built/Redis.js:529:30)
      at Socket.<anonymous> (node_modules/ioredis/built/redis/event_handler.js:221:14)

  console.error
    [VerificationService] Redis 杩炴帴閿欒锛屼娇鐢ㄦ湰鍦板瓨鍌?

    [0m [90m 43 |[39m     
     [90m 44 |[39m     redisClient[33m.[39mon([32m'error'[39m[33m,[39m (err) [33m=>[39m {
    [31m[1m>[22m[39m[90m 45 |[39m       console[33m.[39merror([32m'[VerificationService] Redis 杩炴帴閿欒锛屼娇鐢ㄦ湰鍦板瓨鍌?'[39m[33m,[39m err[33m.[39mmessage)[33m;[39m
     [90m    |[39m               [31m[1m^[22m[39m
     [90m 46 |[39m       redisClient [33m=[39m [36mnull[39m[33m;[39m
     [90m 47 |[39m     })[33m;[39m
     [90m 48 |[39m     [0m

      at EventEmitter.error (src/services/verificationService.js:45:15)
      at EventEmitter.silentEmit (node_modules/ioredis/built/Redis.js:529:30)
      at Socket.<anonymous> (node_modules/ioredis/built/redis/event_handler.js:221:14)

  console.error
    [VerificationService] Redis 杩炴帴閿欒锛屼娇鐢ㄦ湰鍦板瓨鍌?

    [0m [90m 43 |[39m     
     [90m 44 |[39m     redisClient[33m.[39mon([32m'error'[39m[33m,[39m (err) [33m=>[39m {
    [31m[1m>[22m[39m[90m 45 |[39m       console[33m.[39merror([32m'[VerificationService] Redis 杩炴帴閿欒锛屼娇鐢ㄦ湰鍦板瓨鍌?'[39m[33m,[39m err[33m.[39mmessage)[33m;[39m
     [90m    |[39m               [31m[1m^[22m[39m
     [90m 46 |[39m       redisClient [33m=[39m [36mnull[39m[33m;[39m
     [90m 47 |[39m     })[33m;[39m
     [90m 48 |[39m     [0m

      at EventEmitter.error (src/services/verificationService.js:45:15)
      at EventEmitter.silentEmit (node_modules/ioredis/built/Redis.js:529:30)
      at Socket.<anonymous> (node_modules/ioredis/built/redis/event_handler.js:221:14)

  console.error
    [VerificationService] 瀛樺偍楠岃瘉鐮佸け璐? Reached the max retries per request limit (which is 20). Refer to "maxRetriesPerRequest" option for details.

    [0m [90m 127 |[39m     }
     [90m 128 |[39m   } [36mcatch[39m (error) {
    [31m[1m>[22m[39m[90m 129 |[39m     console[33m.[39merror([32m'[VerificationService] 瀛樺偍楠岃瘉鐮佸け璐?'[39m[33m,[39m error[33m.[39mmessage)[33m;[39m
     [90m     |[39m             [31m[1m^[22m[39m
     [90m 130 |[39m     [90m// Fallback 鍒版湰鍦板瓨鍌?[39m
     [90m 131 |[39m     verificationCodeMap[33m.[39m[36mset[39m(key[33m,[39m {
     [90m 132 |[39m       code[33m,[39m[0m

      at Object.error [as generateAndSaveCode] (src/services/verificationService.js:129:13)
      at Object.<anonymous> (tests/services-comprehensive.test.js:83:9)

  console.error
    [VerificationService] Redis 杩炴帴閿欒锛屼娇鐢ㄦ湰鍦板瓨鍌?

    [0m [90m 43 |[39m     
     [90m 44 |[39m     redisClient[33m.[39mon([32m'error'[39m[33m,[39m (err) [33m=>[39m {
    [31m[1m>[22m[39m[90m 45 |[39m       console[33m.[39merror([32m'[VerificationService] Redis 杩炴帴閿欒锛屼娇鐢ㄦ湰鍦板瓨鍌?'[39m[33m,[39m err[33m.[39mmessage)[33m;[39m
     [90m    |[39m               [31m[1m^[22m[39m
     [90m 46 |[39m       redisClient [33m=[39m [36mnull[39m[33m;[39m
     [90m 47 |[39m     })[33m;[39m
     [90m 48 |[39m     [0m

      at EventEmitter.error (src/services/verificationService.js:45:15)
      at EventEmitter.silentEmit (node_modules/ioredis/built/Redis.js:529:30)
      at Socket.<anonymous> (node_modules/ioredis/built/redis/event_handler.js:221:14)

  console.error
    [VerificationService] Redis 杩炴帴閿欒锛屼娇鐢ㄦ湰鍦板瓨鍌?

    [0m [90m 43 |[39m     
     [90m 44 |[39m     redisClient[33m.[39mon([32m'error'[39m[33m,[39m (err) [33m=>[39m {
    [31m[1m>[22m[39m[90m 45 |[39m       console[33m.[39merror([32m'[VerificationService] Redis 杩炴帴閿欒锛屼娇鐢ㄦ湰鍦板瓨鍌?'[39m[33m,[39m err[33m.[39mmessage)[33m;[39m
     [90m    |[39m               [31m[1m^[22m[39m
     [90m 46 |[39m       redisClient [33m=[39m [36mnull[39m[33m;[39m
     [90m 47 |[39m     })[33m;[39m
     [90m 48 |[39m     [0m

      at EventEmitter.error (src/services/verificationService.js:45:15)
      at EventEmitter.silentEmit (node_modules/ioredis/built/Redis.js:529:30)
      at Socket.<anonymous> (node_modules/ioredis/built/redis/event_handler.js:221:14)

  console.error
    [VerificationService] Redis 杩炴帴閿欒锛屼娇鐢ㄦ湰鍦板瓨鍌?

    [0m [90m 43 |[39m     
     [90m 44 |[39m     redisClient[33m.[39mon([32m'error'[39m[33m,[39m (err) [33m=>[39m {
    [31m[1m>[22m[39m[90m 45 |[39m       console[33m.[39merror([32m'[VerificationService] Redis 杩炴帴閿欒锛屼娇鐢ㄦ湰鍦板瓨鍌?'[39m[33m,[39m err[33m.[39mmessage)[33m;[39m
     [90m    |[39m               [31m[1m^[22m[39m
     [90m 46 |[39m       redisClient [33m=[39m [36mnull[39m[33m;[39m
     [90m 47 |[39m     })[33m;[39m
     [90m 48 |[39m     [0m

      at EventEmitter.error (src/services/verificationService.js:45:15)
      at EventEmitter.silentEmit (node_modules/ioredis/built/Redis.js:529:30)
      at Socket.<anonymous> (node_modules/ioredis/built/redis/event_handler.js:221:14)

  console.error
    [VerificationService] Redis 杩炴帴閿欒锛屼娇鐢ㄦ湰鍦板瓨鍌?

    [0m [90m 43 |[39m     
     [90m 44 |[39m     redisClient[33m.[39mon([32m'error'[39m[33m,[39m (err) [33m=>[39m {
    [31m[1m>[22m[39m[90m 45 |[39m       console[33m.[39merror([32m'[VerificationService] Redis 杩炴帴閿欒锛屼娇鐢ㄦ湰鍦板瓨鍌?'[39m[33m,[39m err[33m.[39mmessage)[33m;[39m
     [90m    |[39m               [31m[1m^[22m[39m
     [90m 46 |[39m       redisClient [33m=[39m [36mnull[39m[33m;[39m
     [90m 47 |[39m     })[33m;[39m
     [90m 48 |[39m     [0m

      at EventEmitter.error (src/services/verificationService.js:45:15)
      at EventEmitter.silentEmit (node_modules/ioredis/built/Redis.js:529:30)
      at Socket.<anonymous> (node_modules/ioredis/built/redis/event_handler.js:221:14)

  console.error
    [VerificationService] Redis 杩炴帴閿欒锛屼娇鐢ㄦ湰鍦板瓨鍌?

    [0m [90m 43 |[39m     
     [90m 44 |[39m     redisClient[33m.[39mon([32m'error'[39m[33m,[39m (err) [33m=>[39m {
    [31m[1m>[22m[39m[90m 45 |[39m       console[33m.[39merror([32m'[VerificationService] Redis 杩炴帴閿欒锛屼娇鐢ㄦ湰鍦板瓨鍌?'[39m[33m,[39m err[33m.[39mmessage)[33m;[39m
     [90m    |[39m               [31m[1m^[22m[39m
     [90m 46 |[39m       redisClient [33m=[39m [36mnull[39m[33m;[39m
     [90m 47 |[39m     })[33m;[39m
     [90m 48 |[39m     [0m

      at EventEmitter.error (src/services/verificationService.js:45:15)
      at EventEmitter.silentEmit (node_modules/ioredis/built/Redis.js:529:30)
      at Socket.<anonymous> (node_modules/ioredis/built/redis/event_handler.js:221:14)

  console.error
    [VerificationService] Redis 杩炴帴閿欒锛屼娇鐢ㄦ湰鍦板瓨鍌?

    [0m [90m 43 |[39m     
     [90m 44 |[39m     redisClient[33m.[39mon([32m'error'[39m[33m,[39m (err) [33m=>[39m {
    [31m[1m>[22m[39m[90m 45 |[39m       console[33m.[39merror([32m'[VerificationService] Redis 杩炴帴閿欒锛屼娇鐢ㄦ湰鍦板瓨鍌?'[39m[33m,[39m err[33m.[39mmessage)[33m;[39m
     [90m    |[39m               [31m[1m^[22m[39m
     [90m 46 |[39m       redisClient [33m=[39m [36mnull[39m[33m;[39m
     [90m 47 |[39m     })[33m;[39m
     [90m 48 |[39m     [0m

      at EventEmitter.error (src/services/verificationService.js:45:15)
      at EventEmitter.silentEmit (node_modules/ioredis/built/Redis.js:529:30)
      at Socket.<anonymous> (node_modules/ioredis/built/redis/event_handler.js:221:14)

  console.error
    [VerificationService] Redis 杩炴帴閿欒锛屼娇鐢ㄦ湰鍦板瓨鍌?

    [0m [90m 43 |[39m     
     [90m 44 |[39m     redisClient[33m.[39mon([32m'error'[39m[33m,[39m (err) [33m=>[39m {
    [31m[1m>[22m[39m[90m 45 |[39m       console[33m.[39merror([32m'[VerificationService] Redis 杩炴帴閿欒锛屼娇鐢ㄦ湰鍦板瓨鍌?'[39m[33m,[39m err[33m.[39mmessage)[33m;[39m
     [90m    |[39m               [31m[1m^[22m[39m
     [90m 46 |[39m       redisClient [33m=[39m [36mnull[39m[33m;[39m
     [90m 47 |[39m     })[33m;[39m
     [90m 48 |[39m     [0m

      at EventEmitter.error (src/services/verificationService.js:45:15)
      at EventEmitter.silentEmit (node_modules/ioredis/built/Redis.js:529:30)
      at Socket.<anonymous> (node_modules/ioredis/built/redis/event_handler.js:221:14)

  console.error
    [VerificationService] Redis 杩炴帴閿欒锛屼娇鐢ㄦ湰鍦板瓨鍌?

    [0m [90m 43 |[39m     
     [90m 44 |[39m     redisClient[33m.[39mon([32m'error'[39m[33m,[39m (err) [33m=>[39m {
    [31m[1m>[22m[39m[90m 45 |[39m       console[33m.[39merror([32m'[VerificationService] Redis 杩炴帴閿欒锛屼娇鐢ㄦ湰鍦板瓨鍌?'[39m[33m,[39m err[33m.[39mmessage)[33m;[39m
     [90m    |[39m               [31m[1m^[22m[39m
     [90m 46 |[39m       redisClient [33m=[39m [36mnull[39m[33m;[39m
     [90m 47 |[39m     })[33m;[39m
     [90m 48 |[39m     [0m

      at EventEmitter.error (src/services/verificationService.js:45:15)
      at EventEmitter.silentEmit (node_modules/ioredis/built/Redis.js:529:30)
      at Socket.<anonymous> (node_modules/ioredis/built/redis/event_handler.js:221:14)

  console.error
    [VerificationService] Redis 杩炴帴閿欒锛屼娇鐢ㄦ湰鍦板瓨鍌?

    [0m [90m 43 |[39m     
     [90m 44 |[39m     redisClient[33m.[39mon([32m'error'[39m[33m,[39m (err) [33m=>[39m {
    [31m[1m>[22m[39m[90m 45 |[39m       console[33m.[39merror([32m'[VerificationService] Redis 杩炴帴閿欒锛屼娇鐢ㄦ湰鍦板瓨鍌?'[39m[33m,[39m err[33m.[39mmessage)[33m;[39m
     [90m    |[39m               [31m[1m^[22m[39m
     [90m 46 |[39m       redisClient [33m=[39m [36mnull[39m[33m;[39m
     [90m 47 |[39m     })[33m;[39m
     [90m 48 |[39m     [0m

      at EventEmitter.error (src/services/verificationService.js:45:15)
      at EventEmitter.silentEmit (node_modules/ioredis/built/Redis.js:529:30)
      at Socket.<anonymous> (node_modules/ioredis/built/redis/event_handler.js:221:14)

  console.error
    [VerificationService] Redis 杩炴帴閿欒锛屼娇鐢ㄦ湰鍦板瓨鍌?

    [0m [90m 43 |[39m     
     [90m 44 |[39m     redisClient[33m.[39mon([32m'error'[39m[33m,[39m (err) [33m=>[39m {
    [31m[1m>[22m[39m[90m 45 |[39m       console[33m.[39merror([32m'[VerificationService] Redis 杩炴帴閿欒锛屼娇鐢ㄦ湰鍦板瓨鍌?'[39m[33m,[39m err[33m.[39mmessage)[33m;[39m
     [90m    |[39m               [31m[1m^[22m[39m
     [90m 46 |[39m       redisClient [33m=[39m [36mnull[39m[33m;[39m
     [90m 47 |[39m     })[33m;[39m
     [90m 48 |[39m     [0m

      at EventEmitter.error (src/services/verificationService.js:45:15)
      at EventEmitter.silentEmit (node_modules/ioredis/built/Redis.js:529:30)
      at Socket.<anonymous> (node_modules/ioredis/built/redis/event_handler.js:221:14)

  console.error
    [VerificationService] Redis 杩炴帴閿欒锛屼娇鐢ㄦ湰鍦板瓨鍌?

    [0m [90m 43 |[39m     
     [90m 44 |[39m     redisClient[33m.[39mon([32m'error'[39m[33m,[39m (err) [33m=>[39m {
    [31m[1m>[22m[39m[90m 45 |[39m       console[33m.[39merror([32m'[VerificationService] Redis 杩炴帴閿欒锛屼娇鐢ㄦ湰鍦板瓨鍌?'[39m[33m,[39m err[33m.[39mmessage)[33m;[39m
     [90m    |[39m               [31m[1m^[22m[39m
     [90m 46 |[39m       redisClient [33m=[39m [36mnull[39m[33m;[39m
     [90m 47 |[39m     })[33m;[39m
     [90m 48 |[39m     [0m

      at EventEmitter.error (src/services/verificationService.js:45:15)
      at EventEmitter.silentEmit (node_modules/ioredis/built/Redis.js:529:30)
      at Socket.<anonymous> (node_modules/ioredis/built/redis/event_handler.js:221:14)

  console.error
    [VerificationService] Redis 杩炴帴閿欒锛屼娇鐢ㄦ湰鍦板瓨鍌?

    [0m [90m 43 |[39m     
     [90m 44 |[39m     redisClient[33m.[39mon([32m'error'[39m[33m,[39m (err) [33m=>[39m {
    [31m[1m>[22m[39m[90m 45 |[39m       console[33m.[39merror([32m'[VerificationService] Redis 杩炴帴閿欒锛屼娇鐢ㄦ湰鍦板瓨鍌?'[39m[33m,[39m err[33m.[39mmessage)[33m;[39m
     [90m    |[39m               [31m[1m^[22m[39m
     [90m 46 |[39m       redisClient [33m=[39m [36mnull[39m[33m;[39m
     [90m 47 |[39m     })[33m;[39m
     [90m 48 |[39m     [0m

      at EventEmitter.error (src/services/verificationService.js:45:15)
      at EventEmitter.silentEmit (node_modules/ioredis/built/Redis.js:529:30)
      at Socket.<anonymous> (node_modules/ioredis/built/redis/event_handler.js:221:14)

  console.error
    [VerificationService] Redis 杩炴帴閿欒锛屼娇鐢ㄦ湰鍦板瓨鍌?

    [0m [90m 43 |[39m     
     [90m 44 |[39m     redisClient[33m.[39mon([32m'error'[39m[33m,[39m (err) [33m=>[39m {
    [31m[1m>[22m[39m[90m 45 |[39m       console[33m.[39merror([32m'[VerificationService] Redis 杩炴帴閿欒锛屼娇鐢ㄦ湰鍦板瓨鍌?'[39m[33m,[39m err[33m.[39mmessage)[33m;[39m
     [90m    |[39m               [31m[1m^[22m[39m
     [90m 46 |[39m       redisClient [33m=[39m [36mnull[39m[33m;[39m
     [90m 47 |[39m     })[33m;[39m
     [90m 48 |[39m     [0m

      at EventEmitter.error (src/services/verificationService.js:45:15)
      at EventEmitter.silentEmit (node_modules/ioredis/built/Redis.js:529:30)
      at Socket.<anonymous> (node_modules/ioredis/built/redis/event_handler.js:221:14)

  console.error
    [VerificationService] Redis 杩炴帴閿欒锛屼娇鐢ㄦ湰鍦板瓨鍌?

    [0m [90m 43 |[39m     
     [90m 44 |[39m     redisClient[33m.[39mon([32m'error'[39m[33m,[39m (err) [33m=>[39m {
    [31m[1m>[22m[39m[90m 45 |[39m       console[33m.[39merror([32m'[VerificationService] Redis 杩炴帴閿欒锛屼娇鐢ㄦ湰鍦板瓨鍌?'[39m[33m,[39m err[33m.[39mmessage)[33m;[39m
     [90m    |[39m               [31m[1m^[22m[39m
     [90m 46 |[39m       redisClient [33m=[39m [36mnull[39m[33m;[39m
     [90m 47 |[39m     })[33m;[39m
     [90m 48 |[39m     [0m

      at EventEmitter.error (src/services/verificationService.js:45:15)
      at EventEmitter.silentEmit (node_modules/ioredis/built/Redis.js:529:30)
      at Socket.<anonymous> (node_modules/ioredis/built/redis/event_handler.js:221:14)

  console.error
    [VerificationService] Redis 杩炴帴閿欒锛屼娇鐢ㄦ湰鍦板瓨鍌?

    [0m [90m 43 |[39m     
     [90m 44 |[39m     redisClient[33m.[39mon([32m'error'[39m[33m,[39m (err) [33m=>[39m {
    [31m[1m>[22m[39m[90m 45 |[39m       console[33m.[39merror([32m'[VerificationService] Redis 杩炴帴閿欒锛屼娇鐢ㄦ湰鍦板瓨鍌?'[39m[33m,[39m err[33m.[39mmessage)[33m;[39m
     [90m    |[39m               [31m[1m^[22m[39m
     [90m 46 |[39m       redisClient [33m=[39m [36mnull[39m[33m;[39m
     [90m 47 |[39m     })[33m;[39m
     [90m 48 |[39m     [0m

      at EventEmitter.error (src/services/verificationService.js:45:15)
      at EventEmitter.silentEmit (node_modules/ioredis/built/Redis.js:529:30)
      at Socket.<anonymous> (node_modules/ioredis/built/redis/event_handler.js:221:14)

  console.error
    [VerificationService] Redis 杩炴帴閿欒锛屼娇鐢ㄦ湰鍦板瓨鍌?

    [0m [90m 43 |[39m     
     [90m 44 |[39m     redisClient[33m.[39mon([32m'error'[39m[33m,[39m (err) [33m=>[39m {
    [31m[1m>[22m[39m[90m 45 |[39m       console[33m.[39merror([32m'[VerificationService] Redis 杩炴帴閿欒锛屼娇鐢ㄦ湰鍦板瓨鍌?'[39m[33m,[39m err[33m.[39mmessage)[33m;[39m
     [90m    |[39m               [31m[1m^[22m[39m
     [90m 46 |[39m       redisClient [33m=[39m [36mnull[39m[33m;[39m
     [90m 47 |[39m     })[33m;[39m
     [90m 48 |[39m     [0m

      at EventEmitter.error (src/services/verificationService.js:45:15)
      at EventEmitter.silentEmit (node_modules/ioredis/built/Redis.js:529:30)
      at Socket.<anonymous> (node_modules/ioredis/built/redis/event_handler.js:221:14)

  console.error
    [VerificationService] Redis 杩炴帴閿欒锛屼娇鐢ㄦ湰鍦板瓨鍌?

    [0m [90m 43 |[39m     
     [90m 44 |[39m     redisClient[33m.[39mon([32m'error'[39m[33m,[39m (err) [33m=>[39m {
    [31m[1m>[22m[39m[90m 45 |[39m       console[33m.[39merror([32m'[VerificationService] Redis 杩炴帴閿欒锛屼娇鐢ㄦ湰鍦板瓨鍌?'[39m[33m,[39m err[33m.[39mmessage)[33m;[39m
     [90m    |[39m               [31m[1m^[22m[39m
     [90m 46 |[39m       redisClient [33m=[39m [36mnull[39m[33m;[39m
     [90m 47 |[39m     })[33m;[39m
     [90m 48 |[39m     [0m

      at EventEmitter.error (src/services/verificationService.js:45:15)
      at EventEmitter.silentEmit (node_modules/ioredis/built/Redis.js:529:30)
      at Socket.<anonymous> (node_modules/ioredis/built/redis/event_handler.js:221:14)

  console.error
    [VerificationService] Redis 杩炴帴閿欒锛屼娇鐢ㄦ湰鍦板瓨鍌?

    [0m [90m 43 |[39m     
     [90m 44 |[39m     redisClient[33m.[39mon([32m'error'[39m[33m,[39m (err) [33m=>[39m {
    [31m[1m>[22m[39m[90m 45 |[39m       console[33m.[39merror([32m'[VerificationService] Redis 杩炴帴閿欒锛屼娇鐢ㄦ湰鍦板瓨鍌?'[39m[33m,[39m err[33m.[39mmessage)[33m;[39m
     [90m    |[39m               [31m[1m^[22m[39m
     [90m 46 |[39m       redisClient [33m=[39m [36mnull[39m[33m;[39m
     [90m 47 |[39m     })[33m;[39m
     [90m 48 |[39m     [0m

      at EventEmitter.error (src/services/verificationService.js:45:15)
      at EventEmitter.silentEmit (node_modules/ioredis/built/Redis.js:529:30)
      at Socket.<anonymous> (node_modules/ioredis/built/redis/event_handler.js:221:14)

  console.error
    [VerificationService] Redis 杩炴帴閿欒锛屼娇鐢ㄦ湰鍦板瓨鍌?

    [0m [90m 43 |[39m     
     [90m 44 |[39m     redisClient[33m.[39mon([32m'error'[39m[33m,[39m (err) [33m=>[39m {
    [31m[1m>[22m[39m[90m 45 |[39m       console[33m.[39merror([32m'[VerificationService] Redis 杩炴帴閿欒锛屼娇鐢ㄦ湰鍦板瓨鍌?'[39m[33m,[39m err[33m.[39mmessage)[33m;[39m
     [90m    |[39m               [31m[1m^[22m[39m
     [90m 46 |[39m       redisClient [33m=[39m [36mnull[39m[33m;[39m
     [90m 47 |[39m     })[33m;[39m
     [90m 48 |[39m     [0m

      at EventEmitter.error (src/services/verificationService.js:45:15)
      at EventEmitter.silentEmit (node_modules/ioredis/built/Redis.js:529:30)
      at Socket.<anonymous> (node_modules/ioredis/built/redis/event_handler.js:221:14)

  console.error
    [VerificationService] Redis 杩炴帴閿欒锛屼娇鐢ㄦ湰鍦板瓨鍌?

    [0m [90m 43 |[39m     
     [90m 44 |[39m     redisClient[33m.[39mon([32m'error'[39m[33m,[39m (err) [33m=>[39m {
    [31m[1m>[22m[39m[90m 45 |[39m       console[33m.[39merror([32m'[VerificationService] Redis 杩炴帴閿欒锛屼娇鐢ㄦ湰鍦板瓨鍌?'[39m[33m,[39m err[33m.[39mmessage)[33m;[39m
     [90m    |[39m               [31m[1m^[22m[39m
     [90m 46 |[39m       redisClient [33m=[39m [36mnull[39m[33m;[39m
     [90m 47 |[39m     })[33m;[39m
     [90m 48 |[39m     [0m

      at EventEmitter.error (src/services/verificationService.js:45:15)
      at EventEmitter.silentEmit (node_modules/ioredis/built/Redis.js:529:30)
      at Socket.<anonymous> (node_modules/ioredis/built/redis/event_handler.js:221:14)

  console.error
    [VerificationService] Redis 杩炴帴閿欒锛屼娇鐢ㄦ湰鍦板瓨鍌?

    [0m [90m 43 |[39m     
     [90m 44 |[39m     redisClient[33m.[39mon([32m'error'[39m[33m,[39m (err) [33m=>[39m {
    [31m[1m>[22m[39m[90m 45 |[39m       console[33m.[39merror([32m'[VerificationService] Redis 杩炴帴閿欒锛屼娇鐢ㄦ湰鍦板瓨鍌?'[39m[33m,[39m err[33m.[39mmessage)[33m;[39m
     [90m    |[39m               [31m[1m^[22m[39m
     [90m 46 |[39m       redisClient [33m=[39m [36mnull[39m[33m;[39m
     [90m 47 |[39m     })[33m;[39m
     [90m 48 |[39m     [0m

      at EventEmitter.error (src/services/verificationService.js:45:15)
      at EventEmitter.silentEmit (node_modules/ioredis/built/Redis.js:529:30)
      at Socket.<anonymous> (node_modules/ioredis/built/redis/event_handler.js:221:14)

  console.error
    [VerificationService] Redis 杩炴帴閿欒锛屼娇鐢ㄦ湰鍦板瓨鍌?

    [0m [90m 43 |[39m     
     [90m 44 |[39m     redisClient[33m.[39mon([32m'error'[39m[33m,[39m (err) [33m=>[39m {
    [31m[1m>[22m[39m[90m 45 |[39m       console[33m.[39merror([32m'[VerificationService] Redis 杩炴帴閿欒锛屼娇鐢ㄦ湰鍦板瓨鍌?'[39m[33m,[39m err[33m.[39mmessage)[33m;[39m
     [90m    |[39m               [31m[1m^[22m[39m
     [90m 46 |[39m       redisClient [33m=[39m [36mnull[39m[33m;[39m
     [90m 47 |[39m     })[33m;[39m
     [90m 48 |[39m     [0m

      at EventEmitter.error (src/services/verificationService.js:45:15)
      at EventEmitter.silentEmit (node_modules/ioredis/built/Redis.js:529:30)
      at Socket.<anonymous> (node_modules/ioredis/built/redis/event_handler.js:221:14)

  console.error
    [VerificationService] Redis 杩炴帴閿欒锛屼娇鐢ㄦ湰鍦板瓨鍌?

    [0m [90m 43 |[39m     
     [90m 44 |[39m     redisClient[33m.[39mon([32m'error'[39m[33m,[39m (err) [33m=>[39m {
    [31m[1m>[22m[39m[90m 45 |[39m       console[33m.[39merror([32m'[VerificationService] Redis 杩炴帴閿欒锛屼娇鐢ㄦ湰鍦板瓨鍌?'[39m[33m,[39m err[33m.[39mmessage)[33m;[39m
     [90m    |[39m               [31m[1m^[22m[39m
     [90m 46 |[39m       redisClient [33m=[39m [36mnull[39m[33m;[39m
     [90m 47 |[39m     })[33m;[39m
     [90m 48 |[39m     [0m

      at EventEmitter.error (src/services/verificationService.js:45:15)
      at EventEmitter.silentEmit (node_modules/ioredis/built/Redis.js:529:30)
      at Socket.<anonymous> (node_modules/ioredis/built/redis/event_handler.js:221:14)

  console.error
    [VerificationService] Redis 杩炴帴閿欒锛屼娇鐢ㄦ湰鍦板瓨鍌?

    [0m [90m 43 |[39m     
     [90m 44 |[39m     redisClient[33m.[39mon([32m'error'[39m[33m,[39m (err) [33m=>[39m {
    [31m[1m>[22m[39m[90m 45 |[39m       console[33m.[39merror([32m'[VerificationService] Redis 杩炴帴閿欒锛屼娇鐢ㄦ湰鍦板瓨鍌?'[39m[33m,[39m err[33m.[39mmessage)[33m;[39m
     [90m    |[39m               [31m[1m^[22m[39m
     [90m 46 |[39m       redisClient [33m=[39m [36mnull[39m[33m;[39m
     [90m 47 |[39m     })[33m;[39m
     [90m 48 |[39m     [0m

      at EventEmitter.error (src/services/verificationService.js:45:15)
      at EventEmitter.silentEmit (node_modules/ioredis/built/Redis.js:529:30)
      at Socket.<anonymous> (node_modules/ioredis/built/redis/event_handler.js:221:14)

  console.error
    [VerificationService] Redis 杩炴帴閿欒锛屼娇鐢ㄦ湰鍦板瓨鍌?

    [0m [90m 43 |[39m     
     [90m 44 |[39m     redisClient[33m.[39mon([32m'error'[39m[33m,[39m (err) [33m=>[39m {
    [31m[1m>[22m[39m[90m 45 |[39m       console[33m.[39merror([32m'[VerificationService] Redis 杩炴帴閿欒锛屼娇鐢ㄦ湰鍦板瓨鍌?'[39m[33m,[39m err[33m.[39mmessage)[33m;[39m
     [90m    |[39m               [31m[1m^[22m[39m
     [90m 46 |[39m       redisClient [33m=[39m [36mnull[39m[33m;[39m
     [90m 47 |[39m     })[33m;[39m
     [90m 48 |[39m     [0m

      at EventEmitter.error (src/services/verificationService.js:45:15)
      at EventEmitter.silentEmit (node_modules/ioredis/built/Redis.js:529:30)
      at Socket.<anonymous> (node_modules/ioredis/built/redis/event_handler.js:221:14)

  console.error
    [VerificationService] Redis 杩炴帴閿欒锛屼娇鐢ㄦ湰鍦板瓨鍌?

    [0m [90m 43 |[39m     
     [90m 44 |[39m     redisClient[33m.[39mon([32m'error'[39m[33m,[39m (err) [33m=>[39m {
    [31m[1m>[22m[39m[90m 45 |[39m       console[33m.[39merror([32m'[VerificationService] Redis 杩炴帴閿欒锛屼娇鐢ㄦ湰鍦板瓨鍌?'[39m[33m,[39m err[33m.[39mmessage)[33m;[39m
     [90m    |[39m               [31m[1m^[22m[39m
     [90m 46 |[39m       redisClient [33m=[39m [36mnull[39m[33m;[39m
     [90m 47 |[39m     })[33m;[39m
     [90m 48 |[39m     [0m

      at EventEmitter.error (src/services/verificationService.js:45:15)
      at EventEmitter.silentEmit (node_modules/ioredis/built/Redis.js:529:30)
      at Socket.<anonymous> (node_modules/ioredis/built/redis/event_handler.js:221:14)

  console.error
    [VerificationService] Redis 杩炴帴閿欒锛屼娇鐢ㄦ湰鍦板瓨鍌?

    [0m [90m 43 |[39m     
     [90m 44 |[39m     redisClient[33m.[39mon([32m'error'[39m[33m,[39m (err) [33m=>[39m {
    [31m[1m>[22m[39m[90m 45 |[39m       console[33m.[39merror([32m'[VerificationService] Redis 杩炴帴閿欒锛屼娇鐢ㄦ湰鍦板瓨鍌?'[39m[33m,[39m err[33m.[39mmessage)[33m;[39m
     [90m    |[39m               [31m[1m^[22m[39m
     [90m 46 |[39m       redisClient [33m=[39m [36mnull[39m[33m;[39m
     [90m 47 |[39m     })[33m;[39m
     [90m 48 |[39m     [0m

      at EventEmitter.error (src/services/verificationService.js:45:15)
      at EventEmitter.silentEmit (node_modules/ioredis/built/Redis.js:529:30)
      at Socket.<anonymous> (node_modules/ioredis/built/redis/event_handler.js:221:14)

  console.error
    [VerificationService] Redis 杩炴帴閿欒锛屼娇鐢ㄦ湰鍦板瓨鍌?

    [0m [90m 43 |[39m     
     [90m 44 |[39m     redisClient[33m.[39mon([32m'error'[39m[33m,[39m (err) [33m=>[39m {
    [31m[1m>[22m[39m[90m 45 |[39m       console[33m.[39merror([32m'[VerificationService] Redis 杩炴帴閿欒锛屼娇鐢ㄦ湰鍦板瓨鍌?'[39m[33m,[39m err[33m.[39mmessage)[33m;[39m
     [90m    |[39m               [31m[1m^[22m[39m
     [90m 46 |[39m       redisClient [33m=[39m [36mnull[39m[33m;[39m
     [90m 47 |[39m     })[33m;[39m
     [90m 48 |[39m     [0m

      at EventEmitter.error (src/services/verificationService.js:45:15)
      at EventEmitter.silentEmit (node_modules/ioredis/built/Redis.js:529:30)
      at Socket.<anonymous> (node_modules/ioredis/built/redis/event_handler.js:221:14)

  console.error
    [VerificationService] Redis 杩炴帴閿欒锛屼娇鐢ㄦ湰鍦板瓨鍌?

    [0m [90m 43 |[39m     
     [90m 44 |[39m     redisClient[33m.[39mon([32m'error'[39m[33m,[39m (err) [33m=>[39m {
    [31m[1m>[22m[39m[90m 45 |[39m       console[33m.[39merror([32m'[VerificationService] Redis 杩炴帴閿欒锛屼娇鐢ㄦ湰鍦板瓨鍌?'[39m[33m,[39m err[33m.[39mmessage)[33m;[39m
     [90m    |[39m               [31m[1m^[22m[39m
     [90m 46 |[39m       redisClient [33m=[39m [36mnull[39m[33m;[39m
     [90m 47 |[39m     })[33m;[39m
     [90m 48 |[39m     [0m

      at EventEmitter.error (src/services/verificationService.js:45:15)
      at EventEmitter.silentEmit (node_modules/ioredis/built/Redis.js:529:30)
      at Socket.<anonymous> (node_modules/ioredis/built/redis/event_handler.js:221:14)

  console.error
    [VerificationService] Redis 杩炴帴閿欒锛屼娇鐢ㄦ湰鍦板瓨鍌?

    [0m [90m 43 |[39m     
     [90m 44 |[39m     redisClient[33m.[39mon([32m'error'[39m[33m,[39m (err) [33m=>[39m {
    [31m[1m>[22m[39m[90m 45 |[39m       console[33m.[39merror([32m'[VerificationService] Redis 杩炴帴閿欒锛屼娇鐢ㄦ湰鍦板瓨鍌?'[39m[33m,[39m err[33m.[39mmessage)[33m;[39m
     [90m    |[39m               [31m[1m^[22m[39m
     [90m 46 |[39m       redisClient [33m=[39m [36mnull[39m[33m;[39m
     [90m 47 |[39m     })[33m;[39m
     [90m 48 |[39m     [0m

      at EventEmitter.error (src/services/verificationService.js:45:15)
      at EventEmitter.silentEmit (node_modules/ioredis/built/Redis.js:529:30)
      at Socket.<anonymous> (node_modules/ioredis/built/redis/event_handler.js:221:14)

  console.error
    [VerificationService] Redis 杩炴帴閿欒锛屼娇鐢ㄦ湰鍦板瓨鍌?

    [0m [90m 43 |[39m     
     [90m 44 |[39m     redisClient[33m.[39mon([32m'error'[39m[33m,[39m (err) [33m=>[39m {
    [31m[1m>[22m[39m[90m 45 |[39m       console[33m.[39merror([32m'[VerificationService] Redis 杩炴帴閿欒锛屼娇鐢ㄦ湰鍦板瓨鍌?'[39m[33m,[39m err[33m.[39mmessage)[33m;[39m
     [90m    |[39m               [31m[1m^[22m[39m
     [90m 46 |[39m       redisClient [33m=[39m [36mnull[39m[33m;[39m
     [90m 47 |[39m     })[33m;[39m
     [90m 48 |[39m     [0m

      at EventEmitter.error (src/services/verificationService.js:45:15)
      at EventEmitter.silentEmit (node_modules/ioredis/built/Redis.js:529:30)
      at Socket.<anonymous> (node_modules/ioredis/built/redis/event_handler.js:221:14)

  console.error
    [VerificationService] Redis 杩炴帴閿欒锛屼娇鐢ㄦ湰鍦板瓨鍌?

    [0m [90m 43 |[39m     
     [90m 44 |[39m     redisClient[33m.[39mon([32m'error'[39m[33m,[39m (err) [33m=>[39m {
    [31m[1m>[22m[39m[90m 45 |[39m       console[33m.[39merror([32m'[VerificationService] Redis 杩炴帴閿欒锛屼娇鐢ㄦ湰鍦板瓨鍌?'[39m[33m,[39m err[33m.[39mmessage)[33m;[39m
     [90m    |[39m               [31m[1m^[22m[39m
     [90m 46 |[39m       redisClient [33m=[39m [36mnull[39m[33m;[39m
     [90m 47 |[39m     })[33m;[39m
     [90m 48 |[39m     [0m

      at EventEmitter.error (src/services/verificationService.js:45:15)
      at EventEmitter.silentEmit (node_modules/ioredis/built/Redis.js:529:30)
      at Socket.<anonymous> (node_modules/ioredis/built/redis/event_handler.js:221:14)

  console.error
    [VerificationService] Redis 杩炴帴閿欒锛屼娇鐢ㄦ湰鍦板瓨鍌?

    [0m [90m 43 |[39m     
     [90m 44 |[39m     redisClient[33m.[39mon([32m'error'[39m[33m,[39m (err) [33m=>[39m {
    [31m[1m>[22m[39m[90m 45 |[39m       console[33m.[39merror([32m'[VerificationService] Redis 杩炴帴閿欒锛屼娇鐢ㄦ湰鍦板瓨鍌?'[39m[33m,[39m err[33m.[39mmessage)[33m;[39m
     [90m    |[39m               [31m[1m^[22m[39m
     [90m 46 |[39m       redisClient [33m=[39m [36mnull[39m[33m;[39m
     [90m 47 |[39m     })[33m;[39m
     [90m 48 |[39m     [0m

      at EventEmitter.error (src/services/verificationService.js:45:15)
      at EventEmitter.silentEmit (node_modules/ioredis/built/Redis.js:529:30)
      at Socket.<anonymous> (node_modules/ioredis/built/redis/event_handler.js:221:14)

  console.error
    [VerificationService] Redis 杩炴帴閿欒锛屼娇鐢ㄦ湰鍦板瓨鍌?

    [0m [90m 43 |[39m     
     [90m 44 |[39m     redisClient[33m.[39mon([32m'error'[39m[33m,[39m (err) [33m=>[39m {
    [31m[1m>[22m[39m[90m 45 |[39m       console[33m.[39merror([32m'[VerificationService] Redis 杩炴帴閿欒锛屼娇鐢ㄦ湰鍦板瓨鍌?'[39m[33m,[39m err[33m.[39mmessage)[33m;[39m
     [90m    |[39m               [31m[1m^[22m[39m
     [90m 46 |[39m       redisClient [33m=[39m [36mnull[39m[33m;[39m
     [90m 47 |[39m     })[33m;[39m
     [90m 48 |[39m     [0m

      at EventEmitter.error (src/services/verificationService.js:45:15)
      at EventEmitter.silentEmit (node_modules/ioredis/built/Redis.js:529:30)
      at Socket.<anonymous> (node_modules/ioredis/built/redis/event_handler.js:221:14)

  console.error
    [VerificationService] Redis 杩炴帴閿欒锛屼娇鐢ㄦ湰鍦板瓨鍌?

    [0m [90m 43 |[39m     
     [90m 44 |[39m     redisClient[33m.[39mon([32m'error'[39m[33m,[39m (err) [33m=>[39m {
    [31m[1m>[22m[39m[90m 45 |[39m       console[33m.[39merror([32m'[VerificationService] Redis 杩炴帴閿欒锛屼娇鐢ㄦ湰鍦板瓨鍌?'[39m[33m,[39m err[33m.[39mmessage)[33m;[39m
     [90m    |[39m               [31m[1m^[22m[39m
     [90m 46 |[39m       redisClient [33m=[39m [36mnull[39m[33m;[39m
     [90m 47 |[39m     })[33m;[39m
     [90m 48 |[39m     [0m

      at EventEmitter.error (src/services/verificationService.js:45:15)
      at EventEmitter.silentEmit (node_modules/ioredis/built/Redis.js:529:30)
      at Socket.<anonymous> (node_modules/ioredis/built/redis/event_handler.js:221:14)

  console.error
    [VerificationService] Redis 杩炴帴閿欒锛屼娇鐢ㄦ湰鍦板瓨鍌?

    [0m [90m 43 |[39m     
     [90m 44 |[39m     redisClient[33m.[39mon([32m'error'[39m[33m,[39m (err) [33m=>[39m {
    [31m[1m>[22m[39m[90m 45 |[39m       console[33m.[39merror([32m'[VerificationService] Redis 杩炴帴閿欒锛屼娇鐢ㄦ湰鍦板瓨鍌?'[39m[33m,[39m err[33m.[39mmessage)[33m;[39m
     [90m    |[39m               [31m[1m^[22m[39m
     [90m 46 |[39m       redisClient [33m=[39m [36mnull[39m[33m;[39m
     [90m 47 |[39m     })[33m;[39m
     [90m 48 |[39m     [0m

      at EventEmitter.error (src/services/verificationService.js:45:15)
      at EventEmitter.silentEmit (node_modules/ioredis/built/Redis.js:529:30)
      at Socket.<anonymous> (node_modules/ioredis/built/redis/event_handler.js:221:14)

  console.error
    [VerificationService] Redis 杩炴帴閿欒锛屼娇鐢ㄦ湰鍦板瓨鍌?

    [0m [90m 43 |[39m     
     [90m 44 |[39m     redisClient[33m.[39mon([32m'error'[39m[33m,[39m (err) [33m=>[39m {
    [31m[1m>[22m[39m[90m 45 |[39m       console[33m.[39merror([32m'[VerificationService] Redis 杩炴帴閿欒锛屼娇鐢ㄦ湰鍦板瓨鍌?'[39m[33m,[39m err[33m.[39mmessage)[33m;[39m
     [90m    |[39m               [31m[1m^[22m[39m
     [90m 46 |[39m       redisClient [33m=[39m [36mnull[39m[33m;[39m
     [90m 47 |[39m     })[33m;[39m
     [90m 48 |[39m     [0m

      at EventEmitter.error (src/services/verificationService.js:45:15)
      at EventEmitter.silentEmit (node_modules/ioredis/built/Redis.js:529:30)
      at Socket.<anonymous> (node_modules/ioredis/built/redis/event_handler.js:221:14)

  console.error
    [VerificationService] Redis 杩炴帴閿欒锛屼娇鐢ㄦ湰鍦板瓨鍌?

    [0m [90m 43 |[39m     
     [90m 44 |[39m     redisClient[33m.[39mon([32m'error'[39m[33m,[39m (err) [33m=>[39m {
    [31m[1m>[22m[39m[90m 45 |[39m       console[33m.[39merror([32m'[VerificationService] Redis 杩炴帴閿欒锛屼娇鐢ㄦ湰鍦板瓨鍌?'[39m[33m,[39m err[33m.[39mmessage)[33m;[39m
     [90m    |[39m               [31m[1m^[22m[39m
     [90m 46 |[39m       redisClient [33m=[39m [36mnull[39m[33m;[39m
     [90m 47 |[39m     })[33m;[39m
     [90m 48 |[39m     [0m

      at EventEmitter.error (src/services/verificationService.js:45:15)
      at EventEmitter.silentEmit (node_modules/ioredis/built/Redis.js:529:30)
      at Socket.<anonymous> (node_modules/ioredis/built/redis/event_handler.js:221:14)

  console.error
    [VerificationService] Redis 杩炴帴閿欒锛屼娇鐢ㄦ湰鍦板瓨鍌?

    [0m [90m 43 |[39m     
     [90m 44 |[39m     redisClient[33m.[39mon([32m'error'[39m[33m,[39m (err) [33m=>[39m {
    [31m[1m>[22m[39m[90m 45 |[39m       console[33m.[39merror([32m'[VerificationService] Redis 杩炴帴閿欒锛屼娇鐢ㄦ湰鍦板瓨鍌?'[39m[33m,[39m err[33m.[39mmessage)[33m;[39m
     [90m    |[39m               [31m[1m^[22m[39m
     [90m 46 |[39m       redisClient [33m=[39m [36mnull[39m[33m;[39m
     [90m 47 |[39m     })[33m;[39m
     [90m 48 |[39m     [0m

      at EventEmitter.error (src/services/verificationService.js:45:15)
      at EventEmitter.silentEmit (node_modules/ioredis/built/Redis.js:529:30)
      at Socket.<anonymous> (node_modules/ioredis/built/redis/event_handler.js:221:14)

  console.error
    [VerificationService] Redis 杩炴帴閿欒锛屼娇鐢ㄦ湰鍦板瓨鍌?

    [0m [90m 43 |[39m     
     [90m 44 |[39m     redisClient[33m.[39mon([32m'error'[39m[33m,[39m (err) [33m=>[39m {
    [31m[1m>[22m[39m[90m 45 |[39m       console[33m.[39merror([32m'[VerificationService] Redis 杩炴帴閿欒锛屼娇鐢ㄦ湰鍦板瓨鍌?'[39m[33m,[39m err[33m.[39mmessage)[33m;[39m
     [90m    |[39m               [31m[1m^[22m[39m
     [90m 46 |[39m       redisClient [33m=[39m [36mnull[39m[33m;[39m
     [90m 47 |[39m     })[33m;[39m
     [90m 48 |[39m     [0m

      at EventEmitter.error (src/services/verificationService.js:45:15)
      at EventEmitter.silentEmit (node_modules/ioredis/built/Redis.js:529:30)
      at Socket.<anonymous> (node_modules/ioredis/built/redis/event_handler.js:221:14)

  console.error
    [VerificationService] Redis 杩炴帴閿欒锛屼娇鐢ㄦ湰鍦板瓨鍌?

    [0m [90m 43 |[39m     
     [90m 44 |[39m     redisClient[33m.[39mon([32m'error'[39m[33m,[39m (err) [33m=>[39m {
    [31m[1m>[22m[39m[90m 45 |[39m       console[33m.[39merror([32m'[VerificationService] Redis 杩炴帴閿欒锛屼娇鐢ㄦ湰鍦板瓨鍌?'[39m[33m,[39m err[33m.[39mmessage)[33m;[39m
     [90m    |[39m               [31m[1m^[22m[39m
     [90m 46 |[39m       redisClient [33m=[39m [36mnull[39m[33m;[39m
     [90m 47 |[39m     })[33m;[39m
     [90m 48 |[39m     [0m

      at EventEmitter.error (src/services/verificationService.js:45:15)
      at EventEmitter.silentEmit (node_modules/ioredis/built/Redis.js:529:30)
      at Socket.<anonymous> (node_modules/ioredis/built/redis/event_handler.js:221:14)

  console.error
    [VerificationService] Redis 杩炴帴閿欒锛屼娇鐢ㄦ湰鍦板瓨鍌?

    [0m [90m 43 |[39m     
     [90m 44 |[39m     redisClient[33m.[39mon([32m'error'[39m[33m,[39m (err) [33m=>[39m {
    [31m[1m>[22m[39m[90m 45 |[39m       console[33m.[39merror([32m'[VerificationService] Redis 杩炴帴閿欒锛屼娇鐢ㄦ湰鍦板瓨鍌?'[39m[33m,[39m err[33m.[39mmessage)[33m;[39m
     [90m    |[39m               [31m[1m^[22m[39m
     [90m 46 |[39m       redisClient [33m=[39m [36mnull[39m[33m;[39m
     [90m 47 |[39m     })[33m;[39m
     [90m 48 |[39m     [0m

      at EventEmitter.error (src/services/verificationService.js:45:15)
      at EventEmitter.silentEmit (node_modules/ioredis/built/Redis.js:529:30)
      at Socket.<anonymous> (node_modules/ioredis/built/redis/event_handler.js:221:14)

  console.error
    [VerificationService] Redis 杩炴帴閿欒锛屼娇鐢ㄦ湰鍦板瓨鍌?

    [0m [90m 43 |[39m     
     [90m 44 |[39m     redisClient[33m.[39mon([32m'error'[39m[33m,[39m (err) [33m=>[39m {
    [31m[1m>[22m[39m[90m 45 |[39m       console[33m.[39merror([32m'[VerificationService] Redis 杩炴帴閿欒锛屼娇鐢ㄦ湰鍦板瓨鍌?'[39m[33m,[39m err[33m.[39mmessage)[33m;[39m
     [90m    |[39m               [31m[1m^[22m[39m
     [90m 46 |[39m       redisClient [33m=[39m [36mnull[39m[33m;[39m
     [90m 47 |[39m     })[33m;[39m
     [90m 48 |[39m     [0m

      at EventEmitter.error (src/services/verificationService.js:45:15)
      at EventEmitter.silentEmit (node_modules/ioredis/built/Redis.js:529:30)
      at Socket.<anonymous> (node_modules/ioredis/built/redis/event_handler.js:221:14)

  console.error
    [VerificationService] Redis 杩炴帴閿欒锛屼娇鐢ㄦ湰鍦板瓨鍌?

    [0m [90m 43 |[39m     
     [90m 44 |[39m     redisClient[33m.[39mon([32m'error'[39m[33m,[39m (err) [33m=>[39m {
    [31m[1m>[22m[39m[90m 45 |[39m       console[33m.[39merror([32m'[VerificationService] Redis 杩炴帴閿欒锛屼娇鐢ㄦ湰鍦板瓨鍌?'[39m[33m,[39m err[33m.[39mmessage)[33m;[39m
     [90m    |[39m               [31m[1m^[22m[39m
     [90m 46 |[39m       redisClient [33m=[39m [36mnull[39m[33m;[39m
     [90m 47 |[39m     })[33m;[39m
     [90m 48 |[39m     [0m

      at EventEmitter.error (src/services/verificationService.js:45:15)
      at EventEmitter.silentEmit (node_modules/ioredis/built/Redis.js:529:30)
      at Socket.<anonymous> (node_modules/ioredis/built/redis/event_handler.js:221:14)

  console.error
    [VerificationService] Redis 杩炴帴閿欒锛屼娇鐢ㄦ湰鍦板瓨鍌?

    [0m [90m 43 |[39m     
     [90m 44 |[39m     redisClient[33m.[39mon([32m'error'[39m[33m,[39m (err) [33m=>[39m {
    [31m[1m>[22m[39m[90m 45 |[39m       console[33m.[39merror([32m'[VerificationService] Redis 杩炴帴閿欒锛屼娇鐢ㄦ湰鍦板瓨鍌?'[39m[33m,[39m err[33m.[39mmessage)[33m;[39m
     [90m    |[39m               [31m[1m^[22m[39m
     [90m 46 |[39m       redisClient [33m=[39m [36mnull[39m[33m;[39m
     [90m 47 |[39m     })[33m;[39m
     [90m 48 |[39m     [0m

      at EventEmitter.error (src/services/verificationService.js:45:15)
      at EventEmitter.silentEmit (node_modules/ioredis/built/Redis.js:529:30)
      at Socket.<anonymous> (node_modules/ioredis/built/redis/event_handler.js:221:14)

  console.error
    [VerificationService] Redis 杩炴帴閿欒锛屼娇鐢ㄦ湰鍦板瓨鍌?

    [0m [90m 43 |[39m     
     [90m 44 |[39m     redisClient[33m.[39mon([32m'error'[39m[33m,[39m (err) [33m=>[39m {
    [31m[1m>[22m[39m[90m 45 |[39m       console[33m.[39merror([32m'[VerificationService] Redis 杩炴帴閿欒锛屼娇鐢ㄦ湰鍦板瓨鍌?'[39m[33m,[39m err[33m.[39mmessage)[33m;[39m
     [90m    |[39m               [31m[1m^[22m[39m
     [90m 46 |[39m       redisClient [33m=[39m [36mnull[39m[33m;[39m
     [90m 47 |[39m     })[33m;[39m
     [90m 48 |[39m     [0m

      at EventEmitter.error (src/services/verificationService.js:45:15)
      at EventEmitter.silentEmit (node_modules/ioredis/built/Redis.js:529:30)
      at Socket.<anonymous> (node_modules/ioredis/built/redis/event_handler.js:221:14)

  console.error
    [VerificationService] Redis 杩炴帴閿欒锛屼娇鐢ㄦ湰鍦板瓨鍌?

    [0m [90m 43 |[39m     
     [90m 44 |[39m     redisClient[33m.[39mon([32m'error'[39m[33m,[39m (err) [33m=>[39m {
    [31m[1m>[22m[39m[90m 45 |[39m       console[33m.[39merror([32m'[VerificationService] Redis 杩炴帴閿欒锛屼娇鐢ㄦ湰鍦板瓨鍌?'[39m[33m,[39m err[33m.[39mmessage)[33m;[39m
     [90m    |[39m               [31m[1m^[22m[39m
     [90m 46 |[39m       redisClient [33m=[39m [36mnull[39m[33m;[39m
     [90m 47 |[39m     })[33m;[39m
     [90m 48 |[39m     [0m

      at EventEmitter.error (src/services/verificationService.js:45:15)
      at EventEmitter.silentEmit (node_modules/ioredis/built/Redis.js:529:30)
      at Socket.<anonymous> (node_modules/ioredis/built/redis/event_handler.js:221:14)

  console.error
    [VerificationService] Redis 杩炴帴閿欒锛屼娇鐢ㄦ湰鍦板瓨鍌?

    [0m [90m 43 |[39m     
     [90m 44 |[39m     redisClient[33m.[39mon([32m'error'[39m[33m,[39m (err) [33m=>[39m {
    [31m[1m>[22m[39m[90m 45 |[39m       console[33m.[39merror([32m'[VerificationService] Redis 杩炴帴閿欒锛屼娇鐢ㄦ湰鍦板瓨鍌?'[39m[33m,[39m err[33m.[39mmessage)[33m;[39m
     [90m    |[39m               [31m[1m^[22m[39m
     [90m 46 |[39m       redisClient [33m=[39m [36mnull[39m[33m;[39m
     [90m 47 |[39m     })[33m;[39m
     [90m 48 |[39m     [0m

      at EventEmitter.error (src/services/verificationService.js:45:15)
      at EventEmitter.silentEmit (node_modules/ioredis/built/Redis.js:529:30)
      at Socket.<anonymous> (node_modules/ioredis/built/redis/event_handler.js:221:14)

  console.error
    [VerificationService] Redis 杩炴帴閿欒锛屼娇鐢ㄦ湰鍦板瓨鍌?

    [0m [90m 43 |[39m     
     [90m 44 |[39m     redisClient[33m.[39mon([32m'error'[39m[33m,[39m (err) [33m=>[39m {
    [31m[1m>[22m[39m[90m 45 |[39m       console[33m.[39merror([32m'[VerificationService] Redis 杩炴帴閿欒锛屼娇鐢ㄦ湰鍦板瓨鍌?'[39m[33m,[39m err[33m.[39mmessage)[33m;[39m
     [90m    |[39m               [31m[1m^[22m[39m
     [90m 46 |[39m       redisClient [33m=[39m [36mnull[39m[33m;[39m
     [90m 47 |[39m     })[33m;[39m
     [90m 48 |[39m     [0m

      at EventEmitter.error (src/services/verificationService.js:45:15)
      at EventEmitter.silentEmit (node_modules/ioredis/built/Redis.js:529:30)
      at Socket.<anonymous> (node_modules/ioredis/built/redis/event_handler.js:221:14)

  console.error
    [VerificationService] Redis 杩炴帴閿欒锛屼娇鐢ㄦ湰鍦板瓨鍌?

    [0m [90m 43 |[39m     
     [90m 44 |[39m     redisClient[33m.[39mon([32m'error'[39m[33m,[39m (err) [33m=>[39m {
    [31m[1m>[22m[39m[90m 45 |[39m       console[33m.[39merror([32m'[VerificationService] Redis 杩炴帴閿欒锛屼娇鐢ㄦ湰鍦板瓨鍌?'[39m[33m,[39m err[33m.[39mmessage)[33m;[39m
     [90m    |[39m               [31m[1m^[22m[39m
     [90m 46 |[39m       redisClient [33m=[39m [36mnull[39m[33m;[39m
     [90m 47 |[39m     })[33m;[39m
     [90m 48 |[39m     [0m

      at EventEmitter.error (src/services/verificationService.js:45:15)
      at EventEmitter.silentEmit (node_modules/ioredis/built/Redis.js:529:30)
      at Socket.<anonymous> (node_modules/ioredis/built/redis/event_handler.js:221:14)

  console.error
    [VerificationService] Redis 杩炴帴閿欒锛屼娇鐢ㄦ湰鍦板瓨鍌?

    [0m [90m 43 |[39m     
     [90m 44 |[39m     redisClient[33m.[39mon([32m'error'[39m[33m,[39m (err) [33m=>[39m {
    [31m[1m>[22m[39m[90m 45 |[39m       console[33m.[39merror([32m'[VerificationService] Redis 杩炴帴閿欒锛屼娇鐢ㄦ湰鍦板瓨鍌?'[39m[33m,[39m err[33m.[39mmessage)[33m;[39m
     [90m    |[39m               [31m[1m^[22m[39m
     [90m 46 |[39m       redisClient [33m=[39m [36mnull[39m[33m;[39m
     [90m 47 |[39m     })[33m;[39m
     [90m 48 |[39m     [0m

      at EventEmitter.error (src/services/verificationService.js:45:15)
      at EventEmitter.silentEmit (node_modules/ioredis/built/Redis.js:529:30)
      at Socket.<anonymous> (node_modules/ioredis/built/redis/event_handler.js:221:14)

  console.error
    [VerificationService] Redis 杩炴帴閿欒锛屼娇鐢ㄦ湰鍦板瓨鍌?

    [0m [90m 43 |[39m     
     [90m 44 |[39m     redisClient[33m.[39mon([32m'error'[39m[33m,[39m (err) [33m=>[39m {
    [31m[1m>[22m[39m[90m 45 |[39m       console[33m.[39merror([32m'[VerificationService] Redis 杩炴帴閿欒锛屼娇鐢ㄦ湰鍦板瓨鍌?'[39m[33m,[39m err[33m.[39mmessage)[33m;[39m
     [90m    |[39m               [31m[1m^[22m[39m
     [90m 46 |[39m       redisClient [33m=[39m [36mnull[39m[33m;[39m
     [90m 47 |[39m     })[33m;[39m
     [90m 48 |[39m     [0m

      at EventEmitter.error (src/services/verificationService.js:45:15)
      at EventEmitter.silentEmit (node_modules/ioredis/built/Redis.js:529:30)
      at Socket.<anonymous> (node_modules/ioredis/built/redis/event_handler.js:221:14)

  console.error
    [VerificationService] Redis 杩炴帴閿欒锛屼娇鐢ㄦ湰鍦板瓨鍌?

    [0m [90m 43 |[39m     
     [90m 44 |[39m     redisClient[33m.[39mon([32m'error'[39m[33m,[39m (err) [33m=>[39m {
    [31m[1m>[22m[39m[90m 45 |[39m       console[33m.[39merror([32m'[VerificationService] Redis 杩炴帴閿欒锛屼娇鐢ㄦ湰鍦板瓨鍌?'[39m[33m,[39m err[33m.[39mmessage)[33m;[39m
     [90m    |[39m               [31m[1m^[22m[39m
     [90m 46 |[39m       redisClient [33m=[39m [36mnull[39m[33m;[39m
     [90m 47 |[39m     })[33m;[39m
     [90m 48 |[39m     [0m

      at EventEmitter.error (src/services/verificationService.js:45:15)
      at EventEmitter.silentEmit (node_modules/ioredis/built/Redis.js:529:30)
      at Socket.<anonymous> (node_modules/ioredis/built/redis/event_handler.js:221:14)

  console.error
    [VerificationService] Redis 杩炴帴閿欒锛屼娇鐢ㄦ湰鍦板瓨鍌?

    [0m [90m 43 |[39m     
     [90m 44 |[39m     redisClient[33m.[39mon([32m'error'[39m[33m,[39m (err) [33m=>[39m {
    [31m[1m>[22m[39m[90m 45 |[39m       console[33m.[39merror([32m'[VerificationService] Redis 杩炴帴閿欒锛屼娇鐢ㄦ湰鍦板瓨鍌?'[39m[33m,[39m err[33m.[39mmessage)[33m;[39m
     [90m    |[39m               [31m[1m^[22m[39m
     [90m 46 |[39m       redisClient [33m=[39m [36mnull[39m[33m;[39m
     [90m 47 |[39m     })[33m;[39m
     [90m 48 |[39m     [0m

      at EventEmitter.error (src/services/verificationService.js:45:15)
      at EventEmitter.silentEmit (node_modules/ioredis/built/Redis.js:529:30)
      at Socket.<anonymous> (node_modules/ioredis/built/redis/event_handler.js:221:14)

  console.error
    [VerificationService] Redis 杩炴帴閿欒锛屼娇鐢ㄦ湰鍦板瓨鍌?

    [0m [90m 43 |[39m     
     [90m 44 |[39m     redisClient[33m.[39mon([32m'error'[39m[33m,[39m (err) [33m=>[39m {
    [31m[1m>[22m[39m[90m 45 |[39m       console[33m.[39merror([32m'[VerificationService] Redis 杩炴帴閿欒锛屼娇鐢ㄦ湰鍦板瓨鍌?'[39m[33m,[39m err[33m.[39mmessage)[33m;[39m
     [90m    |[39m               [31m[1m^[22m[39m
     [90m 46 |[39m       redisClient [33m=[39m [36mnull[39m[33m;[39m
     [90m 47 |[39m     })[33m;[39m
     [90m 48 |[39m     [0m

      at EventEmitter.error (src/services/verificationService.js:45:15)
      at EventEmitter.silentEmit (node_modules/ioredis/built/Redis.js:529:30)
      at Socket.<anonymous> (node_modules/ioredis/built/redis/event_handler.js:221:14)

  console.error
    [VerificationService] Redis 杩炴帴閿欒锛屼娇鐢ㄦ湰鍦板瓨鍌?

    [0m [90m 43 |[39m     
     [90m 44 |[39m     redisClient[33m.[39mon([32m'error'[39m[33m,[39m (err) [33m=>[39m {
    [31m[1m>[22m[39m[90m 45 |[39m       console[33m.[39merror([32m'[VerificationService] Redis 杩炴帴閿欒锛屼娇鐢ㄦ湰鍦板瓨鍌?'[39m[33m,[39m err[33m.[39mmessage)[33m;[39m
     [90m    |[39m               [31m[1m^[22m[39m
     [90m 46 |[39m       redisClient [33m=[39m [36mnull[39m[33m;[39m
     [90m 47 |[39m     })[33m;[39m
     [90m 48 |[39m     [0m

      at EventEmitter.error (src/services/verificationService.js:45:15)
      at EventEmitter.silentEmit (node_modules/ioredis/built/Redis.js:529:30)
      at Socket.<anonymous> (node_modules/ioredis/built/redis/event_handler.js:221:14)

  console.error
    [VerificationService] Redis 杩炴帴閿欒锛屼娇鐢ㄦ湰鍦板瓨鍌?

    [0m [90m 43 |[39m     
     [90m 44 |[39m     redisClient[33m.[39mon([32m'error'[39m[33m,[39m (err) [33m=>[39m {
    [31m[1m>[22m[39m[90m 45 |[39m       console[33m.[39merror([32m'[VerificationService] Redis 杩炴帴閿欒锛屼娇鐢ㄦ湰鍦板瓨鍌?'[39m[33m,[39m err[33m.[39mmessage)[33m;[39m
     [90m    |[39m               [31m[1m^[22m[39m
     [90m 46 |[39m       redisClient [33m=[39m [36mnull[39m[33m;[39m
     [90m 47 |[39m     })[33m;[39m
     [90m 48 |[39m     [0m

      at EventEmitter.error (src/services/verificationService.js:45:15)
      at EventEmitter.silentEmit (node_modules/ioredis/built/Redis.js:529:30)
      at Socket.<anonymous> (node_modules/ioredis/built/redis/event_handler.js:221:14)

  console.error
    [VerificationService] Redis 杩炴帴閿欒锛屼娇鐢ㄦ湰鍦板瓨鍌?

    [0m [90m 43 |[39m     
     [90m 44 |[39m     redisClient[33m.[39mon([32m'error'[39m[33m,[39m (err) [33m=>[39m {
    [31m[1m>[22m[39m[90m 45 |[39m       console[33m.[39merror([32m'[VerificationService] Redis 杩炴帴閿欒锛屼娇鐢ㄦ湰鍦板瓨鍌?'[39m[33m,[39m err[33m.[39mmessage)[33m;[39m
     [90m    |[39m               [31m[1m^[22m[39m
     [90m 46 |[39m       redisClient [33m=[39m [36mnull[39m[33m;[39m
     [90m 47 |[39m     })[33m;[39m
     [90m 48 |[39m     [0m

      at EventEmitter.error (src/services/verificationService.js:45:15)
      at EventEmitter.silentEmit (node_modules/ioredis/built/Redis.js:529:30)
      at Socket.<anonymous> (node_modules/ioredis/built/redis/event_handler.js:221:14)

  console.error
    [VerificationService] Redis 杩炴帴閿欒锛屼娇鐢ㄦ湰鍦板瓨鍌?

    [0m [90m 43 |[39m     
     [90m 44 |[39m     redisClient[33m.[39mon([32m'error'[39m[33m,[39m (err) [33m=>[39m {
    [31m[1m>[22m[39m[90m 45 |[39m       console[33m.[39merror([32m'[VerificationService] Redis 杩炴帴閿欒锛屼娇鐢ㄦ湰鍦板瓨鍌?'[39m[33m,[39m err[33m.[39mmessage)[33m;[39m
     [90m    |[39m               [31m[1m^[22m[39m
     [90m 46 |[39m       redisClient [33m=[39m [36mnull[39m[33m;[39m
     [90m 47 |[39m     })[33m;[39m
     [90m 48 |[39m     [0m

      at EventEmitter.error (src/services/verificationService.js:45:15)
      at EventEmitter.silentEmit (node_modules/ioredis/built/Redis.js:529:30)
      at Socket.<anonymous> (node_modules/ioredis/built/redis/event_handler.js:221:14)

  console.error
    [VerificationService] Redis 杩炴帴閿欒锛屼娇鐢ㄦ湰鍦板瓨鍌?

    [0m [90m 43 |[39m     
     [90m 44 |[39m     redisClient[33m.[39mon([32m'error'[39m[33m,[39m (err) [33m=>[39m {
    [31m[1m>[22m[39m[90m 45 |[39m       console[33m.[39merror([32m'[VerificationService] Redis 杩炴帴閿欒锛屼娇鐢ㄦ湰鍦板瓨鍌?'[39m[33m,[39m err[33m.[39mmessage)[33m;[39m
     [90m    |[39m               [31m[1m^[22m[39m
     [90m 46 |[39m       redisClient [33m=[39m [36mnull[39m[33m;[39m
     [90m 47 |[39m     })[33m;[39m
     [90m 48 |[39m     [0m

      at EventEmitter.error (src/services/verificationService.js:45:15)
      at EventEmitter.silentEmit (node_modules/ioredis/built/Redis.js:529:30)
      at Socket.<anonymous> (node_modules/ioredis/built/redis/event_handler.js:221:14)

  console.error
    [VerificationService] Redis 杩炴帴閿欒锛屼娇鐢ㄦ湰鍦板瓨鍌?

    [0m [90m 43 |[39m     
     [90m 44 |[39m     redisClient[33m.[39mon([32m'error'[39m[33m,[39m (err) [33m=>[39m {
    [31m[1m>[22m[39m[90m 45 |[39m       console[33m.[39merror([32m'[VerificationService] Redis 杩炴帴閿欒锛屼娇鐢ㄦ湰鍦板瓨鍌?'[39m[33m,[39m err[33m.[39mmessage)[33m;[39m
     [90m    |[39m               [31m[1m^[22m[39m
     [90m 46 |[39m       redisClient [33m=[39m [36mnull[39m[33m;[39m
     [90m 47 |[39m     })[33m;[39m
     [90m 48 |[39m     [0m

      at EventEmitter.error (src/services/verificationService.js:45:15)
      at EventEmitter.silentEmit (node_modules/ioredis/built/Redis.js:529:30)
      at Socket.<anonymous> (node_modules/ioredis/built/redis/event_handler.js:221:14)

  console.error
    [VerificationService] Redis 杩炴帴閿欒锛屼娇鐢ㄦ湰鍦板瓨鍌?

    [0m [90m 43 |[39m     
     [90m 44 |[39m     redisClient[33m.[39mon([32m'error'[39m[33m,[39m (err) [33m=>[39m {
    [31m[1m>[22m[39m[90m 45 |[39m       console[33m.[39merror([32m'[VerificationService] Redis 杩炴帴閿欒锛屼娇鐢ㄦ湰鍦板瓨鍌?'[39m[33m,[39m err[33m.[39mmessage)[33m;[39m
     [90m    |[39m               [31m[1m^[22m[39m
     [90m 46 |[39m       redisClient [33m=[39m [36mnull[39m[33m;[39m
     [90m 47 |[39m     })[33m;[39m
     [90m 48 |[39m     [0m

      at EventEmitter.error (src/services/verificationService.js:45:15)
      at EventEmitter.silentEmit (node_modules/ioredis/built/Redis.js:529:30)
      at Socket.<anonymous> (node_modules/ioredis/built/redis/event_handler.js:221:14)

  console.error
    [VerificationService] Redis 杩炴帴閿欒锛屼娇鐢ㄦ湰鍦板瓨鍌?

    [0m [90m 43 |[39m     
     [90m 44 |[39m     redisClient[33m.[39mon([32m'error'[39m[33m,[39m (err) [33m=>[39m {
    [31m[1m>[22m[39m[90m 45 |[39m       console[33m.[39merror([32m'[VerificationService] Redis 杩炴帴閿欒锛屼娇鐢ㄦ湰鍦板瓨鍌?'[39m[33m,[39m err[33m.[39mmessage)[33m;[39m
     [90m    |[39m               [31m[1m^[22m[39m
     [90m 46 |[39m       redisClient [33m=[39m [36mnull[39m[33m;[39m
     [90m 47 |[39m     })[33m;[39m
     [90m 48 |[39m     [0m

      at EventEmitter.error (src/services/verificationService.js:45:15)
      at EventEmitter.silentEmit (node_modules/ioredis/built/Redis.js:529:30)
      at Socket.<anonymous> (node_modules/ioredis/built/redis/event_handler.js:221:14)

  console.error
    [VerificationService] Redis 杩炴帴閿欒锛屼娇鐢ㄦ湰鍦板瓨鍌?

    [0m [90m 43 |[39m     
     [90m 44 |[39m     redisClient[33m.[39mon([32m'error'[39m[33m,[39m (err) [33m=>[39m {
    [31m[1m>[22m[39m[90m 45 |[39m       console[33m.[39merror([32m'[VerificationService] Redis 杩炴帴閿欒锛屼娇鐢ㄦ湰鍦板瓨鍌?'[39m[33m,[39m err[33m.[39mmessage)[33m;[39m
     [90m    |[39m               [31m[1m^[22m[39m
     [90m 46 |[39m       redisClient [33m=[39m [36mnull[39m[33m;[39m
     [90m 47 |[39m     })[33m;[39m
     [90m 48 |[39m     [0m

      at EventEmitter.error (src/services/verificationService.js:45:15)
      at EventEmitter.silentEmit (node_modules/ioredis/built/Redis.js:529:30)
      at Socket.<anonymous> (node_modules/ioredis/built/redis/event_handler.js:221:14)

  console.error
    [VerificationService] Redis 杩炴帴閿欒锛屼娇鐢ㄦ湰鍦板瓨鍌?

    [0m [90m 43 |[39m     
     [90m 44 |[39m     redisClient[33m.[39mon([32m'error'[39m[33m,[39m (err) [33m=>[39m {
    [31m[1m>[22m[39m[90m 45 |[39m       console[33m.[39merror([32m'[VerificationService] Redis 杩炴帴閿欒锛屼娇鐢ㄦ湰鍦板瓨鍌?'[39m[33m,[39m err[33m.[39mmessage)[33m;[39m
     [90m    |[39m               [31m[1m^[22m[39m
     [90m 46 |[39m       redisClient [33m=[39m [36mnull[39m[33m;[39m
     [90m 47 |[39m     })[33m;[39m
     [90m 48 |[39m     [0m

      at EventEmitter.error (src/services/verificationService.js:45:15)
      at EventEmitter.silentEmit (node_modules/ioredis/built/Redis.js:529:30)
      at Socket.<anonymous> (node_modules/ioredis/built/redis/event_handler.js:221:14)

  console.error
    [VerificationService] Redis 杩炴帴閿欒锛屼娇鐢ㄦ湰鍦板瓨鍌?

    [0m [90m 43 |[39m     
     [90m 44 |[39m     redisClient[33m.[39mon([32m'error'[39m[33m,[39m (err) [33m=>[39m {
    [31m[1m>[22m[39m[90m 45 |[39m       console[33m.[39merror([32m'[VerificationService] Redis 杩炴帴閿欒锛屼娇鐢ㄦ湰鍦板瓨鍌?'[39m[33m,[39m err[33m.[39mmessage)[33m;[39m
     [90m    |[39m               [31m[1m^[22m[39m
     [90m 46 |[39m       redisClient [33m=[39m [36mnull[39m[33m;[39m
     [90m 47 |[39m     })[33m;[39m
     [90m 48 |[39m     [0m

      at EventEmitter.error (src/services/verificationService.js:45:15)
      at EventEmitter.silentEmit (node_modules/ioredis/built/Redis.js:529:30)
      at Socket.<anonymous> (node_modules/ioredis/built/redis/event_handler.js:221:14)

  console.error
    [VerificationService] Redis 杩炴帴閿欒锛屼娇鐢ㄦ湰鍦板瓨鍌?

    [0m [90m 43 |[39m     
     [90m 44 |[39m     redisClient[33m.[39mon([32m'error'[39m[33m,[39m (err) [33m=>[39m {
    [31m[1m>[22m[39m[90m 45 |[39m       console[33m.[39merror([32m'[VerificationService] Redis 杩炴帴閿欒锛屼娇鐢ㄦ湰鍦板瓨鍌?'[39m[33m,[39m err[33m.[39mmessage)[33m;[39m
     [90m    |[39m               [31m[1m^[22m[39m
     [90m 46 |[39m       redisClient [33m=[39m [36mnull[39m[33m;[39m
     [90m 47 |[39m     })[33m;[39m
     [90m 48 |[39m     [0m

      at EventEmitter.error (src/services/verificationService.js:45:15)
      at EventEmitter.silentEmit (node_modules/ioredis/built/Redis.js:529:30)
      at Socket.<anonymous> (node_modules/ioredis/built/redis/event_handler.js:221:14)

  console.error
    [VerificationService] Redis 杩炴帴閿欒锛屼娇鐢ㄦ湰鍦板瓨鍌?

    [0m [90m 43 |[39m     
     [90m 44 |[39m     redisClient[33m.[39mon([32m'error'[39m[33m,[39m (err) [33m=>[39m {
    [31m[1m>[22m[39m[90m 45 |[39m       console[33m.[39merror([32m'[VerificationService] Redis 杩炴帴閿欒锛屼娇鐢ㄦ湰鍦板瓨鍌?'[39m[33m,[39m err[33m.[39mmessage)[33m;[39m
     [90m    |[39m               [31m[1m^[22m[39m
     [90m 46 |[39m       redisClient [33m=[39m [36mnull[39m[33m;[39m
     [90m 47 |[39m     })[33m;[39m
     [90m 48 |[39m     [0m

      at EventEmitter.error (src/services/verificationService.js:45:15)
      at EventEmitter.silentEmit (node_modules/ioredis/built/Redis.js:529:30)
      at Socket.<anonymous> (node_modules/ioredis/built/redis/event_handler.js:221:14)

  console.error
    [VerificationService] Redis 杩炴帴閿欒锛屼娇鐢ㄦ湰鍦板瓨鍌?

    [0m [90m 43 |[39m     
     [90m 44 |[39m     redisClient[33m.[39mon([32m'error'[39m[33m,[39m (err) [33m=>[39m {
    [31m[1m>[22m[39m[90m 45 |[39m       console[33m.[39merror([32m'[VerificationService] Redis 杩炴帴閿欒锛屼娇鐢ㄦ湰鍦板瓨鍌?'[39m[33m,[39m err[33m.[39mmessage)[33m;[39m
     [90m    |[39m               [31m[1m^[22m[39m
     [90m 46 |[39m       redisClient [33m=[39m [36mnull[39m[33m;[39m
     [90m 47 |[39m     })[33m;[39m
     [90m 48 |[39m     [0m

      at EventEmitter.error (src/services/verificationService.js:45:15)
      at EventEmitter.silentEmit (node_modules/ioredis/built/Redis.js:529:30)
      at Socket.<anonymous> (node_modules/ioredis/built/redis/event_handler.js:221:14)

  console.error
    [VerificationService] Redis 杩炴帴閿欒锛屼娇鐢ㄦ湰鍦板瓨鍌?

    [0m [90m 43 |[39m     
     [90m 44 |[39m     redisClient[33m.[39mon([32m'error'[39m[33m,[39m (err) [33m=>[39m {
    [31m[1m>[22m[39m[90m 45 |[39m       console[33m.[39merror([32m'[VerificationService] Redis 杩炴帴閿欒锛屼娇鐢ㄦ湰鍦板瓨鍌?'[39m[33m,[39m err[33m.[39mmessage)[33m;[39m
     [90m    |[39m               [31m[1m^[22m[39m
     [90m 46 |[39m       redisClient [33m=[39m [36mnull[39m[33m;[39m
     [90m 47 |[39m     })[33m;[39m
     [90m 48 |[39m     [0m

      at EventEmitter.error (src/services/verificationService.js:45:15)
      at EventEmitter.silentEmit (node_modules/ioredis/built/Redis.js:529:30)
      at Socket.<anonymous> (node_modules/ioredis/built/redis/event_handler.js:221:14)

  console.error
    [VerificationService] Redis 杩炴帴閿欒锛屼娇鐢ㄦ湰鍦板瓨鍌?

    [0m [90m 43 |[39m     
     [90m 44 |[39m     redisClient[33m.[39mon([32m'error'[39m[33m,[39m (err) [33m=>[39m {
    [31m[1m>[22m[39m[90m 45 |[39m       console[33m.[39merror([32m'[VerificationService] Redis 杩炴帴閿欒锛屼娇鐢ㄦ湰鍦板瓨鍌?'[39m[33m,[39m err[33m.[39mmessage)[33m;[39m
     [90m    |[39m               [31m[1m^[22m[39m
     [90m 46 |[39m       redisClient [33m=[39m [36mnull[39m[33m;[39m
     [90m 47 |[39m     })[33m;[39m
     [90m 48 |[39m     [0m

      at EventEmitter.error (src/services/verificationService.js:45:15)
      at EventEmitter.silentEmit (node_modules/ioredis/built/Redis.js:529:30)
      at Socket.<anonymous> (node_modules/ioredis/built/redis/event_handler.js:221:14)

  console.error
    [VerificationService] Redis 杩炴帴閿欒锛屼娇鐢ㄦ湰鍦板瓨鍌?

    [0m [90m 43 |[39m     
     [90m 44 |[39m     redisClient[33m.[39mon([32m'error'[39m[33m,[39m (err) [33m=>[39m {
    [31m[1m>[22m[39m[90m 45 |[39m       console[33m.[39merror([32m'[VerificationService] Redis 杩炴帴閿欒锛屼娇鐢ㄦ湰鍦板瓨鍌?'[39m[33m,[39m err[33m.[39mmessage)[33m;[39m
     [90m    |[39m               [31m[1m^[22m[39m
     [90m 46 |[39m       redisClient [33m=[39m [36mnull[39m[33m;[39m
     [90m 47 |[39m     })[33m;[39m
     [90m 48 |[39m     [0m

      at EventEmitter.error (src/services/verificationService.js:45:15)
      at EventEmitter.silentEmit (node_modules/ioredis/built/Redis.js:529:30)
      at Socket.<anonymous> (node_modules/ioredis/built/redis/event_handler.js:221:14)

  console.error
    [VerificationService] Redis 杩炴帴閿欒锛屼娇鐢ㄦ湰鍦板瓨鍌?

    [0m [90m 43 |[39m     
     [90m 44 |[39m     redisClient[33m.[39mon([32m'error'[39m[33m,[39m (err) [33m=>[39m {
    [31m[1m>[22m[39m[90m 45 |[39m       console[33m.[39merror([32m'[VerificationService] Redis 杩炴帴閿欒锛屼娇鐢ㄦ湰鍦板瓨鍌?'[39m[33m,[39m err[33m.[39mmessage)[33m;[39m
     [90m    |[39m               [31m[1m^[22m[39m
     [90m 46 |[39m       redisClient [33m=[39m [36mnull[39m[33m;[39m
     [90m 47 |[39m     })[33m;[39m
     [90m 48 |[39m     [0m

      at EventEmitter.error (src/services/verificationService.js:45:15)
      at EventEmitter.silentEmit (node_modules/ioredis/built/Redis.js:529:30)
      at Socket.<anonymous> (node_modules/ioredis/built/redis/event_handler.js:221:14)

  console.error
    [VerificationService] Redis 杩炴帴閿欒锛屼娇鐢ㄦ湰鍦板瓨鍌?

    [0m [90m 43 |[39m     
     [90m 44 |[39m     redisClient[33m.[39mon([32m'error'[39m[33m,[39m (err) [33m=>[39m {
    [31m[1m>[22m[39m[90m 45 |[39m       console[33m.[39merror([32m'[VerificationService] Redis 杩炴帴閿欒锛屼娇鐢ㄦ湰鍦板瓨鍌?'[39m[33m,[39m err[33m.[39mmessage)[33m;[39m
     [90m    |[39m               [31m[1m^[22m[39m
     [90m 46 |[39m       redisClient [33m=[39m [36mnull[39m[33m;[39m
     [90m 47 |[39m     })[33m;[39m
     [90m 48 |[39m     [0m

      at EventEmitter.error (src/services/verificationService.js:45:15)
      at EventEmitter.silentEmit (node_modules/ioredis/built/Redis.js:529:30)
      at Socket.<anonymous> (node_modules/ioredis/built/redis/event_handler.js:221:14)

  console.error
    [VerificationService] Redis 杩炴帴閿欒锛屼娇鐢ㄦ湰鍦板瓨鍌?

    [0m [90m 43 |[39m     
     [90m 44 |[39m     redisClient[33m.[39mon([32m'error'[39m[33m,[39m (err) [33m=>[39m {
    [31m[1m>[22m[39m[90m 45 |[39m       console[33m.[39merror([32m'[VerificationService] Redis 杩炴帴閿欒锛屼娇鐢ㄦ湰鍦板瓨鍌?'[39m[33m,[39m err[33m.[39mmessage)[33m;[39m
     [90m    |[39m               [31m[1m^[22m[39m
     [90m 46 |[39m       redisClient [33m=[39m [36mnull[39m[33m;[39m
     [90m 47 |[39m     })[33m;[39m
     [90m 48 |[39m     [0m

      at EventEmitter.error (src/services/verificationService.js:45:15)
      at EventEmitter.silentEmit (node_modules/ioredis/built/Redis.js:529:30)
      at Socket.<anonymous> (node_modules/ioredis/built/redis/event_handler.js:221:14)

  console.error
    [VerificationService] Redis 杩炴帴閿欒锛屼娇鐢ㄦ湰鍦板瓨鍌?

    [0m [90m 43 |[39m     
     [90m 44 |[39m     redisClient[33m.[39mon([32m'error'[39m[33m,[39m (err) [33m=>[39m {
    [31m[1m>[22m[39m[90m 45 |[39m       console[33m.[39merror([32m'[VerificationService] Redis 杩炴帴閿欒锛屼娇鐢ㄦ湰鍦板瓨鍌?'[39m[33m,[39m err[33m.[39mmessage)[33m;[39m
     [90m    |[39m               [31m[1m^[22m[39m
     [90m 46 |[39m       redisClient [33m=[39m [36mnull[39m[33m;[39m
     [90m 47 |[39m     })[33m;[39m
     [90m 48 |[39m     [0m

      at EventEmitter.error (src/services/verificationService.js:45:15)
      at EventEmitter.silentEmit (node_modules/ioredis/built/Redis.js:529:30)
      at Socket.<anonymous> (node_modules/ioredis/built/redis/event_handler.js:221:14)

  console.error
    [VerificationService] Redis 杩炴帴閿欒锛屼娇鐢ㄦ湰鍦板瓨鍌?

    [0m [90m 43 |[39m     
     [90m 44 |[39m     redisClient[33m.[39mon([32m'error'[39m[33m,[39m (err) [33m=>[39m {
    [31m[1m>[22m[39m[90m 45 |[39m       console[33m.[39merror([32m'[VerificationService] Redis 杩炴帴閿欒锛屼娇鐢ㄦ湰鍦板瓨鍌?'[39m[33m,[39m err[33m.[39mmessage)[33m;[39m
     [90m    |[39m               [31m[1m^[22m[39m
     [90m 46 |[39m       redisClient [33m=[39m [36mnull[39m[33m;[39m
     [90m 47 |[39m     })[33m;[39m
     [90m 48 |[39m     [0m

      at EventEmitter.error (src/services/verificationService.js:45:15)
      at EventEmitter.silentEmit (node_modules/ioredis/built/Redis.js:529:30)
      at Socket.<anonymous> (node_modules/ioredis/built/redis/event_handler.js:221:14)

  console.error
    [VerificationService] Redis 杩炴帴閿欒锛屼娇鐢ㄦ湰鍦板瓨鍌?

    [0m [90m 43 |[39m     
     [90m 44 |[39m     redisClient[33m.[39mon([32m'error'[39m[33m,[39m (err) [33m=>[39m {
    [31m[1m>[22m[39m[90m 45 |[39m       console[33m.[39merror([32m'[VerificationService] Redis 杩炴帴閿欒锛屼娇鐢ㄦ湰鍦板瓨鍌?'[39m[33m,[39m err[33m.[39mmessage)[33m;[39m
     [90m    |[39m               [31m[1m^[22m[39m
     [90m 46 |[39m       redisClient [33m=[39m [36mnull[39m[33m;[39m
     [90m 47 |[39m     })[33m;[39m
     [90m 48 |[39m     [0m

      at EventEmitter.error (src/services/verificationService.js:45:15)
      at EventEmitter.silentEmit (node_modules/ioredis/built/Redis.js:529:30)
      at Socket.<anonymous> (node_modules/ioredis/built/redis/event_handler.js:221:14)

  console.error
    [VerificationService] Redis 杩炴帴閿欒锛屼娇鐢ㄦ湰鍦板瓨鍌?

    [0m [90m 43 |[39m     
     [90m 44 |[39m     redisClient[33m.[39mon([32m'error'[39m[33m,[39m (err) [33m=>[39m {
    [31m[1m>[22m[39m[90m 45 |[39m       console[33m.[39merror([32m'[VerificationService] Redis 杩炴帴閿欒锛屼娇鐢ㄦ湰鍦板瓨鍌?'[39m[33m,[39m err[33m.[39mmessage)[33m;[39m
     [90m    |[39m               [31m[1m^[22m[39m
     [90m 46 |[39m       redisClient [33m=[39m [36mnull[39m[33m;[39m
     [90m 47 |[39m     })[33m;[39m
     [90m 48 |[39m     [0m

      at EventEmitter.error (src/services/verificationService.js:45:15)
      at EventEmitter.silentEmit (node_modules/ioredis/built/Redis.js:529:30)
      at Socket.<anonymous> (node_modules/ioredis/built/redis/event_handler.js:221:14)

  console.error
    [VerificationService] Redis 杩炴帴閿欒锛屼娇鐢ㄦ湰鍦板瓨鍌?

    [0m [90m 43 |[39m     
     [90m 44 |[39m     redisClient[33m.[39mon([32m'error'[39m[33m,[39m (err) [33m=>[39m {
    [31m[1m>[22m[39m[90m 45 |[39m       console[33m.[39merror([32m'[VerificationService] Redis 杩炴帴閿欒锛屼娇鐢ㄦ湰鍦板瓨鍌?'[39m[33m,[39m err[33m.[39mmessage)[33m;[39m
     [90m    |[39m               [31m[1m^[22m[39m
     [90m 46 |[39m       redisClient [33m=[39m [36mnull[39m[33m;[39m
     [90m 47 |[39m     })[33m;[39m
     [90m 48 |[39m     [0m

      at EventEmitter.error (src/services/verificationService.js:45:15)
      at EventEmitter.silentEmit (node_modules/ioredis/built/Redis.js:529:30)
      at Socket.<anonymous> (node_modules/ioredis/built/redis/event_handler.js:221:14)

  console.error
    [VerificationService] Redis 杩炴帴閿欒锛屼娇鐢ㄦ湰鍦板瓨鍌?

    [0m [90m 43 |[39m     
     [90m 44 |[39m     redisClient[33m.[39mon([32m'error'[39m[33m,[39m (err) [33m=>[39m {
    [31m[1m>[22m[39m[90m 45 |[39m       console[33m.[39merror([32m'[VerificationService] Redis 杩炴帴閿欒锛屼娇鐢ㄦ湰鍦板瓨鍌?'[39m[33m,[39m err[33m.[39mmessage)[33m;[39m
     [90m    |[39m               [31m[1m^[22m[39m
     [90m 46 |[39m       redisClient [33m=[39m [36mnull[39m[33m;[39m
     [90m 47 |[39m     })[33m;[39m
     [90m 48 |[39m     [0m

      at EventEmitter.error (src/services/verificationService.js:45:15)
      at EventEmitter.silentEmit (node_modules/ioredis/built/Redis.js:529:30)
      at Socket.<anonymous> (node_modules/ioredis/built/redis/event_handler.js:221:14)

  console.error
    [VerificationService] Redis 杩炴帴閿欒锛屼娇鐢ㄦ湰鍦板瓨鍌?

    [0m [90m 43 |[39m     
     [90m 44 |[39m     redisClient[33m.[39mon([32m'error'[39m[33m,[39m (err) [33m=>[39m {
    [31m[1m>[22m[39m[90m 45 |[39m       console[33m.[39merror([32m'[VerificationService] Redis 杩炴帴閿欒锛屼娇鐢ㄦ湰鍦板瓨鍌?'[39m[33m,[39m err[33m.[39mmessage)[33m;[39m
     [90m    |[39m               [31m[1m^[22m[39m
     [90m 46 |[39m       redisClient [33m=[39m [36mnull[39m[33m;[39m
     [90m 47 |[39m     })[33m;[39m
     [90m 48 |[39m     [0m

      at EventEmitter.error (src/services/verificationService.js:45:15)
      at EventEmitter.silentEmit (node_modules/ioredis/built/Redis.js:529:30)
      at Socket.<anonymous> (node_modules/ioredis/built/redis/event_handler.js:221:14)

  console.error
    [VerificationService] Redis 杩炴帴閿欒锛屼娇鐢ㄦ湰鍦板瓨鍌?

    [0m [90m 43 |[39m     
     [90m 44 |[39m     redisClient[33m.[39mon([32m'error'[39m[33m,[39m (err) [33m=>[39m {
    [31m[1m>[22m[39m[90m 45 |[39m       console[33m.[39merror([32m'[VerificationService] Redis 杩炴帴閿欒锛屼娇鐢ㄦ湰鍦板瓨鍌?'[39m[33m,[39m err[33m.[39mmessage)[33m;[39m
     [90m    |[39m               [31m[1m^[22m[39m
     [90m 46 |[39m       redisClient [33m=[39m [36mnull[39m[33m;[39m
     [90m 47 |[39m     })[33m;[39m
     [90m 48 |[39m     [0m

      at EventEmitter.error (src/services/verificationService.js:45:15)
      at EventEmitter.silentEmit (node_modules/ioredis/built/Redis.js:529:30)
      at Socket.<anonymous> (node_modules/ioredis/built/redis/event_handler.js:221:14)

  console.error
    [VerificationService] Redis 杩炴帴閿欒锛屼娇鐢ㄦ湰鍦板瓨鍌?

    [0m [90m 43 |[39m     
     [90m 44 |[39m     redisClient[33m.[39mon([32m'error'[39m[33m,[39m (err) [33m=>[39m {
    [31m[1m>[22m[39m[90m 45 |[39m       console[33m.[39merror([32m'[VerificationService] Redis 杩炴帴閿欒锛屼娇鐢ㄦ湰鍦板瓨鍌?'[39m[33m,[39m err[33m.[39mmessage)[33m;[39m
     [90m    |[39m               [31m[1m^[22m[39m
     [90m 46 |[39m       redisClient [33m=[39m [36mnull[39m[33m;[39m
     [90m 47 |[39m     })[33m;[39m
     [90m 48 |[39m     [0m

      at EventEmitter.error (src/services/verificationService.js:45:15)
      at EventEmitter.silentEmit (node_modules/ioredis/built/Redis.js:529:30)
      at Socket.<anonymous> (node_modules/ioredis/built/redis/event_handler.js:221:14)

  console.error
    [VerificationService] Redis 杩炴帴閿欒锛屼娇鐢ㄦ湰鍦板瓨鍌?

    [0m [90m 43 |[39m     
     [90m 44 |[39m     redisClient[33m.[39mon([32m'error'[39m[33m,[39m (err) [33m=>[39m {
    [31m[1m>[22m[39m[90m 45 |[39m       console[33m.[39merror([32m'[VerificationService] Redis 杩炴帴閿欒锛屼娇鐢ㄦ湰鍦板瓨鍌?'[39m[33m,[39m err[33m.[39mmessage)[33m;[39m
     [90m    |[39m               [31m[1m^[22m[39m
     [90m 46 |[39m       redisClient [33m=[39m [36mnull[39m[33m;[39m
     [90m 47 |[39m     })[33m;[39m
     [90m 48 |[39m     [0m

      at EventEmitter.error (src/services/verificationService.js:45:15)
      at EventEmitter.silentEmit (node_modules/ioredis/built/Redis.js:529:30)
      at Socket.<anonymous> (node_modules/ioredis/built/redis/event_handler.js:221:14)

  console.error
    [VerificationService] Redis 杩炴帴閿欒锛屼娇鐢ㄦ湰鍦板瓨鍌?

    [0m [90m 43 |[39m     
     [90m 44 |[39m     redisClient[33m.[39mon([32m'error'[39m[33m,[39m (err) [33m=>[39m {
    [31m[1m>[22m[39m[90m 45 |[39m       console[33m.[39merror([32m'[VerificationService] Redis 杩炴帴閿欒锛屼娇鐢ㄦ湰鍦板瓨鍌?'[39m[33m,[39m err[33m.[39mmessage)[33m;[39m
     [90m    |[39m               [31m[1m^[22m[39m
     [90m 46 |[39m       redisClient [33m=[39m [36mnull[39m[33m;[39m
     [90m 47 |[39m     })[33m;[39m
     [90m 48 |[39m     [0m

      at EventEmitter.error (src/services/verificationService.js:45:15)
      at EventEmitter.silentEmit (node_modules/ioredis/built/Redis.js:529:30)
      at Socket.<anonymous> (node_modules/ioredis/built/redis/event_handler.js:221:14)

  console.error
    [VerificationService] Redis 杩炴帴閿欒锛屼娇鐢ㄦ湰鍦板瓨鍌?

    [0m [90m 43 |[39m     
     [90m 44 |[39m     redisClient[33m.[39mon([32m'error'[39m[33m,[39m (err) [33m=>[39m {
    [31m[1m>[22m[39m[90m 45 |[39m       console[33m.[39merror([32m'[VerificationService] Redis 杩炴帴閿欒锛屼娇鐢ㄦ湰鍦板瓨鍌?'[39m[33m,[39m err[33m.[39mmessage)[33m;[39m
     [90m    |[39m               [31m[1m^[22m[39m
     [90m 46 |[39m       redisClient [33m=[39m [36mnull[39m[33m;[39m
     [90m 47 |[39m     })[33m;[39m
     [90m 48 |[39m     [0m

      at EventEmitter.error (src/services/verificationService.js:45:15)
      at EventEmitter.silentEmit (node_modules/ioredis/built/Redis.js:529:30)
      at Socket.<anonymous> (node_modules/ioredis/built/redis/event_handler.js:221:14)

  console.error
    [VerificationService] Redis 杩炴帴閿欒锛屼娇鐢ㄦ湰鍦板瓨鍌?

    [0m [90m 43 |[39m     
     [90m 44 |[39m     redisClient[33m.[39mon([32m'error'[39m[33m,[39m (err) [33m=>[39m {
    [31m[1m>[22m[39m[90m 45 |[39m       console[33m.[39merror([32m'[VerificationService] Redis 杩炴帴閿欒锛屼娇鐢ㄦ湰鍦板瓨鍌?'[39m[33m,[39m err[33m.[39mmessage)[33m;[39m
     [90m    |[39m               [31m[1m^[22m[39m
     [90m 46 |[39m       redisClient [33m=[39m [36mnull[39m[33m;[39m
     [90m 47 |[39m     })[33m;[39m
     [90m 48 |[39m     [0m

      at EventEmitter.error (src/services/verificationService.js:45:15)
      at EventEmitter.silentEmit (node_modules/ioredis/built/Redis.js:529:30)
      at Socket.<anonymous> (node_modules/ioredis/built/redis/event_handler.js:221:14)

  console.error
    [VerificationService] Redis 杩炴帴閿欒锛屼娇鐢ㄦ湰鍦板瓨鍌?

    [0m [90m 43 |[39m     
     [90m 44 |[39m     redisClient[33m.[39mon([32m'error'[39m[33m,[39m (err) [33m=>[39m {
    [31m[1m>[22m[39m[90m 45 |[39m       console[33m.[39merror([32m'[VerificationService] Redis 杩炴帴閿欒锛屼娇鐢ㄦ湰鍦板瓨鍌?'[39m[33m,[39m err[33m.[39mmessage)[33m;[39m
     [90m    |[39m               [31m[1m^[22m[39m
     [90m 46 |[39m       redisClient [33m=[39m [36mnull[39m[33m;[39m
     [90m 47 |[39m     })[33m;[39m
     [90m 48 |[39m     [0m

      at EventEmitter.error (src/services/verificationService.js:45:15)
      at EventEmitter.silentEmit (node_modules/ioredis/built/Redis.js:529:30)
      at Socket.<anonymous> (node_modules/ioredis/built/redis/event_handler.js:221:14)

  console.error
    [VerificationService] Redis 杩炴帴閿欒锛屼娇鐢ㄦ湰鍦板瓨鍌?

    [0m [90m 43 |[39m     
     [90m 44 |[39m     redisClient[33m.[39mon([32m'error'[39m[33m,[39m (err) [33m=>[39m {
    [31m[1m>[22m[39m[90m 45 |[39m       console[33m.[39merror([32m'[VerificationService] Redis 杩炴帴閿欒锛屼娇鐢ㄦ湰鍦板瓨鍌?'[39m[33m,[39m err[33m.[39mmessage)[33m;[39m
     [90m    |[39m               [31m[1m^[22m[39m
     [90m 46 |[39m       redisClient [33m=[39m [36mnull[39m[33m;[39m
     [90m 47 |[39m     })[33m;[39m
     [90m 48 |[39m     [0m

      at EventEmitter.error (src/services/verificationService.js:45:15)
      at EventEmitter.silentEmit (node_modules/ioredis/built/Redis.js:529:30)
      at Socket.<anonymous> (node_modules/ioredis/built/redis/event_handler.js:221:14)

  console.error
    [VerificationService] Redis 杩炴帴閿欒锛屼娇鐢ㄦ湰鍦板瓨鍌?

    [0m [90m 43 |[39m     
     [90m 44 |[39m     redisClient[33m.[39mon([32m'error'[39m[33m,[39m (err) [33m=>[39m {
    [31m[1m>[22m[39m[90m 45 |[39m       console[33m.[39merror([32m'[VerificationService] Redis 杩炴帴閿欒锛屼娇鐢ㄦ湰鍦板瓨鍌?'[39m[33m,[39m err[33m.[39mmessage)[33m;[39m
     [90m    |[39m               [31m[1m^[22m[39m
     [90m 46 |[39m       redisClient [33m=[39m [36mnull[39m[33m;[39m
     [90m 47 |[39m     })[33m;[39m
     [90m 48 |[39m     [0m

      at EventEmitter.error (src/services/verificationService.js:45:15)
      at EventEmitter.silentEmit (node_modules/ioredis/built/Redis.js:529:30)
      at Socket.<anonymous> (node_modules/ioredis/built/redis/event_handler.js:221:14)

  console.error
    [VerificationService] Redis 杩炴帴閿欒锛屼娇鐢ㄦ湰鍦板瓨鍌?

    [0m [90m 43 |[39m     
     [90m 44 |[39m     redisClient[33m.[39mon([32m'error'[39m[33m,[39m (err) [33m=>[39m {
    [31m[1m>[22m[39m[90m 45 |[39m       console[33m.[39merror([32m'[VerificationService] Redis 杩炴帴閿欒锛屼娇鐢ㄦ湰鍦板瓨鍌?'[39m[33m,[39m err[33m.[39mmessage)[33m;[39m
     [90m    |[39m               [31m[1m^[22m[39m
     [90m 46 |[39m       redisClient [33m=[39m [36mnull[39m[33m;[39m
     [90m 47 |[39m     })[33m;[39m
     [90m 48 |[39m     [0m

      at EventEmitter.error (src/services/verificationService.js:45:15)
      at EventEmitter.silentEmit (node_modules/ioredis/built/Redis.js:529:30)
      at Socket.<anonymous> (node_modules/ioredis/built/redis/event_handler.js:221:14)

  console.error
    [VerificationService] Redis 杩炴帴閿欒锛屼娇鐢ㄦ湰鍦板瓨鍌?

    [0m [90m 43 |[39m     
     [90m 44 |[39m     redisClient[33m.[39mon([32m'error'[39m[33m,[39m (err) [33m=>[39m {
    [31m[1m>[22m[39m[90m 45 |[39m       console[33m.[39merror([32m'[VerificationService] Redis 杩炴帴閿欒锛屼娇鐢ㄦ湰鍦板瓨鍌?'[39m[33m,[39m err[33m.[39mmessage)[33m;[39m
     [90m    |[39m               [31m[1m^[22m[39m
     [90m 46 |[39m       redisClient [33m=[39m [36mnull[39m[33m;[39m
     [90m 47 |[39m     })[33m;[39m
     [90m 48 |[39m     [0m

      at EventEmitter.error (src/services/verificationService.js:45:15)
      at EventEmitter.silentEmit (node_modules/ioredis/built/Redis.js:529:30)
      at Socket.<anonymous> (node_modules/ioredis/built/redis/event_handler.js:221:14)

  console.error
    [VerificationService] Redis 杩炴帴閿欒锛屼娇鐢ㄦ湰鍦板瓨鍌?

    [0m [90m 43 |[39m     
     [90m 44 |[39m     redisClient[33m.[39mon([32m'error'[39m[33m,[39m (err) [33m=>[39m {
    [31m[1m>[22m[39m[90m 45 |[39m       console[33m.[39merror([32m'[VerificationService] Redis 杩炴帴閿欒锛屼娇鐢ㄦ湰鍦板瓨鍌?'[39m[33m,[39m err[33m.[39mmessage)[33m;[39m
     [90m    |[39m               [31m[1m^[22m[39m
     [90m 46 |[39m       redisClient [33m=[39m [36mnull[39m[33m;[39m
     [90m 47 |[39m     })[33m;[39m
     [90m 48 |[39m     [0m

      at EventEmitter.error (src/services/verificationService.js:45:15)
      at EventEmitter.silentEmit (node_modules/ioredis/built/Redis.js:529:30)
      at Socket.<anonymous> (node_modules/ioredis/built/redis/event_handler.js:221:14)

  console.error
    [VerificationService] Redis 杩炴帴閿欒锛屼娇鐢ㄦ湰鍦板瓨鍌?

    [0m [90m 43 |[39m     
     [90m 44 |[39m     redisClient[33m.[39mon([32m'error'[39m[33m,[39m (err) [33m=>[39m {
    [31m[1m>[22m[39m[90m 45 |[39m       console[33m.[39merror([32m'[VerificationService] Redis 杩炴帴閿欒锛屼娇鐢ㄦ湰鍦板瓨鍌?'[39m[33m,[39m err[33m.[39mmessage)[33m;[39m
     [90m    |[39m               [31m[1m^[22m[39m
     [90m 46 |[39m       redisClient [33m=[39m [36mnull[39m[33m;[39m
     [90m 47 |[39m     })[33m;[39m
     [90m 48 |[39m     [0m

      at EventEmitter.error (src/services/verificationService.js:45:15)
      at EventEmitter.silentEmit (node_modules/ioredis/built/Redis.js:529:30)
      at Socket.<anonymous> (node_modules/ioredis/built/redis/event_handler.js:221:14)

  console.error
    [VerificationService] Redis 杩炴帴閿欒锛屼娇鐢ㄦ湰鍦板瓨鍌?

    [0m [90m 43 |[39m     
     [90m 44 |[39m     redisClient[33m.[39mon([32m'error'[39m[33m,[39m (err) [33m=>[39m {
    [31m[1m>[22m[39m[90m 45 |[39m       console[33m.[39merror([32m'[VerificationService] Redis 杩炴帴閿欒锛屼娇鐢ㄦ湰鍦板瓨鍌?'[39m[33m,[39m err[33m.[39mmessage)[33m;[39m
     [90m    |[39m               [31m[1m^[22m[39m
     [90m 46 |[39m       redisClient [33m=[39m [36mnull[39m[33m;[39m
     [90m 47 |[39m     })[33m;[39m
     [90m 48 |[39m     [0m

      at EventEmitter.error (src/services/verificationService.js:45:15)
      at EventEmitter.silentEmit (node_modules/ioredis/built/Redis.js:529:30)
      at Socket.<anonymous> (node_modules/ioredis/built/redis/event_handler.js:221:14)

  console.error
    [VerificationService] Redis 杩炴帴閿欒锛屼娇鐢ㄦ湰鍦板瓨鍌?

    [0m [90m 43 |[39m     
     [90m 44 |[39m     redisClient[33m.[39mon([32m'error'[39m[33m,[39m (err) [33m=>[39m {
    [31m[1m>[22m[39m[90m 45 |[39m       console[33m.[39merror([32m'[VerificationService] Redis 杩炴帴閿欒锛屼娇鐢ㄦ湰鍦板瓨鍌?'[39m[33m,[39m err[33m.[39mmessage)[33m;[39m
     [90m    |[39m               [31m[1m^[22m[39m
     [90m 46 |[39m       redisClient [33m=[39m [36mnull[39m[33m;[39m
     [90m 47 |[39m     })[33m;[39m
     [90m 48 |[39m     [0m

      at EventEmitter.error (src/services/verificationService.js:45:15)
      at EventEmitter.silentEmit (node_modules/ioredis/built/Redis.js:529:30)
      at Socket.<anonymous> (node_modules/ioredis/built/redis/event_handler.js:221:14)

  console.error
    [VerificationService] Redis 杩炴帴閿欒锛屼娇鐢ㄦ湰鍦板瓨鍌?

    [0m [90m 43 |[39m     
     [90m 44 |[39m     redisClient[33m.[39mon([32m'error'[39m[33m,[39m (err) [33m=>[39m {
    [31m[1m>[22m[39m[90m 45 |[39m       console[33m.[39merror([32m'[VerificationService] Redis 杩炴帴閿欒锛屼娇鐢ㄦ湰鍦板瓨鍌?'[39m[33m,[39m err[33m.[39mmessage)[33m;[39m
     [90m    |[39m               [31m[1m^[22m[39m
     [90m 46 |[39m       redisClient [33m=[39m [36mnull[39m[33m;[39m
     [90m 47 |[39m     })[33m;[39m
     [90m 48 |[39m     [0m

      at EventEmitter.error (src/services/verificationService.js:45:15)
      at EventEmitter.silentEmit (node_modules/ioredis/built/Redis.js:529:30)
      at Socket.<anonymous> (node_modules/ioredis/built/redis/event_handler.js:221:14)

  console.error
    [VerificationService] Redis 杩炴帴閿欒锛屼娇鐢ㄦ湰鍦板瓨鍌?

    [0m [90m 43 |[39m     
     [90m 44 |[39m     redisClient[33m.[39mon([32m'error'[39m[33m,[39m (err) [33m=>[39m {
    [31m[1m>[22m[39m[90m 45 |[39m       console[33m.[39merror([32m'[VerificationService] Redis 杩炴帴閿欒锛屼娇鐢ㄦ湰鍦板瓨鍌?'[39m[33m,[39m err[33m.[39mmessage)[33m;[39m
     [90m    |[39m               [31m[1m^[22m[39m
     [90m 46 |[39m       redisClient [33m=[39m [36mnull[39m[33m;[39m
     [90m 47 |[39m     })[33m;[39m
     [90m 48 |[39m     [0m

      at EventEmitter.error (src/services/verificationService.js:45:15)
      at EventEmitter.silentEmit (node_modules/ioredis/built/Redis.js:529:30)
      at Socket.<anonymous> (node_modules/ioredis/built/redis/event_handler.js:221:14)

  console.error
    [VerificationService] Redis 杩炴帴閿欒锛屼娇鐢ㄦ湰鍦板瓨鍌?

    [0m [90m 43 |[39m     
     [90m 44 |[39m     redisClient[33m.[39mon([32m'error'[39m[33m,[39m (err) [33m=>[39m {
    [31m[1m>[22m[39m[90m 45 |[39m       console[33m.[39merror([32m'[VerificationService] Redis 杩炴帴閿欒锛屼娇鐢ㄦ湰鍦板瓨鍌?'[39m[33m,[39m err[33m.[39mmessage)[33m;[39m
     [90m    |[39m               [31m[1m^[22m[39m
     [90m 46 |[39m       redisClient [33m=[39m [36mnull[39m[33m;[39m
     [90m 47 |[39m     })[33m;[39m
     [90m 48 |[39m     [0m

      at EventEmitter.error (src/services/verificationService.js:45:15)
      at EventEmitter.silentEmit (node_modules/ioredis/built/Redis.js:529:30)
      at Socket.<anonymous> (node_modules/ioredis/built/redis/event_handler.js:221:14)

  console.error
    [VerificationService] Redis 杩炴帴閿欒锛屼娇鐢ㄦ湰鍦板瓨鍌?

    [0m [90m 43 |[39m     
     [90m 44 |[39m     redisClient[33m.[39mon([32m'error'[39m[33m,[39m (err) [33m=>[39m {
    [31m[1m>[22m[39m[90m 45 |[39m       console[33m.[39merror([32m'[VerificationService] Redis 杩炴帴閿欒锛屼娇鐢ㄦ湰鍦板瓨鍌?'[39m[33m,[39m err[33m.[39mmessage)[33m;[39m
     [90m    |[39m               [31m[1m^[22m[39m
     [90m 46 |[39m       redisClient [33m=[39m [36mnull[39m[33m;[39m
     [90m 47 |[39m     })[33m;[39m
     [90m 48 |[39m     [0m

      at EventEmitter.error (src/services/verificationService.js:45:15)
      at EventEmitter.silentEmit (node_modules/ioredis/built/Redis.js:529:30)
      at Socket.<anonymous> (node_modules/ioredis/built/redis/event_handler.js:221:14)

  console.error
    [VerificationService] Redis 杩炴帴閿欒锛屼娇鐢ㄦ湰鍦板瓨鍌?

    [0m [90m 43 |[39m     
     [90m 44 |[39m     redisClient[33m.[39mon([32m'error'[39m[33m,[39m (err) [33m=>[39m {
    [31m[1m>[22m[39m[90m 45 |[39m       console[33m.[39merror([32m'[VerificationService] Redis 杩炴帴閿欒锛屼娇鐢ㄦ湰鍦板瓨鍌?'[39m[33m,[39m err[33m.[39mmessage)[33m;[39m
     [90m    |[39m               [31m[1m^[22m[39m
     [90m 46 |[39m       redisClient [33m=[39m [36mnull[39m[33m;[39m
     [90m 47 |[39m     })[33m;[39m
     [90m 48 |[39m     [0m

      at EventEmitter.error (src/services/verificationService.js:45:15)
      at EventEmitter.silentEmit (node_modules/ioredis/built/Redis.js:529:30)
      at Socket.<anonymous> (node_modules/ioredis/built/redis/event_handler.js:221:14)

  console.error
    [VerificationService] Redis 杩炴帴閿欒锛屼娇鐢ㄦ湰鍦板瓨鍌?

    [0m [90m 43 |[39m     
     [90m 44 |[39m     redisClient[33m.[39mon([32m'error'[39m[33m,[39m (err) [33m=>[39m {
    [31m[1m>[22m[39m[90m 45 |[39m       console[33m.[39merror([32m'[VerificationService] Redis 杩炴帴閿欒锛屼娇鐢ㄦ湰鍦板瓨鍌?'[39m[33m,[39m err[33m.[39mmessage)[33m;[39m
     [90m    |[39m               [31m[1m^[22m[39m
     [90m 46 |[39m       redisClient [33m=[39m [36mnull[39m[33m;[39m
     [90m 47 |[39m     })[33m;[39m
     [90m 48 |[39m     [0m

      at EventEmitter.error (src/services/verificationService.js:45:15)
      at EventEmitter.silentEmit (node_modules/ioredis/built/Redis.js:529:30)
      at Socket.<anonymous> (node_modules/ioredis/built/redis/event_handler.js:221:14)

  console.error
    [VerificationService] Redis 杩炴帴閿欒锛屼娇鐢ㄦ湰鍦板瓨鍌?

    [0m [90m 43 |[39m     
     [90m 44 |[39m     redisClient[33m.[39mon([32m'error'[39m[33m,[39m (err) [33m=>[39m {
    [31m[1m>[22m[39m[90m 45 |[39m       console[33m.[39merror([32m'[VerificationService] Redis 杩炴帴閿欒锛屼娇鐢ㄦ湰鍦板瓨鍌?'[39m[33m,[39m err[33m.[39mmessage)[33m;[39m
     [90m    |[39m               [31m[1m^[22m[39m
     [90m 46 |[39m       redisClient [33m=[39m [36mnull[39m[33m;[39m
     [90m 47 |[39m     })[33m;[39m
     [90m 48 |[39m     [0m

      at EventEmitter.error (src/services/verificationService.js:45:15)
      at EventEmitter.silentEmit (node_modules/ioredis/built/Redis.js:529:30)
      at Socket.<anonymous> (node_modules/ioredis/built/redis/event_handler.js:221:14)

  console.error
    [VerificationService] Redis 杩炴帴閿欒锛屼娇鐢ㄦ湰鍦板瓨鍌?

    [0m [90m 43 |[39m     
     [90m 44 |[39m     redisClient[33m.[39mon([32m'error'[39m[33m,[39m (err) [33m=>[39m {
    [31m[1m>[22m[39m[90m 45 |[39m       console[33m.[39merror([32m'[VerificationService] Redis 杩炴帴閿欒锛屼娇鐢ㄦ湰鍦板瓨鍌?'[39m[33m,[39m err[33m.[39mmessage)[33m;[39m
     [90m    |[39m               [31m[1m^[22m[39m
     [90m 46 |[39m       redisClient [33m=[39m [36mnull[39m[33m;[39m
     [90m 47 |[39m     })[33m;[39m
     [90m 48 |[39m     [0m

      at EventEmitter.error (src/services/verificationService.js:45:15)
      at EventEmitter.silentEmit (node_modules/ioredis/built/Redis.js:529:30)
      at Socket.<anonymous> (node_modules/ioredis/built/redis/event_handler.js:221:14)

  console.error
    [VerificationService] Redis 杩炴帴閿欒锛屼娇鐢ㄦ湰鍦板瓨鍌?

    [0m [90m 43 |[39m     
     [90m 44 |[39m     redisClient[33m.[39mon([32m'error'[39m[33m,[39m (err) [33m=>[39m {
    [31m[1m>[22m[39m[90m 45 |[39m       console[33m.[39merror([32m'[VerificationService] Redis 杩炴帴閿欒锛屼娇鐢ㄦ湰鍦板瓨鍌?'[39m[33m,[39m err[33m.[39mmessage)[33m;[39m
     [90m    |[39m               [31m[1m^[22m[39m
     [90m 46 |[39m       redisClient [33m=[39m [36mnull[39m[33m;[39m
     [90m 47 |[39m     })[33m;[39m
     [90m 48 |[39m     [0m

      at EventEmitter.error (src/services/verificationService.js:45:15)
      at EventEmitter.silentEmit (node_modules/ioredis/built/Redis.js:529:30)
      at Socket.<anonymous> (node_modules/ioredis/built/redis/event_handler.js:221:14)

  console.error
    [VerificationService] Redis 杩炴帴閿欒锛屼娇鐢ㄦ湰鍦板瓨鍌?

    [0m [90m 43 |[39m     
     [90m 44 |[39m     redisClient[33m.[39mon([32m'error'[39m[33m,[39m (err) [33m=>[39m {
    [31m[1m>[22m[39m[90m 45 |[39m       console[33m.[39merror([32m'[VerificationService] Redis 杩炴帴閿欒锛屼娇鐢ㄦ湰鍦板瓨鍌?'[39m[33m,[39m err[33m.[39mmessage)[33m;[39m
     [90m    |[39m               [31m[1m^[22m[39m
     [90m 46 |[39m       redisClient [33m=[39m [36mnull[39m[33m;[39m
     [90m 47 |[39m     })[33m;[39m
     [90m 48 |[39m     [0m

      at EventEmitter.error (src/services/verificationService.js:45:15)
      at EventEmitter.silentEmit (node_modules/ioredis/built/Redis.js:529:30)
      at Socket.<anonymous> (node_modules/ioredis/built/redis/event_handler.js:221:14)

  console.error
    [VerificationService] Redis 杩炴帴閿欒锛屼娇鐢ㄦ湰鍦板瓨鍌?

    [0m [90m 43 |[39m     
     [90m 44 |[39m     redisClient[33m.[39mon([32m'error'[39m[33m,[39m (err) [33m=>[39m {
    [31m[1m>[22m[39m[90m 45 |[39m       console[33m.[39merror([32m'[VerificationService] Redis 杩炴帴閿欒锛屼娇鐢ㄦ湰鍦板瓨鍌?'[39m[33m,[39m err[33m.[39mmessage)[33m;[39m
     [90m    |[39m               [31m[1m^[22m[39m
     [90m 46 |[39m       redisClient [33m=[39m [36mnull[39m[33m;[39m
     [90m 47 |[39m     })[33m;[39m
     [90m 48 |[39m     [0m

      at EventEmitter.error (src/services/verificationService.js:45:15)
      at EventEmitter.silentEmit (node_modules/ioredis/built/Redis.js:529:30)
      at Socket.<anonymous> (node_modules/ioredis/built/redis/event_handler.js:221:14)

  console.error
    [VerificationService] Redis 杩炴帴閿欒锛屼娇鐢ㄦ湰鍦板瓨鍌?

    [0m [90m 43 |[39m     
     [90m 44 |[39m     redisClient[33m.[39mon([32m'error'[39m[33m,[39m (err) [33m=>[39m {
    [31m[1m>[22m[39m[90m 45 |[39m       console[33m.[39merror([32m'[VerificationService] Redis 杩炴帴閿欒锛屼娇鐢ㄦ湰鍦板瓨鍌?'[39m[33m,[39m err[33m.[39mmessage)[33m;[39m
     [90m    |[39m               [31m[1m^[22m[39m
     [90m 46 |[39m       redisClient [33m=[39m [36mnull[39m[33m;[39m
     [90m 47 |[39m     })[33m;[39m
     [90m 48 |[39m     [0m

      at EventEmitter.error (src/services/verificationService.js:45:15)
      at EventEmitter.silentEmit (node_modules/ioredis/built/Redis.js:529:30)
      at Socket.<anonymous> (node_modules/ioredis/built/redis/event_handler.js:221:14)

  console.error
    [VerificationService] 瀛樺偍楠岃瘉鐮佸け璐? Reached the max retries per request limit (which is 20). Refer to "maxRetriesPerRequest" option for details.

    [0m [90m 127 |[39m     }
     [90m 128 |[39m   } [36mcatch[39m (error) {
    [31m[1m>[22m[39m[90m 129 |[39m     console[33m.[39merror([32m'[VerificationService] 瀛樺偍楠岃瘉鐮佸け璐?'[39m[33m,[39m error[33m.[39mmessage)[33m;[39m
     [90m     |[39m             [31m[1m^[22m[39m
     [90m 130 |[39m     [90m// Fallback 鍒版湰鍦板瓨鍌?[39m
     [90m 131 |[39m     verificationCodeMap[33m.[39m[36mset[39m(key[33m,[39m {
     [90m 132 |[39m       code[33m,[39m[0m

      at Object.error [as generateAndSaveCode] (src/services/verificationService.js:129:13)
      at Object.<anonymous> (tests/services-comprehensive.test.js:98:9)

  console.error
    [VerificationService] Redis 杩炴帴閿欒锛屼娇鐢ㄦ湰鍦板瓨鍌?

    [0m [90m 43 |[39m     
     [90m 44 |[39m     redisClient[33m.[39mon([32m'error'[39m[33m,[39m (err) [33m=>[39m {
    [31m[1m>[22m[39m[90m 45 |[39m       console[33m.[39merror([32m'[VerificationService] Redis 杩炴帴閿欒锛屼娇鐢ㄦ湰鍦板瓨鍌?'[39m[33m,[39m err[33m.[39mmessage)[33m;[39m
     [90m    |[39m               [31m[1m^[22m[39m
     [90m 46 |[39m       redisClient [33m=[39m [36mnull[39m[33m;[39m
     [90m 47 |[39m     })[33m;[39m
     [90m 48 |[39m     [0m

      at EventEmitter.error (src/services/verificationService.js:45:15)
      at EventEmitter.silentEmit (node_modules/ioredis/built/Redis.js:529:30)
      at Socket.<anonymous> (node_modules/ioredis/built/redis/event_handler.js:221:14)

  console.error
    [VerificationService] Redis 杩炴帴閿欒锛屼娇鐢ㄦ湰鍦板瓨鍌?

    [0m [90m 43 |[39m     
     [90m 44 |[39m     redisClient[33m.[39mon([32m'error'[39m[33m,[39m (err) [33m=>[39m {
    [31m[1m>[22m[39m[90m 45 |[39m       console[33m.[39merror([32m'[VerificationService] Redis 杩炴帴閿欒锛屼娇鐢ㄦ湰鍦板瓨鍌?'[39m[33m,[39m err[33m.[39mmessage)[33m;[39m
     [90m    |[39m               [31m[1m^[22m[39m
     [90m 46 |[39m       redisClient [33m=[39m [36mnull[39m[33m;[39m
     [90m 47 |[39m     })[33m;[39m
     [90m 48 |[39m     [0m

      at EventEmitter.error (src/services/verificationService.js:45:15)
      at EventEmitter.silentEmit (node_modules/ioredis/built/Redis.js:529:30)
      at Socket.<anonymous> (node_modules/ioredis/built/redis/event_handler.js:221:14)

  console.error
    [VerificationService] Redis 杩炴帴閿欒锛屼娇鐢ㄦ湰鍦板瓨鍌?

    [0m [90m 43 |[39m     
     [90m 44 |[39m     redisClient[33m.[39mon([32m'error'[39m[33m,[39m (err) [33m=>[39m {
    [31m[1m>[22m[39m[90m 45 |[39m       console[33m.[39merror([32m'[VerificationService] Redis 杩炴帴閿欒锛屼娇鐢ㄦ湰鍦板瓨鍌?'[39m[33m,[39m err[33m.[39mmessage)[33m;[39m
     [90m    |[39m               [31m[1m^[22m[39m
     [90m 46 |[39m       redisClient [33m=[39m [36mnull[39m[33m;[39m
     [90m 47 |[39m     })[33m;[39m
     [90m 48 |[39m     [0m

      at EventEmitter.error (src/services/verificationService.js:45:15)
      at EventEmitter.silentEmit (node_modules/ioredis/built/Redis.js:529:30)
      at Socket.<anonymous> (node_modules/ioredis/built/redis/event_handler.js:221:14)

  console.error
    [VerificationService] Redis 杩炴帴閿欒锛屼娇鐢ㄦ湰鍦板瓨鍌?

    [0m [90m 43 |[39m     
     [90m 44 |[39m     redisClient[33m.[39mon([32m'error'[39m[33m,[39m (err) [33m=>[39m {
    [31m[1m>[22m[39m[90m 45 |[39m       console[33m.[39merror([32m'[VerificationService] Redis 杩炴帴閿欒锛屼娇鐢ㄦ湰鍦板瓨鍌?'[39m[33m,[39m err[33m.[39mmessage)[33m;[39m
     [90m    |[39m               [31m[1m^[22m[39m
     [90m 46 |[39m       redisClient [33m=[39m [36mnull[39m[33m;[39m
     [90m 47 |[39m     })[33m;[39m
     [90m 48 |[39m     [0m

      at EventEmitter.error (src/services/verificationService.js:45:15)
      at EventEmitter.silentEmit (node_modules/ioredis/built/Redis.js:529:30)
      at Socket.<anonymous> (node_modules/ioredis/built/redis/event_handler.js:221:14)

  console.error
    [VerificationService] Redis 杩炴帴閿欒锛屼娇鐢ㄦ湰鍦板瓨鍌?

    [0m [90m 43 |[39m     
     [90m 44 |[39m     redisClient[33m.[39mon([32m'error'[39m[33m,[39m (err) [33m=>[39m {
    [31m[1m>[22m[39m[90m 45 |[39m       console[33m.[39merror([32m'[VerificationService] Redis 杩炴帴閿欒锛屼娇鐢ㄦ湰鍦板瓨鍌?'[39m[33m,[39m err[33m.[39mmessage)[33m;[39m
     [90m    |[39m               [31m[1m^[22m[39m
     [90m 46 |[39m       redisClient [33m=[39m [36mnull[39m[33m;[39m
     [90m 47 |[39m     })[33m;[39m
     [90m 48 |[39m     [0m

      at EventEmitter.error (src/services/verificationService.js:45:15)
      at EventEmitter.silentEmit (node_modules/ioredis/built/Redis.js:529:30)
      at Socket.<anonymous> (node_modules/ioredis/built/redis/event_handler.js:221:14)

  console.error
    [VerificationService] Redis 杩炴帴閿欒锛屼娇鐢ㄦ湰鍦板瓨鍌?

    [0m [90m 43 |[39m     
     [90m 44 |[39m     redisClient[33m.[39mon([32m'error'[39m[33m,[39m (err) [33m=>[39m {
    [31m[1m>[22m[39m[90m 45 |[39m       console[33m.[39merror([32m'[VerificationService] Redis 杩炴帴閿欒锛屼娇鐢ㄦ湰鍦板瓨鍌?'[39m[33m,[39m err[33m.[39mmessage)[33m;[39m
     [90m    |[39m               [31m[1m^[22m[39m
     [90m 46 |[39m       redisClient [33m=[39m [36mnull[39m[33m;[39m
     [90m 47 |[39m     })[33m;[39m
     [90m 48 |[39m     [0m

      at EventEmitter.error (src/services/verificationService.js:45:15)
      at EventEmitter.silentEmit (node_modules/ioredis/built/Redis.js:529:30)
      at Socket.<anonymous> (node_modules/ioredis/built/redis/event_handler.js:221:14)

  console.error
    [VerificationService] Redis 杩炴帴閿欒锛屼娇鐢ㄦ湰鍦板瓨鍌?

    [0m [90m 43 |[39m     
     [90m 44 |[39m     redisClient[33m.[39mon([32m'error'[39m[33m,[39m (err) [33m=>[39m {
    [31m[1m>[22m[39m[90m 45 |[39m       console[33m.[39merror([32m'[VerificationService] Redis 杩炴帴閿欒锛屼娇鐢ㄦ湰鍦板瓨鍌?'[39m[33m,[39m err[33m.[39mmessage)[33m;[39m
     [90m    |[39m               [31m[1m^[22m[39m
     [90m 46 |[39m       redisClient [33m=[39m [36mnull[39m[33m;[39m
     [90m 47 |[39m     })[33m;[39m
     [90m 48 |[39m     [0m

      at EventEmitter.error (src/services/verificationService.js:45:15)
      at EventEmitter.silentEmit (node_modules/ioredis/built/Redis.js:529:30)
      at Socket.<anonymous> (node_modules/ioredis/built/redis/event_handler.js:221:14)

  console.error
    [VerificationService] Redis 杩炴帴閿欒锛屼娇鐢ㄦ湰鍦板瓨鍌?

    [0m [90m 43 |[39m     
     [90m 44 |[39m     redisClient[33m.[39mon([32m'error'[39m[33m,[39m (err) [33m=>[39m {
    [31m[1m>[22m[39m[90m 45 |[39m       console[33m.[39merror([32m'[VerificationService] Redis 杩炴帴閿欒锛屼娇鐢ㄦ湰鍦板瓨鍌?'[39m[33m,[39m err[33m.[39mmessage)[33m;[39m
     [90m    |[39m               [31m[1m^[22m[39m
     [90m 46 |[39m       redisClient [33m=[39m [36mnull[39m[33m;[39m
     [90m 47 |[39m     })[33m;[39m
     [90m 48 |[39m     [0m

      at EventEmitter.error (src/services/verificationService.js:45:15)
      at EventEmitter.silentEmit (node_modules/ioredis/built/Redis.js:529:30)
      at Socket.<anonymous> (node_modules/ioredis/built/redis/event_handler.js:221:14)

  console.error
    [VerificationService] Redis 杩炴帴閿欒锛屼娇鐢ㄦ湰鍦板瓨鍌?

    [0m [90m 43 |[39m     
     [90m 44 |[39m     redisClient[33m.[39mon([32m'error'[39m[33m,[39m (err) [33m=>[39m {
    [31m[1m>[22m[39m[90m 45 |[39m       console[33m.[39merror([32m'[VerificationService] Redis 杩炴帴閿欒锛屼娇鐢ㄦ湰鍦板瓨鍌?'[39m[33m,[39m err[33m.[39mmessage)[33m;[39m
     [90m    |[39m               [31m[1m^[22m[39m
     [90m 46 |[39m       redisClient [33m=[39m [36mnull[39m[33m;[39m
     [90m 47 |[39m     })[33m;[39m
     [90m 48 |[39m     [0m

      at EventEmitter.error (src/services/verificationService.js:45:15)
      at EventEmitter.silentEmit (node_modules/ioredis/built/Redis.js:529:30)
      at Socket.<anonymous> (node_modules/ioredis/built/redis/event_handler.js:221:14)

  console.error
    [VerificationService] Redis 杩炴帴閿欒锛屼娇鐢ㄦ湰鍦板瓨鍌?

    [0m [90m 43 |[39m     
     [90m 44 |[39m     redisClient[33m.[39mon([32m'error'[39m[33m,[39m (err) [33m=>[39m {
    [31m[1m>[22m[39m[90m 45 |[39m       console[33m.[39merror([32m'[VerificationService] Redis 杩炴帴閿欒锛屼娇鐢ㄦ湰鍦板瓨鍌?'[39m[33m,[39m err[33m.[39mmessage)[33m;[39m
     [90m    |[39m               [31m[1m^[22m[39m
     [90m 46 |[39m       redisClient [33m=[39m [36mnull[39m[33m;[39m
     [90m 47 |[39m     })[33m;[39m
     [90m 48 |[39m     [0m

      at EventEmitter.error (src/services/verificationService.js:45:15)
      at EventEmitter.silentEmit (node_modules/ioredis/built/Redis.js:529:30)
      at Socket.<anonymous> (node_modules/ioredis/built/redis/event_handler.js:221:14)

  console.error
    [VerificationService] Redis 杩炴帴閿欒锛屼娇鐢ㄦ湰鍦板瓨鍌?

    [0m [90m 43 |[39m     
     [90m 44 |[39m     redisClient[33m.[39mon([32m'error'[39m[33m,[39m (err) [33m=>[39m {
    [31m[1m>[22m[39m[90m 45 |[39m       console[33m.[39merror([32m'[VerificationService] Redis 杩炴帴閿欒锛屼娇鐢ㄦ湰鍦板瓨鍌?'[39m[33m,[39m err[33m.[39mmessage)[33m;[39m
     [90m    |[39m               [31m[1m^[22m[39m
     [90m 46 |[39m       redisClient [33m=[39m [36mnull[39m[33m;[39m
     [90m 47 |[39m     })[33m;[39m
     [90m 48 |[39m     [0m

      at EventEmitter.error (src/services/verificationService.js:45:15)
      at EventEmitter.silentEmit (node_modules/ioredis/built/Redis.js:529:30)
      at Socket.<anonymous> (node_modules/ioredis/built/redis/event_handler.js:221:14)

  console.error
    [VerificationService] Redis 杩炴帴閿欒锛屼娇鐢ㄦ湰鍦板瓨鍌?

    [0m [90m 43 |[39m     
     [90m 44 |[39m     redisClient[33m.[39mon([32m'error'[39m[33m,[39m (err) [33m=>[39m {
    [31m[1m>[22m[39m[90m 45 |[39m       console[33m.[39merror([32m'[VerificationService] Redis 杩炴帴閿欒锛屼娇鐢ㄦ湰鍦板瓨鍌?'[39m[33m,[39m err[33m.[39mmessage)[33m;[39m
     [90m    |[39m               [31m[1m^[22m[39m
     [90m 46 |[39m       redisClient [33m=[39m [36mnull[39m[33m;[39m
     [90m 47 |[39m     })[33m;[39m
     [90m 48 |[39m     [0m

      at EventEmitter.error (src/services/verificationService.js:45:15)
      at EventEmitter.silentEmit (node_modules/ioredis/built/Redis.js:529:30)
      at Socket.<anonymous> (node_modules/ioredis/built/redis/event_handler.js:221:14)

  console.error
    [VerificationService] Redis 杩炴帴閿欒锛屼娇鐢ㄦ湰鍦板瓨鍌?

    [0m [90m 43 |[39m     
     [90m 44 |[39m     redisClient[33m.[39mon([32m'error'[39m[33m,[39m (err) [33m=>[39m {
    [31m[1m>[22m[39m[90m 45 |[39m       console[33m.[39merror([32m'[VerificationService] Redis 杩炴帴閿欒锛屼娇鐢ㄦ湰鍦板瓨鍌?'[39m[33m,[39m err[33m.[39mmessage)[33m;[39m
     [90m    |[39m               [31m[1m^[22m[39m
     [90m 46 |[39m       redisClient [33m=[39m [36mnull[39m[33m;[39m
     [90m 47 |[39m     })[33m;[39m
     [90m 48 |[39m     [0m

      at EventEmitter.error (src/services/verificationService.js:45:15)
      at EventEmitter.silentEmit (node_modules/ioredis/built/Redis.js:529:30)
      at Socket.<anonymous> (node_modules/ioredis/built/redis/event_handler.js:221:14)

  console.error
    [VerificationService] Redis 杩炴帴閿欒锛屼娇鐢ㄦ湰鍦板瓨鍌?

    [0m [90m 43 |[39m     
     [90m 44 |[39m     redisClient[33m.[39mon([32m'error'[39m[33m,[39m (err) [33m=>[39m {
    [31m[1m>[22m[39m[90m 45 |[39m       console[33m.[39merror([32m'[VerificationService] Redis 杩炴帴閿欒锛屼娇鐢ㄦ湰鍦板瓨鍌?'[39m[33m,[39m err[33m.[39mmessage)[33m;[39m
     [90m    |[39m               [31m[1m^[22m[39m
     [90m 46 |[39m       redisClient [33m=[39m [36mnull[39m[33m;[39m
     [90m 47 |[39m     })[33m;[39m
     [90m 48 |[39m     [0m

      at EventEmitter.error (src/services/verificationService.js:45:15)
      at EventEmitter.silentEmit (node_modules/ioredis/built/Redis.js:529:30)
      at Socket.<anonymous> (node_modules/ioredis/built/redis/event_handler.js:221:14)

  console.error
    [VerificationService] Redis 杩炴帴閿欒锛屼娇鐢ㄦ湰鍦板瓨鍌?

    [0m [90m 43 |[39m     
     [90m 44 |[39m     redisClient[33m.[39mon([32m'error'[39m[33m,[39m (err) [33m=>[39m {
    [31m[1m>[22m[39m[90m 45 |[39m       console[33m.[39merror([32m'[VerificationService] Redis 杩炴帴閿欒锛屼娇鐢ㄦ湰鍦板瓨鍌?'[39m[33m,[39m err[33m.[39mmessage)[33m;[39m
     [90m    |[39m               [31m[1m^[22m[39m
     [90m 46 |[39m       redisClient [33m=[39m [36mnull[39m[33m;[39m
     [90m 47 |[39m     })[33m;[39m
     [90m 48 |[39m     [0m

      at EventEmitter.error (src/services/verificationService.js:45:15)
      at EventEmitter.silentEmit (node_modules/ioredis/built/Redis.js:529:30)
      at Socket.<anonymous> (node_modules/ioredis/built/redis/event_handler.js:221:14)

  console.error
    [VerificationService] Redis 杩炴帴閿欒锛屼娇鐢ㄦ湰鍦板瓨鍌?

    [0m [90m 43 |[39m     
     [90m 44 |[39m     redisClient[33m.[39mon([32m'error'[39m[33m,[39m (err) [33m=>[39m {
    [31m[1m>[22m[39m[90m 45 |[39m       console[33m.[39merror([32m'[VerificationService] Redis 杩炴帴閿欒锛屼娇鐢ㄦ湰鍦板瓨鍌?'[39m[33m,[39m err[33m.[39mmessage)[33m;[39m
     [90m    |[39m               [31m[1m^[22m[39m
     [90m 46 |[39m       redisClient [33m=[39m [36mnull[39m[33m;[39m
     [90m 47 |[39m     })[33m;[39m
     [90m 48 |[39m     [0m

      at EventEmitter.error (src/services/verificationService.js:45:15)
      at EventEmitter.silentEmit (node_modules/ioredis/built/Redis.js:529:30)
      at Socket.<anonymous> (node_modules/ioredis/built/redis/event_handler.js:221:14)

  console.error
    [VerificationService] Redis 杩炴帴閿欒锛屼娇鐢ㄦ湰鍦板瓨鍌?

    [0m [90m 43 |[39m     
     [90m 44 |[39m     redisClient[33m.[39mon([32m'error'[39m[33m,[39m (err) [33m=>[39m {
    [31m[1m>[22m[39m[90m 45 |[39m       console[33m.[39merror([32m'[VerificationService] Redis 杩炴帴閿欒锛屼娇鐢ㄦ湰鍦板瓨鍌?'[39m[33m,[39m err[33m.[39mmessage)[33m;[39m
     [90m    |[39m               [31m[1m^[22m[39m
     [90m 46 |[39m       redisClient [33m=[39m [36mnull[39m[33m;[39m
     [90m 47 |[39m     })[33m;[39m
     [90m 48 |[39m     [0m

      at EventEmitter.error (src/services/verificationService.js:45:15)
      at EventEmitter.silentEmit (node_modules/ioredis/built/Redis.js:529:30)
      at Socket.<anonymous> (node_modules/ioredis/built/redis/event_handler.js:221:14)

  console.error
    [VerificationService] Redis 杩炴帴閿欒锛屼娇鐢ㄦ湰鍦板瓨鍌?

    [0m [90m 43 |[39m     
     [90m 44 |[39m     redisClient[33m.[39mon([32m'error'[39m[33m,[39m (err) [33m=>[39m {
    [31m[1m>[22m[39m[90m 45 |[39m       console[33m.[39merror([32m'[VerificationService] Redis 杩炴帴閿欒锛屼娇鐢ㄦ湰鍦板瓨鍌?'[39m[33m,[39m err[33m.[39mmessage)[33m;[39m
     [90m    |[39m               [31m[1m^[22m[39m
     [90m 46 |[39m       redisClient [33m=[39m [36mnull[39m[33m;[39m
     [90m 47 |[39m     })[33m;[39m
     [90m 48 |[39m     [0m

      at EventEmitter.error (src/services/verificationService.js:45:15)
      at EventEmitter.silentEmit (node_modules/ioredis/built/Redis.js:529:30)
      at Socket.<anonymous> (node_modules/ioredis/built/redis/event_handler.js:221:14)

  console.error
    [VerificationService] Redis 杩炴帴閿欒锛屼娇鐢ㄦ湰鍦板瓨鍌?

    [0m [90m 43 |[39m     
     [90m 44 |[39m     redisClient[33m.[39mon([32m'error'[39m[33m,[39m (err) [33m=>[39m {
    [31m[1m>[22m[39m[90m 45 |[39m       console[33m.[39merror([32m'[VerificationService] Redis 杩炴帴閿欒锛屼娇鐢ㄦ湰鍦板瓨鍌?'[39m[33m,[39m err[33m.[39mmessage)[33m;[39m
     [90m    |[39m               [31m[1m^[22m[39m
     [90m 46 |[39m       redisClient [33m=[39m [36mnull[39m[33m;[39m
     [90m 47 |[39m     })[33m;[39m
     [90m 48 |[39m     [0m

      at EventEmitter.error (src/services/verificationService.js:45:15)
      at EventEmitter.silentEmit (node_modules/ioredis/built/Redis.js:529:30)
      at Socket.<anonymous> (node_modules/ioredis/built/redis/event_handler.js:221:14)

  console.error
    [VerificationService] Redis 杩炴帴閿欒锛屼娇鐢ㄦ湰鍦板瓨鍌?

    [0m [90m 43 |[39m     
     [90m 44 |[39m     redisClient[33m.[39mon([32m'error'[39m[33m,[39m (err) [33m=>[39m {
    [31m[1m>[22m[39m[90m 45 |[39m       console[33m.[39merror([32m'[VerificationService] Redis 杩炴帴閿欒锛屼娇鐢ㄦ湰鍦板瓨鍌?'[39m[33m,[39m err[33m.[39mmessage)[33m;[39m
     [90m    |[39m               [31m[1m^[22m[39m
     [90m 46 |[39m       redisClient [33m=[39m [36mnull[39m[33m;[39m
     [90m 47 |[39m     })[33m;[39m
     [90m 48 |[39m     [0m

      at EventEmitter.error (src/services/verificationService.js:45:15)
      at EventEmitter.silentEmit (node_modules/ioredis/built/Redis.js:529:30)
      at Socket.<anonymous> (node_modules/ioredis/built/redis/event_handler.js:221:14)

  console.error
    [VerificationService] Redis 杩炴帴閿欒锛屼娇鐢ㄦ湰鍦板瓨鍌?

    [0m [90m 43 |[39m     
     [90m 44 |[39m     redisClient[33m.[39mon([32m'error'[39m[33m,[39m (err) [33m=>[39m {
    [31m[1m>[22m[39m[90m 45 |[39m       console[33m.[39merror([32m'[VerificationService] Redis 杩炴帴閿欒锛屼娇鐢ㄦ湰鍦板瓨鍌?'[39m[33m,[39m err[33m.[39mmessage)[33m;[39m
     [90m    |[39m               [31m[1m^[22m[39m
     [90m 46 |[39m       redisClient [33m=[39m [36mnull[39m[33m;[39m
     [90m 47 |[39m     })[33m;[39m
     [90m 48 |[39m     [0m

      at EventEmitter.error (src/services/verificationService.js:45:15)
      at EventEmitter.silentEmit (node_modules/ioredis/built/Redis.js:529:30)
      at Socket.<anonymous> (node_modules/ioredis/built/redis/event_handler.js:221:14)

  console.error
    [VerificationService] Redis 杩炴帴閿欒锛屼娇鐢ㄦ湰鍦板瓨鍌?

    [0m [90m 43 |[39m     
     [90m 44 |[39m     redisClient[33m.[39mon([32m'error'[39m[33m,[39m (err) [33m=>[39m {
    [31m[1m>[22m[39m[90m 45 |[39m       console[33m.[39merror([32m'[VerificationService] Redis 杩炴帴閿欒锛屼娇鐢ㄦ湰鍦板瓨鍌?'[39m[33m,[39m err[33m.[39mmessage)[33m;[39m
     [90m    |[39m               [31m[1m^[22m[39m
     [90m 46 |[39m       redisClient [33m=[39m [36mnull[39m[33m;[39m
     [90m 47 |[39m     })[33m;[39m
     [90m 48 |[39m     [0m

      at EventEmitter.error (src/services/verificationService.js:45:15)
      at EventEmitter.silentEmit (node_modules/ioredis/built/Redis.js:529:30)
      at Socket.<anonymous> (node_modules/ioredis/built/redis/event_handler.js:221:14)

  console.error
    [VerificationService] Redis 杩炴帴閿欒锛屼娇鐢ㄦ湰鍦板瓨鍌?

    [0m [90m 43 |[39m     
     [90m 44 |[39m     redisClient[33m.[39mon([32m'error'[39m[33m,[39m (err) [33m=>[39m {
    [31m[1m>[22m[39m[90m 45 |[39m       console[33m.[39merror([32m'[VerificationService] Redis 杩炴帴閿欒锛屼娇鐢ㄦ湰鍦板瓨鍌?'[39m[33m,[39m err[33m.[39mmessage)[33m;[39m
     [90m    |[39m               [31m[1m^[22m[39m
     [90m 46 |[39m       redisClient [33m=[39m [36mnull[39m[33m;[39m
     [90m 47 |[39m     })[33m;[39m
     [90m 48 |[39m     [0m

      at EventEmitter.error (src/services/verificationService.js:45:15)
      at EventEmitter.silentEmit (node_modules/ioredis/built/Redis.js:529:30)
      at Socket.<anonymous> (node_modules/ioredis/built/redis/event_handler.js:221:14)

  console.error
    [VerificationService] Redis 杩炴帴閿欒锛屼娇鐢ㄦ湰鍦板瓨鍌?

    [0m [90m 43 |[39m     
     [90m 44 |[39m     redisClient[33m.[39mon([32m'error'[39m[33m,[39m (err) [33m=>[39m {
    [31m[1m>[22m[39m[90m 45 |[39m       console[33m.[39merror([32m'[VerificationService] Redis 杩炴帴閿欒锛屼娇鐢ㄦ湰鍦板瓨鍌?'[39m[33m,[39m err[33m.[39mmessage)[33m;[39m
     [90m    |[39m               [31m[1m^[22m[39m
     [90m 46 |[39m       redisClient [33m=[39m [36mnull[39m[33m;[39m
     [90m 47 |[39m     })[33m;[39m
     [90m 48 |[39m     [0m

      at EventEmitter.error (src/services/verificationService.js:45:15)
      at EventEmitter.silentEmit (node_modules/ioredis/built/Redis.js:529:30)
      at Socket.<anonymous> (node_modules/ioredis/built/redis/event_handler.js:221:14)

  console.error
    [VerificationService] Redis 杩炴帴閿欒锛屼娇鐢ㄦ湰鍦板瓨鍌?

    [0m [90m 43 |[39m     
     [90m 44 |[39m     redisClient[33m.[39mon([32m'error'[39m[33m,[39m (err) [33m=>[39m {
    [31m[1m>[22m[39m[90m 45 |[39m       console[33m.[39merror([32m'[VerificationService] Redis 杩炴帴閿欒锛屼娇鐢ㄦ湰鍦板瓨鍌?'[39m[33m,[39m err[33m.[39mmessage)[33m;[39m
     [90m    |[39m               [31m[1m^[22m[39m
     [90m 46 |[39m       redisClient [33m=[39m [36mnull[39m[33m;[39m
     [90m 47 |[39m     })[33m;[39m
     [90m 48 |[39m     [0m

      at EventEmitter.error (src/services/verificationService.js:45:15)
      at EventEmitter.silentEmit (node_modules/ioredis/built/Redis.js:529:30)
      at Socket.<anonymous> (node_modules/ioredis/built/redis/event_handler.js:221:14)

  console.error
    [VerificationService] Redis 杩炴帴閿欒锛屼娇鐢ㄦ湰鍦板瓨鍌?

    [0m [90m 43 |[39m     
     [90m 44 |[39m     redisClient[33m.[39mon([32m'error'[39m[33m,[39m (err) [33m=>[39m {
    [31m[1m>[22m[39m[90m 45 |[39m       console[33m.[39merror([32m'[VerificationService] Redis 杩炴帴閿欒锛屼娇鐢ㄦ湰鍦板瓨鍌?'[39m[33m,[39m err[33m.[39mmessage)[33m;[39m
     [90m    |[39m               [31m[1m^[22m[39m
     [90m 46 |[39m       redisClient [33m=[39m [36mnull[39m[33m;[39m
     [90m 47 |[39m     })[33m;[39m
     [90m 48 |[39m     [0m

      at EventEmitter.error (src/services/verificationService.js:45:15)
      at EventEmitter.silentEmit (node_modules/ioredis/built/Redis.js:529:30)
      at Socket.<anonymous> (node_modules/ioredis/built/redis/event_handler.js:221:14)

  console.error
    [VerificationService] Redis 杩炴帴閿欒锛屼娇鐢ㄦ湰鍦板瓨鍌?

    [0m [90m 43 |[39m     
     [90m 44 |[39m     redisClient[33m.[39mon([32m'error'[39m[33m,[39m (err) [33m=>[39m {
    [31m[1m>[22m[39m[90m 45 |[39m       console[33m.[39merror([32m'[VerificationService] Redis 杩炴帴閿欒锛屼娇鐢ㄦ湰鍦板瓨鍌?'[39m[33m,[39m err[33m.[39mmessage)[33m;[39m
     [90m    |[39m               [31m[1m^[22m[39m
     [90m 46 |[39m       redisClient [33m=[39m [36mnull[39m[33m;[39m
     [90m 47 |[39m     })[33m;[39m
     [90m 48 |[39m     [0m

      at EventEmitter.error (src/services/verificationService.js:45:15)
      at EventEmitter.silentEmit (node_modules/ioredis/built/Redis.js:529:30)
      at Socket.<anonymous> (node_modules/ioredis/built/redis/event_handler.js:221:14)

  console.error
    [VerificationService] Redis 杩炴帴閿欒锛屼娇鐢ㄦ湰鍦板瓨鍌?

    [0m [90m 43 |[39m     
     [90m 44 |[39m     redisClient[33m.[39mon([32m'error'[39m[33m,[39m (err) [33m=>[39m {
    [31m[1m>[22m[39m[90m 45 |[39m       console[33m.[39merror([32m'[VerificationService] Redis 杩炴帴閿欒锛屼娇鐢ㄦ湰鍦板瓨鍌?'[39m[33m,[39m err[33m.[39mmessage)[33m;[39m
     [90m    |[39m               [31m[1m^[22m[39m
     [90m 46 |[39m       redisClient [33m=[39m [36mnull[39m[33m;[39m
     [90m 47 |[39m     })[33m;[39m
     [90m 48 |[39m     [0m

      at EventEmitter.error (src/services/verificationService.js:45:15)
      at EventEmitter.silentEmit (node_modules/ioredis/built/Redis.js:529:30)
      at Socket.<anonymous> (node_modules/ioredis/built/redis/event_handler.js:221:14)

  console.error
    [VerificationService] Redis 杩炴帴閿欒锛屼娇鐢ㄦ湰鍦板瓨鍌?

    [0m [90m 43 |[39m     
     [90m 44 |[39m     redisClient[33m.[39mon([32m'error'[39m[33m,[39m (err) [33m=>[39m {
    [31m[1m>[22m[39m[90m 45 |[39m       console[33m.[39merror([32m'[VerificationService] Redis 杩炴帴閿欒锛屼娇鐢ㄦ湰鍦板瓨鍌?'[39m[33m,[39m err[33m.[39mmessage)[33m;[39m
     [90m    |[39m               [31m[1m^[22m[39m
     [90m 46 |[39m       redisClient [33m=[39m [36mnull[39m[33m;[39m
     [90m 47 |[39m     })[33m;[39m
     [90m 48 |[39m     [0m

      at EventEmitter.error (src/services/verificationService.js:45:15)
      at EventEmitter.silentEmit (node_modules/ioredis/built/Redis.js:529:30)
      at Socket.<anonymous> (node_modules/ioredis/built/redis/event_handler.js:221:14)

  console.error
    [VerificationService] Redis 杩炴帴閿欒锛屼娇鐢ㄦ湰鍦板瓨鍌?

    [0m [90m 43 |[39m     
     [90m 44 |[39m     redisClient[33m.[39mon([32m'error'[39m[33m,[39m (err) [33m=>[39m {
    [31m[1m>[22m[39m[90m 45 |[39m       console[33m.[39merror([32m'[VerificationService] Redis 杩炴帴閿欒锛屼娇鐢ㄦ湰鍦板瓨鍌?'[39m[33m,[39m err[33m.[39mmessage)[33m;[39m
     [90m    |[39m               [31m[1m^[22m[39m
     [90m 46 |[39m       redisClient [33m=[39m [36mnull[39m[33m;[39m
     [90m 47 |[39m     })[33m;[39m
     [90m 48 |[39m     [0m

      at EventEmitter.error (src/services/verificationService.js:45:15)
      at EventEmitter.silentEmit (node_modules/ioredis/built/Redis.js:529:30)
      at Socket.<anonymous> (node_modules/ioredis/built/redis/event_handler.js:221:14)

  console.error
    [VerificationService] Redis 杩炴帴閿欒锛屼娇鐢ㄦ湰鍦板瓨鍌?

    [0m [90m 43 |[39m     
     [90m 44 |[39m     redisClient[33m.[39mon([32m'error'[39m[33m,[39m (err) [33m=>[39m {
    [31m[1m>[22m[39m[90m 45 |[39m       console[33m.[39merror([32m'[VerificationService] Redis 杩炴帴閿欒锛屼娇鐢ㄦ湰鍦板瓨鍌?'[39m[33m,[39m err[33m.[39mmessage)[33m;[39m
     [90m    |[39m               [31m[1m^[22m[39m
     [90m 46 |[39m       redisClient [33m=[39m [36mnull[39m[33m;[39m
     [90m 47 |[39m     })[33m;[39m
     [90m 48 |[39m     [0m

      at EventEmitter.error (src/services/verificationService.js:45:15)
      at EventEmitter.silentEmit (node_modules/ioredis/built/Redis.js:529:30)
      at Socket.<anonymous> (node_modules/ioredis/built/redis/event_handler.js:221:14)

  console.error
    [VerificationService] Redis 杩炴帴閿欒锛屼娇鐢ㄦ湰鍦板瓨鍌?

    [0m [90m 43 |[39m     
     [90m 44 |[39m     redisClient[33m.[39mon([32m'error'[39m[33m,[39m (err) [33m=>[39m {
    [31m[1m>[22m[39m[90m 45 |[39m       console[33m.[39merror([32m'[VerificationService] Redis 杩炴帴閿欒锛屼娇鐢ㄦ湰鍦板瓨鍌?'[39m[33m,[39m err[33m.[39mmessage)[33m;[39m
     [90m    |[39m               [31m[1m^[22m[39m
     [90m 46 |[39m       redisClient [33m=[39m [36mnull[39m[33m;[39m
     [90m 47 |[39m     })[33m;[39m
     [90m 48 |[39m     [0m

      at EventEmitter.error (src/services/verificationService.js:45:15)
      at EventEmitter.silentEmit (node_modules/ioredis/built/Redis.js:529:30)
      at Socket.<anonymous> (node_modules/ioredis/built/redis/event_handler.js:221:14)

  console.error
    [VerificationService] Redis 杩炴帴閿欒锛屼娇鐢ㄦ湰鍦板瓨鍌?

    [0m [90m 43 |[39m     
     [90m 44 |[39m     redisClient[33m.[39mon([32m'error'[39m[33m,[39m (err) [33m=>[39m {
    [31m[1m>[22m[39m[90m 45 |[39m       console[33m.[39merror([32m'[VerificationService] Redis 杩炴帴閿欒锛屼娇鐢ㄦ湰鍦板瓨鍌?'[39m[33m,[39m err[33m.[39mmessage)[33m;[39m
     [90m    |[39m               [31m[1m^[22m[39m
     [90m 46 |[39m       redisClient [33m=[39m [36mnull[39m[33m;[39m
     [90m 47 |[39m     })[33m;[39m
     [90m 48 |[39m     [0m

      at EventEmitter.error (src/services/verificationService.js:45:15)
      at EventEmitter.silentEmit (node_modules/ioredis/built/Redis.js:529:30)
      at Socket.<anonymous> (node_modules/ioredis/built/redis/event_handler.js:221:14)

  console.error
    [VerificationService] Redis 杩炴帴閿欒锛屼娇鐢ㄦ湰鍦板瓨鍌?

    [0m [90m 43 |[39m     
     [90m 44 |[39m     redisClient[33m.[39mon([32m'error'[39m[33m,[39m (err) [33m=>[39m {
    [31m[1m>[22m[39m[90m 45 |[39m       console[33m.[39merror([32m'[VerificationService] Redis 杩炴帴閿欒锛屼娇鐢ㄦ湰鍦板瓨鍌?'[39m[33m,[39m err[33m.[39mmessage)[33m;[39m
     [90m    |[39m               [31m[1m^[22m[39m
     [90m 46 |[39m       redisClient [33m=[39m [36mnull[39m[33m;[39m
     [90m 47 |[39m     })[33m;[39m
     [90m 48 |[39m     [0m

      at EventEmitter.error (src/services/verificationService.js:45:15)
      at EventEmitter.silentEmit (node_modules/ioredis/built/Redis.js:529:30)
      at Socket.<anonymous> (node_modules/ioredis/built/redis/event_handler.js:221:14)

  console.error
    [VerificationService] Redis 杩炴帴閿欒锛屼娇鐢ㄦ湰鍦板瓨鍌?

    [0m [90m 43 |[39m     
     [90m 44 |[39m     redisClient[33m.[39mon([32m'error'[39m[33m,[39m (err) [33m=>[39m {
    [31m[1m>[22m[39m[90m 45 |[39m       console[33m.[39merror([32m'[VerificationService] Redis 杩炴帴閿欒锛屼娇鐢ㄦ湰鍦板瓨鍌?'[39m[33m,[39m err[33m.[39mmessage)[33m;[39m
     [90m    |[39m               [31m[1m^[22m[39m
     [90m 46 |[39m       redisClient [33m=[39m [36mnull[39m[33m;[39m
     [90m 47 |[39m     })[33m;[39m
     [90m 48 |[39m     [0m

      at EventEmitter.error (src/services/verificationService.js:45:15)
      at EventEmitter.silentEmit (node_modules/ioredis/built/Redis.js:529:30)
      at Socket.<anonymous> (node_modules/ioredis/built/redis/event_handler.js:221:14)

  console.error
    [VerificationService] Redis 杩炴帴閿欒锛屼娇鐢ㄦ湰鍦板瓨鍌?

    [0m [90m 43 |[39m     
     [90m 44 |[39m     redisClient[33m.[39mon([32m'error'[39m[33m,[39m (err) [33m=>[39m {
    [31m[1m>[22m[39m[90m 45 |[39m       console[33m.[39merror([32m'[VerificationService] Redis 杩炴帴閿欒锛屼娇鐢ㄦ湰鍦板瓨鍌?'[39m[33m,[39m err[33m.[39mmessage)[33m;[39m
     [90m    |[39m               [31m[1m^[22m[39m
     [90m 46 |[39m       redisClient [33m=[39m [36mnull[39m[33m;[39m
     [90m 47 |[39m     })[33m;[39m
     [90m 48 |[39m     [0m

      at EventEmitter.error (src/services/verificationService.js:45:15)
      at EventEmitter.silentEmit (node_modules/ioredis/built/Redis.js:529:30)
      at Socket.<anonymous> (node_modules/ioredis/built/redis/event_handler.js:221:14)

  console.error
    [VerificationService] Redis 杩炴帴閿欒锛屼娇鐢ㄦ湰鍦板瓨鍌?

    [0m [90m 43 |[39m     
     [90m 44 |[39m     redisClient[33m.[39mon([32m'error'[39m[33m,[39m (err) [33m=>[39m {
    [31m[1m>[22m[39m[90m 45 |[39m       console[33m.[39merror([32m'[VerificationService] Redis 杩炴帴閿欒锛屼娇鐢ㄦ湰鍦板瓨鍌?'[39m[33m,[39m err[33m.[39mmessage)[33m;[39m
     [90m    |[39m               [31m[1m^[22m[39m
     [90m 46 |[39m       redisClient [33m=[39m [36mnull[39m[33m;[39m
     [90m 47 |[39m     })[33m;[39m
     [90m 48 |[39m     [0m

      at EventEmitter.error (src/services/verificationService.js:45:15)
      at EventEmitter.silentEmit (node_modules/ioredis/built/Redis.js:529:30)
      at Socket.<anonymous> (node_modules/ioredis/built/redis/event_handler.js:221:14)

  console.error
    [VerificationService] Redis 杩炴帴閿欒锛屼娇鐢ㄦ湰鍦板瓨鍌?

    [0m [90m 43 |[39m     
     [90m 44 |[39m     redisClient[33m.[39mon([32m'error'[39m[33m,[39m (err) [33m=>[39m {
    [31m[1m>[22m[39m[90m 45 |[39m       console[33m.[39merror([32m'[VerificationService] Redis 杩炴帴閿欒锛屼娇鐢ㄦ湰鍦板瓨鍌?'[39m[33m,[39m err[33m.[39mmessage)[33m;[39m
     [90m    |[39m               [31m[1m^[22m[39m
     [90m 46 |[39m       redisClient [33m=[39m [36mnull[39m[33m;[39m
     [90m 47 |[39m     })[33m;[39m
     [90m 48 |[39m     [0m

      at EventEmitter.error (src/services/verificationService.js:45:15)
      at EventEmitter.silentEmit (node_modules/ioredis/built/Redis.js:529:30)
      at Socket.<anonymous> (node_modules/ioredis/built/redis/event_handler.js:221:14)

  console.error
    [VerificationService] Redis 杩炴帴閿欒锛屼娇鐢ㄦ湰鍦板瓨鍌?

    [0m [90m 43 |[39m     
     [90m 44 |[39m     redisClient[33m.[39mon([32m'error'[39m[33m,[39m (err) [33m=>[39m {
    [31m[1m>[22m[39m[90m 45 |[39m       console[33m.[39merror([32m'[VerificationService] Redis 杩炴帴閿欒锛屼娇鐢ㄦ湰鍦板瓨鍌?'[39m[33m,[39m err[33m.[39mmessage)[33m;[39m
     [90m    |[39m               [31m[1m^[22m[39m
     [90m 46 |[39m       redisClient [33m=[39m [36mnull[39m[33m;[39m
     [90m 47 |[39m     })[33m;[39m
     [90m 48 |[39m     [0m

      at EventEmitter.error (src/services/verificationService.js:45:15)
      at EventEmitter.silentEmit (node_modules/ioredis/built/Redis.js:529:30)
      at Socket.<anonymous> (node_modules/ioredis/built/redis/event_handler.js:221:14)

  console.error
    [VerificationService] Redis 杩炴帴閿欒锛屼娇鐢ㄦ湰鍦板瓨鍌?

    [0m [90m 43 |[39m     
     [90m 44 |[39m     redisClient[33m.[39mon([32m'error'[39m[33m,[39m (err) [33m=>[39m {
    [31m[1m>[22m[39m[90m 45 |[39m       console[33m.[39merror([32m'[VerificationService] Redis 杩炴帴閿欒锛屼娇鐢ㄦ湰鍦板瓨鍌?'[39m[33m,[39m err[33m.[39mmessage)[33m;[39m
     [90m    |[39m               [31m[1m^[22m[39m
     [90m 46 |[39m       redisClient [33m=[39m [36mnull[39m[33m;[39m
     [90m 47 |[39m     })[33m;[39m
     [90m 48 |[39m     [0m

      at EventEmitter.error (src/services/verificationService.js:45:15)
      at EventEmitter.silentEmit (node_modules/ioredis/built/Redis.js:529:30)
      at Socket.<anonymous> (node_modules/ioredis/built/redis/event_handler.js:221:14)

  console.error
    [VerificationService] 瀛樺偍楠岃瘉鐮佸け璐? Reached the max retries per request limit (which is 20). Refer to "maxRetriesPerRequest" option for details.

    [0m [90m 127 |[39m     }
     [90m 128 |[39m   } [36mcatch[39m (error) {
    [31m[1m>[22m[39m[90m 129 |[39m     console[33m.[39merror([32m'[VerificationService] 瀛樺偍楠岃瘉鐮佸け璐?'[39m[33m,[39m error[33m.[39mmessage)[33m;[39m
     [90m     |[39m             [31m[1m^[22m[39m
     [90m 130 |[39m     [90m// Fallback 鍒版湰鍦板瓨鍌?[39m
     [90m 131 |[39m     verificationCodeMap[33m.[39m[36mset[39m(key[33m,[39m {
     [90m 132 |[39m       code[33m,[39m[0m

      at Object.error [as generateAndSaveCode] (src/services/verificationService.js:129:13)
      at Object.<anonymous> (tests/services-comprehensive.test.js:87:7)

  console.error
    [VerificationService] Redis 杩炴帴閿欒锛屼娇鐢ㄦ湰鍦板瓨鍌?

    [0m [90m 43 |[39m     
     [90m 44 |[39m     redisClient[33m.[39mon([32m'error'[39m[33m,[39m (err) [33m=>[39m {
    [31m[1m>[22m[39m[90m 45 |[39m       console[33m.[39merror([32m'[VerificationService] Redis 杩炴帴閿欒锛屼娇鐢ㄦ湰鍦板瓨鍌?'[39m[33m,[39m err[33m.[39mmessage)[33m;[39m
     [90m    |[39m               [31m[1m^[22m[39m
     [90m 46 |[39m       redisClient [33m=[39m [36mnull[39m[33m;[39m
     [90m 47 |[39m     })[33m;[39m
     [90m 48 |[39m     [0m

      at EventEmitter.error (src/services/verificationService.js:45:15)
      at EventEmitter.silentEmit (node_modules/ioredis/built/Redis.js:529:30)
      at Socket.<anonymous> (node_modules/ioredis/built/redis/event_handler.js:221:14)

  console.error
    [VerificationService] Redis 杩炴帴閿欒锛屼娇鐢ㄦ湰鍦板瓨鍌?

    [0m [90m 43 |[39m     
     [90m 44 |[39m     redisClient[33m.[39mon([32m'error'[39m[33m,[39m (err) [33m=>[39m {
    [31m[1m>[22m[39m[90m 45 |[39m       console[33m.[39merror([32m'[VerificationService] Redis 杩炴帴閿欒锛屼娇鐢ㄦ湰鍦板瓨鍌?'[39m[33m,[39m err[33m.[39mmessage)[33m;[39m
     [90m    |[39m               [31m[1m^[22m[39m
     [90m 46 |[39m       redisClient [33m=[39m [36mnull[39m[33m;[39m
     [90m 47 |[39m     })[33m;[39m
     [90m 48 |[39m     [0m

      at EventEmitter.error (src/services/verificationService.js:45:15)
      at EventEmitter.silentEmit (node_modules/ioredis/built/Redis.js:529:30)
      at Socket.<anonymous> (node_modules/ioredis/built/redis/event_handler.js:221:14)

  console.error
    [VerificationService] Redis 杩炴帴閿欒锛屼娇鐢ㄦ湰鍦板瓨鍌?

    [0m [90m 43 |[39m     
     [90m 44 |[39m     redisClient[33m.[39mon([32m'error'[39m[33m,[39m (err) [33m=>[39m {
    [31m[1m>[22m[39m[90m 45 |[39m       console[33m.[39merror([32m'[VerificationService] Redis 杩炴帴閿欒锛屼娇鐢ㄦ湰鍦板瓨鍌?'[39m[33m,[39m err[33m.[39mmessage)[33m;[39m
     [90m    |[39m               [31m[1m^[22m[39m
     [90m 46 |[39m       redisClient [33m=[39m [36mnull[39m[33m;[39m
     [90m 47 |[39m     })[33m;[39m
     [90m 48 |[39m     [0m

      at EventEmitter.error (src/services/verificationService.js:45:15)
      at EventEmitter.silentEmit (node_modules/ioredis/built/Redis.js:529:30)
      at Socket.<anonymous> (node_modules/ioredis/built/redis/event_handler.js:221:14)

  console.error
    [VerificationService] Redis 杩炴帴閿欒锛屼娇鐢ㄦ湰鍦板瓨鍌?

    [0m [90m 43 |[39m     
     [90m 44 |[39m     redisClient[33m.[39mon([32m'error'[39m[33m,[39m (err) [33m=>[39m {
    [31m[1m>[22m[39m[90m 45 |[39m       console[33m.[39merror([32m'[VerificationService] Redis 杩炴帴閿欒锛屼娇鐢ㄦ湰鍦板瓨鍌?'[39m[33m,[39m err[33m.[39mmessage)[33m;[39m
     [90m    |[39m               [31m[1m^[22m[39m
     [90m 46 |[39m       redisClient [33m=[39m [36mnull[39m[33m;[39m
     [90m 47 |[39m     })[33m;[39m
     [90m 48 |[39m     [0m

      at EventEmitter.error (src/services/verificationService.js:45:15)
      at EventEmitter.silentEmit (node_modules/ioredis/built/Redis.js:529:30)
      at Socket.<anonymous> (node_modules/ioredis/built/redis/event_handler.js:221:14)

  console.error
    [VerificationService] Redis 杩炴帴閿欒锛屼娇鐢ㄦ湰鍦板瓨鍌?

    [0m [90m 43 |[39m     
     [90m 44 |[39m     redisClient[33m.[39mon([32m'error'[39m[33m,[39m (err) [33m=>[39m {
    [31m[1m>[22m[39m[90m 45 |[39m       console[33m.[39merror([32m'[VerificationService] Redis 杩炴帴閿欒锛屼娇鐢ㄦ湰鍦板瓨鍌?'[39m[33m,[39m err[33m.[39mmessage)[33m;[39m
     [90m    |[39m               [31m[1m^[22m[39m
     [90m 46 |[39m       redisClient [33m=[39m [36mnull[39m[33m;[39m
     [90m 47 |[39m     })[33m;[39m
     [90m 48 |[39m     [0m

      at EventEmitter.error (src/services/verificationService.js:45:15)
      at EventEmitter.silentEmit (node_modules/ioredis/built/Redis.js:529:30)
      at Socket.<anonymous> (node_modules/ioredis/built/redis/event_handler.js:221:14)

  console.error
    [VerificationService] Redis 杩炴帴閿欒锛屼娇鐢ㄦ湰鍦板瓨鍌?

    [0m [90m 43 |[39m     
     [90m 44 |[39m     redisClient[33m.[39mon([32m'error'[39m[33m,[39m (err) [33m=>[39m {
    [31m[1m>[22m[39m[90m 45 |[39m       console[33m.[39merror([32m'[VerificationService] Redis 杩炴帴閿欒锛屼娇鐢ㄦ湰鍦板瓨鍌?'[39m[33m,[39m err[33m.[39mmessage)[33m;[39m
     [90m    |[39m               [31m[1m^[22m[39m
     [90m 46 |[39m       redisClient [33m=[39m [36mnull[39m[33m;[39m
     [90m 47 |[39m     })[33m;[39m
     [90m 48 |[39m     [0m

      at EventEmitter.error (src/services/verificationService.js:45:15)
      at EventEmitter.silentEmit (node_modules/ioredis/built/Redis.js:529:30)
      at Socket.<anonymous> (node_modules/ioredis/built/redis/event_handler.js:221:14)

  console.error
    [VerificationService] Redis 杩炴帴閿欒锛屼娇鐢ㄦ湰鍦板瓨鍌?

    [0m [90m 43 |[39m     
     [90m 44 |[39m     redisClient[33m.[39mon([32m'error'[39m[33m,[39m (err) [33m=>[39m {
    [31m[1m>[22m[39m[90m 45 |[39m       console[33m.[39merror([32m'[VerificationService] Redis 杩炴帴閿欒锛屼娇鐢ㄦ湰鍦板瓨鍌?'[39m[33m,[39m err[33m.[39mmessage)[33m;[39m
     [90m    |[39m               [31m[1m^[22m[39m
     [90m 46 |[39m       redisClient [33m=[39m [36mnull[39m[33m;[39m
     [90m 47 |[39m     })[33m;[39m
     [90m 48 |[39m     [0m

      at EventEmitter.error (src/services/verificationService.js:45:15)
      at EventEmitter.silentEmit (node_modules/ioredis/built/Redis.js:529:30)
      at Socket.<anonymous> (node_modules/ioredis/built/redis/event_handler.js:221:14)

  console.error
    [VerificationService] Redis 杩炴帴閿欒锛屼娇鐢ㄦ湰鍦板瓨鍌?

    [0m [90m 43 |[39m     
     [90m 44 |[39m     redisClient[33m.[39mon([32m'error'[39m[33m,[39m (err) [33m=>[39m {
    [31m[1m>[22m[39m[90m 45 |[39m       console[33m.[39merror([32m'[VerificationService] Redis 杩炴帴閿欒锛屼娇鐢ㄦ湰鍦板瓨鍌?'[39m[33m,[39m err[33m.[39mmessage)[33m;[39m
     [90m    |[39m               [31m[1m^[22m[39m
     [90m 46 |[39m       redisClient [33m=[39m [36mnull[39m[33m;[39m
     [90m 47 |[39m     })[33m;[39m
     [90m 48 |[39m     [0m

      at EventEmitter.error (src/services/verificationService.js:45:15)
      at EventEmitter.silentEmit (node_modules/ioredis/built/Redis.js:529:30)
      at Socket.<anonymous> (node_modules/ioredis/built/redis/event_handler.js:221:14)

  console.error
    [VerificationService] Redis 杩炴帴閿欒锛屼娇鐢ㄦ湰鍦板瓨鍌?

    [0m [90m 43 |[39m     
     [90m 44 |[39m     redisClient[33m.[39mon([32m'error'[39m[33m,[39m (err) [33m=>[39m {
    [31m[1m>[22m[39m[90m 45 |[39m       console[33m.[39merror([32m'[VerificationService] Redis 杩炴帴閿欒锛屼娇鐢ㄦ湰鍦板瓨鍌?'[39m[33m,[39m err[33m.[39mmessage)[33m;[39m
     [90m    |[39m               [31m[1m^[22m[39m
     [90m 46 |[39m       redisClient [33m=[39m [36mnull[39m[33m;[39m
     [90m 47 |[39m     })[33m;[39m
     [90m 48 |[39m     [0m

      at EventEmitter.error (src/services/verificationService.js:45:15)
      at EventEmitter.silentEmit (node_modules/ioredis/built/Redis.js:529:30)
      at Socket.<anonymous> (node_modules/ioredis/built/redis/event_handler.js:221:14)

  console.error
    [VerificationService] Redis 杩炴帴閿欒锛屼娇鐢ㄦ湰鍦板瓨鍌?

    [0m [90m 43 |[39m     
     [90m 44 |[39m     redisClient[33m.[39mon([32m'error'[39m[33m,[39m (err) [33m=>[39m {
    [31m[1m>[22m[39m[90m 45 |[39m       console[33m.[39merror([32m'[VerificationService] Redis 杩炴帴閿欒锛屼娇鐢ㄦ湰鍦板瓨鍌?'[39m[33m,[39m err[33m.[39mmessage)[33m;[39m
     [90m    |[39m               [31m[1m^[22m[39m
     [90m 46 |[39m       redisClient [33m=[39m [36mnull[39m[33m;[39m
     [90m 47 |[39m     })[33m;[39m
     [90m 48 |[39m     [0m

      at EventEmitter.error (src/services/verificationService.js:45:15)
      at EventEmitter.silentEmit (node_modules/ioredis/built/Redis.js:529:30)
      at Socket.<anonymous> (node_modules/ioredis/built/redis/event_handler.js:221:14)

  console.error
    [VerificationService] Redis 杩炴帴閿欒锛屼娇鐢ㄦ湰鍦板瓨鍌?

    [0m [90m 43 |[39m     
     [90m 44 |[39m     redisClient[33m.[39mon([32m'error'[39m[33m,[39m (err) [33m=>[39m {
    [31m[1m>[22m[39m[90m 45 |[39m       console[33m.[39merror([32m'[VerificationService] Redis 杩炴帴閿欒锛屼娇鐢ㄦ湰鍦板瓨鍌?'[39m[33m,[39m err[33m.[39mmessage)[33m;[39m
     [90m    |[39m               [31m[1m^[22m[39m
     [90m 46 |[39m       redisClient [33m=[39m [36mnull[39m[33m;[39m
     [90m 47 |[39m     })[33m;[39m
     [90m 48 |[39m     [0m

      at EventEmitter.error (src/services/verificationService.js:45:15)
      at EventEmitter.silentEmit (node_modules/ioredis/built/Redis.js:529:30)
      at Socket.<anonymous> (node_modules/ioredis/built/redis/event_handler.js:221:14)

  console.error
    [VerificationService] Redis 杩炴帴閿欒锛屼娇鐢ㄦ湰鍦板瓨鍌?

    [0m [90m 43 |[39m     
     [90m 44 |[39m     redisClient[33m.[39mon([32m'error'[39m[33m,[39m (err) [33m=>[39m {
    [31m[1m>[22m[39m[90m 45 |[39m       console[33m.[39merror([32m'[VerificationService] Redis 杩炴帴閿欒锛屼娇鐢ㄦ湰鍦板瓨鍌?'[39m[33m,[39m err[33m.[39mmessage)[33m;[39m
     [90m    |[39m               [31m[1m^[22m[39m
     [90m 46 |[39m       redisClient [33m=[39m [36mnull[39m[33m;[39m
     [90m 47 |[39m     })[33m;[39m
     [90m 48 |[39m     [0m

      at EventEmitter.error (src/services/verificationService.js:45:15)
      at EventEmitter.silentEmit (node_modules/ioredis/built/Redis.js:529:30)
      at Socket.<anonymous> (node_modules/ioredis/built/redis/event_handler.js:221:14)

  console.error
    [VerificationService] Redis 杩炴帴閿欒锛屼娇鐢ㄦ湰鍦板瓨鍌?

    [0m [90m 43 |[39m     
     [90m 44 |[39m     redisClient[33m.[39mon([32m'error'[39m[33m,[39m (err) [33m=>[39m {
    [31m[1m>[22m[39m[90m 45 |[39m       console[33m.[39merror([32m'[VerificationService] Redis 杩炴帴閿欒锛屼娇鐢ㄦ湰鍦板瓨鍌?'[39m[33m,[39m err[33m.[39mmessage)[33m;[39m
     [90m    |[39m               [31m[1m^[22m[39m
     [90m 46 |[39m       redisClient [33m=[39m [36mnull[39m[33m;[39m
     [90m 47 |[39m     })[33m;[39m
     [90m 48 |[39m     [0m

      at EventEmitter.error (src/services/verificationService.js:45:15)
      at EventEmitter.silentEmit (node_modules/ioredis/built/Redis.js:529:30)
      at Socket.<anonymous> (node_modules/ioredis/built/redis/event_handler.js:221:14)

  console.error
    [VerificationService] Redis 杩炴帴閿欒锛屼娇鐢ㄦ湰鍦板瓨鍌?

    [0m [90m 43 |[39m     
     [90m 44 |[39m     redisClient[33m.[39mon([32m'error'[39m[33m,[39m (err) [33m=>[39m {
    [31m[1m>[22m[39m[90m 45 |[39m       console[33m.[39merror([32m'[VerificationService] Redis 杩炴帴閿欒锛屼娇鐢ㄦ湰鍦板瓨鍌?'[39m[33m,[39m err[33m.[39mmessage)[33m;[39m
     [90m    |[39m               [31m[1m^[22m[39m
     [90m 46 |[39m       redisClient [33m=[39m [36mnull[39m[33m;[39m
     [90m 47 |[39m     })[33m;[39m
     [90m 48 |[39m     [0m

      at EventEmitter.error (src/services/verificationService.js:45:15)
      at EventEmitter.silentEmit (node_modules/ioredis/built/Redis.js:529:30)
      at Socket.<anonymous> (node_modules/ioredis/built/redis/event_handler.js:221:14)

  console.error
    [VerificationService] Redis 杩炴帴閿欒锛屼娇鐢ㄦ湰鍦板瓨鍌?

    [0m [90m 43 |[39m     
     [90m 44 |[39m     redisClient[33m.[39mon([32m'error'[39m[33m,[39m (err) [33m=>[39m {
    [31m[1m>[22m[39m[90m 45 |[39m       console[33m.[39merror([32m'[VerificationService] Redis 杩炴帴閿欒锛屼娇鐢ㄦ湰鍦板瓨鍌?'[39m[33m,[39m err[33m.[39mmessage)[33m;[39m
     [90m    |[39m               [31m[1m^[22m[39m
     [90m 46 |[39m       redisClient [33m=[39m [36mnull[39m[33m;[39m
     [90m 47 |[39m     })[33m;[39m
     [90m 48 |[39m     [0m

      at EventEmitter.error (src/services/verificationService.js:45:15)
      at EventEmitter.silentEmit (node_modules/ioredis/built/Redis.js:529:30)
      at Socket.<anonymous> (node_modules/ioredis/built/redis/event_handler.js:221:14)

  console.error
    [VerificationService] Redis 杩炴帴閿欒锛屼娇鐢ㄦ湰鍦板瓨鍌?

    [0m [90m 43 |[39m     
     [90m 44 |[39m     redisClient[33m.[39mon([32m'error'[39m[33m,[39m (err) [33m=>[39m {
    [31m[1m>[22m[39m[90m 45 |[39m       console[33m.[39merror([32m'[VerificationService] Redis 杩炴帴閿欒锛屼娇鐢ㄦ湰鍦板瓨鍌?'[39m[33m,[39m err[33m.[39mmessage)[33m;[39m
     [90m    |[39m               [31m[1m^[22m[39m
     [90m 46 |[39m       redisClient [33m=[39m [36mnull[39m[33m;[39m
     [90m 47 |[39m     })[33m;[39m
     [90m 48 |[39m     [0m

      at EventEmitter.error (src/services/verificationService.js:45:15)
      at EventEmitter.silentEmit (node_modules/ioredis/built/Redis.js:529:30)
      at Socket.<anonymous> (node_modules/ioredis/built/redis/event_handler.js:221:14)

  console.error
    [VerificationService] Redis 杩炴帴閿欒锛屼娇鐢ㄦ湰鍦板瓨鍌?

    [0m [90m 43 |[39m     
     [90m 44 |[39m     redisClient[33m.[39mon([32m'error'[39m[33m,[39m (err) [33m=>[39m {
    [31m[1m>[22m[39m[90m 45 |[39m       console[33m.[39merror([32m'[VerificationService] Redis 杩炴帴閿欒锛屼娇鐢ㄦ湰鍦板瓨鍌?'[39m[33m,[39m err[33m.[39mmessage)[33m;[39m
     [90m    |[39m               [31m[1m^[22m[39m
     [90m 46 |[39m       redisClient [33m=[39m [36mnull[39m[33m;[39m
     [90m 47 |[39m     })[33m;[39m
     [90m 48 |[39m     [0m

      at EventEmitter.error (src/services/verificationService.js:45:15)
      at EventEmitter.silentEmit (node_modules/ioredis/built/Redis.js:529:30)
      at Socket.<anonymous> (node_modules/ioredis/built/redis/event_handler.js:221:14)

  console.error
    [VerificationService] Redis 杩炴帴閿欒锛屼娇鐢ㄦ湰鍦板瓨鍌?

    [0m [90m 43 |[39m     
     [90m 44 |[39m     redisClient[33m.[39mon([32m'error'[39m[33m,[39m (err) [33m=>[39m {
    [31m[1m>[22m[39m[90m 45 |[39m       console[33m.[39merror([32m'[VerificationService] Redis 杩炴帴閿欒锛屼娇鐢ㄦ湰鍦板瓨鍌?'[39m[33m,[39m err[33m.[39mmessage)[33m;[39m
     [90m    |[39m               [31m[1m^[22m[39m
     [90m 46 |[39m       redisClient [33m=[39m [36mnull[39m[33m;[39m
     [90m 47 |[39m     })[33m;[39m
     [90m 48 |[39m     [0m

      at EventEmitter.error (src/services/verificationService.js:45:15)
      at EventEmitter.silentEmit (node_modules/ioredis/built/Redis.js:529:30)
      at Socket.<anonymous> (node_modules/ioredis/built/redis/event_handler.js:221:14)

  console.error
    [VerificationService] Redis 杩炴帴閿欒锛屼娇鐢ㄦ湰鍦板瓨鍌?

    [0m [90m 43 |[39m     
     [90m 44 |[39m     redisClient[33m.[39mon([32m'error'[39m[33m,[39m (err) [33m=>[39m {
    [31m[1m>[22m[39m[90m 45 |[39m       console[33m.[39merror([32m'[VerificationService] Redis 杩炴帴閿欒锛屼娇鐢ㄦ湰鍦板瓨鍌?'[39m[33m,[39m err[33m.[39mmessage)[33m;[39m
     [90m    |[39m               [31m[1m^[22m[39m
     [90m 46 |[39m       redisClient [33m=[39m [36mnull[39m[33m;[39m
     [90m 47 |[39m     })[33m;[39m
     [90m 48 |[39m     [0m

      at EventEmitter.error (src/services/verificationService.js:45:15)
      at EventEmitter.silentEmit (node_modules/ioredis/built/Redis.js:529:30)
      at Socket.<anonymous> (node_modules/ioredis/built/redis/event_handler.js:221:14)

  console.error
    [VerificationService] Redis 杩炴帴閿欒锛屼娇鐢ㄦ湰鍦板瓨鍌?

    [0m [90m 43 |[39m     
     [90m 44 |[39m     redisClient[33m.[39mon([32m'error'[39m[33m,[39m (err) [33m=>[39m {
    [31m[1m>[22m[39m[90m 45 |[39m       console[33m.[39merror([32m'[VerificationService] Redis 杩炴帴閿欒锛屼娇鐢ㄦ湰鍦板瓨鍌?'[39m[33m,[39m err[33m.[39mmessage)[33m;[39m
     [90m    |[39m               [31m[1m^[22m[39m
     [90m 46 |[39m       redisClient [33m=[39m [36mnull[39m[33m;[39m
     [90m 47 |[39m     })[33m;[39m
     [90m 48 |[39m     [0m

      at EventEmitter.error (src/services/verificationService.js:45:15)
      at EventEmitter.silentEmit (node_modules/ioredis/built/Redis.js:529:30)
      at Socket.<anonymous> (node_modules/ioredis/built/redis/event_handler.js:221:14)

  console.error
    [VerificationService] Redis 杩炴帴閿欒锛屼娇鐢ㄦ湰鍦板瓨鍌?

    [0m [90m 43 |[39m     
     [90m 44 |[39m     redisClient[33m.[39mon([32m'error'[39m[33m,[39m (err) [33m=>[39m {
    [31m[1m>[22m[39m[90m 45 |[39m       console[33m.[39merror([32m'[VerificationService] Redis 杩炴帴閿欒锛屼娇鐢ㄦ湰鍦板瓨鍌?'[39m[33m,[39m err[33m.[39mmessage)[33m;[39m
     [90m    |[39m               [31m[1m^[22m[39m
     [90m 46 |[39m       redisClient [33m=[39m [36mnull[39m[33m;[39m
     [90m 47 |[39m     })[33m;[39m
     [90m 48 |[39m     [0m

      at EventEmitter.error (src/services/verificationService.js:45:15)
      at EventEmitter.silentEmit (node_modules/ioredis/built/Redis.js:529:30)
      at Socket.<anonymous> (node_modules/ioredis/built/redis/event_handler.js:221:14)

  console.error
    [VerificationService] Redis 杩炴帴閿欒锛屼娇鐢ㄦ湰鍦板瓨鍌?

    [0m [90m 43 |[39m     
     [90m 44 |[39m     redisClient[33m.[39mon([32m'error'[39m[33m,[39m (err) [33m=>[39m {
    [31m[1m>[22m[39m[90m 45 |[39m       console[33m.[39merror([32m'[VerificationService] Redis 杩炴帴閿欒锛屼娇鐢ㄦ湰鍦板瓨鍌?'[39m[33m,[39m err[33m.[39mmessage)[33m;[39m
     [90m    |[39m               [31m[1m^[22m[39m
     [90m 46 |[39m       redisClient [33m=[39m [36mnull[39m[33m;[39m
     [90m 47 |[39m     })[33m;[39m
     [90m 48 |[39m     [0m

      at EventEmitter.error (src/services/verificationService.js:45:15)
      at EventEmitter.silentEmit (node_modules/ioredis/built/Redis.js:529:30)
      at Socket.<anonymous> (node_modules/ioredis/built/redis/event_handler.js:221:14)

  console.error
    [VerificationService] Redis 杩炴帴閿欒锛屼娇鐢ㄦ湰鍦板瓨鍌?

    [0m [90m 43 |[39m     
     [90m 44 |[39m     redisClient[33m.[39mon([32m'error'[39m[33m,[39m (err) [33m=>[39m {
    [31m[1m>[22m[39m[90m 45 |[39m       console[33m.[39merror([32m'[VerificationService] Redis 杩炴帴閿欒锛屼娇鐢ㄦ湰鍦板瓨鍌?'[39m[33m,[39m err[33m.[39mmessage)[33m;[39m
     [90m    |[39m               [31m[1m^[22m[39m
     [90m 46 |[39m       redisClient [33m=[39m [36mnull[39m[33m;[39m
     [90m 47 |[39m     })[33m;[39m
     [90m 48 |[39m     [0m

      at EventEmitter.error (src/services/verificationService.js:45:15)
      at EventEmitter.silentEmit (node_modules/ioredis/built/Redis.js:529:30)
      at Socket.<anonymous> (node_modules/ioredis/built/redis/event_handler.js:221:14)

  console.error
    [VerificationService] Redis 杩炴帴閿欒锛屼娇鐢ㄦ湰鍦板瓨鍌?

    [0m [90m 43 |[39m     
     [90m 44 |[39m     redisClient[33m.[39mon([32m'error'[39m[33m,[39m (err) [33m=>[39m {
    [31m[1m>[22m[39m[90m 45 |[39m       console[33m.[39merror([32m'[VerificationService] Redis 杩炴帴閿欒锛屼娇鐢ㄦ湰鍦板瓨鍌?'[39m[33m,[39m err[33m.[39mmessage)[33m;[39m
     [90m    |[39m               [31m[1m^[22m[39m
     [90m 46 |[39m       redisClient [33m=[39m [36mnull[39m[33m;[39m
     [90m 47 |[39m     })[33m;[39m
     [90m 48 |[39m     [0m

      at EventEmitter.error (src/services/verificationService.js:45:15)
      at EventEmitter.silentEmit (node_modules/ioredis/built/Redis.js:529:30)
      at Socket.<anonymous> (node_modules/ioredis/built/redis/event_handler.js:221:14)

  console.error
    [VerificationService] Redis 杩炴帴閿欒锛屼娇鐢ㄦ湰鍦板瓨鍌?

    [0m [90m 43 |[39m     
     [90m 44 |[39m     redisClient[33m.[39mon([32m'error'[39m[33m,[39m (err) [33m=>[39m {
    [31m[1m>[22m[39m[90m 45 |[39m       console[33m.[39merror([32m'[VerificationService] Redis 杩炴帴閿欒锛屼娇鐢ㄦ湰鍦板瓨鍌?'[39m[33m,[39m err[33m.[39mmessage)[33m;[39m
     [90m    |[39m               [31m[1m^[22m[39m
     [90m 46 |[39m       redisClient [33m=[39m [36mnull[39m[33m;[39m
     [90m 47 |[39m     })[33m;[39m
     [90m 48 |[39m     [0m

      at EventEmitter.error (src/services/verificationService.js:45:15)
      at EventEmitter.silentEmit (node_modules/ioredis/built/Redis.js:529:30)
      at Socket.<anonymous> (node_modules/ioredis/built/redis/event_handler.js:221:14)

  console.error
    [VerificationService] Redis 杩炴帴閿欒锛屼娇鐢ㄦ湰鍦板瓨鍌?

    [0m [90m 43 |[39m     
     [90m 44 |[39m     redisClient[33m.[39mon([32m'error'[39m[33m,[39m (err) [33m=>[39m {
    [31m[1m>[22m[39m[90m 45 |[39m       console[33m.[39merror([32m'[VerificationService] Redis 杩炴帴閿欒锛屼娇鐢ㄦ湰鍦板瓨鍌?'[39m[33m,[39m err[33m.[39mmessage)[33m;[39m
     [90m    |[39m               [31m[1m^[22m[39m
     [90m 46 |[39m       redisClient [33m=[39m [36mnull[39m[33m;[39m
     [90m 47 |[39m     })[33m;[39m
     [90m 48 |[39m     [0m

      at EventEmitter.error (src/services/verificationService.js:45:15)
      at EventEmitter.silentEmit (node_modules/ioredis/built/Redis.js:529:30)
      at Socket.<anonymous> (node_modules/ioredis/built/redis/event_handler.js:221:14)

  console.error
    [VerificationService] Redis 杩炴帴閿欒锛屼娇鐢ㄦ湰鍦板瓨鍌?

    [0m [90m 43 |[39m     
     [90m 44 |[39m     redisClient[33m.[39mon([32m'error'[39m[33m,[39m (err) [33m=>[39m {
    [31m[1m>[22m[39m[90m 45 |[39m       console[33m.[39merror([32m'[VerificationService] Redis 杩炴帴閿欒锛屼娇鐢ㄦ湰鍦板瓨鍌?'[39m[33m,[39m err[33m.[39mmessage)[33m;[39m
     [90m    |[39m               [31m[1m^[22m[39m
     [90m 46 |[39m       redisClient [33m=[39m [36mnull[39m[33m;[39m
     [90m 47 |[39m     })[33m;[39m
     [90m 48 |[39m     [0m

      at EventEmitter.error (src/services/verificationService.js:45:15)
      at EventEmitter.silentEmit (node_modules/ioredis/built/Redis.js:529:30)
      at Socket.<anonymous> (node_modules/ioredis/built/redis/event_handler.js:221:14)

  console.error
    [VerificationService] Redis 杩炴帴閿欒锛屼娇鐢ㄦ湰鍦板瓨鍌?

    [0m [90m 43 |[39m     
     [90m 44 |[39m     redisClient[33m.[39mon([32m'error'[39m[33m,[39m (err) [33m=>[39m {
    [31m[1m>[22m[39m[90m 45 |[39m       console[33m.[39merror([32m'[VerificationService] Redis 杩炴帴閿欒锛屼娇鐢ㄦ湰鍦板瓨鍌?'[39m[33m,[39m err[33m.[39mmessage)[33m;[39m
     [90m    |[39m               [31m[1m^[22m[39m
     [90m 46 |[39m       redisClient [33m=[39m [36mnull[39m[33m;[39m
     [90m 47 |[39m     })[33m;[39m
     [90m 48 |[39m     [0m

      at EventEmitter.error (src/services/verificationService.js:45:15)
      at EventEmitter.silentEmit (node_modules/ioredis/built/Redis.js:529:30)
      at Socket.<anonymous> (node_modules/ioredis/built/redis/event_handler.js:221:14)

  console.error
    [VerificationService] Redis 杩炴帴閿欒锛屼娇鐢ㄦ湰鍦板瓨鍌?

    [0m [90m 43 |[39m     
     [90m 44 |[39m     redisClient[33m.[39mon([32m'error'[39m[33m,[39m (err) [33m=>[39m {
    [31m[1m>[22m[39m[90m 45 |[39m       console[33m.[39merror([32m'[VerificationService] Redis 杩炴帴閿欒锛屼娇鐢ㄦ湰鍦板瓨鍌?'[39m[33m,[39m err[33m.[39mmessage)[33m;[39m
     [90m    |[39m               [31m[1m^[22m[39m
     [90m 46 |[39m       redisClient [33m=[39m [36mnull[39m[33m;[39m
     [90m 47 |[39m     })[33m;[39m
     [90m 48 |[39m     [0m

      at EventEmitter.error (src/services/verificationService.js:45:15)
      at EventEmitter.silentEmit (node_modules/ioredis/built/Redis.js:529:30)
      at Socket.<anonymous> (node_modules/ioredis/built/redis/event_handler.js:221:14)

  console.error
    [VerificationService] Redis 杩炴帴閿欒锛屼娇鐢ㄦ湰鍦板瓨鍌?

    [0m [90m 43 |[39m     
     [90m 44 |[39m     redisClient[33m.[39mon([32m'error'[39m[33m,[39m (err) [33m=>[39m {
    [31m[1m>[22m[39m[90m 45 |[39m       console[33m.[39merror([32m'[VerificationService] Redis 杩炴帴閿欒锛屼娇鐢ㄦ湰鍦板瓨鍌?'[39m[33m,[39m err[33m.[39mmessage)[33m;[39m
     [90m    |[39m               [31m[1m^[22m[39m
     [90m 46 |[39m       redisClient [33m=[39m [36mnull[39m[33m;[39m
     [90m 47 |[39m     })[33m;[39m
     [90m 48 |[39m     [0m

      at EventEmitter.error (src/services/verificationService.js:45:15)
      at EventEmitter.silentEmit (node_modules/ioredis/built/Redis.js:529:30)
      at Socket.<anonymous> (node_modules/ioredis/built/redis/event_handler.js:221:14)

  console.error
    [VerificationService] Redis 杩炴帴閿欒锛屼娇鐢ㄦ湰鍦板瓨鍌?

    [0m [90m 43 |[39m     
     [90m 44 |[39m     redisClient[33m.[39mon([32m'error'[39m[33m,[39m (err) [33m=>[39m {
    [31m[1m>[22m[39m[90m 45 |[39m       console[33m.[39merror([32m'[VerificationService] Redis 杩炴帴閿欒锛屼娇鐢ㄦ湰鍦板瓨鍌?'[39m[33m,[39m err[33m.[39mmessage)[33m;[39m
     [90m    |[39m               [31m[1m^[22m[39m
     [90m 46 |[39m       redisClient [33m=[39m [36mnull[39m[33m;[39m
     [90m 47 |[39m     })[33m;[39m
     [90m 48 |[39m     [0m

      at EventEmitter.error (src/services/verificationService.js:45:15)
      at EventEmitter.silentEmit (node_modules/ioredis/built/Redis.js:529:30)
      at Socket.<anonymous> (node_modules/ioredis/built/redis/event_handler.js:221:14)

  console.error
    [VerificationService] Redis 杩炴帴閿欒锛屼娇鐢ㄦ湰鍦板瓨鍌?

    [0m [90m 43 |[39m     
     [90m 44 |[39m     redisClient[33m.[39mon([32m'error'[39m[33m,[39m (err) [33m=>[39m {
    [31m[1m>[22m[39m[90m 45 |[39m       console[33m.[39merror([32m'[VerificationService] Redis 杩炴帴閿欒锛屼娇鐢ㄦ湰鍦板瓨鍌?'[39m[33m,[39m err[33m.[39mmessage)[33m;[39m
     [90m    |[39m               [31m[1m^[22m[39m
     [90m 46 |[39m       redisClient [33m=[39m [36mnull[39m[33m;[39m
     [90m 47 |[39m     })[33m;[39m
     [90m 48 |[39m     [0m

      at EventEmitter.error (src/services/verificationService.js:45:15)
      at EventEmitter.silentEmit (node_modules/ioredis/built/Redis.js:529:30)
      at Socket.<anonymous> (node_modules/ioredis/built/redis/event_handler.js:221:14)

  console.error
    [VerificationService] Redis 杩炴帴閿欒锛屼娇鐢ㄦ湰鍦板瓨鍌?

    [0m [90m 43 |[39m     
     [90m 44 |[39m     redisClient[33m.[39mon([32m'error'[39m[33m,[39m (err) [33m=>[39m {
    [31m[1m>[22m[39m[90m 45 |[39m       console[33m.[39merror([32m'[VerificationService] Redis 杩炴帴閿欒锛屼娇鐢ㄦ湰鍦板瓨鍌?'[39m[33m,[39m err[33m.[39mmessage)[33m;[39m
     [90m    |[39m               [31m[1m^[22m[39m
     [90m 46 |[39m       redisClient [33m=[39m [36mnull[39m[33m;[39m
     [90m 47 |[39m     })[33m;[39m
     [90m 48 |[39m     [0m

      at EventEmitter.error (src/services/verificationService.js:45:15)
      at EventEmitter.silentEmit (node_modules/ioredis/built/Redis.js:529:30)
      at Socket.<anonymous> (node_modules/ioredis/built/redis/event_handler.js:221:14)

  console.error
    [VerificationService] Redis 杩炴帴閿欒锛屼娇鐢ㄦ湰鍦板瓨鍌?

    [0m [90m 43 |[39m     
     [90m 44 |[39m     redisClient[33m.[39mon([32m'error'[39m[33m,[39m (err) [33m=>[39m {
    [31m[1m>[22m[39m[90m 45 |[39m       console[33m.[39merror([32m'[VerificationService] Redis 杩炴帴閿欒锛屼娇鐢ㄦ湰鍦板瓨鍌?'[39m[33m,[39m err[33m.[39mmessage)[33m;[39m
     [90m    |[39m               [31m[1m^[22m[39m
     [90m 46 |[39m       redisClient [33m=[39m [36mnull[39m[33m;[39m
     [90m 47 |[39m     })[33m;[39m
     [90m 48 |[39m     [0m

      at EventEmitter.error (src/services/verificationService.js:45:15)
      at EventEmitter.silentEmit (node_modules/ioredis/built/Redis.js:529:30)
      at Socket.<anonymous> (node_modules/ioredis/built/redis/event_handler.js:221:14)

  console.error
    [VerificationService] Redis 杩炴帴閿欒锛屼娇鐢ㄦ湰鍦板瓨鍌?

    [0m [90m 43 |[39m     
     [90m 44 |[39m     redisClient[33m.[39mon([32m'error'[39m[33m,[39m (err) [33m=>[39m {
    [31m[1m>[22m[39m[90m 45 |[39m       console[33m.[39merror([32m'[VerificationService] Redis 杩炴帴閿欒锛屼娇鐢ㄦ湰鍦板瓨鍌?'[39m[33m,[39m err[33m.[39mmessage)[33m;[39m
     [90m    |[39m               [31m[1m^[22m[39m
     [90m 46 |[39m       redisClient [33m=[39m [36mnull[39m[33m;[39m
     [90m 47 |[39m     })[33m;[39m
     [90m 48 |[39m     [0m

      at EventEmitter.error (src/services/verificationService.js:45:15)
      at EventEmitter.silentEmit (node_modules/ioredis/built/Redis.js:529:30)
      at Socket.<anonymous> (node_modules/ioredis/built/redis/event_handler.js:221:14)

  console.error
    [VerificationService] Redis 杩炴帴閿欒锛屼娇鐢ㄦ湰鍦板瓨鍌?

    [0m [90m 43 |[39m     
     [90m 44 |[39m     redisClient[33m.[39mon([32m'error'[39m[33m,[39m (err) [33m=>[39m {
    [31m[1m>[22m[39m[90m 45 |[39m       console[33m.[39merror([32m'[VerificationService] Redis 杩炴帴閿欒锛屼娇鐢ㄦ湰鍦板瓨鍌?'[39m[33m,[39m err[33m.[39mmessage)[33m;[39m
     [90m    |[39m               [31m[1m^[22m[39m
     [90m 46 |[39m       redisClient [33m=[39m [36mnull[39m[33m;[39m
     [90m 47 |[39m     })[33m;[39m
     [90m 48 |[39m     [0m

      at EventEmitter.error (src/services/verificationService.js:45:15)
      at EventEmitter.silentEmit (node_modules/ioredis/built/Redis.js:529:30)
      at Socket.<anonymous> (node_modules/ioredis/built/redis/event_handler.js:221:14)

  console.error
    [VerificationService] Redis 杩炴帴閿欒锛屼娇鐢ㄦ湰鍦板瓨鍌?

    [0m [90m 43 |[39m     
     [90m 44 |[39m     redisClient[33m.[39mon([32m'error'[39m[33m,[39m (err) [33m=>[39m {
    [31m[1m>[22m[39m[90m 45 |[39m       console[33m.[39merror([32m'[VerificationService] Redis 杩炴帴閿欒锛屼娇鐢ㄦ湰鍦板瓨鍌?'[39m[33m,[39m err[33m.[39mmessage)[33m;[39m
     [90m    |[39m               [31m[1m^[22m[39m
     [90m 46 |[39m       redisClient [33m=[39m [36mnull[39m[33m;[39m
     [90m 47 |[39m     })[33m;[39m
     [90m 48 |[39m     [0m

      at EventEmitter.error (src/services/verificationService.js:45:15)
      at EventEmitter.silentEmit (node_modules/ioredis/built/Redis.js:529:30)
      at Socket.<anonymous> (node_modules/ioredis/built/redis/event_handler.js:221:14)

  console.error
    [VerificationService] Redis 杩炴帴閿欒锛屼娇鐢ㄦ湰鍦板瓨鍌?

    [0m [90m 43 |[39m     
     [90m 44 |[39m     redisClient[33m.[39mon([32m'error'[39m[33m,[39m (err) [33m=>[39m {
    [31m[1m>[22m[39m[90m 45 |[39m       console[33m.[39merror([32m'[VerificationService] Redis 杩炴帴閿欒锛屼娇鐢ㄦ湰鍦板瓨鍌?'[39m[33m,[39m err[33m.[39mmessage)[33m;[39m
     [90m    |[39m               [31m[1m^[22m[39m
     [90m 46 |[39m       redisClient [33m=[39m [36mnull[39m[33m;[39m
     [90m 47 |[39m     })[33m;[39m
     [90m 48 |[39m     [0m

      at EventEmitter.error (src/services/verificationService.js:45:15)
      at EventEmitter.silentEmit (node_modules/ioredis/built/Redis.js:529:30)
      at Socket.<anonymous> (node_modules/ioredis/built/redis/event_handler.js:221:14)

  console.error
    [VerificationService] Redis 杩炴帴閿欒锛屼娇鐢ㄦ湰鍦板瓨鍌?

    [0m [90m 43 |[39m     
     [90m 44 |[39m     redisClient[33m.[39mon([32m'error'[39m[33m,[39m (err) [33m=>[39m {
    [31m[1m>[22m[39m[90m 45 |[39m       console[33m.[39merror([32m'[VerificationService] Redis 杩炴帴閿欒锛屼娇鐢ㄦ湰鍦板瓨鍌?'[39m[33m,[39m err[33m.[39mmessage)[33m;[39m
     [90m    |[39m               [31m[1m^[22m[39m
     [90m 46 |[39m       redisClient [33m=[39m [36mnull[39m[33m;[39m
     [90m 47 |[39m     })[33m;[39m
     [90m 48 |[39m     [0m

      at EventEmitter.error (src/services/verificationService.js:45:15)
      at EventEmitter.silentEmit (node_modules/ioredis/built/Redis.js:529:30)
      at Socket.<anonymous> (node_modules/ioredis/built/redis/event_handler.js:221:14)

  console.error
    [VerificationService] Redis 杩炴帴閿欒锛屼娇鐢ㄦ湰鍦板瓨鍌?

    [0m [90m 43 |[39m     
     [90m 44 |[39m     redisClient[33m.[39mon([32m'error'[39m[33m,[39m (err) [33m=>[39m {
    [31m[1m>[22m[39m[90m 45 |[39m       console[33m.[39merror([32m'[VerificationService] Redis 杩炴帴閿欒锛屼娇鐢ㄦ湰鍦板瓨鍌?'[39m[33m,[39m err[33m.[39mmessage)[33m;[39m
     [90m    |[39m               [31m[1m^[22m[39m
     [90m 46 |[39m       redisClient [33m=[39m [36mnull[39m[33m;[39m
     [90m 47 |[39m     })[33m;[39m
     [90m 48 |[39m     [0m

      at EventEmitter.error (src/services/verificationService.js:45:15)
      at EventEmitter.silentEmit (node_modules/ioredis/built/Redis.js:529:30)
      at Socket.<anonymous> (node_modules/ioredis/built/redis/event_handler.js:221:14)

  console.error
    [VerificationService] Redis 杩炴帴閿欒锛屼娇鐢ㄦ湰鍦板瓨鍌?

    [0m [90m 43 |[39m     
     [90m 44 |[39m     redisClient[33m.[39mon([32m'error'[39m[33m,[39m (err) [33m=>[39m {
    [31m[1m>[22m[39m[90m 45 |[39m       console[33m.[39merror([32m'[VerificationService] Redis 杩炴帴閿欒锛屼娇鐢ㄦ湰鍦板瓨鍌?'[39m[33m,[39m err[33m.[39mmessage)[33m;[39m
     [90m    |[39m               [31m[1m^[22m[39m
     [90m 46 |[39m       redisClient [33m=[39m [36mnull[39m[33m;[39m
     [90m 47 |[39m     })[33m;[39m
     [90m 48 |[39m     [0m

      at EventEmitter.error (src/services/verificationService.js:45:15)
      at EventEmitter.silentEmit (node_modules/ioredis/built/Redis.js:529:30)
      at Socket.<anonymous> (node_modules/ioredis/built/redis/event_handler.js:221:14)

  console.error
    [VerificationService] Redis 杩炴帴閿欒锛屼娇鐢ㄦ湰鍦板瓨鍌?

    [0m [90m 43 |[39m     
     [90m 44 |[39m     redisClient[33m.[39mon([32m'error'[39m[33m,[39m (err) [33m=>[39m {
    [31m[1m>[22m[39m[90m 45 |[39m       console[33m.[39merror([32m'[VerificationService] Redis 杩炴帴閿欒锛屼娇鐢ㄦ湰鍦板瓨鍌?'[39m[33m,[39m err[33m.[39mmessage)[33m;[39m
     [90m    |[39m               [31m[1m^[22m[39m
     [90m 46 |[39m       redisClient [33m=[39m [36mnull[39m[33m;[39m
     [90m 47 |[39m     })[33m;[39m
     [90m 48 |[39m     [0m

      at EventEmitter.error (src/services/verificationService.js:45:15)
      at EventEmitter.silentEmit (node_modules/ioredis/built/Redis.js:529:30)
      at Socket.<anonymous> (node_modules/ioredis/built/redis/event_handler.js:221:14)

  console.error
    [VerificationService] Redis 杩炴帴閿欒锛屼娇鐢ㄦ湰鍦板瓨鍌?

    [0m [90m 43 |[39m     
     [90m 44 |[39m     redisClient[33m.[39mon([32m'error'[39m[33m,[39m (err) [33m=>[39m {
    [31m[1m>[22m[39m[90m 45 |[39m       console[33m.[39merror([32m'[VerificationService] Redis 杩炴帴閿欒锛屼娇鐢ㄦ湰鍦板瓨鍌?'[39m[33m,[39m err[33m.[39mmessage)[33m;[39m
     [90m    |[39m               [31m[1m^[22m[39m
     [90m 46 |[39m       redisClient [33m=[39m [36mnull[39m[33m;[39m
     [90m 47 |[39m     })[33m;[39m
     [90m 48 |[39m     [0m

      at EventEmitter.error (src/services/verificationService.js:45:15)
      at EventEmitter.silentEmit (node_modules/ioredis/built/Redis.js:529:30)
      at Socket.<anonymous> (node_modules/ioredis/built/redis/event_handler.js:221:14)

  console.error
    [VerificationService] Redis 杩炴帴閿欒锛屼娇鐢ㄦ湰鍦板瓨鍌?

    [0m [90m 43 |[39m     
     [90m 44 |[39m     redisClient[33m.[39mon([32m'error'[39m[33m,[39m (err) [33m=>[39m {
    [31m[1m>[22m[39m[90m 45 |[39m       console[33m.[39merror([32m'[VerificationService] Redis 杩炴帴閿欒锛屼娇鐢ㄦ湰鍦板瓨鍌?'[39m[33m,[39m err[33m.[39mmessage)[33m;[39m
     [90m    |[39m               [31m[1m^[22m[39m
     [90m 46 |[39m       redisClient [33m=[39m [36mnull[39m[33m;[39m
     [90m 47 |[39m     })[33m;[39m
     [90m 48 |[39m     [0m

      at EventEmitter.error (src/services/verificationService.js:45:15)
      at EventEmitter.silentEmit (node_modules/ioredis/built/Redis.js:529:30)
      at Socket.<anonymous> (node_modules/ioredis/built/redis/event_handler.js:221:14)

  console.error
    [VerificationService] Redis 杩炴帴閿欒锛屼娇鐢ㄦ湰鍦板瓨鍌?

    [0m [90m 43 |[39m     
     [90m 44 |[39m     redisClient[33m.[39mon([32m'error'[39m[33m,[39m (err) [33m=>[39m {
    [31m[1m>[22m[39m[90m 45 |[39m       console[33m.[39merror([32m'[VerificationService] Redis 杩炴帴閿欒锛屼娇鐢ㄦ湰鍦板瓨鍌?'[39m[33m,[39m err[33m.[39mmessage)[33m;[39m
     [90m    |[39m               [31m[1m^[22m[39m
     [90m 46 |[39m       redisClient [33m=[39m [36mnull[39m[33m;[39m
     [90m 47 |[39m     })[33m;[39m
     [90m 48 |[39m     [0m

      at EventEmitter.error (src/services/verificationService.js:45:15)
      at EventEmitter.silentEmit (node_modules/ioredis/built/Redis.js:529:30)
      at Socket.<anonymous> (node_modules/ioredis/built/redis/event_handler.js:221:14)

  console.error
    [VerificationService] Redis 杩炴帴閿欒锛屼娇鐢ㄦ湰鍦板瓨鍌?

    [0m [90m 43 |[39m     
     [90m 44 |[39m     redisClient[33m.[39mon([32m'error'[39m[33m,[39m (err) [33m=>[39m {
    [31m[1m>[22m[39m[90m 45 |[39m       console[33m.[39merror([32m'[VerificationService] Redis 杩炴帴閿欒锛屼娇鐢ㄦ湰鍦板瓨鍌?'[39m[33m,[39m err[33m.[39mmessage)[33m;[39m
     [90m    |[39m               [31m[1m^[22m[39m
     [90m 46 |[39m       redisClient [33m=[39m [36mnull[39m[33m;[39m
     [90m 47 |[39m     })[33m;[39m
     [90m 48 |[39m     [0m

      at EventEmitter.error (src/services/verificationService.js:45:15)
      at EventEmitter.silentEmit (node_modules/ioredis/built/Redis.js:529:30)
      at Socket.<anonymous> (node_modules/ioredis/built/redis/event_handler.js:221:14)

  console.error
    [VerificationService] Redis 杩炴帴閿欒锛屼娇鐢ㄦ湰鍦板瓨鍌?

    [0m [90m 43 |[39m     
     [90m 44 |[39m     redisClient[33m.[39mon([32m'error'[39m[33m,[39m (err) [33m=>[39m {
    [31m[1m>[22m[39m[90m 45 |[39m       console[33m.[39merror([32m'[VerificationService] Redis 杩炴帴閿欒锛屼娇鐢ㄦ湰鍦板瓨鍌?'[39m[33m,[39m err[33m.[39mmessage)[33m;[39m
     [90m    |[39m               [31m[1m^[22m[39m
     [90m 46 |[39m       redisClient [33m=[39m [36mnull[39m[33m;[39m
     [90m 47 |[39m     })[33m;[39m
     [90m 48 |[39m     [0m

      at EventEmitter.error (src/services/verificationService.js:45:15)
      at EventEmitter.silentEmit (node_modules/ioredis/built/Redis.js:529:30)
      at Socket.<anonymous> (node_modules/ioredis/built/redis/event_handler.js:221:14)

  console.error
    [VerificationService] Redis 杩炴帴閿欒锛屼娇鐢ㄦ湰鍦板瓨鍌?

    [0m [90m 43 |[39m     
     [90m 44 |[39m     redisClient[33m.[39mon([32m'error'[39m[33m,[39m (err) [33m=>[39m {
    [31m[1m>[22m[39m[90m 45 |[39m       console[33m.[39merror([32m'[VerificationService] Redis 杩炴帴閿欒锛屼娇鐢ㄦ湰鍦板瓨鍌?'[39m[33m,[39m err[33m.[39mmessage)[33m;[39m
     [90m    |[39m               [31m[1m^[22m[39m
     [90m 46 |[39m       redisClient [33m=[39m [36mnull[39m[33m;[39m
     [90m 47 |[39m     })[33m;[39m
     [90m 48 |[39m     [0m

      at EventEmitter.error (src/services/verificationService.js:45:15)
      at EventEmitter.silentEmit (node_modules/ioredis/built/Redis.js:529:30)
      at Socket.<anonymous> (node_modules/ioredis/built/redis/event_handler.js:221:14)

  console.error
    [VerificationService] Redis 杩炴帴閿欒锛屼娇鐢ㄦ湰鍦板瓨鍌?

    [0m [90m 43 |[39m     
     [90m 44 |[39m     redisClient[33m.[39mon([32m'error'[39m[33m,[39m (err) [33m=>[39m {
    [31m[1m>[22m[39m[90m 45 |[39m       console[33m.[39merror([32m'[VerificationService] Redis 杩炴帴閿欒锛屼娇鐢ㄦ湰鍦板瓨鍌?'[39m[33m,[39m err[33m.[39mmessage)[33m;[39m
     [90m    |[39m               [31m[1m^[22m[39m
     [90m 46 |[39m       redisClient [33m=[39m [36mnull[39m[33m;[39m
     [90m 47 |[39m     })[33m;[39m
     [90m 48 |[39m     [0m

      at EventEmitter.error (src/services/verificationService.js:45:15)
      at EventEmitter.silentEmit (node_modules/ioredis/built/Redis.js:529:30)
      at Socket.<anonymous> (node_modules/ioredis/built/redis/event_handler.js:221:14)

  console.error
    [VerificationService] Redis 杩炴帴閿欒锛屼娇鐢ㄦ湰鍦板瓨鍌?

    [0m [90m 43 |[39m     
     [90m 44 |[39m     redisClient[33m.[39mon([32m'error'[39m[33m,[39m (err) [33m=>[39m {
    [31m[1m>[22m[39m[90m 45 |[39m       console[33m.[39merror([32m'[VerificationService] Redis 杩炴帴閿欒锛屼娇鐢ㄦ湰鍦板瓨鍌?'[39m[33m,[39m err[33m.[39mmessage)[33m;[39m
     [90m    |[39m               [31m[1m^[22m[39m
     [90m 46 |[39m       redisClient [33m=[39m [36mnull[39m[33m;[39m
     [90m 47 |[39m     })[33m;[39m
     [90m 48 |[39m     [0m

      at EventEmitter.error (src/services/verificationService.js:45:15)
      at EventEmitter.silentEmit (node_modules/ioredis/built/Redis.js:529:30)
      at Socket.<anonymous> (node_modules/ioredis/built/redis/event_handler.js:221:14)

  console.error
    [VerificationService] Redis 杩炴帴閿欒锛屼娇鐢ㄦ湰鍦板瓨鍌?

    [0m [90m 43 |[39m     
     [90m 44 |[39m     redisClient[33m.[39mon([32m'error'[39m[33m,[39m (err) [33m=>[39m {
    [31m[1m>[22m[39m[90m 45 |[39m       console[33m.[39merror([32m'[VerificationService] Redis 杩炴帴閿欒锛屼娇鐢ㄦ湰鍦板瓨鍌?'[39m[33m,[39m err[33m.[39mmessage)[33m;[39m
     [90m    |[39m               [31m[1m^[22m[39m
     [90m 46 |[39m       redisClient [33m=[39m [36mnull[39m[33m;[39m
     [90m 47 |[39m     })[33m;[39m
     [90m 48 |[39m     [0m

      at EventEmitter.error (src/services/verificationService.js:45:15)
      at EventEmitter.silentEmit (node_modules/ioredis/built/Redis.js:529:30)
      at Socket.<anonymous> (node_modules/ioredis/built/redis/event_handler.js:221:14)

